Network s1196.bench
latch latch max_delay min_delay
INPUT latch max_delay min_delay
latch OUTPUT max_delay min_delay
INPUT G33 11.812640 5.211850
INPUT G38 5.281940 5.281940
INPUT G41 18.729970 16.175490
INPUT G46 7.489260 5.879180
INPUT OUTPUT 11.567130 6.646340
INPUT OUTPUT 15.212480 4.540550
INPUT OUTPUT 14.674230 3.537180
INPUT OUTPUT 14.857830 14.857830
INPUT OUTPUT 14.579260 14.579260
INPUT OUTPUT 14.644310 14.644310
INPUT OUTPUT 17.135930 6.982920
INPUT OUTPUT 14.763740 3.135030
INPUT OUTPUT 16.913490 15.990150
INPUT OUTPUT 14.754710 2.047920
INPUT OUTPUT 13.956110 9.468060
INPUT OUTPUT 14.261760 9.773710
INPUT G29 5.063150 5.063150
INPUT G33 11.158080 4.911130
INPUT G34 7.255410 5.779890
INPUT G41 18.075410 15.520930
INPUT G43 5.122560 1.711450
INPUT G46 8.604480 3.446800
INPUT OUTPUT 10.953750 3.315330
INPUT OUTPUT 14.557920 7.589550
INPUT OUTPUT 14.019670 4.697490
INPUT OUTPUT 14.203270 6.053280
INPUT OUTPUT 13.924700 13.924700
INPUT OUTPUT 13.989750 13.989750
INPUT OUTPUT 16.481370 4.441080
INPUT OUTPUT 14.109180 4.562530
INPUT OUTPUT 16.258930 15.335590
INPUT OUTPUT 17.392790 4.076160
INPUT OUTPUT 16.508530 6.137050
INPUT OUTPUT 18.073910 6.442700
INPUT G29 7.265090 3.346760
INPUT G32 7.099980 2.567440
INPUT G33 9.198080 4.843220
INPUT G34 13.090070 5.091010
INPUT G39 3.085680 2.037600
INPUT G41 16.115410 13.560930
INPUT G43 7.457720 6.010090
INPUT G46 10.319150 4.569920
INPUT OUTPUT 14.619210 3.409610
INPUT OUTPUT 18.260660 5.664650
INPUT OUTPUT 18.969210 5.779380
INPUT OUTPUT 15.692980 3.270990
INPUT OUTPUT 11.964700 11.964700
INPUT OUTPUT 12.029750 12.029750
INPUT OUTPUT 17.296450 5.294390
INPUT OUTPUT 12.149180 1.576050
INPUT OUTPUT 14.298930 13.375590
INPUT OUTPUT 17.546070 4.935730
INPUT OUTPUT 11.764450 6.111690
INPUT OUTPUT 13.329830 3.565220
INPUT G29 4.924560 3.533850
INPUT G32 4.759450 4.743300
INPUT G33 14.926570 9.108080
INPUT G34 12.934060 8.668410
INPUT G39 6.464200 5.314000
INPUT G41 21.843900 13.470930
INPUT G43 5.487340 5.094300
INPUT G46 12.372970 3.066540
INPUT OUTPUT 14.681060 5.533240
INPUT OUTPUT 18.326410 3.737990
INPUT OUTPUT 18.813200 3.838180
INPUT OUTPUT 17.971760 6.750380
INPUT OUTPUT 17.693190 11.874700
INPUT OUTPUT 17.758240 11.939750
INPUT OUTPUT 20.249860 5.348340
INPUT OUTPUT 17.877670 2.633340
INPUT OUTPUT 20.027420 13.285590
INPUT OUTPUT 17.868640 6.248920
INPUT OUTPUT 17.070040 3.099960
INPUT OUTPUT 18.249870 6.760910
INPUT G29 5.890800 3.354760
INPUT G32 7.888520 4.402330
INPUT G33 11.540060 3.214740
INPUT G34 11.747150 6.761080
INPUT G38 4.752400 4.752400
INPUT G41 18.457390 14.894530
INPUT G43 8.094020 5.833030
INPUT G44 8.113230 7.002800
INPUT G46 10.073180 4.860260
INPUT OUTPUT 13.276290 6.239280
INPUT OUTPUT 16.917740 5.822060
INPUT OUTPUT 17.626290 2.240570
INPUT OUTPUT 14.585250 5.450590
INPUT OUTPUT 14.306680 13.298300
INPUT OUTPUT 14.371730 13.363350
INPUT OUTPUT 16.863350 5.021360
INPUT OUTPUT 15.172240 6.179370
INPUT OUTPUT 16.640910 14.709190
INPUT OUTPUT 19.691980 4.846120
INPUT OUTPUT 18.807720 6.359110
INPUT OUTPUT 20.373100 8.260300
INPUT G29 8.090010 3.470640
INPUT G32 10.087730 3.434910
INPUT G33 14.752850 7.388720
INPUT G34 13.946360 6.935010
INPUT G36 1.447620 1.447620
INPUT G39 6.290480 5.140280
INPUT G41 21.670180 11.751570
INPUT G43 10.293230 6.484700
INPUT G44 5.580850 2.700100
INPUT G46 12.272390 6.683740
INPUT OUTPUT 15.475500 3.829730
INPUT OUTPUT 19.116950 5.444320
INPUT OUTPUT 19.825500 1.761200
INPUT OUTPUT 17.798040 4.568940
INPUT OUTPUT 17.519470 10.155340
INPUT OUTPUT 17.584520 10.220390
INPUT OUTPUT 20.076140 4.655050
INPUT OUTPUT 17.703950 4.533150
INPUT OUTPUT 19.853700 11.566230
INPUT OUTPUT 18.402360 6.276310
INPUT OUTPUT 16.896320 6.089000
INPUT OUTPUT 17.201970 5.591950
INPUT G32 7.474340 7.098730
INPUT G33 12.811290 11.226850
INPUT G34 12.519540 8.163750
INPUT G35 5.478570 2.142550
INPUT G37 2.762930 1.587920
INPUT G40 5.921100 1.477620
INPUT G41 19.728620 4.804220
INPUT G42 7.294850 2.162670
INPUT G43 9.175760 3.987630
INPUT G44 7.934240 2.779780
INPUT G46 8.175720 5.321210
INPUT OUTPUT 14.048680 6.614430
INPUT OUTPUT 17.690130 12.884740
INPUT OUTPUT 18.398680 6.895110
INPUT OUTPUT 15.856480 2.599220
INPUT OUTPUT 15.577910 5.657270
INPUT OUTPUT 15.642960 14.058520
INPUT OUTPUT 18.134580 9.409330
INPUT OUTPUT 15.762390 6.976710
INPUT OUTPUT 17.912140 3.231330
INPUT OUTPUT 19.512990 4.450820
INPUT OUTPUT 18.628730 1.775050
INPUT OUTPUT 20.194110 5.185160
INPUT G31 3.693300 3.693300
INPUT G33 11.513980 6.385290
INPUT G34 7.734520 4.742440
INPUT G35 8.817170 5.596370
INPUT G36 6.677000 6.589030
INPUT G38 3.020720 3.020720
INPUT G40 3.339040 3.339040
INPUT G41 18.431310 2.833700
INPUT G42 5.133260 4.213490
INPUT G44 7.540900 2.257980
INPUT G46 4.096240 4.096240
INPUT OUTPUT 13.795210 6.865490
INPUT OUTPUT 14.913820 10.057340
INPUT OUTPUT 14.375570 8.369770
INPUT OUTPUT 14.559170 7.939260
INPUT OUTPUT 14.280600 3.172730
INPUT OUTPUT 14.345650 4.149680
INPUT OUTPUT 16.837270 9.542730
INPUT OUTPUT 16.103500 7.674510
INPUT OUTPUT 16.614830 4.155460
INPUT OUTPUT 19.752360 9.615320
INPUT OUTPUT 18.868100 7.576780
INPUT OUTPUT 20.433480 5.487320
INPUT G33 12.451780 7.484760
INPUT G34 6.778690 5.841910
INPUT G35 9.895610 4.881270
INPUT G36 5.029400 3.224880
INPUT G40 5.159540 1.707620
INPUT G41 19.369110 5.102000
INPUT G42 7.529970 6.938340
INPUT G44 5.893300 2.427980
INPUT OUTPUT 14.873650 6.669210
INPUT OUTPUT 15.851620 11.156810
INPUT OUTPUT 15.313370 9.469240
INPUT OUTPUT 15.496970 9.038730
INPUT OUTPUT 15.218400 5.710020
INPUT OUTPUT 15.283450 6.177440
INPUT OUTPUT 17.775070 10.642200
INPUT OUTPUT 17.181940 8.643530
INPUT OUTPUT 17.552630 4.703880
INPUT OUTPUT 20.830800 8.983330
INPUT OUTPUT 19.946540 8.545800
INPUT OUTPUT 21.511920 4.851940
INPUT G30 1.587920 1.587920
INPUT G31 4.152780 4.152780
INPUT G33 11.657070 7.667040
INPUT G34 10.014220 7.590140
INPUT G35 7.382730 4.463730
INPUT G36 8.264930 8.264930
INPUT G37 4.986300 3.813270
INPUT G40 8.395070 6.099070
INPUT G41 16.818190 2.893060
INPUT G42 6.648550 2.688390
INPUT G44 9.128830 6.331950
INPUT OUTPUT 13.577180 7.421530
INPUT OUTPUT 15.778720 11.066880
INPUT OUTPUT 16.487270 10.528630
INPUT OUTPUT 14.390400 10.712230
INPUT OUTPUT 12.667480 2.162670
INPUT OUTPUT 12.732530 4.850740
INPUT OUTPUT 15.410470 12.390430
INPUT OUTPUT 15.885470 9.072210
INPUT OUTPUT 15.001710 3.813490
INPUT OUTPUT 19.534330 9.432590
INPUT OUTPUT 18.650070 5.907440
INPUT OUTPUT 20.215450 7.136240
INPUT G30 2.751150 2.751150
INPUT G31 2.207600 2.207600
INPUT G33 12.143930 8.818470
INPUT G34 9.441320 7.175620
INPUT G35 10.668380 7.500170
INPUT G36 6.852930 4.223930
INPUT G38 4.871930 4.871930
INPUT G40 5.203940 5.203940
INPUT G41 19.061260 5.277370
INPUT G42 8.499730 4.389420
INPUT G44 7.716830 3.596950
INPUT G46 3.901200 3.901200
INPUT OUTPUT 15.646420 9.036950
INPUT OUTPUT 15.543770 12.490520
INPUT OUTPUT 15.914370 10.802950
INPUT OUTPUT 15.189120 10.372440
INPUT OUTPUT 14.910550 5.253150
INPUT OUTPUT 14.975600 6.861320
INPUT OUTPUT 17.467220 11.975910
INPUT OUTPUT 17.954710 9.578310
INPUT OUTPUT 17.244780 4.936160
INPUT OUTPUT 21.603570 9.289960
INPUT OUTPUT 20.719310 8.596340
INPUT OUTPUT 22.284690 5.633990
INPUT G30 3.183630 3.183630
INPUT G31 3.975820 2.067600
INPUT G33 11.480110 6.476380
INPUT G34 9.837260 9.837260
INPUT G36 8.087970 6.112100
INPUT G40 8.218110 4.738800
INPUT G41 17.849050 10.839230
INPUT G42 4.824370 1.642570
INPUT G44 8.951870 5.243680
INPUT OUTPUT 13.400220 6.036030
INPUT OUTPUT 15.601760 9.876220
INPUT OUTPUT 16.310310 9.337970
INPUT OUTPUT 14.213440 9.521570
INPUT OUTPUT 13.698340 6.589870
INPUT OUTPUT 13.763390 3.855700
INPUT OUTPUT 16.255010 11.799670
INPUT OUTPUT 15.708510 4.451270
INPUT OUTPUT 16.032570 7.875740
INPUT OUTPUT 19.357370 7.592620
INPUT OUTPUT 18.473110 3.963660
INPUT OUTPUT 20.038490 5.803990
INPUT G33 3.914370 2.460940
INPUT G34 1.788010 1.788010
INPUT G41 10.831700 8.277220
INPUT OUTPUT 5.407080 3.523100
INPUT OUTPUT 7.980860 6.148930
INPUT OUTPUT 6.775960 4.542550
INPUT OUTPUT 7.374100 5.194270
INPUT OUTPUT 6.680990 6.680990
INPUT OUTPUT 6.746040 6.746040
INPUT OUTPUT 9.237660 6.214340
INPUT OUTPUT 6.865470 4.485310
INPUT OUTPUT 9.015220 8.091880
INPUT OUTPUT 6.856440 2.736760
INPUT OUTPUT 6.909250 3.359430
INPUT OUTPUT 7.214900 3.839080
INPUT G34 3.239090 2.670130
INPUT G41 9.260960 6.706480
INPUT OUTPUT 4.784440 3.428890
INPUT OUTPUT 6.454590 3.373330
INPUT OUTPUT 5.205220 4.456270
INPUT OUTPUT 5.847830 5.245490
INPUT OUTPUT 5.110250 5.110250
INPUT OUTPUT 5.175300 5.175300
INPUT OUTPUT 7.666920 3.233530
INPUT OUTPUT 6.976070 5.294730
INPUT OUTPUT 7.444480 6.521140
INPUT OUTPUT 10.624930 4.628910
INPUT OUTPUT 9.740670 5.817870
INPUT OUTPUT 11.306050 5.664440
G29 OUTPUT 3.205550 3.205550
G30 G33 10.001610 6.800180
G30 G34 5.157330 5.157330
G30 G40 5.072720 5.072720
G30 G41 16.918940 12.780020
G30 G46 5.966320 5.966320
G30 OUTPUT 9.756100 7.280380
G30 OUTPUT 13.401450 10.472230
G30 OUTPUT 12.863200 8.784660
G30 OUTPUT 13.046800 8.354150
G30 OUTPUT 12.768230 11.183790
G30 OUTPUT 12.833280 11.248840
G30 OUTPUT 15.324900 9.957620
G30 OUTPUT 12.952710 10.168330
G30 OUTPUT 15.102460 12.594680
G30 OUTPUT 13.817190 10.207240
G30 OUTPUT 12.932930 10.168330
G30 OUTPUT 14.498310 9.881060
G31 G33 10.002790 7.593600
G31 G40 3.479040 3.479040
G31 G41 16.920120 11.956450
G31 OUTPUT 9.757280 7.348090
G31 OUTPUT 13.402630 10.993440
G31 OUTPUT 12.864380 10.455190
G31 OUTPUT 13.047980 10.638790
G31 OUTPUT 12.769410 10.360220
G31 OUTPUT 12.834460 10.425270
G31 OUTPUT 15.326080 12.916890
G31 OUTPUT 12.953890 10.544700
G31 OUTPUT 15.103640 11.771110
G31 OUTPUT 12.944860 10.535670
G31 OUTPUT 12.146260 9.737070
G31 OUTPUT 12.451910 10.042720
G32 G33 3.783840 3.783840
G32 G34 2.530130 2.530130
G32 OUTPUT 4.960360 4.960360
G32 OUTPUT 7.471830 7.471830
G32 OUTPUT 5.865450 5.865450
G32 OUTPUT 6.517170 6.517170
G32 OUTPUT 7.537240 7.537240
G32 OUTPUT 7.151990 7.151990
G32 OUTPUT 10.800850 8.187600
G32 OUTPUT 9.916590 7.151990
G32 OUTPUT 11.481970 6.864720
G33 OUTPUT 3.435170 3.435170
G33 OUTPUT 3.295370 3.295370
G34 G41 5.600660 1.605500
G34 OUTPUT 1.944790 1.944790
G34 OUTPUT 1.567620 1.567620
G34 OUTPUT 3.784180 1.506760
G35 OUTPUT 5.767080 5.767080
G35 OUTPUT 8.075370 8.075370
G35 OUTPUT 11.724230 9.110980
G35 OUTPUT 10.839970 8.075370
G35 OUTPUT 12.405350 7.788100
G36 OUTPUT 6.831470 6.831470
G36 OUTPUT 9.139760 3.931570
G36 OUTPUT 12.788620 10.175370
G36 OUTPUT 11.904360 9.139760
G36 OUTPUT 13.469740 8.852490
G37 OUTPUT 7.044670 7.044670
G37 OUTPUT 9.866390 2.421050
G37 OUTPUT 10.172040 10.172040
G38 OUTPUT 2.298050 2.298050
G38 OUTPUT 4.544420 4.544420
G39 OUTPUT 2.061630 2.061630
G40 OUTPUT 1.352590 1.352590
G41 OUTPUT 0.499980 0.499980
G42 OUTPUT 2.271400 2.271400
G43 OUTPUT 5.140140 5.140140
G44 OUTPUT 2.989960 2.989960
G46 G33 5.602670 5.602670
G46 G41 12.520000 9.965520
G46 OUTPUT 5.357160 5.357160
G46 OUTPUT 9.002510 9.002510
G46 OUTPUT 8.464260 8.464260
G46 OUTPUT 8.647860 8.647860
G46 OUTPUT 8.369290 8.369290
G46 OUTPUT 8.434340 8.434340
G46 OUTPUT 10.925960 10.925960
G46 OUTPUT 8.553770 8.553770
G46 OUTPUT 10.703520 9.780180
G46 OUTPUT 8.544740 8.544740
G46 OUTPUT 7.746140 7.746140
G46 OUTPUT 8.051790 8.051790
