Network s1238.bench
latch latch max_delay min_delay
INPUT latch max_delay min_delay
latch OUTPUT max_delay min_delay
INPUT G33 11.735430 4.527390
INPUT G38 4.748800 4.748800
INPUT G41 18.381210 14.509430
INPUT G46 7.857190 2.773330
INPUT OUTPUT 15.218840 3.727170
INPUT OUTPUT 14.863720 4.837870
INPUT OUTPUT 14.633980 4.467800
INPUT OUTPUT 14.499170 13.181870
INPUT OUTPUT 16.564730 14.324090
INPUT OUTPUT 14.230500 12.913200
INPUT OUTPUT 14.717650 13.400350
INPUT OUTPUT 13.887980 3.393840
INPUT OUTPUT 14.414980 1.576050
INPUT OUTPUT 14.578240 8.858990
INPUT OUTPUT 13.920770 5.424000
INPUT OUTPUT 12.162000 5.578000
INPUT G29 5.471030 5.471030
INPUT G33 13.150930 3.752650
INPUT G34 7.953950 5.508870
INPUT G41 19.796710 17.242230
INPUT G43 5.134860 1.711450
INPUT G46 9.712570 2.615450
INPUT OUTPUT 16.634340 4.083970
INPUT OUTPUT 16.279220 6.776260
INPUT OUTPUT 16.049480 4.060070
INPUT OUTPUT 15.914670 3.116390
INPUT OUTPUT 17.980230 17.056890
INPUT OUTPUT 15.646000 15.646000
INPUT OUTPUT 16.133150 16.133150
INPUT OUTPUT 15.303480 5.256240
INPUT OUTPUT 19.127360 3.782200
INPUT OUTPUT 18.792840 6.424470
INPUT OUTPUT 19.088290 6.099710
INPUT OUTPUT 13.577500 3.688250
INPUT G29 8.161950 3.346760
INPUT G32 7.975060 2.388460
INPUT G33 11.145550 5.491160
INPUT G34 13.543850 4.436290
INPUT G39 3.085680 2.037600
INPUT G41 17.791330 13.737130
INPUT G43 8.309910 5.997030
INPUT G46 10.955570 5.133700
INPUT OUTPUT 17.727660 4.445610
INPUT OUTPUT 21.325370 4.837430
INPUT OUTPUT 18.511100 5.635180
INPUT OUTPUT 16.660110 3.270990
INPUT OUTPUT 15.974850 13.551790
INPUT OUTPUT 13.640620 12.140900
INPUT OUTPUT 14.127770 12.628050
INPUT OUTPUT 13.298100 1.323050
INPUT OUTPUT 22.602390 4.600190
INPUT OUTPUT 22.267870 2.882600
INPUT OUTPUT 22.563320 2.882600
INPUT OUTPUT 15.407530 3.809970
INPUT G29 5.380940 3.756560
INPUT G32 5.194050 4.308900
INPUT G33 19.340710 11.055550
INPUT G34 14.954840 8.842820
INPUT G39 8.906280 7.756080
INPUT G41 25.986490 15.146850
INPUT G43 6.083320 5.185540
INPUT G46 13.328860 5.043700
INPUT OUTPUT 22.824120 3.495170
INPUT OUTPUT 22.736360 6.182490
INPUT OUTPUT 22.239260 3.984200
INPUT OUTPUT 22.104450 7.247330
INPUT OUTPUT 24.170010 14.961510
INPUT OUTPUT 21.835780 13.550620
INPUT OUTPUT 22.322930 14.037770
INPUT OUTPUT 21.493260 2.507320
INPUT OUTPUT 24.013380 4.249840
INPUT OUTPUT 23.678860 2.609400
INPUT OUTPUT 23.974310 5.310560
INPUT OUTPUT 19.767280 6.277580
INPUT G29 6.973200 3.934670
INPUT G32 9.199400 4.402330
INPUT G33 13.512120 5.998920
INPUT G34 12.457810 6.490030
INPUT G38 4.898360 4.898360
INPUT G41 20.157900 13.286730
INPUT G43 9.176420 6.116020
INPUT G44 9.158030 7.156980
INPUT G46 13.291330 5.807540
INPUT OUTPUT 16.995530 3.673280
INPUT OUTPUT 20.239330 5.014090
INPUT OUTPUT 17.425060 2.421050
INPUT OUTPUT 16.275860 6.641580
INPUT OUTPUT 18.341420 13.101390
INPUT OUTPUT 16.007190 11.690500
INPUT OUTPUT 16.494340 12.177650
INPUT OUTPUT 16.795700 5.132400
INPUT OUTPUT 22.226730 4.483000
INPUT OUTPUT 21.892210 5.487810
INPUT OUTPUT 22.187660 8.562500
INPUT OUTPUT 15.605900 8.044090
INPUT G29 9.431130 4.307040
INPUT G32 11.657330 3.464480
INPUT G33 19.508050 7.709850
INPUT G34 15.122180 5.235840
INPUT G36 1.447620 1.447620
INPUT G39 9.073620 7.923420
INPUT G41 26.153830 11.801150
INPUT G43 11.634350 6.746060
INPUT G44 5.888580 2.700100
INPUT G46 15.749260 5.826010
INPUT OUTPUT 22.991460 3.719380
INPUT OUTPUT 22.903700 5.572750
INPUT OUTPUT 22.406600 1.775050
INPUT OUTPUT 22.271790 4.773860
INPUT OUTPUT 24.337350 11.615810
INPUT OUTPUT 22.003120 10.204920
INPUT OUTPUT 22.490270 10.692070
INPUT OUTPUT 21.660600 4.825620
INPUT OUTPUT 24.180720 6.202130
INPUT OUTPUT 23.846200 6.889920
INPUT OUTPUT 24.141650 5.168620
INPUT OUTPUT 19.934620 4.051680
INPUT G32 7.400010 7.323860
INPUT G33 12.981940 11.397500
INPUT G34 11.939170 7.154960
INPUT G35 5.328090 2.142550
INPUT G37 2.717830 1.587920
INPUT G40 6.237280 1.477620
INPUT G41 19.627720 4.804220
INPUT G42 3.937130 2.162670
INPUT G43 9.037550 3.987630
INPUT G44 8.980820 2.779780
INPUT G46 3.002550 2.953410
INPUT OUTPUT 16.465350 6.383910
INPUT OUTPUT 19.720690 12.776580
INPUT OUTPUT 16.906420 4.110700
INPUT OUTPUT 15.745680 2.674170
INPUT OUTPUT 17.811240 3.231330
INPUT OUTPUT 15.477010 5.506790
INPUT OUTPUT 15.964160 14.379720
INPUT OUTPUT 16.618490 6.700210
INPUT OUTPUT 22.049520 5.337890
INPUT OUTPUT 21.715000 5.400650
INPUT OUTPUT 22.010450 5.774560
INPUT OUTPUT 15.428690 7.866880
INPUT G31 1.587920 1.587920
INPUT G33 12.212350 6.371610
INPUT G34 8.889220 4.728760
INPUT G35 8.423880 5.190510
INPUT G36 6.933550 6.559060
INPUT G38 3.020720 3.020720
INPUT G40 3.479040 3.479040
INPUT G41 18.858130 5.651490
INPUT G42 6.744950 4.093990
INPUT G44 7.371480 2.257980
INPUT G46 3.054490 3.054490
INPUT OUTPUT 15.695760 9.150600
INPUT OUTPUT 16.908770 10.332800
INPUT OUTPUT 15.110900 7.952640
INPUT OUTPUT 14.976090 8.083050
INPUT OUTPUT 17.041650 4.587730
INPUT OUTPUT 14.707420 3.172730
INPUT OUTPUT 15.194570 5.140560
INPUT OUTPUT 17.578160 7.142630
INPUT OUTPUT 18.982020 6.742810
INPUT OUTPUT 18.611750 5.308240
INPUT OUTPUT 18.942950 6.845770
INPUT OUTPUT 14.146260 6.830470
INPUT G33 13.114880 8.093720
INPUT G34 7.090390 6.654130
INPUT G35 9.831720 4.867410
INPUT G36 5.576020 3.224880
INPUT G40 5.475760 1.707620
INPUT G41 19.760660 5.675130
INPUT G42 6.791070 4.514730
INPUT G44 6.388440 2.427980
INPUT OUTPUT 16.598290 11.075970
INPUT OUTPUT 16.243170 11.222010
INPUT OUTPUT 16.013430 9.878010
INPUT OUTPUT 15.878620 10.008420
INPUT OUTPUT 17.944180 4.690020
INPUT OUTPUT 15.609950 5.267220
INPUT OUTPUT 16.097100 5.543760
INPUT OUTPUT 18.986000 8.212450
INPUT OUTPUT 20.389860 8.002440
INPUT OUTPUT 20.019590 3.738000
INPUT OUTPUT 20.350790 4.872370
INPUT OUTPUT 15.554100 5.809450
INPUT G30 1.587920 1.587920
INPUT G31 3.498140 3.498140
INPUT G33 11.656360 7.988170
INPUT G34 10.013510 7.721600
INPUT G35 7.196650 4.150690
INPUT G36 8.499140 8.499140
INPUT G37 5.161090 4.033050
INPUT G40 8.398880 6.415250
INPUT G41 18.290210 4.982190
INPUT G42 6.793690 2.688390
INPUT G44 9.311560 6.250180
INPUT OUTPUT 15.320650 11.471580
INPUT OUTPUT 18.033060 11.116460
INPUT OUTPUT 15.218790 10.886720
INPUT OUTPUT 14.408170 10.751910
INPUT OUTPUT 16.473730 4.572450
INPUT OUTPUT 14.139500 2.162670
INPUT OUTPUT 14.626650 3.508860
INPUT OUTPUT 17.822200 8.552900
INPUT OUTPUT 19.310080 6.818680
INPUT OUTPUT 18.975560 6.149480
INPUT OUTPUT 19.271010 5.204430
INPUT OUTPUT 14.390300 8.306100
INPUT G30 2.949150 2.949150
INPUT G31 1.947030 1.947030
INPUT G33 12.565120 8.813900
INPUT G34 9.770030 7.171050
INPUT G35 10.473090 7.451010
INPUT G36 6.734940 4.421930
INPUT G38 5.069930 5.069930
INPUT G40 5.381490 5.381490
INPUT G41 19.210900 5.851580
INPUT G42 8.842120 4.269870
INPUT G44 7.547360 3.596950
INPUT G46 3.977910 3.977910
INPUT OUTPUT 16.048530 11.592890
INPUT OUTPUT 17.789580 12.663740
INPUT OUTPUT 15.463670 10.394930
INPUT OUTPUT 15.328860 10.525340
INPUT OUTPUT 17.394420 4.962550
INPUT OUTPUT 15.060190 5.443670
INPUT OUTPUT 15.547340 5.723940
INPUT OUTPUT 19.627370 9.403130
INPUT OUTPUT 21.031230 6.459310
INPUT OUTPUT 20.660960 9.499570
INPUT OUTPUT 20.992160 5.210420
INPUT OUTPUT 16.195470 9.054490
INPUT G30 3.328170 3.328170
INPUT G31 3.328170 3.319930
INPUT G33 11.478150 6.797510
INPUT G34 9.835300 9.835300
INPUT G36 8.320930 6.256640
INPUT G40 8.220670 5.054980
INPUT G41 18.043170 10.888810
INPUT G42 4.651850 1.642570
INPUT G44 9.133350 5.243680
INPUT OUTPUT 15.142440 10.280920
INPUT OUTPUT 17.854850 9.925800
INPUT OUTPUT 15.040580 9.696060
INPUT OUTPUT 14.161130 9.561250
INPUT OUTPUT 16.226690 3.623710
INPUT OUTPUT 13.892460 6.374630
INPUT OUTPUT 14.379610 2.109100
INPUT OUTPUT 17.643990 4.325250
INPUT OUTPUT 19.131870 5.069730
INPUT OUTPUT 18.797350 2.704660
INPUT OUTPUT 19.092800 2.019100
INPUT OUTPUT 14.212090 5.822340
INPUT G33 4.235530 2.460940
INPUT G34 1.788010 1.788010
INPUT G41 10.881310 8.326830
INPUT OUTPUT 7.718940 5.849340
INPUT OUTPUT 7.563150 6.422130
INPUT OUTPUT 7.134080 4.757870
INPUT OUTPUT 6.999270 5.128670
INPUT OUTPUT 9.064830 8.141490
INPUT OUTPUT 6.730600 6.730600
INPUT OUTPUT 7.217750 7.217750
INPUT OUTPUT 6.388080 3.931690
INPUT OUTPUT 6.915080 1.087940
INPUT OUTPUT 7.351330 2.444340
INPUT OUTPUT 6.693860 3.191740
INPUT OUTPUT 4.935090 2.778200
INPUT G34 3.431150 2.670130
INPUT G41 9.322840 6.768360
INPUT OUTPUT 6.368670 3.412120
INPUT OUTPUT 6.665570 3.443750
INPUT OUTPUT 6.175350 3.809730
INPUT OUTPUT 5.644840 5.372110
INPUT OUTPUT 7.506360 6.583020
INPUT OUTPUT 5.172130 5.172130
INPUT OUTPUT 5.659280 5.659280
INPUT OUTPUT 8.720910 4.829610
INPUT OUTPUT 10.124770 4.454360
INPUT OUTPUT 9.754500 6.838110
INPUT OUTPUT 10.085700 6.180640
INPUT OUTPUT 5.424480 3.868510
G29 OUTPUT 3.176430 3.176430
G30 G33 10.322740 6.776000
G30 G34 5.133150 5.133150
G30 G40 5.386500 5.386500
G30 G41 16.968520 12.829600
G30 G46 3.172550 3.172550
G30 OUTPUT 13.806150 9.554990
G30 OUTPUT 13.451030 10.737190
G30 OUTPUT 13.221290 8.357030
G30 OUTPUT 13.086480 8.487440
G30 OUTPUT 15.152040 12.644260
G30 OUTPUT 12.817810 11.233370
G30 OUTPUT 13.304960 11.720520
G30 OUTPUT 12.475290 10.890850
G30 OUTPUT 14.429720 9.989770
G30 OUTPUT 14.095200 11.409820
G30 OUTPUT 14.390650 10.923640
G30 OUTPUT 10.749310 7.234860
G31 G33 10.323920 7.914730
G31 G40 3.339040 3.339040
G31 G41 16.969700 12.006030
G31 OUTPUT 13.807330 11.398140
G31 OUTPUT 13.452210 11.043020
G31 OUTPUT 13.222470 10.813280
G31 OUTPUT 13.087660 10.678470
G31 OUTPUT 15.153220 11.820690
G31 OUTPUT 12.818990 10.409800
G31 OUTPUT 13.306140 10.896950
G31 OUTPUT 12.476470 10.067280
G31 OUTPUT 13.003470 10.594280
G31 OUTPUT 13.166730 10.757540
G31 OUTPUT 12.509260 10.100070
G31 OUTPUT 10.750490 8.341300
G32 G33 3.783840 3.783840
G32 G34 2.530130 2.530130
G32 OUTPUT 7.448130 7.448130
G32 OUTPUT 7.745030 7.745030
G32 OUTPUT 7.254810 7.254810
G32 OUTPUT 6.451570 6.451570
G32 OUTPUT 8.704930 8.704930
G32 OUTPUT 10.108790 9.540690
G32 OUTPUT 9.738520 8.417660
G32 OUTPUT 10.069720 8.417660
G32 OUTPUT 5.408500 5.408500
G33 OUTPUT 3.474100 3.474100
G33 OUTPUT 3.505730 3.505730
G34 G41 5.806580 1.605500
G34 OUTPUT 3.990100 1.506760
G34 OUTPUT 1.944790 1.944790
G34 OUTPUT 1.679620 1.679620
G35 OUTPUT 11.001540 11.001540
G35 OUTPUT 12.405400 11.837300
G35 OUTPUT 12.035130 10.714270
G35 OUTPUT 12.366330 10.714270
G35 OUTPUT 7.569640 7.569640
G36 OUTPUT 11.007710 3.805550
G36 OUTPUT 12.411570 5.622670
G36 OUTPUT 12.041300 10.720440
G36 OUTPUT 12.372500 10.720440
G36 OUTPUT 7.575810 7.575810
G37 OUTPUT 10.364150 4.461170
G37 OUTPUT 9.706680 9.706680
G37 OUTPUT 7.083160 7.083160
G38 OUTPUT 4.759940 4.759940
G38 OUTPUT 4.759360 4.759360
G39 OUTPUT 2.412050 2.412050
G40 OUTPUT 1.352590 1.352590
G41 OUTPUT 0.499980 0.499980
G42 OUTPUT 1.510060 1.510060
G43 OUTPUT 4.967490 4.967490
G44 OUTPUT 2.529400 2.529400
G46 G33 5.923800 5.923800
G46 G41 12.569580 10.015100
G46 OUTPUT 9.407210 9.407210
G46 OUTPUT 9.052090 9.052090
G46 OUTPUT 8.822350 8.822350
G46 OUTPUT 8.687540 8.687540
G46 OUTPUT 10.753100 9.829760
G46 OUTPUT 8.418870 8.418870
G46 OUTPUT 8.906020 8.906020
G46 OUTPUT 8.076350 8.076350
G46 OUTPUT 8.603350 8.603350
G46 OUTPUT 8.766610 8.766610
G46 OUTPUT 8.109140 8.109140
G46 OUTPUT 6.350370 6.350370
