Network s1423.bench
latch latch max_delay min_delay
INPUT latch max_delay min_delay
latch OUTPUT max_delay min_delay
INPUT G24 12.065860 10.778620
INPUT G25 13.558280 11.468800
INPUT G26 15.493540 13.404060
INPUT G27 17.741720 16.227960
INPUT G28 18.838070 17.807570
INPUT G29 21.866980 20.740120
INPUT G30 23.519780 21.430300
INPUT G31 25.455040 23.365560
INPUT G32 27.390300 25.300820
INPUT G33 29.325560 27.236080
INPUT G34 32.037040 30.523280
INPUT G36 41.765200 40.638340
INPUT G37 43.418000 41.328520
INPUT G38 46.006100 44.059180
INPUT G39 35.305900 33.237720
INPUT G40 37.627640 36.113880
INPUT G41 38.723990 37.693490
INPUT G47 40.895690 39.865190
INPUT G48 40.895690 39.865190
INPUT G49 40.895690 39.865190
INPUT G50 40.895690 39.865190
INPUT G51 56.916290 40.775450
INPUT G52 57.239020 42.241490
INPUT G53 57.122860 43.507210
INPUT G54 38.551260 32.763300
INPUT G55 38.551260 35.799910
INPUT G56 38.873230 36.627500
INPUT G57 51.421790 35.618560
INPUT G58 51.744520 36.687870
INPUT G59 50.498170 37.659620
INPUT G60 59.574890 42.163780
INPUT G61 59.574890 44.471020
INPUT G62 58.774040 44.790040
INPUT G67 63.836910 41.978510
INPUT G68 65.795200 43.047820
INPUT G69 67.985600 45.380780
INPUT G70 69.112000 47.683260
INPUT G71 2.560680 2.560680
INPUT G74 49.236940 32.751300
INPUT G75 51.172200 34.906340
INPUT G76 53.107460 36.841600
INPUT G77 55.297860 39.174560
INPUT G78 56.424260 41.477040
INPUT G83 48.903380 33.956160
INPUT G93 14.046420 10.474060
INPUT OUTPUT 59.818260 19.189740
INPUT G24 12.194040 8.906400
INPUT G25 13.686460 9.596580
INPUT G26 15.621720 11.531840
INPUT G27 17.869900 14.355740
INPUT G28 18.966250 15.935350
INPUT G29 21.995160 18.867900
INPUT G30 23.647960 19.558080
INPUT G31 25.583220 21.493340
INPUT G32 27.518480 23.428600
INPUT G33 29.453740 25.363860
INPUT G34 32.165220 28.651060
INPUT G36 41.893380 38.766120
INPUT G37 43.546180 39.456300
INPUT G38 46.134280 42.186960
INPUT G39 35.434080 31.365500
INPUT G40 37.755820 34.241660
INPUT G41 38.852170 35.821270
INPUT G47 41.023870 37.992970
INPUT G48 41.023870 37.992970
INPUT G49 41.023870 37.992970
INPUT G50 41.023870 37.992970
INPUT G51 57.044470 38.903230
INPUT G52 57.367200 40.369270
INPUT G53 57.251040 41.634990
INPUT G54 38.679440 30.891080
INPUT G55 38.679440 33.927690
INPUT G56 39.001410 34.755280
INPUT G57 51.549970 33.746340
INPUT G58 51.872700 34.815650
INPUT G59 50.626350 35.787400
INPUT G60 59.703070 40.291560
INPUT G61 59.703070 42.598800
INPUT G62 58.902220 42.917820
INPUT G67 63.965090 40.106290
INPUT G68 65.923380 41.175600
INPUT G69 68.113780 43.508560
INPUT G70 69.240180 45.811040
INPUT G72 2.560680 2.560680
INPUT G74 49.365120 30.879080
INPUT G75 51.300380 33.034120
INPUT G76 53.235640 34.969380
INPUT G77 55.426040 37.302340
INPUT G78 56.552440 39.604820
INPUT G83 49.031560 32.083940
INPUT G93 14.174600 10.630530
INPUT OUTPUT 59.946440 17.317520
INPUT G24 10.102320 8.644020
INPUT G25 11.594740 9.334200
INPUT G26 13.530000 11.269460
INPUT G27 15.778180 14.093360
INPUT G28 16.874530 15.672970
INPUT G29 19.903440 18.605520
INPUT G30 21.556240 19.295700
INPUT G31 23.491500 21.230960
INPUT G32 25.426760 23.166220
INPUT G33 27.362020 25.101480
INPUT G34 30.073500 28.388680
INPUT G36 39.801660 38.503740
INPUT G37 41.454460 39.193920
INPUT G38 44.042560 41.924580
INPUT G39 33.342360 31.103120
INPUT G40 35.664100 33.979280
INPUT G41 36.760450 35.558890
INPUT G47 38.932150 37.730590
INPUT G48 38.932150 37.730590
INPUT G49 38.932150 37.730590
INPUT G50 38.932150 37.730590
INPUT G51 54.952750 38.640850
INPUT G52 55.275480 40.106890
INPUT G53 55.159320 41.372610
INPUT G54 36.587720 30.628700
INPUT G55 36.587720 33.665310
INPUT G56 36.909690 34.492900
INPUT G57 49.458250 33.483960
INPUT G58 49.780980 34.553270
INPUT G59 48.534630 35.525020
INPUT G60 57.611350 40.029180
INPUT G61 57.611350 42.336420
INPUT G62 56.810500 42.655440
INPUT G67 61.873370 39.843910
INPUT G68 63.831660 40.913220
INPUT G69 66.022060 43.246180
INPUT G70 67.148460 45.548660
INPUT G73 2.560680 2.560680
INPUT G74 47.273400 30.616700
INPUT G75 49.208660 32.771740
INPUT G76 51.143920 34.707000
INPUT G77 53.334320 37.039960
INPUT G78 54.460720 39.342440
INPUT G83 46.939840 31.821560
INPUT G93 12.082880 10.013130
INPUT OUTPUT 57.854720 17.055140
INPUT G24 9.627640 7.075600
INPUT G25 11.120060 7.765780
INPUT G26 13.055320 9.701040
INPUT G27 15.303500 12.524940
INPUT G28 16.399850 14.104550
INPUT G29 19.428760 17.037100
INPUT G30 21.081560 17.727280
INPUT G31 23.016820 19.662540
INPUT G32 24.952080 21.597800
INPUT G33 26.887340 23.533060
INPUT G34 29.598820 26.820260
INPUT G36 39.326980 36.935320
INPUT G37 40.979780 37.625500
INPUT G38 43.567880 40.356160
INPUT G39 32.867680 29.534700
INPUT G40 35.189420 32.410860
INPUT G41 36.285770 33.990470
INPUT G47 38.457470 36.162170
INPUT G48 38.457470 36.162170
INPUT G49 38.457470 36.162170
INPUT G50 38.457470 36.162170
INPUT G51 54.478070 37.072430
INPUT G52 54.800800 38.538470
INPUT G53 54.684640 39.804190
INPUT G54 36.113040 29.060280
INPUT G55 36.113040 32.096890
INPUT G56 36.435010 32.924480
INPUT G57 48.983570 31.915540
INPUT G58 49.306300 32.984850
INPUT G59 48.059950 33.956600
INPUT G60 57.136670 38.460760
INPUT G61 57.136670 40.768000
INPUT G62 56.335820 41.087020
INPUT G67 61.398690 38.275490
INPUT G68 63.356980 39.344800
INPUT G69 65.547380 41.677760
INPUT G70 66.673780 43.980240
INPUT G71 3.007080 3.007080
INPUT G74 46.798720 29.048280
INPUT G75 48.733980 31.203320
INPUT G76 50.669240 33.138580
INPUT G77 52.859640 35.471540
INPUT G78 53.986040 37.774020
INPUT G83 46.465160 30.253140
INPUT G93 11.608200 8.799730
INPUT OUTPUT 57.380040 15.486720
INPUT G24 8.101520 6.754020
INPUT G25 9.593940 7.444200
INPUT G26 11.529200 9.379460
INPUT G27 13.777380 12.203360
INPUT G28 14.873730 13.782970
INPUT G29 17.902640 16.715520
INPUT G30 19.555440 17.405700
INPUT G31 21.490700 19.340960
INPUT G32 23.425960 21.276220
INPUT G33 25.361220 23.211480
INPUT G34 28.072700 26.498680
INPUT G36 37.800860 36.613740
INPUT G37 39.453660 37.303920
INPUT G38 42.041760 40.034580
INPUT G39 31.341560 29.213120
INPUT G40 33.663300 32.089280
INPUT G41 34.759650 33.668890
INPUT G47 36.931350 35.840590
INPUT G48 36.931350 35.840590
INPUT G49 36.931350 35.840590
INPUT G50 36.931350 35.840590
INPUT G51 52.951950 36.750850
INPUT G52 53.274680 38.216890
INPUT G53 53.158520 39.482610
INPUT G54 34.586920 28.738700
INPUT G55 34.586920 31.775310
INPUT G56 34.908890 32.602900
INPUT G57 47.457450 31.593960
INPUT G58 47.780180 32.663270
INPUT G59 46.533830 33.635020
INPUT G60 55.610550 38.139180
INPUT G61 55.610550 40.446420
INPUT G62 54.809700 40.765440
INPUT G67 59.872570 37.953910
INPUT G68 61.830860 39.023220
INPUT G69 64.021260 41.356180
INPUT G70 65.147660 43.658660
INPUT G72 3.007080 3.007080
INPUT G74 45.272600 28.726700
INPUT G75 47.207860 30.881740
INPUT G76 49.143120 32.817000
INPUT G77 51.333520 35.149960
INPUT G78 52.459920 37.452440
INPUT G83 44.939040 29.931560
INPUT G93 10.082080 8.478150
INPUT OUTPUT 55.853920 15.165140
INPUT G73 3.007080 3.007080
INPUT G93 5.812420 5.812420
INPUT G79 2.109440 2.109440
INPUT G93 5.476300 3.741260
INPUT G42 4.333910 4.333910
INPUT G43 4.656640 4.656640
INPUT G44 3.503720 3.503720
INPUT G45 4.656640 4.656640
INPUT G46 3.503720 3.503720
INPUT G80 2.109440 2.109440
INPUT G24 18.723720 11.773500
INPUT G25 20.216140 12.463680
INPUT G26 22.151400 14.398940
INPUT G27 24.399580 17.222840
INPUT G28 25.495930 18.802450
INPUT G29 28.524840 21.735000
INPUT G30 30.177640 22.425180
INPUT G31 32.112900 24.360440
INPUT G32 34.048160 26.295700
INPUT G33 35.983420 28.230960
INPUT G34 38.694900 31.518160
INPUT G36 48.423060 41.633220
INPUT G37 50.075860 42.323400
INPUT G38 52.663960 45.054060
INPUT G39 41.963760 34.232600
INPUT G40 44.285500 37.108760
INPUT G41 45.381850 38.688370
INPUT G47 47.553550 40.860070
INPUT G48 47.553550 40.860070
INPUT G49 47.553550 40.860070
INPUT G50 47.553550 40.860070
INPUT G51 63.574150 41.770330
INPUT G52 63.896880 43.236370
INPUT G53 63.780720 44.502090
INPUT G54 45.209120 33.758180
INPUT G55 45.209120 36.794790
INPUT G56 45.531090 37.622380
INPUT G57 58.079650 36.613440
INPUT G58 58.402380 37.682750
INPUT G59 57.156030 38.654500
INPUT G60 66.232750 43.158660
INPUT G61 66.232750 45.465900
INPUT G62 65.431900 45.784920
INPUT G67 70.494770 42.973390
INPUT G68 72.453060 44.042700
INPUT G69 74.643460 46.375660
INPUT G70 75.769860 48.678140
INPUT G74 55.894800 33.746180
INPUT G75 57.830060 35.901220
INPUT G76 59.765320 37.836480
INPUT G77 61.955720 40.169440
INPUT G78 63.082120 42.471920
INPUT G81 2.109440 2.109440
INPUT G83 55.561240 34.951040
INPUT G93 20.704280 13.497630
INPUT G95 7.434870 6.299330
INPUT OUTPUT 66.476120 20.184620
INPUT G74 4.927900 4.927900
INPUT G75 4.927900 4.927900
INPUT G76 4.927900 4.927900
INPUT G77 4.927900 4.927900
INPUT G78 3.774980 3.774980
INPUT G82 2.109440 2.109440
INPUT G83 3.944980 3.944980
INPUT G84 2.719280 2.719280
INPUT G90 3.800410 3.201300
INPUT G91 4.206240 3.623660
INPUT G92 4.206240 3.623660
INPUT G85 2.937080 2.937080
INPUT G87 3.043030 2.427410
INPUT G88 3.043030 2.380540
INPUT G89 3.043030 2.380540
INPUT G94 3.758990 1.711450
INPUT G47 2.611710 2.611710
INPUT G86 1.859680 1.859680
INPUT G90 3.772900 3.616900
INPUT G91 3.772900 3.616900
INPUT G92 3.772900 3.616900
INPUT G24 9.132220 9.132220
INPUT G25 10.115140 10.115140
INPUT G26 10.115140 10.115140
INPUT G27 9.132220 9.132220
INPUT G28 9.792410 9.792410
INPUT G29 9.132220 9.132220
INPUT G30 10.115140 10.115140
INPUT G31 10.115140 10.115140
INPUT G32 10.115140 10.115140
INPUT G33 10.115140 10.115140
INPUT G34 9.132220 9.132220
INPUT G35 9.132220 9.132220
INPUT G36 9.132220 9.132220
INPUT G37 10.115140 10.115140
INPUT G38 10.115140 10.115140
INPUT G39 9.132220 9.132220
INPUT G40 9.132220 9.132220
INPUT G41 9.792410 9.792410
INPUT G42 8.689010 8.689010
INPUT G43 9.011740 9.011740
INPUT G44 7.858820 7.858820
INPUT G45 9.011740 9.011740
INPUT G46 7.858820 7.858820
INPUT G47 9.792410 9.792410
INPUT G48 9.792410 9.792410
INPUT G49 9.792410 9.792410
INPUT G50 9.792410 9.792410
INPUT G51 3.689110 3.689110
INPUT G52 4.011840 4.011840
INPUT G53 2.858920 2.858920
INPUT G54 4.024140 4.024140
INPUT G55 4.024140 4.024140
INPUT G56 2.871220 2.871220
INPUT G57 11.393670 11.393670
INPUT G58 11.716400 11.716400
INPUT G59 9.792410 9.792410
INPUT G60 3.720740 3.720740
INPUT G61 3.720740 3.720740
INPUT G62 10.115140 10.115140
INPUT G63 9.212220 9.212220
INPUT G64 9.792410 9.792410
INPUT G65 9.212220 9.212220
INPUT G66 9.792410 9.792410
INPUT G67 6.042510 6.042510
INPUT G68 6.365240 6.365240
INPUT G69 6.365240 6.365240
INPUT G70 5.212320 5.212320
INPUT G71 10.419380 4.525500
INPUT G72 10.419380 4.525500
INPUT G73 10.419380 4.525500
INPUT G74 9.283000 9.283000
INPUT G75 9.283000 9.283000
INPUT G76 9.283000 9.283000
INPUT G77 9.283000 9.283000
INPUT G78 8.130080 8.130080
INPUT G79 12.578900 6.622420
INPUT G80 12.578900 6.622420
INPUT G81 12.578900 6.622420
INPUT G82 12.578900 6.622420
INPUT G83 8.300080 8.300080
INPUT G84 12.578900 6.622420
INPUT G85 12.578900 6.622420
INPUT G86 8.962220 8.962220
INPUT G87 10.115140 10.115140
INPUT G88 10.115140 10.115140
INPUT G89 10.115140 10.115140
INPUT G90 3.949570 3.949570
INPUT G91 3.949570 3.949570
INPUT G92 3.949570 3.949570
INPUT G93 9.132220 9.132220
INPUT G94 10.115140 10.115140
INPUT G95 9.271490 9.271490
INPUT OUTPUT 5.374400 5.374400
INPUT G22 2.706120 1.946460
INPUT G23 4.997160 1.865980
INPUT G42 8.374550 4.983710
INPUT G43 10.552600 6.102780
INPUT G44 11.536440 8.405260
INPUT G45 14.059660 9.752400
INPUT G46 15.186060 12.054880
INPUT OUTPUT 0.499980 0.499980
INPUT G51 17.661800 13.740730
INPUT G52 17.984530 15.206770
INPUT G53 17.868370 16.472490
INPUT G57 12.167300 8.583840
INPUT G58 12.490030 9.653150
INPUT G59 11.243680 10.624900
INPUT G60 20.320400 15.129060
INPUT G61 20.320400 17.436300
INPUT G62 19.519550 17.755320
INPUT G63 8.498370 8.150610
INPUT G67 24.582420 14.943790
INPUT G68 26.540710 16.013100
INPUT G69 28.731110 18.346060
INPUT G70 29.857510 20.648540
INPUT G74 9.604080 7.649110
INPUT G75 11.539340 9.804150
INPUT G76 13.474600 11.739410
INPUT G77 15.665000 14.072370
INPUT G78 16.791400 16.374850
INPUT G83 11.286580 8.853970
INPUT G93 12.178530 5.310640
INPUT G95 9.327640 8.979880
INPUT OUTPUT 20.563770 20.204650
G22 G22 2.025130 2.025130
G22 G23 4.316170 2.568530
G22 G42 7.693560 5.686260
G22 G43 9.871610 6.805330
G22 G44 10.855450 9.107810
G22 G45 13.378670 10.454950
G22 G46 14.505070 12.757430
G23 G23 2.701020 2.701020
G23 G42 6.078410 5.818750
G23 G43 8.256460 6.937820
G23 G44 9.240300 9.240300
G23 G45 11.763520 10.587440
G23 G46 12.889920 12.889920
G24 G24 3.030060 2.076980
G24 G25 5.150140 3.831500
G24 G26 7.085400 5.766760
G24 G27 9.333580 8.590660
G24 G28 10.429930 10.170270
G24 G29 13.458840 13.102820
G24 G30 15.111640 13.793000
G24 G31 17.046900 15.728260
G24 G32 18.982160 17.663520
G24 G33 20.917420 19.598780
G24 G34 23.628900 22.885980
G24 G36 33.357060 33.001040
G24 G37 35.009860 33.691220
G24 G38 37.597960 36.421880
G24 G39 26.897760 25.600420
G24 G40 29.219500 28.476580
G24 G41 30.315850 30.056190
G24 G47 32.487550 32.227890
G24 G48 32.487550 32.227890
G24 G49 32.487550 32.227890
G24 G50 32.487550 32.227890
G24 G51 48.508150 33.138150
G24 G52 48.830880 34.604190
G24 G53 48.714720 35.869910
G24 G54 30.143120 25.126000
G24 G55 30.143120 28.162610
G24 G56 30.465090 28.990200
G24 G57 43.013650 27.981260
G24 G58 43.336380 29.050570
G24 G59 42.090030 30.022320
G24 G60 51.166750 34.526480
G24 G61 51.166750 36.833720
G24 G62 50.365900 37.152740
G24 G67 55.428770 34.341210
G24 G68 57.387060 35.410520
G24 G69 59.577460 37.743480
G24 G70 60.703860 40.045960
G24 G74 40.828800 25.114000
G24 G75 42.764060 27.269040
G24 G76 44.699320 29.204300
G24 G77 46.889720 31.537260
G24 G78 48.016120 33.839740
G24 G83 40.495240 26.318860
G24 OUTPUT 51.410120 11.552440
G25 G25 2.427410 2.215390
G25 G26 4.493740 3.175100
G25 G27 6.741920 5.999000
G25 G28 7.838270 7.578610
G25 G29 10.867180 10.511160
G25 G30 12.519980 11.201340
G25 G31 14.455240 13.136600
G25 G32 16.390500 15.071860
G25 G33 18.325760 17.007120
G25 G34 21.037240 20.294320
G25 G36 30.765400 30.409380
G25 G37 32.418200 31.099560
G25 G38 35.006300 33.830220
G25 G39 24.306100 23.008760
G25 G40 26.627840 25.884920
G25 G41 27.724190 27.464530
G25 G47 29.895890 29.636230
G25 G48 29.895890 29.636230
G25 G49 29.895890 29.636230
G25 G50 29.895890 29.636230
G25 G51 45.916490 30.546490
G25 G52 46.239220 32.012530
G25 G53 46.123060 33.278250
G25 G54 27.551460 22.534340
G25 G55 27.551460 25.570950
G25 G56 27.873430 26.398540
G25 G57 40.421990 25.389600
G25 G58 40.744720 26.458910
G25 G59 39.498370 27.430660
G25 G60 48.575090 31.934820
G25 G61 48.575090 34.242060
G25 G62 47.774240 34.561080
G25 G67 52.837110 31.749550
G25 G68 54.795400 32.818860
G25 G69 56.985800 35.151820
G25 G70 58.112200 37.454300
G25 G74 38.237140 22.522340
G25 G75 40.172400 24.677380
G25 G76 42.107660 26.612640
G25 G77 44.298060 28.945600
G25 G78 45.424460 31.248080
G25 G83 37.903580 23.727200
G25 OUTPUT 48.818460 8.960780
G26 G26 2.427410 2.215390
G26 G27 4.805750 4.062830
G26 G28 5.902100 5.642440
G26 G29 8.931010 8.574990
G26 G30 10.583810 9.265170
G26 G31 12.519070 11.200430
G26 G32 14.454330 13.135690
G26 G33 16.389590 15.070950
G26 G34 19.101070 18.358150
G26 G36 28.829230 28.473210
G26 G37 30.482030 29.163390
G26 G38 33.070130 31.894050
G26 G39 22.369930 21.072590
G26 G40 24.691670 23.948750
G26 G41 25.788020 25.528360
G26 G47 27.959720 27.700060
G26 G48 27.959720 27.700060
G26 G49 27.959720 27.700060
G26 G50 27.959720 27.700060
G26 G51 43.980320 28.610320
G26 G52 44.303050 30.076360
G26 G53 44.186890 31.342080
G26 G54 25.615290 20.598170
G26 G55 25.615290 23.634780
G26 G56 25.937260 24.462370
G26 G57 38.485820 23.453430
G26 G58 38.808550 24.522740
G26 G59 37.562200 25.494490
G26 G60 46.638920 29.998650
G26 G61 46.638920 32.305890
G26 G62 45.838070 32.624910
G26 G67 50.900940 29.813380
G26 G68 52.859230 30.882690
G26 G69 55.049630 33.215650
G26 G70 56.176030 35.518130
G26 G74 36.300970 20.586170
G26 G75 38.236230 22.741210
G26 G76 40.171490 24.676470
G26 G77 42.361890 27.009430
G26 G78 43.488290 29.311910
G26 G83 35.967410 21.791030
G26 OUTPUT 46.882290 7.024610
G27 G27 2.781020 2.136980
G27 G28 3.877370 3.617710
G27 G29 6.906280 6.550260
G27 G30 8.559080 7.240440
G27 G31 10.494340 9.175700
G27 G32 12.429600 11.110960
G27 G33 14.364860 13.046220
G27 G34 17.076340 16.333420
G27 G36 26.804500 26.448480
G27 G37 28.457300 27.138660
G27 G38 31.045400 29.869320
G27 G39 20.345200 19.047860
G27 G40 22.666940 21.924020
G27 G41 23.763290 23.503630
G27 G47 25.934990 25.675330
G27 G48 25.934990 25.675330
G27 G49 25.934990 25.675330
G27 G50 25.934990 25.675330
G27 G51 41.955590 26.585590
G27 G52 42.278320 28.051630
G27 G53 42.162160 29.317350
G27 G54 23.590560 18.573440
G27 G55 23.590560 21.610050
G27 G56 23.912530 22.437640
G27 G57 36.461090 21.428700
G27 G58 36.783820 22.498010
G27 G59 35.537470 23.469760
G27 G60 44.614190 27.973920
G27 G61 44.614190 30.281160
G27 G62 43.813340 30.600180
G27 G67 48.876210 27.788650
G27 G68 50.834500 28.857960
G27 G69 53.024900 31.190920
G27 G70 54.151300 33.493400
G27 G74 34.276240 18.561440
G27 G75 36.211500 20.716480
G27 G76 38.146760 22.651740
G27 G77 40.337160 24.984700
G27 G78 41.463560 27.287180
G27 G83 33.942680 19.766300
G27 OUTPUT 44.857560 4.999880
G28 G28 2.365450 2.105790
G28 G29 5.742600 5.386580
G28 G30 7.395400 6.076760
G28 G31 9.330660 8.012020
G28 G32 11.265920 9.947280
G28 G33 13.201180 11.882540
G28 G34 15.912660 15.169740
G28 G36 25.640820 25.284800
G28 G37 27.293620 25.974980
G28 G38 29.881720 28.705640
G28 G39 19.181520 17.884180
G28 G40 21.503260 20.760340
G28 G41 22.599610 22.339950
G28 G47 24.771310 24.511650
G28 G48 24.771310 24.511650
G28 G49 24.771310 24.511650
G28 G50 24.771310 24.511650
G28 G51 40.791910 25.421910
G28 G52 41.114640 26.887950
G28 G53 40.998480 28.153670
G28 G54 22.426880 17.409760
G28 G55 22.426880 20.446370
G28 G56 22.748850 21.273960
G28 G57 35.297410 20.265020
G28 G58 35.620140 21.334330
G28 G59 34.373790 22.306080
G28 G60 43.450510 26.810240
G28 G61 43.450510 29.117480
G28 G62 42.649660 29.436500
G28 G67 47.712530 26.624970
G28 G68 49.670820 27.694280
G28 G69 51.861220 30.027240
G28 G70 52.987620 32.329720
G28 G74 33.112560 17.397760
G28 G75 35.047820 19.552800
G28 G76 36.983080 21.488060
G28 G77 39.173480 23.821020
G28 G78 40.299880 26.123500
G28 G83 32.779000 18.602620
G28 OUTPUT 43.693880 3.836200
G29 G29 3.030060 2.076980
G29 G30 5.150140 3.831500
G29 G31 7.085400 5.766760
G29 G32 9.020660 7.702020
G29 G33 10.955920 9.637280
G29 G34 13.667400 12.924480
G29 G36 23.395560 23.039540
G29 G37 25.048360 23.729720
G29 G38 27.636460 26.460380
G29 G39 16.936260 15.638920
G29 G40 19.258000 18.515080
G29 G41 20.354350 20.094690
G29 G47 22.526050 22.266390
G29 G48 22.526050 22.266390
G29 G49 22.526050 22.266390
G29 G50 22.526050 22.266390
G29 G51 38.546650 23.176650
G29 G52 38.869380 24.642690
G29 G53 38.753220 25.908410
G29 G54 20.181620 15.164500
G29 G55 20.181620 18.201110
G29 G56 20.503590 19.028700
G29 G57 33.052150 18.019760
G29 G58 33.374880 19.089070
G29 G59 32.128530 20.060820
G29 G60 41.205250 24.564980
G29 G61 41.205250 26.872220
G29 G62 40.404400 27.191240
G29 G67 45.467270 24.379710
G29 G68 47.425560 25.449020
G29 G69 49.615960 27.781980
G29 G70 50.742360 30.084460
G29 G74 30.867300 15.152500
G29 G75 32.802560 17.307540
G29 G76 34.737820 19.242800
G29 G77 36.928220 21.575760
G29 G78 38.054620 23.878240
G29 G83 30.533740 16.357360
G29 OUTPUT 41.448620 14.642740
G30 G30 2.427410 2.215390
G30 G31 4.493740 3.175100
G30 G32 6.429000 5.110360
G30 G33 8.364260 7.045620
G30 G34 11.075740 10.332820
G30 G36 20.803900 20.447880
G30 G37 22.456700 21.138060
G30 G38 25.044800 23.868720
G30 G39 14.344600 13.047260
G30 G40 16.666340 15.923420
G30 G41 17.762690 17.503030
G30 G47 19.934390 19.674730
G30 G48 19.934390 19.674730
G30 G49 19.934390 19.674730
G30 G50 19.934390 19.674730
G30 G51 35.954990 20.584990
G30 G52 36.277720 22.051030
G30 G53 36.161560 23.316750
G30 G54 17.589960 12.572840
G30 G55 17.589960 15.609450
G30 G56 17.911930 16.437040
G30 G57 30.460490 15.428100
G30 G58 30.783220 16.497410
G30 G59 29.536870 17.469160
G30 G60 38.613590 21.973320
G30 G61 38.613590 24.280560
G30 G62 37.812740 24.599580
G30 G67 42.875610 21.788050
G30 G68 44.833900 22.857360
G30 G69 47.024300 25.190320
G30 G70 48.150700 27.492800
G30 G74 28.275640 12.560840
G30 G75 30.210900 14.715880
G30 G76 32.146160 16.651140
G30 G77 34.336560 18.984100
G30 G78 35.462960 21.286580
G30 G83 27.942080 13.765700
G30 OUTPUT 38.856960 12.051080
G31 G31 2.427410 2.215390
G31 G32 4.493740 3.175100
G31 G33 6.429000 5.110360
G31 G34 9.140480 8.397560
G31 G36 18.868640 18.512620
G31 G37 20.521440 19.202800
G31 G38 23.109540 21.933460
G31 G39 12.409340 11.112000
G31 G40 14.731080 13.988160
G31 G41 15.827430 15.567770
G31 G47 17.999130 17.739470
G31 G48 17.999130 17.739470
G31 G49 17.999130 17.739470
G31 G50 17.999130 17.739470
G31 G51 34.019730 18.649730
G31 G52 34.342460 20.115770
G31 G53 34.226300 21.381490
G31 G54 15.654700 10.637580
G31 G55 15.654700 13.674190
G31 G56 15.976670 14.501780
G31 G57 28.525230 13.492840
G31 G58 28.847960 14.562150
G31 G59 27.601610 15.533900
G31 G60 36.678330 20.038060
G31 G61 36.678330 22.345300
G31 G62 35.877480 22.664320
G31 G67 40.940350 19.852790
G31 G68 42.898640 20.922100
G31 G69 45.089040 23.255060
G31 G70 46.215440 25.557540
G31 G74 26.340380 10.625580
G31 G75 28.275640 12.780620
G31 G76 30.210900 14.715880
G31 G77 32.401300 17.048840
G31 G78 33.527700 19.351320
G31 G83 26.006820 11.830440
G31 OUTPUT 36.921700 10.115820
G32 G32 2.427410 2.215390
G32 G33 4.493740 3.175100
G32 G34 7.205220 6.462300
G32 G36 16.933380 16.577360
G32 G37 18.586180 17.267540
G32 G38 21.174280 19.998200
G32 G39 10.474080 9.176740
G32 G40 12.795820 12.052900
G32 G41 13.892170 13.632510
G32 G47 16.063870 15.804210
G32 G48 16.063870 15.804210
G32 G49 16.063870 15.804210
G32 G50 16.063870 15.804210
G32 G51 32.084470 16.714470
G32 G52 32.407200 18.180510
G32 G53 32.291040 19.446230
G32 G54 13.719440 8.702320
G32 G55 13.719440 11.738930
G32 G56 14.041410 12.566520
G32 G57 26.589970 11.557580
G32 G58 26.912700 12.626890
G32 G59 25.666350 13.598640
G32 G60 34.743070 18.102800
G32 G61 34.743070 20.410040
G32 G62 33.942220 20.729060
G32 G67 39.005090 17.917530
G32 G68 40.963380 18.986840
G32 G69 43.153780 21.319800
G32 G70 44.280180 23.622280
G32 G74 24.405120 8.690320
G32 G75 26.340380 10.845360
G32 G76 28.275640 12.780620
G32 G77 30.466040 15.113580
G32 G78 31.592440 17.416060
G32 G83 24.071560 9.895180
G32 OUTPUT 34.986440 8.180560
G33 G33 2.427410 2.215390
G33 G34 5.267920 4.525000
G33 G36 14.996080 14.640060
G33 G37 16.648880 15.330240
G33 G38 19.236980 18.060900
G33 G39 8.536780 7.239440
G33 G40 10.858520 10.115600
G33 G41 11.954870 11.695210
G33 G47 14.126570 13.866910
G33 G48 14.126570 13.866910
G33 G49 14.126570 13.866910
G33 G50 14.126570 13.866910
G33 G51 30.147170 14.777170
G33 G52 30.469900 16.243210
G33 G53 30.353740 17.508930
G33 G54 11.782140 6.765020
G33 G55 11.782140 9.801630
G33 G56 12.104110 10.629220
G33 G57 24.652670 9.620280
G33 G58 24.975400 10.689590
G33 G59 23.729050 11.661340
G33 G60 32.805770 16.165500
G33 G61 32.805770 18.472740
G33 G62 32.004920 18.791760
G33 G67 37.067790 15.980230
G33 G68 39.026080 17.049540
G33 G69 41.216480 19.382500
G33 G70 42.342880 21.684980
G33 G74 22.467820 6.753020
G33 G75 24.403080 8.908060
G33 G76 26.338340 10.843320
G33 G77 28.528740 13.176280
G33 G78 29.655140 15.478760
G33 G83 22.134260 7.957880
G33 OUTPUT 33.049140 6.243260
G34 G34 2.781020 2.136980
G34 G36 12.509180 12.153160
G34 G37 14.161980 12.843340
G34 G38 16.750080 15.574000
G34 G39 6.049880 4.752540
G34 G40 8.371620 7.628700
G34 G41 9.467970 9.208310
G34 G47 11.639670 11.380010
G34 G48 11.639670 11.380010
G34 G49 11.639670 11.380010
G34 G50 11.639670 11.380010
G34 G51 27.660270 12.290270
G34 G52 27.983000 13.756310
G34 G53 27.866840 15.022030
G34 G54 9.295240 4.278120
G34 G55 9.295240 7.314730
G34 G56 9.617210 8.142320
G34 G57 22.165770 7.133380
G34 G58 22.488500 8.202690
G34 G59 21.242150 9.174440
G34 G60 30.318870 13.678600
G34 G61 30.318870 15.985840
G34 G62 29.518020 16.304860
G34 G63 5.753590 5.753590
G34 G67 34.580890 13.493330
G34 G68 36.539180 14.562640
G34 G69 38.729580 16.895600
G34 G70 39.855980 19.198080
G34 G74 19.980920 4.972970
G34 G75 21.916180 7.128010
G34 G76 23.851440 9.063270
G34 G77 26.041840 11.396230
G34 G78 27.168240 13.698710
G34 G83 19.647360 6.177830
G34 G93 9.433750 8.771570
G34 G95 6.582860 6.582860
G34 OUTPUT 30.562240 3.756360
G35 G35 1.197620 1.197620
G35 G63 4.708990 4.708990
G35 G83 7.497200 6.735220
G35 G93 8.389150 4.534530
G35 G95 5.538260 5.538260
G36 G36 3.030060 2.076980
G36 G37 5.150140 3.831500
G36 G38 7.738240 6.562160
G36 G51 18.648430 15.086480
G36 G52 18.971160 16.552520
G36 G53 18.855000 17.818240
G36 G57 13.153930 9.929590
G36 G58 13.476660 10.998900
G36 G59 12.230310 11.970650
G36 G60 21.307030 16.474810
G36 G61 21.307030 18.782050
G36 G62 20.506180 19.101070
G36 G67 25.569050 16.289540
G36 G68 27.527340 17.358850
G36 G69 29.717740 19.691810
G36 G70 30.844140 21.994290
G36 G74 10.969080 9.430660
G36 G75 12.904340 11.585700
G36 G76 14.839600 13.520960
G36 G77 17.030000 15.853920
G36 G78 18.156400 18.156400
G36 G83 10.635520 10.635520
G36 OUTPUT 21.550400 21.550400
G37 G37 2.427410 2.215390
G37 G38 5.144640 3.968560
G37 G51 16.054830 12.492880
G37 G52 16.377560 13.958920
G37 G53 16.261400 15.224640
G37 G57 10.560330 7.335990
G37 G58 10.883060 8.405300
G37 G59 9.636710 9.377050
G37 G60 18.713430 13.881210
G37 G61 18.713430 16.188450
G37 G62 17.912580 16.507470
G37 G67 22.975450 13.695940
G37 G68 24.933740 14.765250
G37 G69 27.124140 17.098210
G37 G70 28.250540 19.400690
G37 G74 8.375480 6.837060
G37 G75 10.310740 8.992100
G37 G76 12.246000 10.927360
G37 G77 14.436400 13.260320
G37 G78 15.562800 15.562800
G37 G83 8.041920 8.041920
G37 OUTPUT 18.956800 18.956800
G38 G38 2.427410 2.361910
G38 G51 14.259290 10.697340
G38 G52 14.582020 12.163380
G38 G53 14.465860 13.429100
G38 G57 8.764790 5.540450
G38 G58 9.087520 6.609760
G38 G59 7.841170 7.581510
G38 G60 16.917890 12.085670
G38 G61 16.917890 14.392910
G38 G62 16.117040 14.711930
G38 G63 4.107000 4.107000
G38 G67 21.179910 11.900400
G38 G68 23.138200 12.969710
G38 G69 25.328600 15.302670
G38 G70 26.455000 17.605150
G38 G74 5.929480 4.391060
G38 G75 7.864740 6.546100
G38 G76 9.800000 8.481360
G38 G77 11.990400 10.814320
G38 G78 13.116800 13.116800
G38 G83 6.895210 5.595920
G38 G93 7.787160 7.124980
G38 G95 4.936270 4.936270
G38 OUTPUT 17.161260 17.161260
G39 G36 9.599710 9.243690
G39 G37 11.252510 9.933870
G39 G38 13.840610 12.664530
G39 G39 3.030060 2.076980
G39 G40 5.462150 4.719230
G39 G41 6.558500 6.298840
G39 G51 24.750800 21.188850
G39 G52 25.073530 22.654890
G39 G53 24.957370 23.920610
G39 G57 19.256300 16.031960
G39 G58 19.579030 17.101270
G39 G59 18.332680 18.073020
G39 G60 27.409400 22.577180
G39 G61 27.409400 24.884420
G39 G62 26.608550 25.203440
G39 G67 31.671420 22.391910
G39 G68 33.629710 23.461220
G39 G69 35.820110 25.794180
G39 G70 36.946510 28.096660
G39 G74 17.071450 15.533030
G39 G75 19.006710 17.688070
G39 G76 20.941970 19.623330
G39 G77 23.132370 21.956290
G39 G78 24.258770 24.258770
G39 G83 16.737890 16.737890
G39 OUTPUT 27.652770 7.681960
G40 G36 6.918580 6.562560
G40 G37 8.571380 7.252740
G40 G38 11.159480 9.983400
G40 G40 2.781020 2.136980
G40 G41 3.877370 3.617710
G40 G51 22.069670 18.507720
G40 G52 22.392400 19.973760
G40 G53 22.276240 21.239480
G40 G57 16.575170 13.350830
G40 G58 16.897900 14.420140
G40 G59 15.651550 15.391890
G40 G60 24.728270 19.896050
G40 G61 24.728270 22.203290
G40 G62 23.927420 22.522310
G40 G67 28.990290 19.710780
G40 G68 30.948580 20.780090
G40 G69 33.138980 23.113050
G40 G70 34.265380 25.415530
G40 G74 14.390320 12.851900
G40 G75 16.325580 15.006940
G40 G76 18.260840 16.942200
G40 G77 20.451240 19.275160
G40 G78 21.577640 21.577640
G40 G83 14.056760 14.056760
G40 OUTPUT 24.971640 5.000830
G41 G36 5.754870 5.398850
G41 G37 7.407670 6.089030
G41 G38 9.995770 8.819690
G41 G41 2.365450 2.105790
G41 G51 20.905960 17.344010
G41 G52 21.228690 18.810050
G41 G53 21.112530 20.075770
G41 G57 15.411460 12.187120
G41 G58 15.734190 13.256430
G41 G59 14.487840 14.228180
G41 G60 23.564560 18.732340
G41 G61 23.564560 21.039580
G41 G62 22.763710 21.358600
G41 G67 27.826580 18.547070
G41 G68 29.784870 19.616380
G41 G69 31.975270 21.949340
G41 G70 33.101670 24.251820
G41 G74 13.226610 11.688190
G41 G75 15.161870 13.843230
G41 G76 17.097130 15.778490
G41 G77 19.287530 18.111450
G41 G78 20.413930 20.413930
G41 G83 12.893050 12.893050
G41 OUTPUT 23.807930 3.837120
G42 G24 11.307160 9.660340
G42 G25 12.799580 10.350520
G42 G26 14.734840 12.285780
G42 G27 16.983020 15.109680
G42 G28 18.079370 16.689290
G42 G29 21.108280 19.621840
G42 G30 22.761080 20.312020
G42 G31 24.696340 22.247280
G42 G32 26.631600 24.182540
G42 G33 28.566860 26.117800
G42 G34 31.278340 29.405000
G42 G36 41.006500 39.520060
G42 G37 42.659300 40.210240
G42 G38 45.247400 42.940900
G42 G39 34.547200 32.119440
G42 G40 36.868940 34.995600
G42 G41 37.965290 36.575210
G42 G42 2.365450 2.105790
G42 G43 4.890470 3.571830
G42 G44 5.874310 5.874310
G42 G45 8.397530 7.221450
G42 G46 9.523930 9.523930
G42 G47 40.136990 38.746910
G42 G48 40.136990 38.746910
G42 G49 40.136990 38.746910
G42 G50 40.136990 38.746910
G42 G51 56.157590 39.657170
G42 G52 56.480320 41.123210
G42 G53 56.364160 42.388930
G42 G54 37.792560 31.645020
G42 G55 37.792560 34.681630
G42 G56 38.114530 35.509220
G42 G57 50.663090 34.500280
G42 G58 50.985820 35.569590
G42 G59 49.739470 36.541340
G42 G60 58.816190 41.045500
G42 G61 58.816190 43.352740
G42 G62 58.015340 43.671760
G42 G67 63.078210 40.860230
G42 G68 65.036500 41.929540
G42 G69 67.226900 44.262500
G42 G70 68.353300 46.564980
G42 G74 48.478240 31.633020
G42 G75 50.413500 33.788060
G42 G76 52.348760 35.723320
G42 G77 54.539160 38.056280
G42 G78 55.665560 40.358760
G42 G83 48.144680 32.837880
G42 G93 13.287720 8.644860
G42 OUTPUT 59.059560 18.071460
G43 G24 11.791700 8.505260
G43 G25 13.284120 9.195440
G43 G26 15.219380 11.130700
G43 G27 17.467560 13.954600
G43 G28 18.563910 15.534210
G43 G29 21.592820 18.466760
G43 G30 23.245620 19.156940
G43 G31 25.180880 21.092200
G43 G32 27.116140 23.027460
G43 G33 29.051400 24.962720
G43 G34 31.762880 28.249920
G43 G36 41.491040 38.364980
G43 G37 43.143840 39.055160
G43 G38 45.731940 41.785820
G43 G39 35.031740 30.964360
G43 G40 37.353480 33.840520
G43 G41 38.449830 35.420130
G43 G43 2.765830 2.427410
G43 G44 4.879420 4.879420
G43 G45 6.066590 4.890510
G43 G46 7.192990 7.192990
G43 G47 40.621530 37.591830
G43 G48 40.621530 37.591830
G43 G49 40.621530 37.591830
G43 G50 40.621530 37.591830
G43 G51 56.642130 38.502090
G43 G52 56.964860 39.968130
G43 G53 56.848700 41.233850
G43 G54 38.277100 30.489940
G43 G55 38.277100 33.526550
G43 G56 38.599070 34.354140
G43 G57 51.147630 33.345200
G43 G58 51.470360 34.414510
G43 G59 50.224010 35.386260
G43 G60 59.300730 39.890420
G43 G61 59.300730 42.197660
G43 G62 58.499880 42.516680
G43 G67 63.562750 39.705150
G43 G68 65.521040 40.774460
G43 G69 67.711440 43.107420
G43 G70 68.837840 45.409900
G43 G74 48.962780 30.477940
G43 G75 50.898040 32.632980
G43 G76 52.833300 34.568240
G43 G77 55.023700 36.901200
G43 G78 56.150100 39.203680
G43 G83 48.629220 31.682800
G43 G93 13.772260 8.972240
G43 OUTPUT 59.544100 16.916380
G44 G24 9.231640 6.811360
G44 G25 10.724060 7.501540
G44 G26 12.659320 9.436800
G44 G27 14.907500 12.260700
G44 G28 16.003850 13.840310
G44 G29 19.032760 16.772860
G44 G30 20.685560 17.463040
G44 G31 22.620820 19.398300
G44 G32 24.556080 21.333560
G44 G33 26.491340 23.268820
G44 G34 29.202820 26.556020
G44 G36 38.930980 36.671080
G44 G37 40.583780 37.361260
G44 G38 43.171880 40.091920
G44 G39 32.471680 29.270460
G44 G40 34.793420 32.146620
G44 G41 35.889770 33.726230
G44 G44 3.390010 3.390010
G44 G45 4.747910 3.571830
G44 G46 5.874310 5.874310
G44 G47 38.061470 35.897930
G44 G48 38.061470 35.897930
G44 G49 38.061470 35.897930
G44 G50 38.061470 35.897930
G44 G51 54.082070 36.808190
G44 G52 54.404800 38.274230
G44 G53 54.288640 39.539950
G44 G54 35.717040 28.796040
G44 G55 35.717040 31.832650
G44 G56 36.039010 32.660240
G44 G57 48.587570 31.651300
G44 G58 48.910300 32.720610
G44 G59 47.663950 33.692360
G44 G60 56.740670 38.196520
G44 G61 56.740670 40.503760
G44 G62 55.939820 40.822780
G44 G67 61.002690 38.011250
G44 G68 62.960980 39.080560
G44 G69 65.151380 41.413520
G44 G70 66.277780 43.716000
G44 G74 46.402720 28.784040
G44 G75 48.337980 30.939080
G44 G76 50.273240 32.874340
G44 G77 52.463640 35.207300
G44 G78 53.590040 37.509780
G44 G83 46.069160 29.988900
G44 G93 11.212200 8.398330
G44 OUTPUT 56.984040 15.222480
G45 G24 9.180520 6.666720
G45 G25 10.672940 7.356900
G45 G26 12.608200 9.292160
G45 G27 14.856380 12.116060
G45 G28 15.952730 13.695670
G45 G29 18.981640 16.628220
G45 G30 20.634440 17.318400
G45 G31 22.569700 19.253660
G45 G32 24.504960 21.188920
G45 G33 26.440220 23.124180
G45 G34 29.151700 26.411380
G45 G36 38.879860 36.526440
G45 G37 40.532660 37.216620
G45 G38 43.120760 39.947280
G45 G39 32.420560 29.125820
G45 G40 34.742300 32.001980
G45 G41 35.838650 33.581590
G45 G45 2.763850 2.427410
G45 G46 4.877440 4.877440
G45 G47 38.010350 35.753290
G45 G48 38.010350 35.753290
G45 G49 38.010350 35.753290
G45 G50 38.010350 35.753290
G45 G51 54.030950 36.663550
G45 G52 54.353680 38.129590
G45 G53 54.237520 39.395310
G45 G54 35.665920 28.651400
G45 G55 35.665920 31.688010
G45 G56 35.987890 32.515600
G45 G57 48.536450 31.506660
G45 G58 48.859180 32.575970
G45 G59 47.612830 33.547720
G45 G60 56.689550 38.051880
G45 G61 56.689550 40.359120
G45 G62 55.888700 40.678140
G45 G67 60.951570 37.866610
G45 G68 62.909860 38.935920
G45 G69 65.100260 41.268880
G45 G70 66.226660 43.571360
G45 G74 46.351600 28.639400
G45 G75 48.286860 30.794440
G45 G76 50.222120 32.729700
G45 G77 52.412520 35.062660
G45 G78 53.538920 37.365140
G45 G83 46.018040 29.844260
G45 G93 11.161080 7.945760
G45 OUTPUT 56.932920 15.077840
G46 G24 7.230840 4.921360
G46 G25 8.723260 5.611540
G46 G26 10.658520 7.546800
G46 G27 12.906700 10.370700
G46 G28 14.003050 11.950310
G46 G29 17.031960 14.882860
G46 G30 18.684760 15.573040
G46 G31 20.620020 17.508300
G46 G32 22.555280 19.443560
G46 G33 24.490540 21.378820
G46 G34 27.202020 24.666020
G46 G36 36.930180 34.781080
G46 G37 38.582980 35.471260
G46 G38 41.171080 38.201920
G46 G39 30.470880 27.380460
G46 G40 32.792620 30.256620
G46 G41 33.888970 31.836230
G46 G46 3.390010 3.390010
G46 G47 36.060670 34.007930
G46 G48 36.060670 34.007930
G46 G49 36.060670 34.007930
G46 G50 36.060670 34.007930
G46 G51 52.081270 34.918190
G46 G52 52.404000 36.384230
G46 G53 52.287840 37.649950
G46 G54 33.716240 26.906040
G46 G55 33.716240 29.942650
G46 G56 34.038210 30.770240
G46 G57 46.586770 29.761300
G46 G58 46.909500 30.830610
G46 G59 45.663150 31.802360
G46 G60 54.739870 36.306520
G46 G61 54.739870 38.613760
G46 G62 53.939020 38.932780
G46 G67 59.001890 36.121250
G46 G68 60.960180 37.190560
G46 G69 63.150580 39.523520
G46 G70 64.276980 41.826000
G46 G74 44.401920 26.894040
G46 G75 46.337180 29.049080
G46 G76 48.272440 30.984340
G46 G77 50.462840 33.317300
G46 G78 51.589240 35.619780
G46 G83 44.068360 28.098900
G46 G93 9.211400 6.645490
G46 OUTPUT 54.983240 13.332480
G47 G22 5.086170 3.650440
G47 G23 7.377210 5.629570
G47 G42 10.754600 5.313610
G47 G43 12.932650 6.432680
G47 G44 13.916490 8.735160
G47 G45 16.439710 10.082300
G47 G46 17.566110 12.384780
G47 G47 2.365450 2.365450
G47 G48 2.611710 2.611710
G48 G22 5.245160 3.410440
G48 G23 7.536200 5.701480
G48 G42 10.913590 5.073610
G48 G43 13.091640 6.192680
G48 G44 14.075480 8.495160
G48 G45 16.598700 9.842300
G48 G46 17.725100 12.144780
G48 G48 2.365450 2.365450
G48 G49 2.611710 2.611710
G49 G22 4.385160 4.100440
G49 G23 6.676200 4.928560
G49 G42 10.053590 5.763610
G49 G43 12.231640 6.882680
G49 G44 13.215480 9.185160
G49 G45 15.738700 10.532300
G49 G46 16.865100 12.834780
G49 G49 2.365450 2.365450
G49 G50 2.611710 2.611710
G50 G22 4.825160 3.918490
G50 G23 7.116200 5.368560
G50 G42 10.493590 5.581660
G50 G43 12.671640 6.700730
G50 G44 13.655480 9.003210
G50 G45 16.178700 10.350350
G50 G46 17.305100 12.652830
G50 G50 2.365450 2.365450
G51 G51 2.365450 2.275790
G51 G52 4.570940 3.394860
G51 G53 5.697340 5.697340
G52 G52 2.427410 2.361910
G52 G53 4.475500 4.475500
G53 G51 5.490580 5.490580
G53 G52 5.813310 5.813310
G53 G53 4.660390 3.390010
G53 G60 8.149180 3.316960
G53 G61 8.149180 5.624200
G53 G62 7.348330 5.943220
G53 G67 12.411200 11.981540
G53 G68 14.369490 13.050850
G53 G69 16.559890 15.383810
G53 G70 17.686290 17.686290
G53 OUTPUT 8.392550 8.392550
G54 G47 7.790450 7.530790
G54 G48 7.790450 7.530790
G54 G49 7.790450 7.530790
G54 G50 7.790450 7.530790
G54 G54 5.446020 2.215390
G54 G55 5.446020 3.394860
G54 G56 5.697340 4.293100
G55 G55 2.427410 2.361910
G55 G56 4.475500 4.475500
G56 G47 7.997210 7.737550
G56 G48 7.997210 7.737550
G56 G49 7.997210 7.737550
G56 G50 7.997210 7.737550
G56 G54 5.652780 5.652780
G56 G55 5.652780 5.652780
G56 G56 4.499860 3.390010
G57 G57 2.365450 2.275790
G57 G58 4.173240 2.997160
G58 G51 11.003620 7.441670
G58 G52 11.326350 8.907710
G58 G53 11.210190 10.173430
G58 G57 5.509120 5.509120
G58 G58 5.831850 2.215390
G58 G59 4.585500 4.325840
G58 G60 13.662220 8.830000
G58 G61 13.662220 11.137240
G58 G62 12.861370 11.456260
G58 G67 17.924240 8.644730
G58 G68 19.882530 9.714040
G58 G69 22.072930 12.047000
G58 G70 23.199330 14.349480
G58 OUTPUT 13.905590 13.905590
G59 G51 9.131800 5.569850
G59 G52 9.454530 7.035890
G59 G53 9.338370 8.301610
G59 G59 2.365450 2.105790
G59 G60 11.790400 6.958180
G59 G61 11.790400 9.265420
G59 G62 10.989550 9.584440
G59 G67 16.052420 6.772910
G59 G68 18.010710 7.842220
G59 G69 20.201110 10.175180
G59 G70 21.327510 12.477660
G59 G93 4.370130 4.370130
G59 OUTPUT 12.033770 12.033770
G60 G60 2.380540 2.215390
G60 G61 4.173240 2.997160
G61 G60 5.522920 5.522920
G61 G61 5.522920 2.215390
G61 G62 4.722070 3.316960
G61 G67 9.784940 9.355280
G61 G68 11.743230 10.424590
G61 G69 13.933630 12.757550
G61 G70 15.060030 15.060030
G61 OUTPUT 5.766290 5.766290
G62 G62 2.380540 2.215390
G62 G67 7.312260 6.882600
G62 G68 9.270550 7.951910
G62 G69 11.460950 10.284870
G62 G70 12.587350 12.587350
G62 G93 4.821330 4.821330
G62 OUTPUT 3.293610 3.293610
G63 G63 2.721260 2.721260
G63 G64 2.365450 2.365450
G63 G71 4.012840 2.480680
G63 G72 4.012840 2.480680
G63 G73 4.012840 2.480680
G64 G24 19.815580 12.865360
G64 G25 21.308000 13.555540
G64 G26 23.243260 15.490800
G64 G27 25.491440 18.314700
G64 G28 26.587790 19.894310
G64 G29 29.616700 22.826860
G64 G30 31.269500 23.517040
G64 G31 33.204760 25.452300
G64 G32 35.140020 27.387560
G64 G33 37.075280 29.322820
G64 G34 39.786760 32.610020
G64 G36 49.514920 42.725080
G64 G37 51.167720 43.415260
G64 G38 53.755820 46.145920
G64 G39 43.055620 35.324460
G64 G40 45.377360 38.200620
G64 G41 46.473710 39.780230
G64 G47 48.645410 41.951930
G64 G48 48.645410 41.951930
G64 G49 48.645410 41.951930
G64 G50 48.645410 41.951930
G64 G51 64.666010 42.862190
G64 G52 64.988740 44.328230
G64 G53 64.872580 45.593950
G64 G54 46.300980 34.850040
G64 G55 46.300980 37.886650
G64 G56 46.622950 38.714240
G64 G57 59.171510 37.705300
G64 G58 59.494240 38.774610
G64 G59 58.247890 39.746360
G64 G60 67.324610 44.250520
G64 G61 67.324610 46.557760
G64 G62 66.523760 46.876780
G64 G64 2.815650 2.815650
G64 G67 71.586630 44.065250
G64 G68 73.544920 45.134560
G64 G69 75.735320 47.467520
G64 G70 76.861720 49.770000
G64 G74 56.986660 34.838040
G64 G75 58.921920 36.993080
G64 G76 60.857180 38.928340
G64 G77 63.047580 41.261300
G64 G78 64.173980 43.563780
G64 G83 56.653100 36.042900
G64 G93 21.796140 14.589490
G64 G95 8.526730 7.391190
G64 OUTPUT 67.567980 21.276480
G65 G65 2.109440 2.109440
G65 G66 2.365450 2.365450
G66 G51 18.438380 14.517310
G66 G52 18.761110 15.983350
G66 G53 18.644950 17.249070
G66 G57 12.943880 9.360420
G66 G58 13.266610 10.429730
G66 G59 12.020260 11.401480
G66 G60 21.096980 15.905640
G66 G61 21.096980 18.212880
G66 G62 20.296130 18.531900
G66 G63 9.274950 8.927190
G66 G66 2.776050 2.776050
G66 G67 25.359000 15.720370
G66 G68 27.317290 16.789680
G66 G69 29.507690 19.122640
G66 G70 30.634090 21.425120
G66 G74 10.380660 8.425690
G66 G75 12.315920 10.580730
G66 G76 14.251180 12.515990
G66 G77 16.441580 14.848950
G66 G78 17.567980 17.151430
G66 G83 12.063160 9.630550
G66 G93 12.955110 6.087220
G66 G95 10.104220 9.756460
G66 OUTPUT 21.340350 20.981230
G67 G42 13.844140 13.844140
G67 G43 14.166870 14.166870
G67 G44 13.013950 13.013950
G67 G45 14.166870 14.166870
G67 G46 13.013950 13.013950
G67 G64 7.519250 7.259590
G67 G65 6.521420 6.521420
G67 G66 7.519250 7.259590
G67 G67 11.197640 2.275790
G67 G68 11.520370 2.997160
G67 G69 11.520370 5.330120
G67 G70 10.367450 7.632600
G67 G71 15.574510 14.828350
G67 G72 15.574510 14.828350
G67 G73 15.574510 14.828350
G67 G74 14.438130 14.438130
G67 G75 14.438130 14.438130
G67 G76 14.438130 14.438130
G67 G77 14.438130 14.438130
G67 G78 13.285210 13.285210
G67 G79 17.734030 16.919990
G67 G80 17.734030 16.919990
G67 G81 17.734030 16.919990
G67 G82 17.734030 16.919990
G67 G83 13.455210 13.455210
G67 G84 17.734030 16.919990
G67 G85 17.734030 16.919990
G67 OUTPUT 10.529530 10.529530
G68 G42 13.634030 13.634030
G68 G43 13.956760 13.956760
G68 G44 12.803840 12.803840
G68 G45 13.956760 13.956760
G68 G46 12.803840 12.803840
G68 G64 7.309140 7.049480
G68 G65 6.311310 6.311310
G68 G66 7.309140 7.049480
G68 G67 10.987530 10.987530
G68 G68 11.310260 2.215390
G68 G69 11.310260 3.571830
G68 G70 10.157340 5.874310
G68 G71 15.364400 14.618240
G68 G72 15.364400 14.618240
G68 G73 15.364400 14.618240
G68 G74 14.228020 14.228020
G68 G75 14.228020 14.228020
G68 G76 14.228020 14.228020
G68 G77 14.228020 14.228020
G68 G78 13.075100 13.075100
G68 G79 17.523920 16.709880
G68 G80 17.523920 16.709880
G68 G81 17.523920 16.709880
G68 G82 17.523920 16.709880
G68 G83 13.245100 13.245100
G68 G84 17.523920 16.709880
G68 G85 17.523920 16.709880
G68 OUTPUT 10.319420 10.319420
G69 G42 13.369840 13.369840
G69 G43 13.692570 13.692570
G69 G44 12.539650 12.539650
G69 G45 13.692570 13.692570
G69 G46 12.539650 12.539650
G69 G64 7.044950 6.785290
G69 G65 6.047120 6.047120
G69 G66 7.044950 6.785290
G69 G67 10.723340 10.723340
G69 G68 11.046070 11.046070
G69 G69 11.046070 2.361910
G69 G70 9.893150 4.475500
G69 G71 15.100210 14.354050
G69 G72 15.100210 14.354050
G69 G73 15.100210 14.354050
G69 G74 13.963830 13.963830
G69 G75 13.963830 13.963830
G69 G76 13.963830 13.963830
G69 G77 13.963830 13.963830
G69 G78 12.810910 12.810910
G69 G79 17.259730 16.445690
G69 G80 17.259730 16.445690
G69 G81 17.259730 16.445690
G69 G82 17.259730 16.445690
G69 G83 12.980910 12.980910
G69 G84 17.259730 16.445690
G69 G85 17.259730 16.445690
G69 OUTPUT 10.055230 10.055230
G70 G42 13.604910 13.604910
G70 G43 13.927640 13.927640
G70 G44 12.774720 12.774720
G70 G45 13.927640 13.927640
G70 G46 12.774720 12.774720
G70 G64 7.280020 7.020360
G70 G65 6.282190 6.282190
G70 G66 7.280020 7.020360
G70 G67 10.958410 10.958410
G70 G68 11.281140 11.281140
G70 G69 11.281140 11.281140
G70 G70 10.128220 3.390010
G70 G71 15.335280 14.589120
G70 G72 15.335280 14.589120
G70 G73 15.335280 14.589120
G70 G74 14.198900 14.198900
G70 G75 14.198900 14.198900
G70 G76 14.198900 14.198900
G70 G77 14.198900 14.198900
G70 G78 13.045980 13.045980
G70 G79 17.494800 16.680760
G70 G80 17.494800 16.680760
G70 G81 17.494800 16.680760
G70 G82 17.494800 16.680760
G70 G83 13.215980 13.215980
G70 G84 17.494800 16.680760
G70 G85 17.494800 16.680760
G70 OUTPUT 10.290300 10.290300
G71 G42 14.698360 14.285170
G71 G43 15.021090 14.607900
G71 G44 13.868170 13.454980
G71 G45 15.021090 14.607900
G71 G46 13.868170 13.454980
G71 G64 8.373470 7.700620
G71 G65 7.375640 6.962450
G71 G66 8.373470 7.700620
G71 G67 12.051860 11.638670
G71 G68 12.374590 11.961400
G71 G69 12.374590 11.961400
G71 G70 11.221670 10.808480
G71 G71 16.428730 2.181660
G71 G72 16.428730 15.269380
G71 G73 16.428730 15.269380
G71 G74 15.292350 14.879160
G71 G75 15.292350 14.879160
G71 G76 15.292350 14.879160
G71 G77 15.292350 14.879160
G71 G78 14.139430 13.726240
G71 G79 18.588250 17.361020
G71 G80 18.588250 17.361020
G71 G81 18.588250 17.361020
G71 G82 18.588250 17.361020
G71 G83 14.309430 13.896240
G71 G84 18.588250 17.361020
G71 G85 18.588250 17.361020
G71 OUTPUT 11.383750 10.970560
G72 G42 14.438360 14.075010
G72 G43 14.761090 14.397740
G72 G44 13.608170 13.244820
G72 G45 14.761090 14.397740
G72 G46 13.608170 13.244820
G72 G64 8.113470 7.490460
G72 G65 7.115640 6.752290
G72 G66 8.113470 7.490460
G72 G67 11.791860 11.428510
G72 G68 12.114590 11.751240
G72 G69 12.114590 11.751240
G72 G70 10.961670 10.598320
G72 G71 16.168730 15.059220
G72 G72 16.168730 2.181660
G72 G73 16.168730 15.059220
G72 G74 15.032350 14.669000
G72 G75 15.032350 14.669000
G72 G76 15.032350 14.669000
G72 G77 15.032350 14.669000
G72 G78 13.879430 13.516080
G72 G79 18.328250 17.150860
G72 G80 18.328250 17.150860
G72 G81 18.328250 17.150860
G72 G82 18.328250 17.150860
G72 G83 14.049430 13.686080
G72 G84 18.328250 17.150860
G72 G85 18.328250 17.150860
G72 OUTPUT 11.123750 10.760400
G73 G42 14.759860 13.810820
G73 G43 15.082590 14.133550
G73 G44 13.929670 12.980630
G73 G45 15.082590 14.133550
G73 G46 13.929670 12.980630
G73 G64 8.434970 7.226270
G73 G65 7.437140 6.488100
G73 G66 8.434970 7.226270
G73 G67 12.113360 11.164320
G73 G68 12.436090 11.487050
G73 G69 12.436090 11.487050
G73 G70 11.283170 10.334130
G73 G71 16.490230 14.795030
G73 G72 16.490230 14.795030
G73 G73 16.490230 2.181660
G73 G74 15.353850 14.404810
G73 G75 15.353850 14.404810
G73 G76 15.353850 14.404810
G73 G77 15.353850 14.404810
G73 G78 14.200930 13.251890
G73 G79 18.649750 16.886670
G73 G80 18.649750 16.886670
G73 G81 18.649750 16.886670
G73 G82 18.649750 16.886670
G73 G83 14.370930 13.421890
G73 G84 18.649750 16.886670
G73 G85 18.649750 16.886670
G73 OUTPUT 11.445250 10.496210
G74 G24 13.755240 12.468000
G74 G25 15.247660 13.158180
G74 G26 17.182920 15.093440
G74 G27 19.431100 17.917340
G74 G28 20.527450 19.496950
G74 G29 23.556360 22.429500
G74 G30 25.209160 23.119680
G74 G31 27.144420 25.054940
G74 G32 29.079680 26.990200
G74 G33 31.014940 28.925460
G74 G34 33.726420 32.212660
G74 G36 43.454580 42.327720
G74 G37 45.107380 43.017900
G74 G38 47.695480 45.748560
G74 G39 36.995280 34.927100
G74 G40 39.317020 37.803260
G74 G41 40.413370 39.382870
G74 G47 42.585070 41.554570
G74 G48 42.585070 41.554570
G74 G49 42.585070 41.554570
G74 G50 42.585070 41.554570
G74 G51 58.605670 18.943600
G74 G52 58.928400 20.409640
G74 G53 58.812240 21.675360
G74 G54 40.240640 34.452680
G74 G55 40.240640 37.489290
G74 G56 40.562610 38.316880
G74 G57 53.111170 13.786710
G74 G58 53.433900 14.856020
G74 G59 52.187550 15.827770
G74 G60 61.264270 20.331930
G74 G61 61.264270 22.639170
G74 G62 60.463420 22.958190
G74 G63 14.929540 13.353480
G74 G67 65.526290 20.146660
G74 G68 67.484580 21.215970
G74 G69 69.674980 23.548930
G74 G70 70.801380 25.851410
G74 G74 50.926320 2.427410
G74 G75 52.861580 3.175100
G74 G76 54.796840 5.110360
G74 G77 56.987240 7.443320
G74 G78 58.113640 9.745800
G74 G83 50.592760 7.578070
G74 G93 18.609700 9.555610
G74 G95 15.758810 14.182750
G74 OUTPUT 61.507640 20.879120
G75 G24 13.907360 10.619720
G75 G25 15.399780 11.309900
G75 G26 17.335040 13.245160
G75 G27 19.583220 16.069060
G75 G28 20.679570 17.648670
G75 G29 23.708480 20.581220
G75 G30 25.361280 21.271400
G75 G31 27.296540 23.206660
G75 G32 29.231800 25.141920
G75 G33 31.167060 27.077180
G75 G34 33.878540 30.364380
G75 G36 43.606700 40.479440
G75 G37 45.259500 41.169620
G75 G38 47.847600 43.900280
G75 G39 37.147400 33.078820
G75 G40 39.469140 35.954980
G75 G41 40.565490 37.534590
G75 G47 42.737190 39.706290
G75 G48 42.737190 39.706290
G75 G49 42.737190 39.706290
G75 G50 42.737190 39.706290
G75 G51 58.757790 19.197320
G75 G52 59.080520 20.663360
G75 G53 58.964360 21.929080
G75 G54 40.392760 32.604400
G75 G55 40.392760 35.641010
G75 G56 40.714730 36.468600
G75 G57 53.263290 14.040430
G75 G58 53.586020 15.109740
G75 G59 52.339670 16.081490
G75 G60 61.416390 20.585650
G75 G61 61.416390 22.892890
G75 G62 60.615540 23.211910
G75 G63 15.179120 13.607200
G75 G67 65.678410 20.400380
G75 G68 67.636700 21.469690
G75 G69 69.827100 23.802650
G75 G70 70.953500 26.105130
G75 G74 51.078440 6.644970
G75 G75 53.013700 2.427410
G75 G76 54.948960 3.175100
G75 G77 57.139360 5.508060
G75 G78 58.265760 7.810540
G75 G83 50.744880 7.831790
G75 G93 18.859280 9.809330
G75 G95 16.008390 14.436470
G75 OUTPUT 61.659760 19.030840
G76 G24 11.499020 10.040720
G76 G25 12.991440 10.730900
G76 G26 14.926700 12.666160
G76 G27 17.174880 15.490060
G76 G28 18.271230 17.069670
G76 G29 21.300140 20.002220
G76 G30 22.952940 20.692400
G76 G31 24.888200 22.627660
G76 G32 26.823460 24.562920
G76 G33 28.758720 26.498180
G76 G34 31.470200 29.785380
G76 G36 41.198360 39.900440
G76 G37 42.851160 40.590620
G76 G38 45.439260 43.321280
G76 G39 34.739060 32.499820
G76 G40 37.060800 35.375980
G76 G41 38.157150 36.955590
G76 G47 40.328850 39.127290
G76 G48 40.328850 39.127290
G76 G49 40.328850 39.127290
G76 G50 40.328850 39.127290
G76 G51 56.349450 19.171130
G76 G52 56.672180 20.637170
G76 G53 56.556020 21.902890
G76 G54 37.984420 32.025400
G76 G55 37.984420 35.062010
G76 G56 38.306390 35.889600
G76 G57 50.854950 14.014240
G76 G58 51.177680 15.083550
G76 G59 49.931330 16.055300
G76 G60 59.008050 20.559460
G76 G61 59.008050 22.866700
G76 G62 58.207200 23.185720
G76 G63 13.928770 13.581010
G76 G67 63.270070 20.374190
G76 G68 65.228360 21.443500
G76 G69 67.418760 23.776460
G76 G70 68.545160 26.078940
G76 G74 48.670100 6.618780
G76 G75 50.605360 8.773820
G76 G76 52.540620 2.427410
G76 G77 54.731020 3.571830
G76 G78 55.857420 5.874310
G76 G83 48.336540 7.805600
G76 G93 17.608930 9.783140
G76 G95 14.758040 14.410280
G76 OUTPUT 59.251420 18.451840
G77 G24 11.285520 8.733480
G77 G25 12.777940 9.423660
G77 G26 14.713200 11.358920
G77 G27 16.961380 14.182820
G77 G28 18.057730 15.762430
G77 G29 21.086640 18.694980
G77 G30 22.739440 19.385160
G77 G31 24.674700 21.320420
G77 G32 26.609960 23.255680
G77 G33 28.545220 25.190940
G77 G34 31.256700 28.478140
G77 G36 40.984860 38.593200
G77 G37 42.637660 39.283380
G77 G38 45.225760 42.014040
G77 G39 34.525560 31.192580
G77 G40 36.847300 34.068740
G77 G41 37.943650 35.648350
G77 G47 40.115350 37.820050
G77 G48 40.115350 37.820050
G77 G49 40.115350 37.820050
G77 G50 40.115350 37.820050
G77 G51 56.135950 18.696830
G77 G52 56.458680 20.162870
G77 G53 56.342520 21.428590
G77 G54 37.770920 30.718160
G77 G55 37.770920 33.754770
G77 G56 38.092890 34.582360
G77 G57 50.641450 13.539940
G77 G58 50.964180 14.609250
G77 G59 49.717830 15.581000
G77 G60 58.794550 20.085160
G77 G61 58.794550 22.392400
G77 G62 57.993700 22.711420
G77 G63 13.454470 13.106710
G77 G67 63.056570 19.899890
G77 G68 65.014860 20.969200
G77 G69 67.205260 23.302160
G77 G70 68.331660 25.604640
G77 G74 48.456600 6.144480
G77 G75 50.391860 8.299520
G77 G76 52.327120 10.234780
G77 G77 54.517520 2.427410
G77 G78 55.643920 4.701220
G77 G83 48.123040 7.331300
G77 G93 17.134630 9.308840
G77 G95 14.283740 13.935980
G77 OUTPUT 59.037920 17.144600
G78 G24 9.540420 8.192920
G78 G25 11.032840 8.883100
G78 G26 12.968100 10.818360
G78 G27 15.216280 13.642260
G78 G28 16.312630 15.221870
G78 G29 19.341540 18.154420
G78 G30 20.994340 18.844600
G78 G31 22.929600 20.779860
G78 G32 24.864860 22.715120
G78 G33 26.800120 24.650380
G78 G34 29.511600 27.937580
G78 G36 39.239760 38.052640
G78 G37 40.892560 38.742820
G78 G38 43.480660 41.473480
G78 G39 32.780460 30.652020
G78 G40 35.102200 33.528180
G78 G41 36.198550 35.107790
G78 G47 38.370250 37.279490
G78 G48 38.370250 37.279490
G78 G49 38.370250 37.279490
G78 G50 38.370250 37.279490
G78 G51 54.390850 18.931900
G78 G52 54.713580 20.397940
G78 G53 54.597420 21.663660
G78 G54 36.025820 30.177600
G78 G55 36.025820 33.214210
G78 G56 36.347790 34.041800
G78 G57 48.896350 13.775010
G78 G58 49.219080 14.844320
G78 G59 47.972730 15.816070
G78 G60 57.049450 20.320230
G78 G61 57.049450 22.627470
G78 G62 56.248600 22.946490
G78 G63 13.689540 13.341780
G78 G67 61.311470 20.134960
G78 G68 63.269760 21.204270
G78 G69 65.460160 23.537230
G78 G70 66.586560 25.839710
G78 G74 46.711500 6.379550
G78 G75 48.646760 8.534590
G78 G76 50.582020 10.469850
G78 G77 52.772420 12.802810
G78 G78 53.898820 3.390010
G78 G83 46.377940 7.566370
G78 G93 17.369700 9.543910
G78 G95 14.518810 14.171050
G78 OUTPUT 57.292820 16.604040
G79 G51 23.708420 19.033600
G79 G52 24.031150 20.499640
G79 G53 23.914990 21.765360
G79 G57 18.213920 13.876710
G79 G58 18.536650 14.946020
G79 G59 17.290300 15.917770
G79 G60 26.367020 20.421930
G79 G61 26.367020 22.729170
G79 G62 25.566170 23.048190
G79 G63 14.544990 13.443480
G79 G67 30.629040 20.236660
G79 G68 32.587330 21.305970
G79 G69 34.777730 23.638930
G79 G70 35.904130 25.941410
G79 G74 15.650700 6.481250
G79 G75 17.585960 8.636290
G79 G76 19.521220 10.571550
G79 G77 21.711620 12.904510
G79 G78 22.838020 15.206990
G79 G79 2.181660 2.181660
G79 G83 17.333200 7.668070
G79 G93 18.225150 9.645610
G79 G95 15.374260 14.272750
G79 OUTPUT 26.610390 25.497520
G80 G51 24.148420 19.287320
G80 G52 24.471150 20.753360
G80 G53 24.354990 22.019080
G80 G57 18.653920 14.130430
G80 G58 18.976650 15.199740
G80 G59 17.730300 16.171490
G80 G60 26.807020 20.675650
G80 G61 26.807020 22.982890
G80 G62 26.006170 23.301910
G80 G63 14.984990 13.697200
G80 G67 31.069040 20.490380
G80 G68 33.027330 21.559690
G80 G69 35.217730 23.892650
G80 G70 36.344130 26.195130
G80 G74 16.090700 6.734970
G80 G75 18.025960 8.890010
G80 G76 19.961220 10.825270
G80 G77 22.151620 13.158230
G80 G78 23.278020 15.460710
G80 G80 2.181660 2.181660
G80 G83 17.773200 7.921790
G80 G93 18.665150 9.899330
G80 G95 15.814260 14.526470
G80 OUTPUT 27.050390 25.751240
G81 G51 24.409920 19.612160
G81 G52 24.732650 21.078200
G81 G53 24.616490 22.343920
G81 G57 18.915420 14.455270
G81 G58 19.238150 15.524580
G81 G59 17.991800 16.496330
G81 G60 27.068520 21.000490
G81 G61 27.068520 23.307730
G81 G62 26.267670 23.626750
G81 G63 15.246490 14.022040
G81 G67 31.330540 20.815220
G81 G68 33.288830 21.884530
G81 G69 35.479230 24.217490
G81 G70 36.605630 26.519970
G81 G74 16.352200 7.059810
G81 G75 18.287460 9.214850
G81 G76 20.222720 11.150110
G81 G77 22.413120 13.483070
G81 G78 23.539520 15.785550
G81 G81 2.181660 2.181660
G81 G83 18.034700 8.246630
G81 G93 18.926650 10.224170
G81 G95 16.075760 14.851310
G81 OUTPUT 27.311890 26.076080
G82 G51 24.568420 19.137810
G82 G52 24.891150 20.603850
G82 G53 24.774990 21.869570
G82 G57 19.073920 13.980920
G82 G58 19.396650 15.050230
G82 G59 18.150300 16.021980
G82 G60 27.227020 20.526140
G82 G61 27.227020 22.833380
G82 G62 26.426170 23.152400
G82 G63 15.404990 13.547690
G82 G67 31.489040 20.340870
G82 G68 33.447330 21.410180
G82 G69 35.637730 23.743140
G82 G70 36.764130 26.045620
G82 G74 16.510700 6.585460
G82 G75 18.445960 8.740500
G82 G76 20.381220 10.675760
G82 G77 22.571620 13.008720
G82 G78 23.698020 15.311200
G82 G82 2.181660 2.181660
G82 G83 18.193200 7.772280
G82 G93 19.085150 9.749820
G82 G95 16.234260 14.376960
G82 OUTPUT 27.470390 25.601730
G83 G51 18.944760 15.023690
G83 G52 19.267490 16.489730
G83 G53 19.151330 17.755450
G83 G57 13.450260 9.866800
G83 G58 13.772990 10.936110
G83 G59 12.526640 11.907860
G83 G60 21.603360 16.412020
G83 G61 21.603360 18.719260
G83 G62 20.802510 19.038280
G83 G63 9.781330 9.433570
G83 G67 25.865380 16.226750
G83 G68 27.823670 17.296060
G83 G69 30.014070 19.629020
G83 G70 31.140470 21.931500
G83 G74 10.887040 8.932070
G83 G75 12.822300 11.087110
G83 G76 14.757560 13.022370
G83 G77 16.947960 15.355330
G83 G78 18.074360 17.657810
G83 G83 12.569540 3.775870
G83 G93 13.461490 5.635700
G83 G95 10.610600 2.834600
G83 OUTPUT 21.846730 21.487610
G84 G24 16.227880 10.413200
G84 G25 17.720300 11.103380
G84 G26 19.655560 13.038640
G84 G27 21.903740 15.862540
G84 G28 23.000090 17.442150
G84 G29 26.029000 20.374700
G84 G30 27.681800 21.064880
G84 G31 29.617060 23.000140
G84 G32 31.552320 24.935400
G84 G33 33.487580 26.870660
G84 G34 36.199060 30.157860
G84 G36 45.927220 40.272920
G84 G37 47.580020 40.963100
G84 G38 50.168120 43.693760
G84 G39 39.467920 32.872300
G84 G40 41.789660 35.748460
G84 G41 42.886010 37.328070
G84 G47 45.057710 39.499770
G84 G48 45.057710 39.499770
G84 G49 45.057710 39.499770
G84 G50 45.057710 39.499770
G84 G51 61.078310 40.410030
G84 G52 61.401040 41.876070
G84 G53 61.284880 43.141790
G84 G54 42.713280 32.397880
G84 G55 42.713280 35.434490
G84 G56 43.035250 36.262080
G84 G57 55.583810 35.253140
G84 G58 55.906540 36.322450
G84 G59 54.660190 37.294200
G84 G60 63.736910 41.798360
G84 G61 63.736910 44.105600
G84 G62 62.936060 44.424620
G84 G67 67.998930 41.613090
G84 G68 69.957220 42.682400
G84 G69 72.147620 45.015360
G84 G70 73.274020 47.317840
G84 G74 53.398960 32.385880
G84 G75 55.334220 34.540920
G84 G76 57.269480 36.476180
G84 G77 59.459880 38.809140
G84 G78 60.586280 41.111620
G84 G83 53.065400 33.590740
G84 G84 2.181660 2.181660
G84 G93 18.208440 12.137330
G84 G95 4.939030 4.939030
G84 OUTPUT 63.980280 18.824320
G85 G24 16.889480 11.074800
G85 G25 18.381900 11.764980
G85 G26 20.317160 13.700240
G85 G27 22.565340 16.524140
G85 G28 23.661690 18.103750
G85 G29 26.690600 21.036300
G85 G30 28.343400 21.726480
G85 G31 30.278660 23.661740
G85 G32 32.213920 25.597000
G85 G33 34.149180 27.532260
G85 G34 36.860660 30.819460
G85 G36 46.588820 40.934520
G85 G37 48.241620 41.624700
G85 G38 50.829720 44.355360
G85 G39 40.129520 33.533900
G85 G40 42.451260 36.410060
G85 G41 43.547610 37.989670
G85 G47 45.719310 40.161370
G85 G48 45.719310 40.161370
G85 G49 45.719310 40.161370
G85 G50 45.719310 40.161370
G85 G51 61.739910 41.071630
G85 G52 62.062640 42.537670
G85 G53 61.946480 43.803390
G85 G54 43.374880 33.059480
G85 G55 43.374880 36.096090
G85 G56 43.696850 36.923680
G85 G57 56.245410 35.914740
G85 G58 56.568140 36.984050
G85 G59 55.321790 37.955800
G85 G60 64.398510 42.459960
G85 G61 64.398510 44.767200
G85 G62 63.597660 45.086220
G85 G67 68.660530 42.274690
G85 G68 70.618820 43.344000
G85 G69 72.809220 45.676960
G85 G70 73.935620 47.979440
G85 G74 54.060560 33.047480
G85 G75 55.995820 35.202520
G85 G76 57.931080 37.137780
G85 G77 60.121480 39.470740
G85 G78 61.247880 41.773220
G85 G83 53.727000 34.252340
G85 G85 2.181660 2.181660
G85 G93 18.870040 12.798930
G85 G95 5.600630 5.600630
G85 OUTPUT 64.641880 19.485920
G86 G90 4.248610 4.248610
G86 G91 4.248610 4.248610
G86 G92 4.248610 4.248610
G87 G87 2.416280 2.416280
G87 G88 3.151130 3.151130
G87 OUTPUT 2.694080 2.694080
G88 G88 2.620220 2.620220
G88 G89 3.355070 3.355070
G88 OUTPUT 3.282670 3.282670
G89 G89 2.406380 2.406380
G89 G94 1.692560 1.692560
G89 OUTPUT 2.655630 2.655630
G90 G24 21.994680 6.856060
G90 G25 23.487100 7.546240
G90 G26 25.422360 9.481500
G90 G27 27.670540 12.305400
G90 G28 28.766890 13.885010
G90 G29 31.795800 16.817560
G90 G30 33.448600 17.507740
G90 G31 35.383860 19.443000
G90 G32 37.319120 21.378260
G90 G33 39.254380 23.313520
G90 G34 41.965860 26.600720
G90 G36 51.694020 36.715780
G90 G37 53.346820 37.405960
G90 G38 55.934920 40.136620
G90 G39 45.234720 29.315160
G90 G40 47.556460 32.191320
G90 G41 48.652810 33.770930
G90 G42 7.563270 4.253910
G90 G43 7.886000 4.576640
G90 G44 6.733080 3.423720
G90 G45 7.886000 4.576640
G90 G46 6.733080 3.423720
G90 G47 50.824510 35.942630
G90 G48 50.824510 35.942630
G90 G49 50.824510 35.942630
G90 G50 50.824510 35.942630
G90 G51 66.845110 12.321590
G90 G52 67.167840 13.787630
G90 G53 67.051680 15.053350
G90 G54 48.480080 28.840740
G90 G55 48.480080 31.877350
G90 G56 48.802050 32.704940
G90 G57 61.350610 7.164700
G90 G58 61.673340 8.234010
G90 G59 60.426990 9.205760
G90 G60 69.503710 13.709920
G90 G61 69.503710 16.017160
G90 G62 68.702860 16.336180
G90 G63 7.079230 6.731470
G90 G67 73.765730 3.709690
G90 G68 75.724020 4.779000
G90 G69 77.914420 7.111960
G90 G70 79.040820 9.414440
G90 G71 6.225460 5.479300
G90 G72 6.225460 5.479300
G90 G73 6.225460 5.479300
G90 G74 59.165760 4.847900
G90 G75 61.101020 4.847900
G90 G76 63.036280 4.847900
G90 G77 65.226680 4.847900
G90 G78 66.353080 3.694980
G90 G83 58.832200 3.864980
G90 G90 6.159230 6.159230
G90 G91 5.951420 5.951420
G90 G93 23.975240 3.285360
G90 G95 10.705830 6.219330
G90 OUTPUT 69.747080 1.349040
G90 OUTPUT 0.697640 0.697640
G91 G36 4.205400 3.849380
G91 G37 5.858200 4.539560
G91 G38 8.446300 7.270220
G91 G47 6.373850 6.114190
G91 G48 6.373850 6.114190
G91 G49 6.373850 6.114190
G91 G50 6.373850 6.114190
G91 G51 19.356490 4.029490
G91 G52 19.679220 5.495530
G91 G53 19.563060 6.761250
G91 G57 13.861990 10.637650
G91 G58 14.184720 11.706960
G91 G59 12.938370 12.678710
G91 G60 22.015090 5.417820
G91 G61 22.015090 7.725060
G91 G62 21.214240 8.044080
G91 G67 26.277110 5.548980
G91 G68 28.235400 6.618290
G91 G69 30.425800 8.951250
G91 G70 31.552200 11.253730
G91 G74 11.677140 10.138720
G91 G75 13.612400 12.293760
G91 G76 15.547660 14.229020
G91 G77 17.738060 16.561980
G91 G78 18.864460 18.864460
G91 G79 8.384980 7.570940
G91 G80 8.384980 7.570940
G91 G81 8.384980 7.570940
G91 G82 8.384980 7.570940
G91 G83 11.343580 11.343580
G91 G84 8.384980 7.570940
G91 G85 8.384980 7.570940
G91 G91 4.601700 4.601700
G91 G92 4.260500 4.260500
G91 G93 5.799370 4.290130
G91 OUTPUT 22.258460 10.493410
G92 G29 4.205400 3.849380
G92 G30 5.858200 4.539560
G92 G31 7.793460 6.474820
G92 G32 9.728720 8.410080
G92 G33 11.663980 10.345340
G92 G34 14.375460 13.632540
G92 G36 24.103620 12.335860
G92 G37 25.756420 13.026040
G92 G38 28.344520 15.756700
G92 G39 17.644320 4.935240
G92 G40 19.966060 7.811400
G92 G41 21.062410 9.391010
G92 G47 23.234110 11.562710
G92 G48 23.234110 11.562710
G92 G49 23.234110 11.562710
G92 G50 23.234110 11.562710
G92 G51 39.254710 12.472970
G92 G52 39.577440 13.939010
G92 G53 39.461280 15.204730
G92 G54 20.889680 4.460820
G92 G55 20.889680 7.497430
G92 G56 21.211650 8.325020
G92 G57 33.760210 7.316080
G92 G58 34.082940 8.385390
G92 G59 32.836590 9.357140
G92 G60 41.913310 13.861300
G92 G61 41.913310 16.168540
G92 G62 41.112460 16.487560
G92 G63 6.043770 4.628990
G92 G67 46.175330 13.676030
G92 G68 48.133620 14.745340
G92 G69 50.324020 17.078300
G92 G70 51.450420 19.380780
G92 G74 31.575360 3.457620
G92 G75 33.510620 5.612660
G92 G76 35.445880 7.547920
G92 G77 37.636280 9.880880
G92 G78 38.762680 12.183360
G92 G83 31.241800 4.662480
G92 G92 4.409640 4.409640
G92 G93 9.723930 7.646970
G92 G95 6.873040 5.458260
G92 OUTPUT 42.156680 10.774130
G93 OUTPUT 0.000000 0.000000
G94 G87 2.380540 2.380540
G94 G94 2.868640 2.868640
G94 OUTPUT 2.297170 2.297170
G95 OUTPUT 0.000000 0.000000
