Network s1488.bench
latch latch max_delay min_delay
INPUT latch max_delay min_delay
latch OUTPUT max_delay min_delay
INPUT v12 2.903140 2.903140
INPUT v11 2.983140 2.983140
INPUT v10 2.903140 2.903140
INPUT v9 2.983140 2.983140
INPUT v8 2.903140 2.903140
INPUT v7 2.983140 2.983140
INPUT v12 9.930350 7.151560
INPUT v11 10.312890 6.139360
INPUT v10 10.344050 6.608620
INPUT v9 6.661730 5.780370
INPUT v8 8.983110 8.983110
INPUT v7 8.348850 7.674740
INPUT OUTPUT 3.737990 3.737990
INPUT OUTPUT 5.151170 5.151170
INPUT OUTPUT 5.148830 3.398100
INPUT OUTPUT 6.360220 6.360220
INPUT OUTPUT 5.442110 5.442110
INPUT OUTPUT 6.285780 6.285780
INPUT v12 15.630960 15.430560
INPUT v11 16.312800 16.312800
INPUT v10 16.024070 14.638100
INPUT v9 15.054410 13.512240
INPUT v8 15.975480 14.284310
INPUT v7 15.060140 14.930890
INPUT OUTPUT 13.206040 13.206040
INPUT OUTPUT 12.946540 4.999240
INPUT OUTPUT 12.717910 12.717910
INPUT OUTPUT 6.266990 6.266990
INPUT OUTPUT 3.206060 3.206060
INPUT OUTPUT 11.795640 11.795640
INPUT OUTPUT 4.895670 4.895670
INPUT OUTPUT 6.550960 5.441710
INPUT OUTPUT 12.741950 6.468380
INPUT OUTPUT 4.633150 4.633150
INPUT OUTPUT 9.949620 9.949620
INPUT OUTPUT 13.950630 13.950630
INPUT OUTPUT 11.704140 11.704140
INPUT v12 15.470200 15.269800
INPUT v11 16.152040 16.152040
INPUT v10 15.863310 14.477340
INPUT v9 14.893650 13.351480
INPUT v8 15.814720 14.123550
INPUT v7 14.899380 14.770130
INPUT OUTPUT 13.045280 13.045280
INPUT OUTPUT 12.785780 4.655020
INPUT OUTPUT 12.557150 12.557150
INPUT OUTPUT 7.040930 7.040930
INPUT OUTPUT 2.263610 2.263610
INPUT OUTPUT 11.634880 11.634880
INPUT OUTPUT 5.669610 5.669610
INPUT OUTPUT 12.581190 6.124160
INPUT OUTPUT 5.407090 5.407090
INPUT OUTPUT 9.788860 9.788860
INPUT OUTPUT 13.789870 13.789870
INPUT OUTPUT 11.543380 11.543380
INPUT v12 8.881350 5.010630
INPUT v11 8.527080 6.211060
INPUT v10 7.649350 5.186640
INPUT v9 6.374660 3.835800
INPUT v8 9.162120 5.681460
INPUT v7 5.953800 5.953800
INPUT OUTPUT 2.817620 2.817620
INPUT OUTPUT 4.974320 4.974320
INPUT OUTPUT 2.708790 2.708790
INPUT OUTPUT 6.183370 6.183370
INPUT OUTPUT 6.108930 6.108930
INPUT v12 8.473200 3.520640
INPUT v11 7.898230 2.644310
INPUT v10 8.810460 4.994710
INPUT v9 9.277780 5.627110
INPUT v8 5.494560 2.932680
INPUT v7 4.256520 4.256520
INPUT OUTPUT 2.930190 2.930190
INPUT OUTPUT 3.721690 3.721690
INPUT OUTPUT 3.872260 3.872260
INPUT OUTPUT 4.636310 4.636310
INPUT OUTPUT 8.162150 8.162150
INPUT OUTPUT 4.633690 4.633690
INPUT OUTPUT 8.724840 7.179110
INPUT OUTPUT 7.696790 7.696790
INPUT OUTPUT 2.740110 2.740110
INPUT OUTPUT 8.975340 4.912770
INPUT OUTPUT 9.873920 8.002570
INPUT OUTPUT 4.260900 2.304450
INPUT OUTPUT 3.549730 3.549730
INPUT OUTPUT 9.027220 7.218050
INPUT OUTPUT 2.488250 2.488250
INPUT OUTPUT 5.129860 5.129860
INPUT OUTPUT 9.569820 4.620380
INPUT v12 11.194360 7.251850
INPUT v11 11.576900 6.693680
INPUT v10 11.608060 11.608060
INPUT v9 7.060950 6.390170
INPUT v8 7.304220 7.277180
INPUT v7 6.614520 6.614520
INPUT OUTPUT 5.002000 5.002000
INPUT OUTPUT 4.228830 3.674930
INPUT v12 6.973510 5.691670
INPUT v11 7.760830 7.760830
INPUT v10 9.813090 9.813090
INPUT v9 7.852820 7.852820
INPUT v8 8.286360 8.286360
INPUT v7 10.959050 10.959050
INPUT OUTPUT 8.817960 8.817960
INPUT OUTPUT 8.168730 8.168730
INPUT OUTPUT 5.771670 5.771670
INPUT OUTPUT 3.839560 3.839560
INPUT OUTPUT 5.732480 5.732480
INPUT OUTPUT 8.704920 8.704920
INPUT OUTPUT 8.757700 8.757700
INPUT OUTPUT 3.182230 3.182230
INPUT OUTPUT 10.856170 10.856170
INPUT OUTPUT 8.060530 8.060530
INPUT OUTPUT 7.513670 7.513670
INPUT OUTPUT 7.609210 7.609210
INPUT OUTPUT 9.889290 9.889290
v12 v12 23.186120 4.792990
v12 v11 23.581880 4.716710
v12 v10 16.955940 4.155600
v12 v9 20.213340 4.286600
v12 v8 22.124850 4.975150
v12 v7 23.037560 3.100160
v12 OUTPUT 11.026900 11.026900
v12 OUTPUT 1.006910 1.006910
v12 OUTPUT 12.431800 3.482820
v12 OUTPUT 15.279080 2.744110
v12 OUTPUT 13.406090 10.693880
v12 OUTPUT 1.288030 1.288030
v12 OUTPUT 19.275210 2.420270
v12 OUTPUT 20.044000 11.246110
v12 OUTPUT 20.241210 3.807750
v12 OUTPUT 1.707920 1.707920
v12 OUTPUT 0.697640 0.697640
v12 OUTPUT 10.954550 1.059660
v12 OUTPUT 21.548790 6.742920
v12 OUTPUT 17.961250 3.805410
v12 OUTPUT 9.373340 1.585710
v12 OUTPUT 19.397450 4.117050
v12 OUTPUT 19.815540 4.347960
v12 OUTPUT 20.595560 8.544960
v12 OUTPUT 20.496250 9.145930
v11 v12 18.551330 6.140870
v11 v11 16.567760 4.319890
v11 v10 16.797160 4.095530
v11 v9 19.394360 4.508780
v11 v8 19.496900 4.750610
v11 v7 16.683160 5.650260
v11 OUTPUT 10.868120 10.868120
v11 OUTPUT 3.836880 3.836880
v11 OUTPUT 12.273020 10.034540
v11 OUTPUT 14.026720 5.601020
v11 OUTPUT 11.095510 0.434300
v11 OUTPUT 16.150990 2.606480
v11 OUTPUT 15.005590 4.571870
v11 OUTPUT 16.341910 12.400840
v11 OUTPUT 15.740040 3.617470
v11 OUTPUT 15.050100 2.801760
v11 OUTPUT 15.711740 8.060750
v11 OUTPUT 12.345260 2.539420
v11 OUTPUT 14.534670 2.934930
v11 OUTPUT 14.721810 1.721450
v11 OUTPUT 14.890240 2.812470
v11 OUTPUT 14.340400 3.857050
v11 OUTPUT 15.585870 3.560990
v11 OUTPUT 13.581440 2.109100
v11 OUTPUT 14.521930 4.775210
v10 v12 19.738220 3.586360
v10 v11 13.225660 4.456710
v10 v10 16.724860 5.019230
v10 v9 20.581250 4.321940
v10 v8 20.683790 4.832120
v10 v7 17.125330 6.523000
v10 OUTPUT 2.942700 2.942700
v10 OUTPUT 1.446910 1.446910
v10 OUTPUT 1.753580 1.753580
v10 OUTPUT 8.248220 0.434300
v10 OUTPUT 15.254020 4.810210
v10 OUTPUT 17.337880 6.890840
v10 OUTPUT 16.192480 2.859380
v10 OUTPUT 17.528800 2.956380
v10 OUTPUT 16.926930 4.358110
v10 OUTPUT 16.236990 8.845910
v10 OUTPUT 16.898630 2.515570
v10 OUTPUT 15.117690 4.363050
v10 OUTPUT 11.418460 3.464810
v10 OUTPUT 13.303050 4.601920
v10 OUTPUT 16.077130 5.504190
v10 OUTPUT 14.616890 4.265010
v10 OUTPUT 16.772760 3.281840
v10 OUTPUT 15.365120 5.521470
v10 OUTPUT 15.979160 3.665340
v9 v12 19.043430 5.216940
v9 v11 18.542240 4.681200
v9 v10 17.189250 3.826530
v9 v9 17.635980 5.183700
v9 v8 18.935210 5.465260
v9 v7 17.483810 5.005720
v9 OUTPUT 5.371180 5.371180
v9 OUTPUT 7.265320 4.276880
v9 OUTPUT 10.972120 4.635620
v9 OUTPUT 5.599580 2.845280
v9 OUTPUT 15.520700 7.501320
v9 OUTPUT 6.503440 3.577380
v9 OUTPUT 4.494110 2.954950
v9 OUTPUT 9.658300 2.876700
v9 OUTPUT 10.186070 2.455650
v9 OUTPUT 9.466500 6.038080
v9 OUTPUT 3.871140 1.995870
v9 OUTPUT 16.863660 3.978980
v9 OUTPUT 15.225800 3.549470
v9 OUTPUT 18.136110 3.116470
v9 OUTPUT 12.750510 2.839600
v9 OUTPUT 17.238660 3.143210
v9 OUTPUT 15.074590 4.342020
v9 OUTPUT 15.784110 3.316180
v9 OUTPUT 16.245840 2.866910
v8 v12 14.387580 4.303920
v8 v11 16.068650 4.371960
v8 v10 13.194170 7.599710
v8 v9 17.096860 4.480090
v8 v8 15.353760 4.230910
v8 v7 14.815120 2.866300
v8 OUTPUT 5.199210 5.199210
v8 OUTPUT 7.093350 4.537990
v8 OUTPUT 1.503370 1.503370
v8 OUTPUT 11.021120 5.427610
v8 OUTPUT 7.329350 3.087930
v8 OUTPUT 12.161220 4.017380
v8 OUTPUT 9.460730 1.611050
v8 OUTPUT 1.288030 1.288030
v8 OUTPUT 12.380630 1.447050
v8 OUTPUT 10.569670 2.808670
v8 OUTPUT 11.944250 3.223330
v8 OUTPUT 13.670880 5.135840
v8 OUTPUT 11.498950 3.204810
v8 OUTPUT 12.903700 4.247430
v8 OUTPUT 5.042600 1.653700
v8 OUTPUT 13.048380 3.314750
v8 OUTPUT 3.682990 3.639060
v8 OUTPUT 9.383800 1.510060
v8 OUTPUT 13.084970 3.405340
v7 v12 6.855150 2.843560
v7 v11 10.988040 3.163410
v7 v10 7.281880 3.586530
v7 v9 7.250860 2.568860
v7 v8 10.504710 2.843560
v7 v7 10.092470 2.617670
v7 OUTPUT 8.151090 8.151090
v7 OUTPUT 1.707920 1.707920
v7 OUTPUT 9.946970 7.055770
v7 OUTPUT 7.009090 1.565310
v7 OUTPUT 6.917930 3.325500
v7 OUTPUT 1.028030 1.028030
v7 OUTPUT 1.087940 1.087940
v7 OUTPUT 1.028030 1.028030
v7 OUTPUT 9.601890 1.087940
v7 OUTPUT 1.866910 1.866910
v7 OUTPUT 7.510990 3.968110
v7 OUTPUT 5.535840 3.172750
v7 OUTPUT 1.641050 1.087940
v7 OUTPUT 9.074680 2.759860
v7 OUTPUT 6.928400 6.399490
v7 OUTPUT 1.447050 1.087940
v7 OUTPUT 9.124160 2.129040
v7 OUTPUT 7.586400 2.249100
v7 OUTPUT 10.301170 1.347030
