Network s1494.bench
latch latch max_delay min_delay
INPUT latch max_delay min_delay
latch OUTPUT max_delay min_delay
INPUT v12 2.903140 2.903140
INPUT v11 2.983140 2.983140
INPUT v10 2.903140 2.903140
INPUT v9 2.983140 2.983140
INPUT v8 2.903140 2.903140
INPUT v7 2.983140 2.983140
INPUT v12 10.142570 7.385820
INPUT v11 12.100280 5.822520
INPUT v10 9.900790 7.026180
INPUT v9 6.661730 6.197530
INPUT v8 9.629330 9.629330
INPUT v7 8.348850 7.649000
INPUT OUTPUT 6.167600 6.167600
INPUT OUTPUT 5.416370 5.416370
INPUT OUTPUT 3.753400 3.753400
INPUT OUTPUT 5.123090 3.398100
INPUT OUTPUT 5.032990 5.032990
INPUT OUTPUT 6.492040 6.492040
INPUT v12 15.860040 15.242420
INPUT v11 16.884570 16.884570
INPUT v10 15.554350 14.449960
INPUT v9 15.093360 13.324100
INPUT v8 16.452460 14.096170
INPUT v7 15.652000 15.003860
INPUT OUTPUT 7.330960 5.441710
INPUT OUTPUT 13.017900 13.017900
INPUT OUTPUT 12.758400 4.999240
INPUT OUTPUT 9.761480 9.761480
INPUT OUTPUT 3.206060 3.206060
INPUT OUTPUT 12.553810 6.468380
INPUT OUTPUT 11.771520 11.771520
INPUT OUTPUT 13.762490 13.762490
INPUT OUTPUT 12.106570 12.106570
INPUT OUTPUT 11.607500 11.607500
INPUT OUTPUT 4.154990 4.154990
INPUT OUTPUT 4.608550 4.608550
INPUT OUTPUT 5.827230 5.827230
INPUT v12 15.698820 15.081200
INPUT v11 16.723350 16.723350
INPUT v10 15.393130 14.288740
INPUT v9 14.932140 13.162880
INPUT v8 16.291240 13.934950
INPUT v7 15.490780 14.842640
INPUT OUTPUT 12.856680 12.856680
INPUT OUTPUT 12.597180 4.655020
INPUT OUTPUT 9.600260 9.600260
INPUT OUTPUT 2.263610 2.263610
INPUT OUTPUT 12.392590 6.124160
INPUT OUTPUT 11.610300 11.610300
INPUT OUTPUT 13.601270 13.601270
INPUT OUTPUT 11.945350 11.945350
INPUT OUTPUT 11.446280 11.446280
INPUT OUTPUT 4.928990 4.928990
INPUT OUTPUT 5.382550 5.382550
INPUT OUTPUT 6.601230 6.601230
INPUT v12 9.298570 5.010630
INPUT v11 9.809640 9.211820
INPUT v10 7.230150 5.186640
INPUT v9 6.374660 4.286600
INPUT v8 9.808340 5.681460
INPUT v7 6.169620 6.169620
INPUT OUTPUT 5.990730 5.990730
INPUT OUTPUT 2.817620 2.817620
INPUT OUTPUT 2.924610 2.924610
INPUT OUTPUT 4.856120 4.856120
INPUT OUTPUT 6.315170 6.315170
INPUT v12 8.653380 3.520640
INPUT v11 9.092980 2.644310
INPUT v10 7.895470 5.723350
INPUT v9 9.271780 5.815070
INPUT v8 4.806640 2.932680
INPUT v7 4.436700 4.436700
INPUT OUTPUT 4.260900 2.304450
INPUT OUTPUT 3.872260 3.872260
INPUT OUTPUT 2.930190 2.930190
INPUT OUTPUT 4.587110 4.587110
INPUT OUTPUT 8.370960 8.370960
INPUT OUTPUT 2.668430 2.668430
INPUT OUTPUT 4.501690 4.501690
INPUT OUTPUT 7.657120 7.657120
INPUT OUTPUT 6.342620 6.342620
INPUT OUTPUT 9.940730 4.230420
INPUT OUTPUT 5.125760 5.125760
INPUT OUTPUT 4.341870 4.341870
INPUT OUTPUT 8.926140 4.912770
INPUT OUTPUT 2.740110 2.740110
INPUT OUTPUT 9.824720 7.543840
INPUT OUTPUT 9.236030 7.168850
INPUT OUTPUT 10.057720 7.721850
INPUT v12 11.407080 7.251850
INPUT v11 13.364790 6.693680
INPUT v10 11.165300 11.165300
INPUT v9 7.005840 6.937770
INPUT v8 7.304220 6.534580
INPUT v7 6.614520 6.614520
INPUT OUTPUT 5.017910 5.017910
INPUT OUTPUT 4.680830 3.674930
INPUT v12 6.973510 6.140870
INPUT v11 11.776300 11.776300
INPUT v10 9.576810 9.576810
INPUT v9 7.388220 7.388220
INPUT v8 8.951480 8.951480
INPUT v7 10.532850 10.532850
INPUT OUTPUT 3.182230 3.182230
INPUT OUTPUT 5.773650 5.773650
INPUT OUTPUT 8.811760 8.811760
INPUT OUTPUT 7.639250 7.639250
INPUT OUTPUT 4.088040 4.088040
INPUT OUTPUT 10.849970 10.849970
INPUT OUTPUT 10.046070 10.046070
INPUT OUTPUT 7.611190 7.611190
INPUT OUTPUT 8.135070 8.135070
INPUT OUTPUT 8.251700 8.251700
INPUT OUTPUT 5.734460 5.734460
INPUT OUTPUT 8.759680 8.759680
INPUT OUTPUT 8.054330 8.054330
v12 v12 23.853640 4.792990
v12 v11 24.717360 4.716710
v12 v10 16.308650 3.792040
v12 v9 20.880860 3.835800
v12 v8 22.939800 4.975150
v12 v7 23.863970 4.601070
v12 OUTPUT 17.861530 3.805410
v12 OUTPUT 20.711520 11.905450
v12 OUTPUT 15.959360 2.744110
v12 OUTPUT 1.006910 1.006910
v12 OUTPUT 10.753620 10.753620
v12 OUTPUT 13.736270 11.242020
v12 OUTPUT 1.288030 1.288030
v12 OUTPUT 20.483060 4.347960
v12 OUTPUT 12.529530 1.981990
v12 OUTPUT 1.707920 1.707920
v12 OUTPUT 10.032680 1.585710
v12 OUTPUT 21.163770 9.805270
v12 OUTPUT 21.263080 8.549060
v12 OUTPUT 19.942730 2.420270
v12 OUTPUT 11.613890 1.059660
v12 OUTPUT 0.697640 0.697640
v12 OUTPUT 22.216310 6.742920
v12 OUTPUT 20.064970 4.117050
v12 OUTPUT 20.908730 3.807750
v11 v12 18.239890 5.691670
v11 v11 17.043920 4.319890
v11 v10 16.149840 5.067260
v11 v9 19.082920 4.508780
v11 v8 19.850580 4.750610
v11 v7 16.334910 6.135430
v11 OUTPUT 15.489510 1.721450
v11 OUTPUT 16.030470 12.388540
v11 OUTPUT 13.678470 5.630140
v11 OUTPUT 3.836880 3.836880
v11 OUTPUT 10.594810 10.594810
v11 OUTPUT 11.083210 0.434300
v11 OUTPUT 15.839550 2.606480
v11 OUTPUT 15.274430 3.560990
v11 OUTPUT 12.370720 8.836760
v11 OUTPUT 14.987140 2.165530
v11 OUTPUT 14.578800 2.812470
v11 OUTPUT 14.509630 3.721420
v11 OUTPUT 13.589640 2.109100
v11 OUTPUT 14.694150 4.431870
v11 OUTPUT 11.442280 2.539420
v11 OUTPUT 16.311800 7.802990
v11 OUTPUT 14.542870 2.934930
v11 OUTPUT 14.328100 3.857050
v11 OUTPUT 15.428600 3.168670
v10 v12 20.102220 3.586360
v10 v11 13.483060 4.456710
v10 v10 16.982260 5.656210
v10 v9 20.945250 4.500850
v10 v8 21.712910 4.793640
v10 v7 17.489330 6.523000
v10 OUTPUT 13.560450 4.601920
v10 OUTPUT 17.892800 2.956380
v10 OUTPUT 8.269140 0.434300
v10 OUTPUT 1.446910 1.446910
v10 OUTPUT 2.942700 2.942700
v10 OUTPUT 15.511420 4.761130
v10 OUTPUT 17.701880 6.882640
v10 OUTPUT 17.136760 3.281840
v10 OUTPUT 1.753580 1.753580
v10 OUTPUT 16.849470 9.123020
v10 OUTPUT 16.441130 5.504190
v10 OUTPUT 16.236560 3.665340
v10 OUTPUT 15.622520 5.521470
v10 OUTPUT 16.556480 2.859380
v10 OUTPUT 15.375090 4.363050
v10 OUTPUT 18.174130 2.515570
v10 OUTPUT 11.869900 1.963850
v10 OUTPUT 14.874290 4.265010
v10 OUTPUT 17.290930 4.358110
v9 v12 19.255380 5.216940
v9 v11 19.039870 4.681200
v9 v10 17.623620 5.356190
v9 v9 18.640010 6.915840
v9 v8 19.699760 4.703640
v9 v7 17.315760 5.005720
v9 OUTPUT 18.748060 4.617430
v9 OUTPUT 10.266160 2.876700
v9 OUTPUT 5.677290 2.845280
v9 OUTPUT 7.343030 4.276880
v9 OUTPUT 5.709900 5.709900
v9 OUTPUT 16.128560 7.900010
v9 OUTPUT 6.532140 3.577380
v9 OUTPUT 15.682450 4.050380
v9 OUTPUT 12.359980 3.855620
v9 OUTPUT 10.488130 5.818300
v9 OUTPUT 13.358370 2.839600
v9 OUTPUT 16.853700 2.866910
v9 OUTPUT 16.396060 3.316180
v9 OUTPUT 4.913670 2.954950
v9 OUTPUT 17.475610 3.978980
v9 OUTPUT 3.871140 1.995870
v9 OUTPUT 15.837750 4.198110
v9 OUTPUT 17.850610 3.143210
v9 OUTPUT 10.793930 2.455650
v8 v12 14.169780 4.303920
v8 v11 15.746530 4.371960
v8 v10 13.612950 7.651890
v8 v9 17.060180 4.480090
v8 v8 15.135960 4.230910
v8 v7 15.377320 2.866300
v8 OUTPUT 12.685900 4.357430
v8 OUTPUT 1.288030 1.288030
v8 OUTPUT 10.803320 5.505510
v8 OUTPUT 7.171250 4.537990
v8 OUTPUT 5.538120 5.538120
v8 OUTPUT 7.728230 3.087930
v8 OUTPUT 11.943420 4.017380
v8 OUTPUT 3.682990 3.639060
v8 OUTPUT 1.503370 1.503370
v8 OUTPUT 10.988100 2.394900
v8 OUTPUT 5.042600 1.653700
v8 OUTPUT 12.756370 3.405340
v8 OUTPUT 9.166000 1.510060
v8 OUTPUT 9.067330 1.611050
v8 OUTPUT 13.453080 5.135840
v8 OUTPUT 11.726450 3.195890
v8 OUTPUT 11.391150 3.094810
v8 OUTPUT 12.830580 3.314750
v8 OUTPUT 12.162830 1.447050
v7 v12 6.855150 2.843560
v7 v11 11.193960 3.163410
v7 v10 7.487800 4.533690
v7 v9 7.456780 2.568860
v7 v8 10.710630 2.843560
v7 v7 11.078390 2.617670
v7 OUTPUT 9.280600 2.759860
v7 OUTPUT 1.028030 1.028030
v7 OUTPUT 7.215010 1.565310
v7 OUTPUT 1.707920 1.707920
v7 OUTPUT 8.357010 8.357010
v7 OUTPUT 7.123850 3.325500
v7 OUTPUT 1.028030 1.028030
v7 OUTPUT 9.621720 2.129040
v7 OUTPUT 9.372890 8.762520
v7 OUTPUT 1.866910 1.866910
v7 OUTPUT 7.134320 6.605410
v7 OUTPUT 11.065450 1.347030
v7 OUTPUT 7.792320 2.249100
v7 OUTPUT 1.087940 1.087940
v7 OUTPUT 5.535840 3.172750
v7 OUTPUT 8.814790 7.716910
v7 OUTPUT 1.641050 1.087940
v7 OUTPUT 1.447050 1.087940
v7 OUTPUT 9.807810 1.087940
