Network s208.bench
latch latch max_delay min_delay
INPUT latch max_delay min_delay
latch OUTPUT max_delay min_delay
INPUT Y_4 5.912170 5.093000
INPUT Y_3 5.170670 3.474640
INPUT Y_2 6.196260 5.365860
INPUT Y_1 5.296180 5.296180
INPUT OUTPUT 9.914570 3.747080
INPUT Y_4 6.543990 5.724820
INPUT Y_3 5.802490 4.106460
INPUT Y_2 6.828080 5.997680
INPUT Y_1 5.928000 5.928000
INPUT Y_8 7.826870 4.561100
INPUT Y_7 7.085370 4.934080
INPUT Y_6 5.664360 5.248060
INPUT Y_5 4.764280 4.764280
INPUT OUTPUT 3.079370 3.079370
INPUT OUTPUT 2.279820 2.279820
INPUT OUTPUT 4.509320 4.509320
INPUT OUTPUT 2.898800 2.898800
INPUT OUTPUT 3.115390 3.115390
INPUT OUTPUT 3.368350 3.368350
INPUT OUTPUT 2.647440 2.647440
INPUT OUTPUT 4.288060 4.288060
INPUT OUTPUT 3.984740 3.984740
Y_4 Y_4 2.339440 2.085690
Y_4 Y_8 8.224020 4.958250
Y_4 Y_7 7.482520 5.331230
Y_4 Y_6 6.061510 5.645210
Y_4 Y_5 5.161430 5.161430
Y_4 OUTPUT 6.445310 3.078350
Y_3 Y_4 3.532440 2.719690
Y_3 Y_3 3.234440 1.403180
Y_3 Y_8 8.822580 5.556810
Y_3 Y_7 8.081080 5.929790
Y_3 Y_6 6.660070 6.243770
Y_3 Y_5 5.759990 5.759990
Y_3 OUTPUT 8.959130 3.491140
Y_2 Y_4 5.061610 3.793670
Y_2 Y_3 3.907950 3.052170
Y_2 Y_2 2.510020 1.559640
Y_2 Y_8 10.351750 7.085980
Y_2 Y_7 9.610250 7.458960
Y_2 Y_6 8.189240 7.772940
Y_2 Y_5 7.289160 7.289160
Y_2 OUTPUT 8.886870 2.608800
Y_1 Y_4 4.963370 4.882620
Y_1 Y_3 4.221870 3.728960
Y_1 Y_2 4.129800 2.545000
Y_1 Y_1 3.229720 3.229720
Y_1 Y_8 10.172760 6.906990
Y_1 Y_7 9.431260 7.279970
Y_1 Y_6 8.010250 7.593950
Y_1 Y_5 7.110170 7.110170
Y_1 OUTPUT 10.849000 3.085020
Y_8 Y_8 2.339440 2.085690
Y_8 OUTPUT 1.144160 1.144160
Y_8 OUTPUT 2.389370 2.389370
Y_7 Y_8 3.589700 2.759290
Y_7 Y_7 3.274040 1.403180
Y_7 OUTPUT 2.243840 2.243840
Y_7 OUTPUT 3.562970 2.408270
Y_6 Y_8 5.119010 3.793670
Y_6 Y_7 3.907950 3.052170
Y_6 Y_6 2.717920 1.559640
Y_6 OUTPUT 3.773150 3.773150
Y_6 OUTPUT 4.541380 3.581880
Y_5 Y_8 5.536900 4.940020
Y_5 Y_7 4.795400 3.728960
Y_5 Y_6 3.983280 2.958090
Y_5 Y_5 3.083200 3.083200
Y_5 OUTPUT 3.594160 3.594160
Y_5 OUTPUT 6.232370 3.021940
