Network s27.bench
latch latch max_delay min_delay
INPUT latch max_delay min_delay
latch OUTPUT max_delay min_delay
INPUT G5 6.583830 2.014120
INPUT G6 5.886190 5.886190
INPUT OUTPUT 4.739710 4.739710
INPUT G5 4.674380 4.674380
INPUT G6 3.976740 3.976740
INPUT G7 2.443820 2.443820
INPUT OUTPUT 2.830260 2.830260
INPUT G7 1.197620 1.197620
INPUT G5 4.266460 4.266460
INPUT G6 3.568820 3.568820
INPUT OUTPUT 2.422340 2.422340
G5 G5 3.586640 3.586640
G5 G6 2.889000 2.889000
G5 OUTPUT 1.742520 1.742520
G6 G5 5.758340 5.758340
G6 G6 5.060700 5.060700
G6 OUTPUT 3.914220 3.914220
G7 G5 4.844380 4.844380
G7 G6 4.146740 4.146740
G7 G7 2.613820 2.613820
G7 OUTPUT 3.000260 3.000260
