Network s298.bench
latch latch max_delay min_delay
INPUT latch max_delay min_delay
latch OUTPUT max_delay min_delay
INPUT G10 1.197620 1.197620
INPUT G11 3.446880 3.446880
INPUT G12 1.667810 1.667810
INPUT G13 2.207900 2.207900
INPUT G14 3.154200 3.154200
INPUT G15 2.027810 2.027810
INPUT G22 2.350540 2.350540
INPUT G23 2.350540 2.350540
INPUT G23 2.380540 2.215390
INPUT G22 2.380540 2.215390
G10 G10 1.367620 1.367620
G10 G11 5.530130 1.711450
G10 G12 4.809330 3.566290
G10 G13 5.109660 2.776450
G10 G14 5.932970 4.832470
G10 G19 4.682940 4.682940
G10 G20 1.477620 1.477620
G11 G11 4.205140 1.692560
G11 G12 4.997150 3.113090
G11 G13 5.567480 3.007550
G11 G14 3.686190 3.285690
G11 G15 6.130590 4.939320
G11 G16 11.617470 6.568990
G11 G17 12.186130 5.475140
G11 G18 11.582200 6.167220
G11 G19 11.982320 5.077530
G11 G20 10.733020 4.088900
G11 G21 11.288590 3.177870
G12 G11 3.983350 3.983350
G12 G12 3.456290 2.105790
G12 G13 6.029060 2.906660
G12 G14 6.542100 4.387360
G12 G15 5.990070 2.674720
G12 G16 11.476950 3.477880
G12 G17 12.045610 5.484140
G12 G18 11.441680 1.946910
G12 G19 11.841800 3.665860
G12 G20 10.592500 3.568400
G12 G21 11.148070 2.727470
G13 G11 6.441170 6.441170
G13 G13 6.301590 2.758230
G13 G14 6.844010 4.555590
G13 G15 5.570790 4.773720
G13 G16 11.057670 3.656770
G13 G17 11.626330 2.380540
G13 G18 11.022400 4.246840
G13 G19 11.422520 4.002940
G13 G20 10.173220 5.684000
G13 G21 10.728790 2.647470
G14 G14 4.438350 1.784720
G14 G15 7.001270 6.204200
G14 G16 12.488150 1.692560
G14 G17 13.056810 3.679790
G14 G18 12.452880 2.047920
G14 G19 12.853000 3.656670
G14 G20 11.603700 2.431480
G14 G21 12.159270 2.275790
G15 G15 2.611710 2.611710
G15 G16 7.097410 7.097410
G15 G17 7.666070 7.666070
G15 G18 7.062140 7.062140
G15 G19 7.462260 6.197240
G15 G20 6.212960 5.918760
G15 G21 6.768530 6.768530
G16 G16 2.215390 2.215390
G16 OUTPUT 0.000000 0.000000
G17 G17 5.817020 2.419330
G17 OUTPUT 0.000000 0.000000
G18 G18 5.010780 2.519960
G18 OUTPUT 0.000000 0.000000
G19 G19 4.046980 3.542930
G19 OUTPUT 0.000000 0.000000
G20 G20 4.215540 3.207090
G20 OUTPUT 0.000000 0.000000
G21 G21 2.611710 2.611710
G21 OUTPUT 0.000000 0.000000
G22 G15 3.855990 3.375730
G22 G16 9.342870 7.001930
G22 G17 9.911530 7.570590
G22 G18 9.307600 6.966660
G22 G19 9.707720 6.101760
G22 G20 8.458420 5.823280
G22 G21 9.013990 6.673050
G22 G22 2.427410 2.394500
G23 G14 2.915690 2.623800
G23 G23 2.427410 2.200460
