Network s344.bench
latch latch max_delay min_delay
INPUT latch max_delay min_delay
latch OUTPUT max_delay min_delay
INPUT CT2 2.350540 2.350540
INPUT CT1 2.350540 2.350540
INPUT CT0 1.447620 1.447620
INPUT ACVQN3 2.470830 2.470830
INPUT ACVQN2 2.470830 2.470830
INPUT ACVQN1 2.470830 2.470830
INPUT ACVQN0 2.470830 2.470830
INPUT MRVQN0 2.964170 2.964170
INPUT MRVQN1 2.964170 2.964170
INPUT MRVQN2 2.964170 2.964170
INPUT MRVQN3 2.964170 2.964170
INPUT AX0 2.260950 2.260950
INPUT AX1 2.260950 2.260950
INPUT AX2 2.260950 2.260950
INPUT AX3 2.260950 2.260950
CT2 CT2 2.559910 2.427410
CT2 CT1 9.582140 8.406060
CT2 CT0 6.836460 6.836460
CT2 ACVQN3 14.657400 13.134460
CT2 ACVQN2 14.657400 13.134460
CT2 ACVQN1 14.657400 13.134460
CT2 ACVQN0 14.657400 13.134460
CT2 MRVQN3 14.309870 7.996210
CT2 MRVQN2 13.637780 7.996210
CT2 MRVQN1 13.637780 7.996210
CT2 MRVQN0 13.637780 7.996210
CT2 AX3 6.715690 6.177580
CT2 AX2 6.715690 6.177580
CT2 AX1 6.715690 6.177580
CT2 AX0 6.715690 6.177580
CT2 OUTPUT 1.253600 1.253600
CT2 OUTPUT 1.546100 1.546100
CT2 OUTPUT 5.730940 5.730940
CT1 CT2 4.747910 3.571830
CT1 CT1 10.266840 2.427410
CT1 CT0 7.521160 7.521160
CT1 ACVQN3 15.342100 13.342540
CT1 ACVQN2 15.342100 13.342540
CT1 ACVQN1 15.342100 13.342540
CT1 ACVQN0 15.342100 13.342540
CT1 MRVQN3 14.994570 8.680910
CT1 MRVQN2 14.322480 8.680910
CT1 MRVQN1 14.322480 8.680910
CT1 MRVQN0 14.322480 8.680910
CT1 AX3 6.923770 6.385660
CT1 AX2 6.923770 6.385660
CT1 AX1 6.923770 6.385660
CT1 AX0 6.923770 6.385660
CT1 OUTPUT 1.125110 1.125110
CT1 OUTPUT 2.746910 2.746910
CT1 OUTPUT 6.415640 6.415640
CT0 CT2 4.570940 3.394860
CT0 CT1 9.071580 2.997160
CT0 CT0 6.325900 1.537620
CT0 ACVQN3 14.146840 13.036120
CT0 ACVQN2 14.146840 13.036120
CT0 ACVQN1 14.146840 13.036120
CT0 ACVQN0 14.146840 13.036120
CT0 MRVQN3 13.799310 7.485650
CT0 MRVQN2 13.127220 7.485650
CT0 MRVQN1 13.127220 7.485650
CT0 MRVQN0 13.127220 7.485650
CT0 AX3 6.617350 6.079240
CT0 AX2 6.617350 6.079240
CT0 AX1 6.617350 6.079240
CT0 AX0 6.617350 6.079240
CT0 OUTPUT 1.003390 1.003390
CT0 OUTPUT 2.569940 2.569940
CT0 OUTPUT 5.220380 5.220380
ACVQN3 ACVQN3 5.848810 2.327600
ACVQN3 ACVQN2 7.637130 4.465280
ACVQN3 OUTPUT 0.499980 0.499980
ACVQN2 ACVQN3 8.046810 7.280530
ACVQN2 ACVQN2 9.835130 2.327600
ACVQN2 ACVQN1 8.008180 4.465280
ACVQN2 OUTPUT 0.499980 0.499980
ACVQN1 ACVQN3 10.448350 9.478530
ACVQN1 ACVQN2 12.236670 8.257120
ACVQN1 ACVQN1 10.409720 2.327600
ACVQN1 ACVQN0 8.211720 4.465280
ACVQN1 OUTPUT 0.499980 0.499980
ACVQN0 ACVQN3 11.012610 11.012610
ACVQN0 ACVQN2 12.800930 9.791200
ACVQN0 ACVQN1 10.973980 7.593200
ACVQN0 ACVQN0 8.775980 2.327600
ACVQN0 MRVQN3 4.366030 3.101530
ACVQN0 OUTPUT 0.499980 0.499980
MRVQN3 MRVQN3 2.586160 2.586160
MRVQN3 MRVQN2 2.181660 2.181660
MRVQN3 OUTPUT 0.499980 0.499980
MRVQN2 MRVQN2 2.586160 2.586160
MRVQN2 MRVQN1 2.181660 2.181660
MRVQN2 OUTPUT 0.499980 0.499980
MRVQN1 MRVQN1 2.586160 2.586160
MRVQN1 MRVQN0 2.181660 2.181660
MRVQN1 OUTPUT 0.499980 0.499980
MRVQN0 ACVQN3 13.782890 8.201760
MRVQN0 ACVQN2 15.571210 7.918590
MRVQN0 ACVQN1 13.744260 7.918590
MRVQN0 ACVQN0 11.546260 7.918590
MRVQN0 MRVQN3 7.136310 5.871810
MRVQN0 MRVQN0 2.586160 2.586160
MRVQN0 OUTPUT 1.117740 1.117740
AX3 ACVQN3 7.658830 6.907750
AX3 ACVQN2 9.447150 6.624580
AX3 AX3 1.947030 1.947030
AX2 ACVQN3 9.856830 9.446030
AX2 ACVQN2 11.645150 8.224620
AX2 ACVQN1 9.818200 6.624580
AX2 AX2 1.947030 1.947030
AX1 ACVQN3 12.258430 11.644030
AX1 ACVQN2 14.046750 10.422620
AX1 ACVQN1 12.219800 8.224620
AX1 ACVQN0 10.021800 6.624580
AX1 AX1 1.947030 1.947030
AX0 ACVQN3 12.487210 12.487210
AX0 ACVQN2 14.275530 11.265800
AX0 ACVQN1 12.448580 9.067800
AX0 ACVQN0 10.250580 7.048800
AX0 MRVQN3 5.840630 4.576130
AX0 AX0 1.947030 1.947030
