Network s349.bench
latch latch max_delay min_delay
INPUT latch max_delay min_delay
latch OUTPUT max_delay min_delay
INPUT CT2 1.197620 1.197620
INPUT CT1 2.350540 2.350540
INPUT CT0 2.027810 2.027810
INPUT ACVQN3 2.470830 2.470830
INPUT ACVQN2 2.470830 2.470830
INPUT ACVQN1 2.470830 2.470830
INPUT ACVQN0 2.470830 2.470830
INPUT MRVQN0 2.964170 2.964170
INPUT MRVQN1 2.964170 2.964170
INPUT MRVQN2 2.964170 2.964170
INPUT MRVQN3 2.964170 2.964170
INPUT AX0 2.260950 2.260950
INPUT AX1 2.260950 2.260950
INPUT AX2 2.260950 2.260950
INPUT AX3 2.260950 2.260950
CT2 CT2 10.132720 3.390010
CT2 CT1 10.012360 8.836280
CT2 CT0 8.196630 7.766970
CT2 ACVQN3 15.087620 12.930520
CT2 ACVQN2 15.087620 12.930520
CT2 ACVQN1 15.087620 12.930520
CT2 ACVQN0 15.087620 12.930520
CT2 MRVQN3 14.740090 8.426430
CT2 MRVQN2 14.068000 8.426430
CT2 MRVQN1 14.068000 8.426430
CT2 MRVQN0 14.068000 8.426430
CT2 AX3 6.511750 5.973640
CT2 AX2 6.511750 5.973640
CT2 AX1 6.511750 5.973640
CT2 AX0 6.511750 5.973640
CT2 OUTPUT 1.342160 1.342160
CT2 OUTPUT 1.253600 1.253600
CT2 OUTPUT 6.307680 6.307680
CT1 CT2 10.789980 5.428500
CT1 CT1 10.669620 2.427410
CT1 CT0 8.853890 8.424230
CT1 ACVQN3 15.744880 13.342540
CT1 ACVQN2 15.744880 13.342540
CT1 ACVQN1 15.744880 13.342540
CT1 ACVQN0 15.744880 13.342540
CT1 MRVQN3 15.397350 9.083690
CT1 MRVQN2 14.725260 9.083690
CT1 MRVQN1 14.725260 9.083690
CT1 MRVQN0 14.725260 9.083690
CT1 AX3 6.923770 6.385660
CT1 AX2 6.923770 6.385660
CT1 AX1 6.923770 6.385660
CT1 AX0 6.923770 6.385660
CT1 OUTPUT 2.301100 2.301100
CT1 OUTPUT 1.125110 1.125110
CT1 OUTPUT 6.964940 6.964940
CT0 CT2 9.544740 5.250440
CT0 CT1 9.424380 2.997160
CT0 CT0 7.608650 2.275790
CT0 ACVQN3 14.499640 13.036120
CT0 ACVQN2 14.499640 13.036120
CT0 ACVQN1 14.499640 13.036120
CT0 ACVQN0 14.499640 13.036120
CT0 MRVQN3 14.152110 7.838450
CT0 MRVQN2 13.480020 7.838450
CT0 MRVQN1 13.480020 7.838450
CT0 MRVQN0 13.480020 7.838450
CT0 AX3 6.617350 6.079240
CT0 AX2 6.617350 6.079240
CT0 AX1 6.617350 6.079240
CT0 AX0 6.617350 6.079240
CT0 OUTPUT 2.123040 2.123040
CT0 OUTPUT 1.003390 1.003390
CT0 OUTPUT 5.719700 5.719700
ACVQN3 ACVQN3 5.848810 2.327600
ACVQN3 ACVQN2 7.936770 4.921210
ACVQN3 OUTPUT 0.707880 0.707880
ACVQN2 ACVQN3 8.052960 7.292350
ACVQN2 ACVQN2 10.140920 2.327600
ACVQN2 ACVQN1 8.313970 4.921210
ACVQN2 OUTPUT 0.707880 0.707880
ACVQN1 ACVQN3 10.460650 9.496500
ACVQN1 ACVQN2 12.548610 8.717510
ACVQN1 ACVQN1 10.721660 2.327600
ACVQN1 ACVQN0 8.517510 4.921210
ACVQN1 OUTPUT 0.707880 0.707880
ACVQN0 ACVQN3 11.035830 11.035830
ACVQN0 ACVQN2 13.123790 10.256840
ACVQN0 ACVQN1 11.296840 8.052690
ACVQN0 ACVQN0 9.092690 2.327600
ACVQN0 MRVQN3 4.376950 3.101530
ACVQN0 OUTPUT 0.499980 0.499980
MRVQN3 MRVQN3 2.586160 2.586160
MRVQN3 MRVQN2 2.181660 2.181660
MRVQN3 OUTPUT 0.499980 0.499980
MRVQN2 MRVQN2 2.586160 2.586160
MRVQN2 MRVQN1 2.181660 2.181660
MRVQN2 OUTPUT 0.499980 0.499980
MRVQN1 MRVQN1 2.586160 2.586160
MRVQN1 MRVQN0 2.181660 2.181660
MRVQN1 OUTPUT 0.499980 0.499980
MRVQN0 ACVQN3 13.806110 8.197670
MRVQN0 ACVQN2 15.894070 7.863640
MRVQN0 ACVQN1 14.067120 7.863640
MRVQN0 ACVQN0 11.862970 7.863640
MRVQN0 MRVQN3 7.147230 5.871810
MRVQN0 MRVQN0 2.586160 2.586160
MRVQN0 OUTPUT 1.117740 1.117740
AX3 ACVQN3 7.654730 6.903650
AX3 ACVQN2 9.742690 6.569620
AX3 AX3 1.947030 1.947030
AX2 ACVQN3 9.858880 9.453720
AX2 ACVQN2 11.946840 8.674730
AX2 ACVQN1 10.119890 6.569620
AX2 AX2 1.947030 1.947030
AX1 ACVQN3 12.266630 11.657870
AX1 ACVQN2 14.354590 10.878880
AX1 ACVQN1 12.527640 8.674730
AX1 ACVQN0 10.323490 6.569620
AX1 AX1 1.947030 1.947030
AX0 ACVQN3 12.510430 12.510430
AX0 ACVQN2 14.598390 11.731440
AX0 ACVQN1 12.771440 9.527290
AX0 ACVQN0 10.567290 7.502140
AX0 MRVQN3 5.851550 4.576130
AX0 AX0 1.947030 1.947030
