Network s382.bench
latch latch max_delay min_delay
INPUT latch max_delay min_delay
latch OUTPUT max_delay min_delay
INPUT FML 2.943230 1.711450
INPUT TESTL 2.943230 1.711450
INPUT TESTL 2.350540 2.350540
INPUT FML 2.350540 2.350540
INPUT OLATCH_Y2L 2.207900 2.207900
INPUT OLATCHVUC_6 8.429200 5.850040
INPUT OLATCHVUC_5 8.265340 2.675840
INPUT OLATCH_R1L 2.388200 2.388200
INPUT OLATCH_G2L 4.124430 2.365450
INPUT OLATCH_G1L 4.632470 4.632470
INPUT OLATCH_FEL 6.577520 5.261180
INPUT C3_Q3 1.788010 1.788010
INPUT C3_Q2 1.788010 1.788010
INPUT C3_Q1 5.463170 5.463170
INPUT C3_Q0 5.463170 5.463170
INPUT UC_16 2.027810 2.027810
INPUT UC_17 1.788010 1.788010
INPUT UC_18 1.788010 1.788010
INPUT UC_19 1.788010 1.788010
INPUT UC_8 1.788010 1.788010
INPUT UC_9 5.463170 5.463170
INPUT UC_10 5.463170 5.463170
INPUT UC_11 1.788010 1.788010
TESTL TESTL 3.023080 1.692560
TESTL C3_Q3 9.067520 8.971650
TESTL C3_Q2 10.066400 8.971650
TESTL C3_Q1 12.121730 10.080600
TESTL C3_Q0 10.329030 6.785980
TESTL UC_16 9.616300 7.145110
TESTL UC_17 9.476500 8.056520
TESTL UC_18 9.476500 8.354240
TESTL UC_19 9.476500 6.711740
FML FML 3.244840 1.692560
FML OLATCHVUC_6 8.428520 6.229580
FML OLATCHVUC_5 7.342220 5.445540
FML OLATCH_G1L 4.396220 4.112660
FML OLATCH_FEL 5.654400 4.377900
OLATCH_Y2L OUTPUT 0.000000 0.000000
OLATCHVUC_6 OUTPUT 0.499980 0.499980
OLATCHVUC_5 OUTPUT 0.499980 0.499980
OLATCH_R1L OUTPUT 0.000000 0.000000
OLATCH_G2L OUTPUT 0.000000 0.000000
OLATCH_G1L OUTPUT 0.000000 0.000000
OLATCH_FEL OLATCH_Y2L 2.366890 2.366890
OLATCH_FEL OLATCHVUC_6 5.001900 3.739080
OLATCH_FEL OLATCHVUC_5 4.838040 4.217860
OLATCH_FEL OLATCH_R1L 2.906060 2.085690
OLATCH_FEL OLATCH_G2L 2.275790 2.275790
OLATCH_FEL OLATCH_G1L 1.537620 1.537620
OLATCH_FEL OLATCH_FEL 3.150220 3.150220
C3_Q3 OLATCHVUC_6 7.825200 5.291400
C3_Q3 OLATCHVUC_5 7.512220 4.537660
C3_Q3 OLATCH_R1L 3.602660 3.602660
C3_Q3 OLATCH_G2L 4.691530 4.691530
C3_Q3 OLATCH_G1L 4.135570 3.876220
C3_Q3 OLATCH_FEL 5.824400 5.824400
C3_Q3 C3_Q3 4.776470 3.088180
C3_Q3 C3_Q2 4.776470 4.776470
C3_Q3 C3_Q1 5.885420 5.885420
C3_Q3 C3_Q0 5.885420 5.885420
C3_Q2 OLATCH_Y2L 4.399040 4.399040
C3_Q2 OLATCHVUC_6 9.440540 5.357340
C3_Q2 OLATCHVUC_5 6.456300 4.233180
C3_Q2 OLATCH_R1L 4.091800 1.825690
C3_Q2 OLATCH_G2L 3.991770 3.991770
C3_Q2 OLATCH_G1L 2.494910 2.494910
C3_Q2 OLATCH_FEL 4.768480 3.868880
C3_Q2 C3_Q3 4.420640 3.237000
C3_Q2 C3_Q2 4.420640 3.817840
C3_Q2 C3_Q1 5.529590 5.529590
C3_Q2 C3_Q0 5.529590 5.529590
C3_Q1 OLATCH_Y2L 2.763590 2.763590
C3_Q1 OLATCHVUC_6 8.169820 3.551940
C3_Q1 OLATCHVUC_5 8.005960 3.474360
C3_Q1 OLATCH_R1L 5.150160 5.150160
C3_Q1 OLATCH_G2L 5.551950 5.551950
C3_Q1 OLATCH_G1L 6.136880 4.617020
C3_Q1 OLATCH_FEL 6.318140 5.927540
C3_Q1 C3_Q3 4.160640 3.337860
C3_Q1 C3_Q2 6.470140 4.160640
C3_Q1 C3_Q1 5.269590 2.427410
C3_Q1 C3_Q0 5.269590 5.269590
C3_Q0 OLATCH_Y2L 2.929550 2.929550
C3_Q0 OLATCHVUC_6 6.111160 3.291940
C3_Q0 OLATCHVUC_5 5.947300 3.214360
C3_Q0 OLATCH_R1L 3.152590 3.152590
C3_Q0 OLATCH_G2L 5.494870 3.292210
C3_Q0 OLATCH_G1L 5.600880 2.558360
C3_Q0 OLATCH_FEL 4.259480 2.758100
C3_Q0 C3_Q3 5.226760 4.580640
C3_Q0 C3_Q2 6.334140 4.580640
C3_Q0 C3_Q1 5.689590 3.175100
C3_Q0 C3_Q0 5.689590 2.427410
UC_16 C3_Q3 5.546660 5.450790
UC_16 C3_Q2 6.545540 5.450790
UC_16 C3_Q1 8.600870 6.559740
UC_16 C3_Q0 6.808170 3.265120
UC_16 UC_16 6.095440 2.611710
UC_16 UC_17 5.955640 5.955640
UC_16 UC_18 5.955640 5.955640
UC_16 UC_19 5.955640 5.955640
UC_17 OLATCHVUC_6 2.644040 2.644040
UC_17 OLATCHVUC_5 2.516160 2.516160
UC_17 C3_Q3 9.228570 9.132700
UC_17 C3_Q2 10.227450 9.132700
UC_17 C3_Q1 12.282780 10.241650
UC_17 C3_Q0 10.490080 6.947030
UC_17 UC_16 9.777350 3.940370
UC_17 UC_17 9.637550 3.298180
UC_17 UC_18 9.637550 9.637550
UC_17 UC_19 9.637550 9.637550
UC_18 C3_Q3 8.453720 8.357850
UC_18 C3_Q2 9.452600 8.357850
UC_18 C3_Q1 11.507930 9.466800
UC_18 C3_Q0 9.715230 6.172180
UC_18 UC_16 9.002500 3.759280
UC_18 UC_17 8.862700 4.233730
UC_18 UC_18 8.862700 3.817840
UC_18 UC_19 8.862700 8.862700
UC_19 C3_Q3 6.912220 6.816350
UC_19 C3_Q2 7.911100 6.816350
UC_19 C3_Q1 9.966430 7.925300
UC_19 C3_Q0 8.173730 4.630680
UC_19 UC_16 7.461000 3.250370
UC_19 UC_17 7.321200 4.326330
UC_19 UC_18 7.321200 4.915040
UC_19 UC_19 7.321200 2.877860
UC_8 C3_Q3 9.220400 9.124530
UC_8 C3_Q2 10.219280 9.124530
UC_8 C3_Q1 12.274610 10.233480
UC_8 C3_Q0 10.481910 6.938860
UC_8 UC_16 9.769180 7.297990
UC_8 UC_17 9.629380 8.209400
UC_8 UC_18 9.629380 8.507120
UC_8 UC_19 9.629380 6.864620
UC_8 UC_8 3.132250 3.088180
UC_8 UC_9 4.235260 4.235260
UC_8 UC_10 4.235260 4.235260
UC_8 UC_11 3.453260 3.453260
UC_9 C3_Q3 10.853850 10.757980
UC_9 C3_Q2 11.852730 10.757980
UC_9 C3_Q1 13.908060 11.866930
UC_9 C3_Q0 12.115360 8.572310
UC_9 UC_16 11.402630 8.931440
UC_9 UC_17 11.262830 9.842850
UC_9 UC_18 11.262830 10.140570
UC_9 UC_19 11.262830 8.498070
UC_9 UC_8 4.765700 3.237000
UC_9 UC_9 5.868710 2.215390
UC_9 UC_10 5.868710 5.868710
UC_9 UC_11 5.086710 5.086710
UC_10 C3_Q3 10.593850 10.497980
UC_10 C3_Q2 11.592730 10.497980
UC_10 C3_Q1 13.648060 11.606930
UC_10 C3_Q0 11.855360 8.312310
UC_10 UC_16 11.142630 8.671440
UC_10 UC_17 11.002830 9.582850
UC_10 UC_18 11.002830 9.880570
UC_10 UC_19 11.002830 8.238070
UC_10 UC_8 4.505700 3.337860
UC_10 UC_9 5.608710 2.997160
UC_10 UC_10 5.608710 2.215390
UC_10 UC_11 4.826710 4.826710
UC_11 C3_Q3 11.013850 10.917980
UC_11 C3_Q2 12.012730 10.917980
UC_11 C3_Q1 14.068060 12.026930
UC_11 C3_Q0 12.275360 8.732310
UC_11 UC_16 11.562630 9.091440
UC_11 UC_17 11.422830 10.002850
UC_11 UC_18 11.422830 10.300570
UC_11 UC_19 11.422830 8.658070
UC_11 UC_8 4.925700 3.106460
UC_11 UC_9 6.028710 3.175100
UC_11 UC_10 6.028710 2.200460
UC_11 UC_11 5.246710 1.528010
