Network s386.bench
latch latch max_delay min_delay
INPUT latch max_delay min_delay
latch OUTPUT max_delay min_delay
INPUT OUTPUT 1.707920 1.707920
INPUT v11 4.563060 4.563060
INPUT v10 6.504610 6.504610
INPUT v9 4.558130 4.558130
INPUT v8 4.314470 4.314470
INPUT OUTPUT 2.263610 2.263610
INPUT OUTPUT 4.710120 4.710120
INPUT OUTPUT 4.852270 4.852270
INPUT v11 4.107140 4.107140
INPUT v8 4.562940 4.562940
INPUT v7 5.273290 5.273290
INPUT OUTPUT 6.394510 6.394510
INPUT OUTPUT 2.598370 2.598370
INPUT OUTPUT 3.507310 3.507310
INPUT OUTPUT 5.824520 5.824520
INPUT v12 7.944240 7.944240
INPUT v11 7.919990 7.919990
INPUT v8 4.951890 4.951890
INPUT v7 9.066140 9.066140
INPUT OUTPUT 6.579850 6.579850
INPUT OUTPUT 7.397010 7.397010
INPUT OUTPUT 7.960160 7.960160
INPUT OUTPUT 9.337370 9.337370
INPUT v12 7.698100 7.698100
INPUT v11 5.031620 5.031620
INPUT v8 7.700800 5.333900
INPUT OUTPUT 7.874720 7.874720
INPUT v12 4.988540 4.988540
INPUT v11 5.018780 5.018780
INPUT v10 6.492760 2.689860
INPUT v9 3.976100 3.976100
INPUT v8 5.018780 5.018780
INPUT v7 5.518740 5.518740
INPUT OUTPUT 5.282990 5.282990
INPUT OUTPUT 3.278200 3.278200
INPUT OUTPUT 4.903140 4.903140
INPUT OUTPUT 5.018760 5.018760
INPUT OUTPUT 4.488560 4.488560
INPUT v12 2.786560 2.786560
INPUT v11 2.763590 2.763590
INPUT v10 4.569260 3.781340
INPUT v9 6.366550 1.559640
INPUT v8 2.763590 2.763590
INPUT v7 3.317600 3.317600
INPUT OUTPUT 3.877280 3.877280
INPUT OUTPUT 5.808010 1.700460
INPUT OUTPUT 5.307330 5.307330
INPUT OUTPUT 3.240990 3.240990
INPUT OUTPUT 3.301450 3.301450
INPUT OUTPUT 2.817620 2.817620
INPUT OUTPUT 2.286580 2.286580
v12 v12 9.069000 4.744620
v12 v11 7.428520 3.062150
v12 v10 4.439930 1.403180
v12 v9 6.983340 4.298130
v12 v8 7.318520 4.563060
v12 v7 1.506890 1.506890
v12 OUTPUT 5.724550 5.724550
v12 OUTPUT 7.197180 3.908180
v12 OUTPUT 1.006910 1.006910
v12 OUTPUT 5.136380 5.136380
v12 OUTPUT 5.724550 5.724550
v12 OUTPUT 1.006910 1.006910
v12 OUTPUT 6.104100 4.479640
v11 v12 8.649650 5.294160
v11 v11 5.581850 3.847140
v11 v10 4.619150 4.531800
v11 v9 8.521520 5.332010
v11 v8 7.020640 3.062150
v11 v7 7.295870 5.013290
v11 OUTPUT 5.135780 5.135780
v11 OUTPUT 8.256290 5.233850
v11 OUTPUT 1.446910 1.446910
v11 OUTPUT 4.549390 4.549390
v11 OUTPUT 5.135780 5.135780
v11 OUTPUT 7.465890 4.638310
v11 OUTPUT 6.827220 4.219640
v10 v12 1.788010 1.788010
v10 v11 2.207900 2.207900
v10 v10 5.821180 3.738320
v10 v9 5.398070 3.534580
v10 v8 2.207900 2.207900
v10 v7 1.946890 1.946890
v10 OUTPUT 2.149090 2.149090
v10 OUTPUT 5.062850 1.440460
v10 OUTPUT 3.354340 3.354340
v10 OUTPUT 3.574160 3.234460
v10 OUTPUT 1.909090 1.909090
v10 OUTPUT 1.446910 1.446910
v10 OUTPUT 1.288030 1.288030
v9 v12 1.528010 1.528010
v9 v11 2.366890 2.366890
v9 v10 4.453020 3.839300
v9 v9 5.625030 4.493260
v9 v8 2.366890 2.366890
v9 v7 2.207900 2.207900
v9 OUTPUT 1.909090 1.909090
v9 OUTPUT 4.550080 0.903200
v9 OUTPUT 3.166220 3.166220
v9 OUTPUT 1.707920 1.707920
v9 OUTPUT 3.607390 3.607390
v9 OUTPUT 1.707920 1.707920
v9 OUTPUT 1.028030 1.028030
v8 v12 10.561450 5.807920
v8 v11 6.920640 6.115710
v8 v10 9.108750 2.200440
v8 v9 6.825830 6.307160
v8 v8 8.781700 3.862150
v8 v7 8.744010 8.066790
v8 OUTPUT 1.707920 1.707920
v8 OUTPUT 7.609880 4.214500
v8 OUTPUT 6.839970 6.839970
v8 OUTPUT 6.497960 6.397660
v8 OUTPUT 5.823620 5.823620
v8 OUTPUT 6.960810 5.008310
v8 OUTPUT 8.350390 8.338020
v7 v12 5.986790 3.948620
v7 v11 9.054440 6.388750
v7 v10 9.262360 1.940440
v7 v9 6.505380 5.985720
v7 v8 9.977960 5.243900
v7 v7 8.486890 8.486890
v7 OUTPUT 1.866910 1.866910
v7 OUTPUT 7.455480 3.953470
v7 OUTPUT 6.302850 6.302850
v7 OUTPUT 1.866910 1.866910
v7 OUTPUT 5.557370 5.557370
v7 OUTPUT 8.381070 8.381070
v7 OUTPUT 10.151880 5.883460
