Network s400.bench
latch latch max_delay min_delay
INPUT latch max_delay min_delay
latch OUTPUT max_delay min_delay
INPUT FML 2.943230 1.711450
INPUT TESTL 2.943230 1.711450
INPUT TESTL 2.350540 2.350540
INPUT FML 2.350540 2.350540
INPUT OLATCH_Y2L 2.207900 2.207900
INPUT OLATCHVUC_6 9.366610 6.352980
INPUT OLATCHVUC_5 9.366610 4.240360
INPUT OLATCH_R1L 2.388200 2.388200
INPUT OLATCH_G2L 4.328370 2.365450
INPUT OLATCH_G1L 4.836410 4.836410
INPUT OLATCH_FEL 7.209830 5.688570
INPUT C3_Q3 1.788010 1.788010
INPUT C3_Q2 5.667110 5.667110
INPUT C3_Q1 5.667110 5.667110
INPUT C3_Q0 5.667110 5.667110
INPUT UC_16 1.788010 1.788010
INPUT UC_17 1.788010 1.788010
INPUT UC_18 1.788010 1.788010
INPUT UC_19 1.788010 1.788010
INPUT UC_8 1.788010 1.788010
INPUT UC_9 5.667110 5.667110
INPUT UC_10 5.667110 5.667110
INPUT UC_11 1.788010 1.788010
TESTL TESTL 3.023080 1.692560
TESTL C3_Q3 10.091090 9.067960
TESTL C3_Q2 12.648860 10.014300
TESTL C3_Q1 12.321860 10.014300
TESTL C3_Q0 10.529160 6.585760
TESTL UC_16 9.997640 7.658630
TESTL UC_17 9.676630 8.056520
TESTL UC_18 9.676630 8.354240
TESTL UC_19 9.676630 6.711740
FML FML 3.244840 1.692560
FML OLATCHVUC_6 8.780720 6.354210
FML OLATCHVUC_5 8.034630 6.354210
FML OLATCH_G1L 4.396220 4.112660
FML OLATCH_FEL 5.877850 4.806270
OLATCH_Y2L OUTPUT 0.000000 0.000000
OLATCHVUC_6 OUTPUT 0.499980 0.499980
OLATCHVUC_5 OUTPUT 0.499980 0.499980
OLATCH_R1L OUTPUT 0.000000 0.000000
OLATCH_G2L OUTPUT 0.000000 0.000000
OLATCH_G1L OUTPUT 0.000000 0.000000
OLATCH_FEL OLATCH_Y2L 2.366890 2.366890
OLATCH_FEL OLATCHVUC_6 5.530450 4.038080
OLATCH_FEL OLATCHVUC_5 5.963500 4.848240
OLATCH_FEL OLATCH_R1L 3.113960 2.085690
OLATCH_FEL OLATCH_G2L 2.275790 2.275790
OLATCH_FEL OLATCH_G1L 1.537620 1.537620
OLATCH_FEL OLATCH_FEL 3.373670 3.373670
C3_Q3 OLATCHVUC_6 8.204630 5.618900
C3_Q3 OLATCHVUC_5 8.204630 4.516800
C3_Q3 OLATCH_R1L 3.602660 3.602660
C3_Q3 OLATCH_G2L 4.691530 4.691530
C3_Q3 OLATCH_G1L 4.135570 3.876220
C3_Q3 OLATCH_FEL 6.047850 6.047850
C3_Q3 C3_Q3 5.073000 3.482220
C3_Q3 C3_Q2 6.019340 6.019340
C3_Q3 C3_Q1 6.019340 6.019340
C3_Q3 C3_Q0 6.019340 6.019340
C3_Q2 OLATCH_Y2L 4.765340 4.765340
C3_Q2 OLATCHVUC_6 10.159040 5.656340
C3_Q2 OLATCHVUC_5 7.148710 5.214700
C3_Q2 OLATCH_R1L 4.458100 1.825690
C3_Q2 OLATCH_G2L 4.358070 4.358070
C3_Q2 OLATCH_G1L 2.494910 2.494910
C3_Q2 OLATCH_FEL 4.991930 4.297250
C3_Q2 C3_Q3 6.160510 4.922370
C3_Q2 C3_Q2 5.868710 2.427410
C3_Q2 C3_Q1 5.868710 5.868710
C3_Q2 C3_Q0 5.868710 5.868710
C3_Q1 OLATCH_Y2L 2.763590 2.763590
C3_Q1 OLATCHVUC_6 8.900330 3.879440
C3_Q1 OLATCHVUC_5 8.900330 6.268440
C3_Q1 OLATCH_R1L 5.352120 5.352120
C3_Q1 OLATCH_G2L 5.753910 5.753910
C3_Q1 OLATCH_G1L 6.338840 4.818980
C3_Q1 OLATCH_FEL 6.743550 6.557870
C3_Q1 C3_Q3 6.798510 4.662370
C3_Q1 C3_Q2 5.608710 3.156900
C3_Q1 C3_Q1 5.608710 2.427410
C3_Q1 C3_Q0 5.608710 5.608710
C3_Q0 OLATCH_Y2L 3.002810 3.002810
C3_Q0 OLATCHVUC_6 6.639710 3.619440
C3_Q0 OLATCHVUC_5 6.639710 4.735500
C3_Q0 OLATCH_R1L 3.152590 3.152590
C3_Q0 OLATCH_G2L 5.568130 3.292210
C3_Q0 OLATCH_G1L 5.674140 2.558360
C3_Q0 OLATCH_FEL 4.482930 3.187560
C3_Q0 C3_Q3 6.535310 5.082370
C3_Q0 C3_Q2 6.028710 3.249220
C3_Q0 C3_Q1 6.028710 3.175100
C3_Q0 C3_Q0 6.028710 2.427410
UC_16 C3_Q3 6.539210 5.516080
UC_16 C3_Q2 9.096980 6.462420
UC_16 C3_Q1 8.769980 6.462420
UC_16 C3_Q0 6.977280 3.033880
UC_16 UC_16 6.445760 2.964990
UC_16 UC_17 6.124750 6.124750
UC_16 UC_18 6.124750 6.124750
UC_16 UC_19 6.124750 6.124750
UC_17 OLATCHVUC_6 3.007230 3.007230
UC_17 OLATCHVUC_5 3.007230 3.007230
UC_17 C3_Q3 10.083100 9.059970
UC_17 C3_Q2 12.640870 10.006310
UC_17 C3_Q1 12.313870 10.006310
UC_17 C3_Q0 10.521170 6.577770
UC_17 UC_16 9.989650 4.453890
UC_17 UC_17 9.668640 3.298180
UC_17 UC_18 9.668640 9.668640
UC_17 UC_19 9.668640 9.668640
UC_18 C3_Q3 9.286470 8.263340
UC_18 C3_Q2 11.844240 9.209680
UC_18 C3_Q1 11.517240 9.209680
UC_18 C3_Q0 9.724540 5.781140
UC_18 UC_16 9.193020 4.271840
UC_18 UC_17 8.872010 4.233730
UC_18 UC_18 8.872010 3.817840
UC_18 UC_19 8.872010 8.872010
UC_19 C3_Q3 7.744030 6.720900
UC_19 C3_Q2 10.301800 7.667240
UC_19 C3_Q1 9.974800 7.667240
UC_19 C3_Q0 8.182100 4.238700
UC_19 UC_16 7.650580 3.763890
UC_19 UC_17 7.329570 4.326330
UC_19 UC_18 7.329570 4.915040
UC_19 UC_19 7.329570 2.877860
UC_8 C3_Q3 10.243970 9.220840
UC_8 C3_Q2 12.801740 10.167180
UC_8 C3_Q1 12.474740 10.167180
UC_8 C3_Q0 10.682040 6.738640
UC_8 UC_16 10.150520 7.811510
UC_8 UC_17 9.829510 8.209400
UC_8 UC_18 9.829510 8.507120
UC_8 UC_19 9.829510 6.864620
UC_8 UC_8 3.482220 3.459200
UC_8 UC_9 4.235260 4.235260
UC_8 UC_10 4.235260 4.235260
UC_8 UC_11 3.459200 3.459200
UC_9 C3_Q3 11.877420 10.854290
UC_9 C3_Q2 14.435190 11.800630
UC_9 C3_Q1 14.108190 11.800630
UC_9 C3_Q0 12.315490 8.372090
UC_9 UC_16 11.783970 9.444960
UC_9 UC_17 11.462960 9.842850
UC_9 UC_18 11.462960 10.140570
UC_9 UC_19 11.462960 8.498070
UC_9 UC_8 5.240210 5.092650
UC_9 UC_9 5.868710 2.375770
UC_9 UC_10 5.868710 5.868710
UC_9 UC_11 5.092650 5.092650
UC_10 C3_Q3 11.617420 10.594290
UC_10 C3_Q2 14.175190 11.540630
UC_10 C3_Q1 13.848190 11.540630
UC_10 C3_Q0 12.055490 8.112090
UC_10 UC_16 11.523970 9.184960
UC_10 UC_17 11.202960 9.582850
UC_10 UC_18 11.202960 9.880570
UC_10 UC_19 11.202960 8.238070
UC_10 UC_8 4.984170 4.832650
UC_10 UC_9 5.608710 2.997160
UC_10 UC_10 5.608710 2.379730
UC_10 UC_11 4.832650 4.832650
UC_11 C3_Q3 12.037420 11.014290
UC_11 C3_Q2 14.595190 11.960630
UC_11 C3_Q1 14.268190 11.960630
UC_11 C3_Q0 12.475490 8.532090
UC_11 UC_16 11.943970 9.604960
UC_11 UC_17 11.622960 10.002850
UC_11 UC_18 11.622960 10.300570
UC_11 UC_19 11.622960 8.658070
UC_11 UC_8 5.315570 5.252650
UC_11 UC_9 6.028710 3.175100
UC_11 UC_10 6.028710 2.370740
UC_11 UC_11 5.252650 1.528010
