Network s420.bench
latch latch max_delay min_delay
INPUT latch max_delay min_delay
latch OUTPUT max_delay min_delay
INPUT Y_4 5.912170 5.093000
INPUT Y_3 5.170670 3.474640
INPUT Y_2 6.196260 5.365860
INPUT Y_1 5.296180 5.296180
INPUT OUTPUT 21.131890 2.844360
INPUT Y_4 7.137990 6.318820
INPUT Y_3 6.396490 4.700460
INPUT Y_2 7.422080 6.591680
INPUT Y_1 6.522000 6.522000
INPUT Y_8 8.810950 5.545180
INPUT Y_7 8.069450 4.652880
INPUT Y_6 6.648440 6.232140
INPUT Y_5 5.748360 5.748360
INPUT Y_12 8.810950 5.545180
INPUT Y_11 8.069450 4.652880
INPUT Y_10 6.648440 6.232140
INPUT Y_9 5.748360 5.748360
INPUT Y_16 8.810950 5.545180
INPUT Y_15 8.069450 4.652880
INPUT Y_14 6.648440 6.232140
INPUT Y_13 5.748360 5.748360
INPUT OUTPUT 5.058360 5.058360
INPUT OUTPUT 4.891060 4.891060
INPUT OUTPUT 2.279820 2.279820
INPUT OUTPUT 5.160080 5.160080
INPUT OUTPUT 4.642160 4.642160
INPUT OUTPUT 5.424380 5.424380
INPUT OUTPUT 2.491540 2.491540
INPUT OUTPUT 2.697410 2.697410
INPUT OUTPUT 7.879760 7.879760
INPUT OUTPUT 8.082240 8.082240
INPUT OUTPUT 7.837280 7.837280
INPUT OUTPUT 4.754720 4.754720
INPUT OUTPUT 7.636720 7.636720
INPUT OUTPUT 4.887120 4.887120
INPUT OUTPUT 3.368350 3.368350
INPUT OUTPUT 3.115390 3.115390
INPUT OUTPUT 4.175000 4.175000
Y_4 Y_4 2.339440 2.085690
Y_4 Y_8 7.692160 4.426390
Y_4 Y_7 6.950660 3.534090
Y_4 Y_6 5.529650 5.113350
Y_4 Y_5 4.629570 4.629570
Y_4 OUTPUT 17.662630 5.379720
Y_3 Y_4 3.192970 2.866210
Y_3 Y_3 3.380960 1.403180
Y_3 Y_8 9.256800 5.991030
Y_3 Y_7 8.515300 5.098730
Y_3 Y_6 7.094290 6.677990
Y_3 Y_5 6.194210 6.194210
Y_3 OUTPUT 20.322970 5.011660
Y_2 Y_4 5.118040 3.793670
Y_2 Y_3 4.304680 3.052170
Y_2 Y_2 2.510020 1.559640
Y_2 Y_8 9.836100 6.570330
Y_2 Y_7 9.094600 5.678030
Y_2 Y_6 7.673590 7.257290
Y_2 Y_5 6.773510 6.773510
Y_2 OUTPUT 20.104190 3.491140
Y_1 Y_4 4.963370 4.940020
Y_1 Y_3 4.221870 4.126660
Y_1 Y_2 4.129800 2.545000
Y_1 Y_1 3.229720 3.229720
Y_1 Y_8 9.658080 6.392310
Y_1 Y_7 8.916580 5.500010
Y_1 Y_6 7.495570 7.079270
Y_1 Y_5 6.595490 6.595490
Y_1 OUTPUT 22.066320 3.078350
Y_8 Y_8 2.339440 2.085690
Y_8 Y_12 7.692160 4.426390
Y_8 Y_11 6.950660 3.534090
Y_8 Y_10 5.529650 5.113350
Y_8 Y_9 4.629570 4.629570
Y_8 OUTPUT 12.903270 3.320830
Y_7 Y_8 3.192970 2.866210
Y_7 Y_7 3.380960 1.403180
Y_7 Y_12 9.256800 5.991030
Y_7 Y_11 8.515300 5.098730
Y_7 Y_10 7.094290 6.677990
Y_7 Y_9 6.194210 6.194210
Y_7 OUTPUT 15.563610 5.981170
Y_6 Y_8 5.118040 3.793670
Y_6 Y_7 4.304680 3.052170
Y_6 Y_6 2.510020 1.559640
Y_6 Y_12 9.836100 6.570330
Y_6 Y_11 9.094600 5.678030
Y_6 Y_10 7.673590 7.257290
Y_6 Y_9 6.773510 6.773510
Y_6 OUTPUT 15.344830 5.762390
Y_5 Y_8 5.536900 4.940020
Y_5 Y_7 4.795400 4.126660
Y_5 Y_6 3.983280 2.958090
Y_5 Y_5 3.083200 3.083200
Y_5 Y_12 9.658080 6.392310
Y_5 Y_11 8.916580 5.500010
Y_5 Y_10 7.495570 7.079270
Y_5 Y_9 6.595490 6.595490
Y_5 OUTPUT 17.573530 4.625720
Y_12 Y_12 2.339440 2.085690
Y_12 Y_16 7.692160 4.426390
Y_12 Y_15 6.950660 3.534090
Y_12 Y_14 5.529650 5.113350
Y_12 Y_13 4.629570 4.629570
Y_12 OUTPUT 8.165750 4.597120
Y_11 Y_12 3.192970 2.866210
Y_11 Y_11 3.380960 1.403180
Y_11 Y_16 9.256800 5.991030
Y_11 Y_15 8.515300 5.098730
Y_11 Y_14 7.094290 6.677990
Y_11 Y_13 6.194210 6.194210
Y_11 OUTPUT 10.826090 5.553050
Y_10 Y_12 5.118040 3.793670
Y_10 Y_11 4.304680 3.052170
Y_10 Y_10 2.510020 1.559640
Y_10 Y_16 9.836100 6.570330
Y_10 Y_15 9.094600 5.678030
Y_10 Y_14 7.673590 7.257290
Y_10 Y_13 6.773510 6.773510
Y_10 OUTPUT 10.585470 2.620760
Y_9 Y_12 5.536900 4.940020
Y_9 Y_11 4.795400 4.126660
Y_9 Y_10 3.983280 2.958090
Y_9 Y_9 3.083200 3.083200
Y_9 Y_16 9.658080 6.392310
Y_9 Y_15 8.916580 5.500010
Y_9 Y_14 7.495570 7.079270
Y_9 Y_13 6.595490 6.595490
Y_9 OUTPUT 12.814170 2.567390
Y_16 Y_16 2.339440 2.085690
Y_16 OUTPUT 1.144160 1.144160
Y_16 OUTPUT 4.368360 4.368360
Y_15 Y_16 3.589700 2.759290
Y_15 Y_15 3.274040 1.403180
Y_15 OUTPUT 2.243840 2.243840
Y_15 OUTPUT 5.541960 4.761040
Y_14 Y_16 5.119010 3.793670
Y_14 Y_15 3.907950 3.052170
Y_14 Y_14 2.510020 1.559640
Y_14 OUTPUT 3.773150 3.773150
Y_14 OUTPUT 5.847950 2.408270
Y_13 Y_16 5.536900 4.940020
Y_13 Y_15 4.795400 3.728960
Y_13 Y_14 3.983280 2.958090
Y_13 Y_13 3.083200 3.083200
Y_13 OUTPUT 3.594160 3.594160
Y_13 OUTPUT 8.076650 5.030060
