Network s444.bench
latch latch max_delay min_delay
INPUT latch max_delay min_delay
latch OUTPUT max_delay min_delay
INPUT G11 1.788010 1.788010
INPUT G12 2.027810 2.027810
INPUT G13 2.027810 2.027810
INPUT G14 2.027810 2.027810
INPUT G15 2.027810 2.027810
INPUT G16 2.027810 2.027810
INPUT G17 2.027810 2.027810
INPUT G18 2.027810 2.027810
INPUT G19 2.027810 2.027810
INPUT G20 2.027810 2.027810
INPUT G21 2.027810 2.027810
INPUT G22 2.027810 2.027810
INPUT G23 2.350540 2.350540
INPUT G24 6.572270 5.051010
INPUT G25 4.198850 4.198850
INPUT G26 3.993290 2.365450
INPUT G27 1.783680 1.783680
INPUT G28 8.729050 4.240360
INPUT G29 8.729050 5.715420
INPUT G30 4.527740 4.527740
INPUT G31 2.350540 2.350540
INPUT G31 2.380540 2.215390
INPUT G23 2.427410 2.215390
G11 G11 4.517120 1.849020
G11 G12 4.656920 3.182690
G11 G13 6.099410 4.656920
G11 G14 6.171430 4.656920
G11 G15 9.130770 7.948130
G11 G16 10.685940 9.130770
G11 G17 10.886450 9.130770
G11 G18 10.818470 9.130770
G11 G19 12.102600 10.645650
G11 G20 13.562370 10.955820
G11 G21 13.762880 10.955820
G11 G22 13.694900 10.955820
G12 G11 4.257120 4.257120
G12 G12 4.461200 2.992190
G12 G13 5.920420 4.396920
G12 G14 6.049710 4.396920
G12 G15 8.870770 7.688130
G12 G16 10.425940 8.870770
G12 G17 10.626450 8.870770
G12 G18 10.558470 8.870770
G12 G19 11.842600 10.385650
G12 G20 13.302370 10.695820
G12 G21 13.502880 10.695820
G12 G22 13.434900 10.695820
G13 G11 4.677120 4.677120
G13 G12 4.816920 4.816920
G13 G13 4.816920 2.992190
G13 G14 6.299920 4.816920
G13 G15 9.290770 8.108130
G13 G16 10.845940 9.290770
G13 G17 11.046450 9.290770
G13 G18 10.978470 9.290770
G13 G19 12.262600 10.805650
G13 G20 13.722370 11.115820
G13 G21 13.922880 11.115820
G13 G22 13.854900 11.115820
G14 G11 3.294070 3.294070
G14 G12 3.433870 3.433870
G14 G13 3.433870 3.433870
G14 G14 4.639640 2.992190
G14 G15 7.907720 6.725080
G14 G16 9.462890 7.907720
G14 G17 9.663400 7.907720
G14 G18 9.595420 7.907720
G14 G19 10.879550 9.422600
G14 G20 12.339320 9.732770
G14 G21 12.539830 9.732770
G14 G22 12.471850 9.732770
G15 G15 7.095880 2.992190
G15 G16 7.095880 4.641910
G15 G17 7.095880 4.892920
G15 G18 7.095880 5.403430
G15 G19 10.067710 8.610760
G15 G20 11.527480 8.920930
G15 G21 11.727990 8.920930
G15 G22 11.660010 8.920930
G16 G15 6.905130 6.905130
G16 G16 6.905130 2.992190
G16 G17 6.905130 4.771200
G16 G18 6.905130 5.222420
G16 G19 9.876960 8.420010
G16 G20 11.336730 8.730180
G16 G21 11.537240 8.730180
G16 G22 11.469260 8.730180
G17 G15 5.360280 5.360280
G17 G16 5.360280 5.360280
G17 G17 5.360280 2.992190
G17 G18 5.991940 4.713430
G17 G19 8.332110 6.875160
G17 G20 9.791880 7.185330
G17 G21 9.992390 7.185330
G17 G22 9.924410 7.185330
G17 G28 2.662710 2.662710
G17 G29 2.662710 2.662710
G18 G15 4.567570 4.567570
G18 G16 4.567570 4.567570
G18 G17 4.567570 4.567570
G18 G18 4.639640 2.992190
G18 G19 7.539400 6.082450
G18 G20 8.999170 6.392620
G18 G21 9.199680 6.392620
G18 G22 9.131700 6.392620
G19 G19 7.171120 2.992190
G19 G20 7.171120 4.641910
G19 G21 7.171120 4.892920
G19 G22 7.171120 5.403430
G19 G24 7.394990 3.187560
G19 G25 5.899280 3.067330
G19 G26 5.204350 3.733290
G19 G27 4.958010 4.958010
G19 G28 9.551770 4.735500
G19 G29 9.551770 3.879440
G19 G30 3.087950 3.087950
G20 G19 6.887310 6.887310
G20 G20 6.887310 2.992190
G20 G21 6.887310 4.771200
G20 G22 6.887310 5.222420
G20 G24 6.282390 6.073930
G20 G25 5.872340 4.724480
G20 G26 4.768330 4.768330
G20 G27 2.936950 2.936950
G20 G28 8.439170 5.723940
G20 G29 8.439170 3.619440
G20 G30 2.763590 2.763590
G21 G19 4.308900 4.308900
G21 G20 4.308900 4.308900
G21 G21 4.639640 2.992190
G21 G22 5.991940 4.308900
G21 G24 4.539930 4.537250
G21 G25 2.494910 2.494910
G21 G26 3.633390 3.633390
G21 G27 3.637920 2.245690
G21 G28 6.696710 5.238300
G21 G29 8.883750 5.204340
G21 G30 2.207900 2.207900
G22 G19 3.516190 3.516190
G22 G20 3.516190 3.516190
G22 G21 3.516190 3.516190
G22 G22 4.639640 2.992190
G22 G24 5.755910 5.755910
G22 G25 4.028220 3.892340
G22 G26 5.166190 5.166190
G22 G27 2.085690 2.085690
G22 G28 7.912690 4.007820
G22 G29 8.127240 5.540750
G23 G23 2.408360 2.380540
G23 G24 6.134930 4.297250
G23 G25 4.178220 3.274160
G23 G28 8.291710 5.845190
G23 G29 8.291710 5.845190
G24 G24 3.373670 3.373670
G24 G25 1.537620 1.537620
G24 G26 2.275790 2.275790
G24 G27 3.796950 1.825690
G24 G28 5.530450 3.901960
G24 G29 5.530450 4.038080
G24 G30 2.366890 2.366890
G25 OUTPUT 0.000000 0.000000
G26 OUTPUT 0.000000 0.000000
G27 OUTPUT 0.000000 0.000000
G28 OUTPUT 0.499980 0.499980
G29 OUTPUT 0.499980 0.499980
G30 OUTPUT 0.000000 0.000000
G31 G15 8.042910 6.860270
G31 G16 9.598080 8.042910
G31 G17 9.798590 8.042910
G31 G18 9.730610 8.042910
G31 G19 11.014740 9.557790
G31 G20 12.474510 9.867960
G31 G21 12.675020 9.867960
G31 G22 12.607040 9.867960
G31 G31 2.427410 2.354900
