Network s510.bench
latch latch max_delay min_delay
INPUT latch max_delay min_delay
latch OUTPUT max_delay min_delay
INPUT st_0 7.325270 7.325270
INPUT st_2 4.776730 4.776730
INPUT st_1 3.799690 3.799690
INPUT st_0 8.907070 7.214400
INPUT st_2 5.617990 3.848000
INPUT st_1 5.201760 5.201760
INPUT st_0 6.980660 6.980660
INPUT st_0 7.081680 7.081680
INPUT st_0 3.871600 3.871600
INPUT st_1 3.422690 3.422690
INPUT st_0 5.875680 5.875680
INPUT st_1 2.760630 2.760630
INPUT st_2 4.420180 4.420180
INPUT st_1 5.022790 5.022790
INPUT st_0 6.793500 6.793500
INPUT st_0 7.441140 6.483980
INPUT st_1 5.273880 5.273880
INPUT st_0 8.917800 8.917800
INPUT st_1 4.407880 4.407880
INPUT st_0 6.706440 6.706440
INPUT st_0 6.653500 6.653500
INPUT st_0 7.465270 6.181160
INPUT st_1 3.577350 3.577350
INPUT st_0 8.308520 8.308520
INPUT st_1 4.150970 4.150970
INPUT st_0 7.121960 7.121960
st_5 st_5 6.435190 4.792030
st_5 st_4 8.277800 3.382780
st_5 st_3 8.338650 4.735590
st_5 st_2 7.853280 4.103740
st_5 st_1 9.585870 4.358000
st_5 st_0 10.608730 5.489600
st_5 OUTPUT 2.395530 2.395530
st_5 OUTPUT 1.840460 1.840460
st_5 OUTPUT 7.625030 5.796880
st_5 OUTPUT 9.036310 3.492260
st_5 OUTPUT 8.660420 4.922030
st_5 OUTPUT 2.538170 2.320150
st_5 OUTPUT 8.735230 6.801180
st_4 st_5 4.123010 4.123010
st_4 st_4 3.753820 3.113350
st_4 st_3 8.992600 3.752300
st_4 st_2 8.707960 4.357850
st_4 st_1 9.113100 5.805740
st_4 st_0 10.113820 3.806190
st_4 OUTPUT 5.891710 3.574240
st_4 OUTPUT 4.167050 3.705730
st_4 OUTPUT 5.015430 4.160160
st_4 OUTPUT 7.453410 3.403050
st_4 OUTPUT 7.632420 2.410150
st_4 OUTPUT 8.414170 2.853510
st_3 st_5 5.651380 1.847010
st_3 st_4 7.777550 2.491540
st_3 st_3 7.454310 4.109290
st_3 st_2 7.398850 4.093230
st_3 st_1 9.085620 4.073440
st_3 st_0 12.618540 5.903680
st_3 OUTPUT 2.301250 2.301250
st_3 OUTPUT 3.485660 3.183010
st_3 OUTPUT 7.124780 5.013070
st_3 OUTPUT 8.536060 7.117890
st_3 OUTPUT 4.789040 4.789040
st_3 OUTPUT 6.094130 2.443890
st_3 OUTPUT 7.609230 2.887570
st_2 st_5 7.851180 2.767460
st_2 st_4 8.427650 3.182270
st_2 st_3 7.480470 5.083010
st_2 st_2 9.688750 4.746570
st_2 st_1 9.600640 3.990490
st_2 st_0 13.547750 6.563500
st_2 OUTPUT 2.474040 2.474040
st_2 OUTPUT 7.302410 3.428690
st_2 OUTPUT 7.763120 2.862290
st_2 OUTPUT 6.536280 4.683280
st_2 OUTPUT 5.748540 4.058170
st_2 OUTPUT 6.884040 2.616680
st_2 OUTPUT 7.663110 5.367920
st_1 st_5 5.474180 4.042510
st_1 st_4 8.157280 5.403450
st_1 st_3 3.171350 1.833690
st_1 st_2 8.692050 2.165240
st_1 st_1 8.977110 5.504780
st_1 st_0 13.372360 5.949790
st_1 OUTPUT 4.672540 4.672540
st_1 OUTPUT 3.308460 3.253300
st_1 OUTPUT 6.151020 4.835870
st_1 OUTPUT 8.684440 4.383500
st_1 OUTPUT 7.486550 2.275790
st_1 OUTPUT 2.702740 2.702740
st_1 OUTPUT 7.487720 3.882330
st_0 st_5 7.314340 2.518040
st_0 st_4 5.584160 2.501150
st_0 st_3 8.390460 2.938550
st_0 st_2 8.046080 4.005390
st_0 st_1 9.642490 2.810000
st_0 st_0 14.295310 4.518500
st_0 OUTPUT 5.274680 5.274680
st_0 OUTPUT 6.066640 5.659740
st_0 OUTPUT 6.120450 3.880660
st_0 OUTPUT 9.286580 3.040610
st_0 OUTPUT 8.088690 2.105790
st_0 OUTPUT 5.241370 2.001170
st_0 OUTPUT 6.685050 1.347030
