Network s526n.bench
latch latch max_delay min_delay
INPUT latch max_delay min_delay
latch OUTPUT max_delay min_delay
INPUT G10 1.197620 1.197620
INPUT G11 4.591320 4.591320
INPUT G12 5.862140 0.934280
INPUT G13 2.435290 2.435290
INPUT G14 1.667810 1.667810
INPUT G15 2.207900 2.207900
INPUT G16 4.051710 4.051710
INPUT G17 4.447810 4.447810
INPUT G18 4.393150 4.204130
INPUT G19 6.482310 3.716330
INPUT G20 4.591320 4.591320
INPUT G21 2.435290 2.435290
INPUT G22 2.027810 2.027810
INPUT G29 2.350540 2.350540
INPUT G30 2.350540 2.350540
INPUT G30 2.380540 2.215390
INPUT G29 2.380540 2.215390
G10 G10 1.367620 1.367620
G10 G11 6.062750 1.711450
G10 G12 7.669740 7.101350
G10 G13 8.358060 7.770490
G10 G14 5.341950 3.566290
G10 G15 5.673960 2.776450
G10 G16 6.188480 5.454120
G10 G17 6.188480 5.454120
G10 G18 7.838940 7.373910
G10 G19 6.188480 5.454120
G10 G20 9.944040 5.794140
G10 G21 8.292120 7.669740
G11 G11 3.436900 1.692560
G11 G12 8.914390 5.021950
G11 G13 9.015140 6.278660
G11 G14 4.228910 3.113090
G11 G15 4.367420 3.007550
G11 G16 7.433130 2.674720
G11 G17 7.433130 2.674720
G11 G18 9.083590 5.294510
G11 G19 7.433130 2.674720
G11 G20 7.864640 7.038790
G11 G21 8.914390 5.512720
G12 G12 6.831030 5.060070
G12 G13 7.958810 6.012050
G12 G21 3.925790 3.925790
G12 G22 5.570790 4.773720
G12 G23 11.144130 3.477880
G12 G24 11.712790 2.380540
G12 G25 10.737160 3.675730
G12 G26 11.508980 4.002940
G12 G27 10.259680 6.380960
G12 G28 10.815250 3.177870
G13 G13 4.713370 3.751290
G13 G21 5.431790 5.431790
G13 G22 7.434890 6.637820
G13 G23 13.008230 1.692560
G13 G24 13.576890 4.113410
G13 G25 12.601260 2.047920
G13 G26 13.373080 3.656670
G13 G27 12.123780 2.431480
G13 G28 12.679350 2.275790
G14 G11 3.983350 3.983350
G14 G12 8.551510 7.411240
G14 G13 8.667950 8.652260
G14 G14 3.456290 2.105790
G14 G15 4.874540 2.906660
G14 G16 7.070250 3.375730
G14 G17 7.070250 5.944350
G14 G18 8.720710 7.683800
G14 G19 7.070250 5.944350
G14 G20 10.253930 6.675910
G14 G21 8.551510 6.213770
G15 G11 5.007650 5.007650
G15 G12 7.168030 6.088850
G15 G13 7.345560 7.268780
G15 G15 4.436230 2.758230
G15 G16 5.686770 4.538730
G15 G17 5.686770 4.699590
G15 G18 7.337230 6.361410
G15 G19 5.686770 4.699590
G15 G20 8.931540 5.292430
G15 G21 7.237020 7.168030
G16 G12 5.556710 3.517820
G16 G13 6.784390 4.752610
G16 G16 4.359620 3.002550
G16 G17 6.217760 3.598170
G16 G18 2.997800 2.617670
G16 G19 4.892130 4.646990
G16 G20 4.957860 4.811390
G16 G21 5.916710 3.078090
G17 G12 6.801150 4.818140
G17 G13 5.997050 5.256350
G17 G17 4.996060 3.002550
G17 G18 3.506740 2.866300
G17 G19 7.172470 4.137990
G17 G20 6.202300 3.983350
G17 G21 7.161150 4.317330
G18 G12 6.788730 5.524550
G18 G13 5.984630 5.957350
G18 G17 6.383960 4.959720
G18 G18 3.687800 2.370720
G18 G19 6.862330 4.377990
G18 G20 6.855830 6.189880
G18 G21 7.148730 4.573860
G18 G26 4.374060 4.374060
G18 G27 1.477620 1.477620
G19 G12 5.050830 3.655170
G19 G13 7.120360 4.246730
G19 G17 4.470460 4.218400
G19 G19 5.037930 3.002550
G19 G20 5.117930 4.451980
G19 G21 5.680160 5.410830
G20 G12 4.421110 3.386250
G20 G13 6.941250 3.757820
G20 G20 5.626840 2.404760
G20 G21 7.084220 4.629750
G20 G22 5.956350 4.765080
G20 G23 11.529690 6.614090
G20 G24 12.098350 5.475140
G20 G25 11.122720 4.683750
G20 G26 11.894540 4.903290
G20 G27 10.645240 4.088900
G20 G28 11.200810 3.322250
G21 G12 4.242190 3.146250
G21 G13 4.785140 3.000140
G21 G21 5.274880 3.598830
G21 G22 5.657430 2.674720
G21 G23 11.230770 3.656770
G21 G24 11.799430 5.361140
G21 G25 10.823800 1.946910
G21 G26 11.595620 3.665860
G21 G27 10.346320 3.568400
G21 G28 10.901890 3.067870
G22 G22 2.611710 2.611710
G22 G23 7.184090 7.184090
G22 G24 7.752750 7.752750
G22 G25 6.777120 6.777120
G22 G26 7.548940 6.283920
G22 G27 6.299640 6.005440
G22 G28 6.855210 6.855210
G23 G23 2.215390 2.215390
G23 OUTPUT 0.000000 0.000000
G24 G24 5.817020 2.419330
G24 OUTPUT 0.000000 0.000000
G25 G25 3.328700 2.318000
G25 OUTPUT 0.000000 0.000000
G26 G26 4.046980 3.542930
G26 OUTPUT 0.000000 0.000000
G27 G27 4.215540 3.207090
G27 OUTPUT 0.000000 0.000000
G28 G28 2.611710 2.611710
G28 OUTPUT 0.000000 0.000000
G29 G22 3.855990 3.375730
G29 G23 9.429330 7.047030
G29 G24 9.997990 7.615690
G29 G25 9.022360 6.640060
G29 G26 9.794180 6.146860
G29 G27 8.544880 5.868380
G29 G28 9.100450 6.718150
G29 G29 2.427410 2.394500
G30 G12 5.481690 5.188190
G30 G13 6.738400 5.503730
G30 G16 3.521310 3.172550
G30 G17 4.508400 3.172550
G30 G18 5.762800 2.820430
G30 G19 5.157630 3.172550
G30 G20 8.332930 2.574760
G30 G21 5.188190 4.582170
G30 G30 3.463700 2.427410
