Network s526.bench
latch latch max_delay min_delay
INPUT latch max_delay min_delay
latch OUTPUT max_delay min_delay
INPUT G10 1.197620 1.197620
INPUT G11 4.547760 4.547760
INPUT G12 5.818580 0.934280
INPUT G13 2.435290 2.435290
INPUT G14 1.667810 1.667810
INPUT G15 2.207900 2.207900
INPUT G16 4.051710 4.051710
INPUT G17 4.792450 4.792450
INPUT G18 4.349590 4.160570
INPUT G19 6.438750 3.716330
INPUT G20 4.547760 4.547760
INPUT G21 2.435290 2.435290
INPUT G22 2.027810 2.027810
INPUT G29 2.350540 2.350540
INPUT G30 2.350540 2.350540
INPUT G30 2.380540 2.215390
INPUT G29 2.380540 2.215390
G10 G10 1.367620 1.367620
G10 G11 6.062750 1.711450
G10 G12 7.705840 7.101350
G10 G13 8.358060 7.118930
G10 G14 5.341950 3.566290
G10 G15 5.642280 2.776450
G10 G16 6.224580 5.454120
G10 G17 6.224580 5.454120
G10 G18 7.875040 7.373910
G10 G19 6.224580 5.454120
G10 G20 9.944040 5.830240
G10 G21 7.705840 7.561650
G11 G11 3.436900 1.692560
G11 G12 8.950590 5.021950
G11 G13 8.363680 6.278660
G11 G14 4.228910 3.113090
G11 G15 4.799240 3.007550
G11 G16 7.469330 2.674720
G11 G17 7.469330 2.674720
G11 G18 9.119790 5.294510
G11 G19 7.469330 2.674720
G11 G20 7.864640 7.074990
G11 G21 8.950590 4.782250
G12 G12 6.611250 4.840290
G12 G13 7.739030 6.507590
G12 G21 4.582170 4.582170
G12 G22 5.570790 4.773720
G12 G23 11.057670 3.477880
G12 G24 11.626330 2.380540
G12 G25 11.022400 4.246840
G12 G26 11.422520 4.002940
G12 G27 10.173220 6.161180
G12 G28 10.728790 2.727470
G13 G13 4.713370 3.745350
G13 G21 6.162230 6.162230
G13 G22 7.428950 6.631880
G13 G23 12.915830 1.692560
G13 G24 13.484490 4.107470
G13 G25 12.880560 2.047920
G13 G26 13.280680 3.656670
G13 G27 12.031380 2.431480
G13 G28 12.586950 2.275790
G14 G11 3.983350 3.983350
G14 G12 8.587710 7.411240
G14 G13 8.667950 8.000800
G14 G14 3.456290 2.105790
G14 G15 5.306360 2.906660
G14 G16 7.106450 3.375730
G14 G17 7.106450 5.944350
G14 G18 8.756910 7.683800
G14 G19 7.106450 5.944350
G14 G20 10.253930 6.712110
G14 G21 8.587710 5.483310
G15 G11 5.007650 5.007650
G15 G12 7.204230 6.088850
G15 G13 7.345560 6.617320
G15 G15 4.868070 2.758230
G15 G16 5.722970 4.538730
G15 G17 5.722970 4.699590
G15 G18 7.373430 6.361410
G15 G19 5.722970 4.699590
G15 G20 8.931540 5.328630
G15 G21 7.204230 6.506550
G16 G12 5.556710 3.517820
G16 G13 6.786370 4.752610
G16 G16 4.359620 3.002550
G16 G17 5.687630 4.433510
G16 G18 2.997800 2.617670
G16 G19 4.892130 4.646990
G16 G20 4.957860 4.813370
G16 G21 5.916710 3.078090
G17 G12 7.256550 5.273540
G17 G13 6.452450 5.256350
G17 G17 5.961330 3.002550
G17 G18 3.506740 2.866300
G17 G19 7.684710 4.137990
G17 G20 6.657700 3.983350
G17 G21 7.616550 4.772730
G18 G12 7.010490 5.746310
G18 G13 6.206390 5.957350
G18 G17 6.333950 6.190120
G18 G18 3.687800 2.370720
G18 G19 7.054990 4.377990
G18 G20 7.077590 6.411640
G18 G21 7.370490 4.573860
G18 G26 4.595820 4.595820
G18 G27 1.477620 1.477620
G19 G12 5.050830 3.655170
G19 G13 7.120360 4.246730
G19 G17 4.886060 4.164290
G19 G19 6.318990 3.002550
G19 G20 5.117930 4.451980
G19 G21 5.680160 5.410830
G20 G12 4.421110 3.386250
G20 G13 6.941250 3.757820
G20 G20 5.626840 2.404760
G20 G21 7.278260 4.823790
G20 G22 6.150390 4.959120
G20 G23 11.637270 6.568990
G20 G24 12.205930 5.475140
G20 G25 11.602000 5.737020
G20 G26 12.002120 5.097330
G20 G27 10.752820 4.088900
G20 G28 11.308390 3.067870
G21 G12 4.242190 3.146250
G21 G13 4.785140 3.517820
G21 G21 5.274880 3.806730
G21 G22 5.865330 2.674720
G21 G23 11.352210 3.656770
G21 G24 11.920870 5.361140
G21 G25 11.316940 1.946910
G21 G26 11.717060 3.665860
G21 G27 10.467760 3.568400
G21 G28 11.023330 2.647470
G22 G22 2.611710 2.611710
G22 G23 7.097410 7.097410
G22 G24 7.666070 7.666070
G22 G25 7.062140 7.062140
G22 G26 7.462260 6.197240
G22 G27 6.212960 5.918760
G22 G28 6.768530 6.768530
G23 G23 2.215390 2.215390
G23 OUTPUT 0.000000 0.000000
G24 G24 5.817020 2.419330
G24 OUTPUT 0.000000 0.000000
G25 G25 5.010780 2.519960
G25 OUTPUT 0.000000 0.000000
G26 G26 4.046980 3.542930
G26 OUTPUT 0.000000 0.000000
G27 G27 4.215540 3.207090
G27 OUTPUT 0.000000 0.000000
G28 G28 2.611710 2.611710
G28 OUTPUT 0.000000 0.000000
G29 G22 3.855990 3.375730
G29 G23 9.342870 7.001930
G29 G24 9.911530 7.570590
G29 G25 9.307600 6.966660
G29 G26 9.707720 6.101760
G29 G27 8.458420 5.823280
G29 G28 9.013990 6.673050
G29 G29 2.427410 2.394500
G30 G12 5.469810 5.176310
G30 G13 6.726520 4.776530
G30 G16 3.521310 3.172550
G30 G17 4.747610 3.172550
G30 G18 5.750920 2.820430
G30 G19 5.145750 3.172550
G30 G20 8.321050 2.574760
G30 G21 5.176310 3.925790
G30 G30 3.451820 2.427410
