Network s5378.bench
latch latch max_delay min_delay
INPUT latch max_delay min_delay
latch OUTPUT max_delay min_delay
INPUT n271gat 0.499980 0.499980
INPUT n1068gat 3.011840 3.011840
INPUT n834gat 1.947030 1.947030
INPUT n680gat 3.121840 3.121840
INPUT n1035gat 2.878710 2.878710
INPUT n659gat 2.958810 2.958810
INPUT n337gat 0.499980 0.499980
INPUT n861gat 2.575600 2.575600
INPUT n838gat 1.947030 1.947030
INPUT n580gat 2.655600 2.655600
INPUT n1072gat 2.862870 2.862870
INPUT n777gat 3.597110 3.597110
INPUT n160gat 0.499980 0.499980
INPUT n957gat 2.593420 2.593420
INPUT n707gat 1.947030 1.947030
INPUT n816gat 3.123820 3.123820
INPUT n1121gat 2.880690 2.880690
INPUT n553gat 2.960790 2.960790
INPUT n341gat 0.499980 0.499980
INPUT n865gat 3.001940 3.001940
INPUT n614gat 1.947030 1.947030
INPUT n584gat 2.661540 2.661540
INPUT n931gat 2.868810 2.868810
INPUT n322gat 2.948910 2.948910
INPUT n398gat 0.499980 0.499980
INPUT n1148gat 3.033620 3.033620
INPUT n699gat 3.782310 3.782310
INPUT n1045gat 2.900490 2.900490
INPUT n314gat 3.634730 3.634730
INPUT n402gat 0.499980 0.499980
INPUT n1080gat 3.033620 3.033620
INPUT n684gat 3.782310 3.782310
INPUT n1135gat 2.900490 2.900490
INPUT n318gat 3.634730 3.634730
INPUT n846gat 0.499980 0.499980
INPUT n1294gat 3.011840 3.011840
INPUT n824gat 3.143360 3.143360
INPUT n1282gat 2.878710 2.878710
INPUT n561gat 2.958810 2.958810
INPUT n673gat 3.139660 3.139660
INPUT n919gat 0.499980 0.499980
INPUT n883gat 3.778350 3.778350
INPUT n1226gat 2.896530 2.896530
INPUT n366gat 3.630770 3.630770
INPUT n842gat 0.499980 0.499980
INPUT n1241gat 3.033620 3.033620
INPUT n830gat 1.947030 1.947030
INPUT n820gat 3.782310 3.782310
INPUT n1197gat 2.900490 2.900490
INPUT n667gat 3.634730 3.634730
INPUT n1068gat 2.381560 2.381560
INPUT n680gat 2.461560 2.461560
INPUT n659gat 3.403070 3.403070
INPUT n861gat 2.817800 2.817800
INPUT n580gat 2.927800 2.927800
INPUT n777gat 2.764770 2.764770
INPUT n957gat 2.799980 2.799980
INPUT n816gat 2.459580 2.459580
INPUT n553gat 3.401090 3.401090
INPUT n865gat 2.391460 2.391460
INPUT n584gat 2.921860 2.921860
INPUT n322gat 3.412970 3.412970
INPUT n1148gat 2.399380 2.399380
INPUT n699gat 2.951300 2.951300
INPUT n314gat 2.766750 2.766750
INPUT n1080gat 2.399380 2.399380
INPUT n684gat 2.951300 2.951300
INPUT n318gat 2.766750 2.766750
INPUT n1294gat 2.421160 2.421160
INPUT n824gat 3.590250 3.590250
INPUT n561gat 3.442670 3.442670
INPUT n673gat 2.463540 2.463540
INPUT n883gat 2.935460 2.935460
INPUT n366gat 2.750910 2.750910
INPUT n1241gat 2.399380 2.399380
INPUT n820gat 2.951300 2.951300
INPUT n667gat 2.766750 2.766750
INPUT n2510gat 8.250750 6.198850
INPUT n834gat 16.125240 11.129090
INPUT n707gat 16.125240 11.129090
INPUT n838gat 16.125240 11.129090
INPUT n830gat 16.125240 11.129090
INPUT n614gat 16.125240 11.129090
INPUT n680gat 13.462050 9.843230
INPUT n816gat 13.462050 9.843230
INPUT n580gat 13.882450 9.422830
INPUT n824gat 16.460970 10.154750
INPUT n820gat 16.460970 10.441920
INPUT n883gat 16.460970 10.441920
INPUT n584gat 13.882450 9.422830
INPUT n684gat 16.460970 10.441920
INPUT n699gat 16.460970 10.441920
INPUT n1035gat 12.572110 11.122830
INPUT n1121gat 12.572110 11.122830
INPUT n1072gat 12.572110 11.122830
INPUT n1282gat 12.572110 11.122830
INPUT n1226gat 12.572110 11.122830
INPUT n931gat 12.572110 11.122830
INPUT n1135gat 12.572110 11.122830
INPUT n1045gat 12.572110 11.122830
INPUT n1197gat 12.572110 11.122830
INPUT n2095gat 8.520120 7.560990
INPUT OUTPUT 9.320130 7.520810
INPUT OUTPUT 9.517310 7.623470
INPUT OUTPUT 8.803860 6.751960
INPUT OUTPUT 7.487220 7.487220
INPUT OUTPUT 7.487220 7.487220
INPUT OUTPUT 7.487220 7.487220
INPUT OUTPUT 7.487220 7.487220
INPUT OUTPUT 7.487220 7.487220
INPUT OUTPUT 7.487220 7.487220
INPUT OUTPUT 7.487220 7.487220
INPUT OUTPUT 7.487220 7.487220
INPUT OUTPUT 10.030090 8.325190
INPUT OUTPUT 10.030090 8.263370
INPUT OUTPUT 10.321910 8.123370
INPUT OUTPUT 10.321910 8.123370
INPUT OUTPUT 10.030090 8.263370
INPUT OUTPUT 10.321910 8.123370
INPUT OUTPUT 10.321910 8.123370
INPUT OUTPUT 10.030090 8.263370
INPUT OUTPUT 10.120090 8.325190
INPUT OUTPUT 8.544070 7.357170
INPUT n2510gat 8.270260 6.003850
INPUT n834gat 15.865240 10.916100
INPUT n707gat 15.865240 10.916100
INPUT n838gat 15.865240 10.916100
INPUT n830gat 15.865240 10.916100
INPUT n614gat 15.865240 10.916100
INPUT n680gat 13.202050 9.630240
INPUT n816gat 13.202050 9.630240
INPUT n580gat 13.622450 9.209840
INPUT n824gat 16.200970 9.941760
INPUT n820gat 16.200970 10.228930
INPUT n883gat 16.200970 10.228930
INPUT n584gat 13.622450 9.209840
INPUT n684gat 16.200970 10.228930
INPUT n699gat 16.200970 10.228930
INPUT n1035gat 12.312110 10.909840
INPUT n1121gat 12.312110 10.909840
INPUT n1072gat 12.312110 10.909840
INPUT n1282gat 12.312110 10.909840
INPUT n1226gat 12.312110 10.909840
INPUT n931gat 12.312110 10.909840
INPUT n1135gat 12.312110 10.909840
INPUT n1045gat 12.312110 10.909840
INPUT n1197gat 12.312110 10.909840
INPUT n2095gat 8.260120 7.348000
INPUT OUTPUT 9.060130 7.307820
INPUT OUTPUT 9.257310 7.410480
INPUT OUTPUT 8.823370 6.556960
INPUT OUTPUT 8.297580 8.297580
INPUT OUTPUT 8.297580 8.297580
INPUT OUTPUT 8.297580 8.297580
INPUT OUTPUT 8.297580 8.297580
INPUT OUTPUT 8.297580 8.297580
INPUT OUTPUT 8.297580 8.297580
INPUT OUTPUT 8.297580 8.297580
INPUT OUTPUT 8.297580 8.297580
INPUT OUTPUT 10.840450 7.636630
INPUT OUTPUT 10.840450 7.574810
INPUT OUTPUT 11.132270 7.434810
INPUT OUTPUT 11.132270 7.434810
INPUT OUTPUT 10.840450 7.574810
INPUT OUTPUT 11.132270 7.434810
INPUT OUTPUT 11.132270 7.434810
INPUT OUTPUT 10.840450 7.574810
INPUT OUTPUT 10.930450 7.636630
INPUT OUTPUT 8.284070 7.144180
INPUT n2510gat 8.521220 5.632490
INPUT n834gat 16.186240 10.129610
INPUT n707gat 16.186240 10.129610
INPUT n838gat 16.186240 10.129610
INPUT n830gat 16.186240 10.129610
INPUT n614gat 16.186240 10.129610
INPUT n680gat 13.523050 7.584360
INPUT n816gat 13.523050 7.584360
INPUT n580gat 13.943450 7.163960
INPUT n824gat 16.521970 7.895880
INPUT n820gat 16.521970 8.183050
INPUT n883gat 16.521970 8.183050
INPUT n584gat 13.943450 7.163960
INPUT n684gat 16.521970 8.183050
INPUT n699gat 16.521970 8.183050
INPUT n1035gat 12.633110 8.625250
INPUT n1121gat 12.633110 8.625250
INPUT n1072gat 12.633110 8.625250
INPUT n1282gat 12.633110 8.625250
INPUT n1226gat 12.633110 8.625250
INPUT n931gat 12.633110 8.625250
INPUT n1135gat 12.633110 8.625250
INPUT n1045gat 12.633110 8.625250
INPUT n1197gat 12.633110 8.625250
INPUT n2095gat 8.581120 5.063410
INPUT OUTPUT 9.381130 3.741110
INPUT OUTPUT 9.578310 5.364670
INPUT OUTPUT 18.588370 6.185600
INPUT OUTPUT 18.574690 8.195420
INPUT OUTPUT 17.468420 8.195420
INPUT OUTPUT 18.588370 8.195420
INPUT OUTPUT 18.121930 8.195420
INPUT OUTPUT 18.995090 8.195420
INPUT OUTPUT 17.934860 8.195420
INPUT OUTPUT 18.617240 8.195420
INPUT OUTPUT 19.338750 7.234100
INPUT OUTPUT 19.237790 7.133140
INPUT OUTPUT 18.549230 8.904440
INPUT OUTPUT 18.243730 8.764440
INPUT OUTPUT 17.137460 8.764440
INPUT OUTPUT 18.549230 8.904440
INPUT OUTPUT 17.790970 8.764440
INPUT OUTPUT 18.664130 8.764440
INPUT OUTPUT 17.895720 8.904440
INPUT OUTPUT 18.516280 8.966260
INPUT OUTPUT 8.605070 3.577470
INPUT n2510gat 7.813570 6.138510
INPUT n834gat 13.036720 10.761300
INPUT n707gat 13.036720 10.761300
INPUT n838gat 13.036720 10.761300
INPUT n830gat 13.036720 10.761300
INPUT n614gat 13.036720 10.761300
INPUT n680gat 10.373530 8.216050
INPUT n816gat 10.373530 8.216050
INPUT n580gat 10.793930 7.795650
INPUT n824gat 13.372450 8.527570
INPUT n820gat 13.372450 8.814740
INPUT n883gat 13.372450 8.814740
INPUT n584gat 10.793930 7.795650
INPUT n684gat 13.372450 8.814740
INPUT n699gat 13.372450 8.814740
INPUT n1035gat 8.951330 8.803470
INPUT n1121gat 8.951330 8.803470
INPUT n1072gat 8.951330 8.803470
INPUT n1282gat 8.951330 8.803470
INPUT n1226gat 8.951330 8.803470
INPUT n931gat 8.951330 8.803470
INPUT n1135gat 8.951330 8.803470
INPUT n1045gat 8.951330 8.803470
INPUT n1197gat 8.951330 8.803470
INPUT n2095gat 5.389490 5.241630
INPUT OUTPUT 5.660650 2.534790
INPUT OUTPUT 5.996360 5.718220
INPUT OUTPUT 18.460740 6.496680
INPUT OUTPUT 18.447060 6.496680
INPUT OUTPUT 17.555950 6.496680
INPUT OUTPUT 18.460740 6.496680
INPUT OUTPUT 17.994300 6.496680
INPUT OUTPUT 18.867460 6.496680
INPUT OUTPUT 17.807230 6.496680
INPUT OUTPUT 18.489610 6.496680
INPUT OUTPUT 19.211120 6.496680
INPUT OUTPUT 19.110160 7.005510
INPUT OUTPUT 18.421600 9.039550
INPUT OUTPUT 18.116100 8.968260
INPUT OUTPUT 17.224990 8.968260
INPUT OUTPUT 18.421600 9.039550
INPUT OUTPUT 17.663340 8.968260
INPUT OUTPUT 18.536500 8.968260
INPUT OUTPUT 17.768090 9.039550
INPUT OUTPUT 18.388650 8.856820
INPUT OUTPUT 4.884590 2.371150
INPUT n2510gat 7.872090 6.197030
INPUT n834gat 11.794560 7.919700
INPUT n707gat 11.794560 7.919700
INPUT n838gat 11.794560 7.919700
INPUT n830gat 11.794560 7.919700
INPUT n614gat 11.794560 7.919700
INPUT n680gat 9.131370 7.337450
INPUT n816gat 9.131370 7.337450
INPUT n580gat 9.551770 6.917050
INPUT n824gat 12.130290 7.648970
INPUT n820gat 12.130290 7.936140
INPUT n883gat 12.130290 7.936140
INPUT n584gat 9.551770 6.917050
INPUT n684gat 12.130290 7.936140
INPUT n699gat 12.130290 7.936140
INPUT n1035gat 9.487570 8.994120
INPUT n1121gat 9.487570 8.994120
INPUT n1072gat 9.487570 8.994120
INPUT n1282gat 9.487570 8.994120
INPUT n1226gat 9.487570 8.994120
INPUT n931gat 9.487570 8.994120
INPUT n1135gat 9.487570 8.994120
INPUT n1045gat 9.487570 8.994120
INPUT n1197gat 9.487570 8.994120
INPUT n2095gat 5.432280 4.896320
INPUT OUTPUT 6.232290 5.794440
INPUT OUTPUT 6.429470 6.147100
INPUT OUTPUT 16.883890 6.551660
INPUT OUTPUT 16.870210 6.551660
INPUT OUTPUT 17.718830 6.551660
INPUT OUTPUT 17.732510 6.551660
INPUT OUTPUT 17.298430 6.551660
INPUT OUTPUT 17.298430 6.551660
INPUT OUTPUT 17.732510 6.551660
INPUT OUTPUT 16.931380 6.551660
INPUT OUTPUT 18.485690 6.551660
INPUT OUTPUT 18.384730 7.845670
INPUT OUTPUT 16.844750 9.094530
INPUT OUTPUT 16.539250 9.370560
INPUT OUTPUT 17.387870 9.370560
INPUT OUTPUT 17.693370 9.094530
INPUT OUTPUT 16.967470 9.370560
INPUT OUTPUT 16.967470 9.370560
INPUT OUTPUT 17.693370 9.094530
INPUT OUTPUT 16.830420 8.751090
INPUT OUTPUT 5.630800 5.456230
INPUT n2510gat 7.378520 6.511930
INPUT n834gat 12.519070 7.800220
INPUT n707gat 12.519070 7.800220
INPUT n838gat 12.519070 7.800220
INPUT n830gat 12.519070 7.800220
INPUT n614gat 12.519070 7.800220
INPUT n680gat 9.855880 7.970130
INPUT n816gat 9.855880 7.970130
INPUT n580gat 10.276280 7.549730
INPUT n824gat 12.854800 8.281650
INPUT n820gat 12.854800 8.568820
INPUT n883gat 12.854800 8.568820
INPUT n584gat 10.276280 7.549730
INPUT n684gat 12.854800 8.568820
INPUT n699gat 12.854800 8.568820
INPUT n1035gat 9.484440 8.855860
INPUT n1121gat 9.484440 8.855860
INPUT n1072gat 9.484440 8.855860
INPUT n1282gat 9.484440 8.855860
INPUT n1226gat 9.484440 8.855860
INPUT n931gat 9.484440 8.855860
INPUT n1135gat 9.484440 8.855860
INPUT n1045gat 9.484440 8.855860
INPUT n1197gat 9.484440 8.855860
INPUT n2095gat 5.529000 5.301840
INPUT OUTPUT 5.410360 5.162730
INPUT OUTPUT 6.251330 5.515390
INPUT OUTPUT 16.757510 7.065040
INPUT OUTPUT 16.743830 12.881610
INPUT OUTPUT 17.592450 12.461210
INPUT OUTPUT 17.606130 11.288270
INPUT OUTPUT 17.172050 12.881610
INPUT OUTPUT 17.172050 12.008450
INPUT OUTPUT 17.606130 12.033470
INPUT OUTPUT 16.805000 8.904020
INPUT OUTPUT 18.359310 7.820250
INPUT OUTPUT 18.258350 7.310120
INPUT OUTPUT 16.718370 7.248300
INPUT OUTPUT 16.412870 7.108300
INPUT OUTPUT 17.261490 7.108300
INPUT OUTPUT 17.566990 7.248300
INPUT OUTPUT 16.841090 7.108300
INPUT OUTPUT 16.841090 7.108300
INPUT OUTPUT 17.566990 7.248300
INPUT OUTPUT 16.704040 7.310120
INPUT OUTPUT 4.999090 4.634300
INPUT n2510gat 7.339140 6.472550
INPUT OUTPUT 7.892250 7.025660
INPUT n2588gat 4.319000 4.319000
INPUT n834gat 9.956550 9.597430
INPUT n707gat 9.956550 9.597430
INPUT n838gat 9.956550 9.597430
INPUT n830gat 9.956550 9.597430
INPUT n614gat 9.956550 9.597430
INPUT n680gat 7.711570 7.711570
INPUT n816gat 7.711570 7.711570
INPUT n580gat 7.291170 7.291170
INPUT n824gat 10.464390 8.023090
INPUT n820gat 10.464390 8.310260
INPUT n883gat 10.464390 8.310260
INPUT n584gat 7.291170 7.291170
INPUT n684gat 10.464390 8.310260
INPUT n699gat 10.464390 8.310260
INPUT n1035gat 8.991170 8.991170
INPUT n1121gat 8.991170 8.991170
INPUT n1072gat 8.991170 8.991170
INPUT n1282gat 8.991170 8.991170
INPUT n1226gat 8.991170 8.991170
INPUT n931gat 8.991170 8.991170
INPUT n1135gat 8.991170 8.991170
INPUT n1045gat 8.991170 8.991170
INPUT n1197gat 8.991170 8.991170
INPUT n2095gat 5.429330 5.429330
INPUT OUTPUT 3.762750 3.762750
INPUT OUTPUT 5.491810 5.491810
INPUT n834gat 10.126550 9.767430
INPUT n707gat 10.126550 9.767430
INPUT n838gat 10.126550 9.767430
INPUT n830gat 10.126550 9.767430
INPUT n614gat 10.126550 9.767430
INPUT n680gat 7.881570 7.881570
INPUT n816gat 7.881570 7.881570
INPUT n580gat 7.461170 7.461170
INPUT n824gat 10.634390 8.193090
INPUT n820gat 10.634390 8.480260
INPUT n883gat 10.634390 8.480260
INPUT n584gat 7.461170 7.461170
INPUT n684gat 10.634390 8.480260
INPUT n699gat 10.634390 8.480260
INPUT n1035gat 9.161170 9.161170
INPUT n1121gat 9.161170 9.161170
INPUT n1072gat 9.161170 9.161170
INPUT n1282gat 9.161170 9.161170
INPUT n1226gat 9.161170 9.161170
INPUT n931gat 9.161170 9.161170
INPUT n1135gat 9.161170 9.161170
INPUT n1045gat 9.161170 9.161170
INPUT n1197gat 9.161170 9.161170
INPUT n2095gat 5.599330 5.599330
INPUT OUTPUT 3.932750 3.932750
INPUT OUTPUT 5.661810 5.661810
INPUT n673gat 3.984020 3.984020
INPUT n1068gat 4.094020 4.094020
INPUT n957gat 3.643620 3.643620
INPUT n861gat 3.643620 3.643620
INPUT n1294gat 4.094020 4.094020
INPUT n1241gat 4.094020 4.094020
INPUT n865gat 4.094020 4.094020
INPUT n1080gat 4.094020 4.094020
INPUT n1148gat 4.094020 4.094020
INPUT n834gat 9.868570 9.509450
INPUT n707gat 9.868570 9.509450
INPUT n838gat 9.868570 9.509450
INPUT n830gat 9.868570 9.509450
INPUT n614gat 9.868570 9.509450
INPUT n680gat 8.223590 8.223590
INPUT n816gat 8.223590 8.223590
INPUT n580gat 7.803190 7.803190
INPUT n824gat 10.976410 8.535110
INPUT n820gat 10.976410 8.822280
INPUT n883gat 10.976410 8.822280
INPUT n584gat 7.803190 7.803190
INPUT n684gat 10.976410 8.822280
INPUT n699gat 10.976410 8.822280
INPUT n1035gat 9.503190 9.503190
INPUT n1121gat 9.503190 9.503190
INPUT n1072gat 9.503190 9.503190
INPUT n1282gat 9.503190 9.503190
INPUT n1226gat 9.503190 9.503190
INPUT n931gat 9.503190 9.503190
INPUT n1135gat 9.503190 9.503190
INPUT n1045gat 9.503190 9.503190
INPUT n1197gat 9.503190 9.503190
INPUT n667gat 6.752050 6.752050
INPUT n659gat 6.017910 6.017910
INPUT n553gat 6.017910 6.017910
INPUT n777gat 6.752050 6.752050
INPUT n561gat 6.017910 6.017910
INPUT n366gat 6.752050 6.752050
INPUT n322gat 6.017910 6.017910
INPUT n318gat 6.752050 6.752050
INPUT n314gat 6.752050 6.752050
INPUT n2095gat 5.941350 5.941350
INPUT OUTPUT 5.901170 5.901170
INPUT OUTPUT 6.003830 6.003830
INPUT OUTPUT 18.766000 12.681260
INPUT OUTPUT 18.752320 12.667580
INPUT OUTPUT 17.897160 12.247180
INPUT OUTPUT 18.766000 11.074240
INPUT OUTPUT 18.299560 12.667580
INPUT OUTPUT 19.172720 11.794420
INPUT OUTPUT 18.112490 11.819440
INPUT OUTPUT 18.794870 9.135350
INPUT OUTPUT 19.516380 7.411730
INPUT OUTPUT 19.415420 7.310770
INPUT OUTPUT 18.726860 7.425380
INPUT OUTPUT 18.421360 7.285380
INPUT OUTPUT 17.566200 7.285380
INPUT OUTPUT 18.726860 7.425380
INPUT OUTPUT 17.968600 7.285380
INPUT OUTPUT 18.841760 7.285380
INPUT OUTPUT 18.073350 7.425380
INPUT OUTPUT 18.693910 7.487200
INPUT OUTPUT 5.737530 5.737530
INPUT n834gat 9.277230 8.918110
INPUT n707gat 9.277230 8.918110
INPUT n838gat 9.277230 8.918110
INPUT n830gat 9.277230 8.918110
INPUT n614gat 9.277230 8.918110
INPUT n680gat 6.614040 6.614040
INPUT n816gat 6.614040 6.614040
INPUT n580gat 7.034440 7.034440
INPUT n824gat 9.612960 7.633130
INPUT n820gat 9.612960 7.345960
INPUT n883gat 9.612960 7.345960
INPUT n584gat 7.034440 7.034440
INPUT n684gat 9.612960 7.345960
INPUT n699gat 9.612960 7.345960
INPUT n1035gat 5.569280 5.569280
INPUT n1121gat 5.569280 5.569280
INPUT n1072gat 5.569280 5.569280
INPUT n1282gat 5.569280 5.569280
INPUT n1226gat 5.569280 5.569280
INPUT n931gat 5.569280 5.569280
INPUT n1135gat 5.569280 5.569280
INPUT n1045gat 5.569280 5.569280
INPUT n1197gat 5.569280 5.569280
INPUT n2095gat 2.105480 2.105480
INPUT OUTPUT 2.507090 2.507090
INPUT OUTPUT 2.105790 2.105790
INPUT n673gat 4.165540 4.165540
INPUT n1068gat 4.245540 4.245540
INPUT n957gat 4.695940 4.695940
INPUT n861gat 4.695940 4.695940
INPUT n1294gat 4.245540 4.245540
INPUT n1241gat 4.245540 4.245540
INPUT n865gat 4.245540 4.245540
INPUT n1080gat 4.245540 4.245540
INPUT n1148gat 4.245540 4.245540
INPUT n834gat 14.592030 12.990070
INPUT n707gat 14.592030 12.990070
INPUT n838gat 14.592030 12.990070
INPUT n830gat 14.592030 12.990070
INPUT n614gat 14.592030 12.990070
INPUT n680gat 11.928840 10.686000
INPUT n816gat 11.928840 10.686000
INPUT n580gat 12.349240 11.106400
INPUT n824gat 14.927760 11.705090
INPUT n820gat 14.927760 11.417920
INPUT n883gat 14.927760 11.417920
INPUT n584gat 12.349240 11.106400
INPUT n684gat 14.927760 11.417920
INPUT n699gat 14.927760 11.417920
INPUT n1035gat 11.038900 10.506640
INPUT n1121gat 11.038900 10.506640
INPUT n1072gat 11.038900 10.506640
INPUT n1282gat 11.038900 10.506640
INPUT n1226gat 11.038900 10.506640
INPUT n931gat 11.038900 10.506640
INPUT n1135gat 11.038900 10.506640
INPUT n1045gat 11.038900 10.506640
INPUT n1197gat 11.038900 10.506640
INPUT n667gat 6.022010 6.022010
INPUT n659gat 6.756150 6.756150
INPUT n553gat 6.756150 6.756150
INPUT n777gat 6.022010 6.022010
INPUT n561gat 6.756150 6.756150
INPUT n366gat 6.022010 6.022010
INPUT n322gat 6.756150 6.756150
INPUT n318gat 6.022010 6.022010
INPUT n314gat 6.022010 6.022010
INPUT n2095gat 6.986910 6.856300
INPUT OUTPUT 7.786920 6.964820
INPUT OUTPUT 7.984100 7.273530
INPUT OUTPUT 18.638250 6.674190
INPUT OUTPUT 18.624570 6.674190
INPUT OUTPUT 17.770660 6.674190
INPUT OUTPUT 18.638250 6.674190
INPUT OUTPUT 18.171810 6.674190
INPUT OUTPUT 19.044970 6.674190
INPUT OUTPUT 17.984740 6.674190
INPUT OUTPUT 18.667120 6.674190
INPUT OUTPUT 19.388630 6.674190
INPUT OUTPUT 19.287670 7.183020
INPUT OUTPUT 18.599110 8.223310
INPUT OUTPUT 18.293610 8.083310
INPUT OUTPUT 17.439700 8.083310
INPUT OUTPUT 18.599110 8.223310
INPUT OUTPUT 17.840850 8.083310
INPUT OUTPUT 18.714010 8.083310
INPUT OUTPUT 17.945600 8.223310
INPUT OUTPUT 18.566160 8.285130
INPUT OUTPUT 7.010860 6.188760
INPUT OUTPUT 6.806250 6.806250
INPUT OUTPUT 6.806250 6.806250
INPUT OUTPUT 5.472460 5.472460
INPUT OUTPUT 5.472460 5.472460
INPUT n1821gat 1.197620 1.197620
INPUT n2399gat 8.251690 8.251690
INPUT n2343gat 8.251690 8.251690
INPUT n2203gat 8.251690 8.251690
INPUT n2562gat 6.315810 6.315810
INPUT n2207gat 8.251690 8.251690
INPUT n2626gat 6.134890 6.134890
INPUT n2490gat 8.070770 8.070770
INPUT n2622gat 8.070770 8.070770
INPUT n2630gat 8.070770 8.070770
INPUT n2543gat 8.070770 8.070770
INPUT n1880gat 3.109700 3.109700
INPUT n1763gat 4.898300 4.898300
INPUT n2640gat 7.040940 7.040940
INPUT n2495gat 5.895950 5.895950
INPUT n2390gat 5.198310 5.198310
INPUT n2270gat 5.565970 5.565970
INPUT n2339gat 5.565970 5.565970
INPUT n2634gat 7.145170 7.145170
INPUT n1775gat 4.728300 4.728300
INPUT n1871gat 4.354160 4.354160
INPUT n2454gat 4.103710 4.103710
INPUT n1771gat 4.728300 4.728300
n673gat n2468gat 8.316600 6.427710
n673gat OUTPUT 8.869710 6.980820
n673gat OUTPUT 4.619470 3.164440
n673gat OUTPUT 4.523350 4.523350
n673gat OUTPUT 4.422390 4.422390
n673gat OUTPUT 4.518510 3.063480
n673gat OUTPUT 9.473190 4.724620
n673gat OUTPUT 9.473190 4.724620
n398gat n2522gat 8.772550 5.974410
n398gat n2472gat 3.134150 3.134150
n398gat n2476gat 8.772550 5.974410
n398gat n834gat 13.716330 11.921270
n398gat n707gat 12.230290 10.523180
n398gat n838gat 12.654870 11.951270
n398gat n830gat 12.944420 12.944420
n398gat n614gat 10.605230 9.516870
n398gat n2526gat 8.481570 5.887030
n398gat n824gat 11.865870 11.499560
n398gat n820gat 13.505260 13.505260
n398gat n883gat 10.937090 10.084350
n398gat n684gat 13.138930 12.518750
n398gat n699gat 14.283810 12.488750
n398gat n1035gat 21.279140 16.382960
n398gat n1121gat 21.279140 16.382960
n398gat n1072gat 21.279140 16.382960
n398gat n1282gat 21.279140 16.382960
n398gat n1226gat 21.279140 16.382960
n398gat n931gat 21.279140 16.382960
n398gat n1135gat 21.279140 16.382960
n398gat n1045gat 21.279140 16.382960
n398gat n1197gat 21.279140 16.382960
n398gat n667gat 27.124670 16.816190
n398gat n659gat 27.128760 16.816190
n398gat n553gat 27.128760 16.816190
n398gat n777gat 27.124670 16.816190
n398gat n561gat 27.128760 16.816190
n398gat n366gat 27.124670 16.816190
n398gat n322gat 27.128760 16.816190
n398gat n318gat 27.124670 16.816190
n398gat n314gat 27.124670 16.816190
n398gat n1834gat 4.500070 4.500070
n398gat n1767gat 4.510130 4.510130
n398gat n2021gat 12.048960 6.038140
n398gat n2091gat 12.065710 7.169530
n398gat n2179gat 9.359100 9.232760
n398gat n2182gat 7.637610 5.206630
n398gat n1775gat 5.869830 5.869830
n398gat n1871gat 12.314510 8.298380
n398gat n2454gat 13.013590 8.997460
n398gat n2040gat 10.199940 6.119310
n398gat n2025gat 12.014320 7.998190
n398gat n1771gat 5.859770 5.859770
n398gat n1748gat 12.014320 7.998190
n398gat n1456gat 13.013590 8.997460
n398gat OUTPUT 9.325660 6.527520
n398gat OUTPUT 9.325660 6.527520
n398gat OUTPUT 4.997320 4.997320
n398gat OUTPUT 9.034680 6.440140
n398gat OUTPUT 4.666360 3.203400
n398gat OUTPUT 9.318810 8.860540
n398gat OUTPUT 17.795900 9.423090
n398gat OUTPUT 17.795900 9.423090
n398gat OUTPUT 16.593640 9.676680
n398gat OUTPUT 16.593640 9.676680
n398gat OUTPUT 14.603390 9.427450
n398gat OUTPUT 14.603390 9.427450
n398gat OUTPUT 11.000020 6.919390
n402gat n2522gat 9.392830 5.539570
n402gat n2472gat 2.957320 2.957320
n402gat n2476gat 9.392830 5.539570
n402gat n834gat 15.432550 13.637490
n402gat n707gat 13.946510 12.239400
n402gat n838gat 14.371090 13.667490
n402gat n830gat 14.660640 14.660640
n402gat n614gat 12.321450 11.233090
n402gat n2526gat 9.110950 5.249890
n402gat n824gat 13.582090 13.215780
n402gat n820gat 15.221480 15.221480
n402gat n883gat 12.653310 11.800570
n402gat n684gat 14.855150 14.234970
n402gat n699gat 16.000030 14.204970
n402gat n1035gat 22.995360 17.475730
n402gat n1121gat 22.995360 17.475730
n402gat n1072gat 22.995360 17.475730
n402gat n1282gat 22.995360 17.475730
n402gat n1226gat 22.995360 17.475730
n402gat n931gat 22.995360 17.475730
n402gat n1135gat 22.995360 17.475730
n402gat n1045gat 22.995360 17.475730
n402gat n1197gat 22.995360 17.475730
n402gat n667gat 28.840890 17.908960
n402gat n659gat 28.844980 17.908960
n402gat n553gat 28.844980 17.908960
n402gat n777gat 28.840890 17.908960
n402gat n561gat 28.844980 17.908960
n402gat n366gat 28.840890 17.908960
n402gat n322gat 28.844980 17.908960
n402gat n318gat 28.840890 17.908960
n402gat n314gat 28.840890 17.908960
n402gat n1834gat 6.216290 6.216290
n402gat n1767gat 6.226350 6.226350
n402gat n2021gat 13.765180 7.754360
n402gat n2091gat 13.781930 8.262300
n402gat n2179gat 11.075320 10.948980
n402gat n2182gat 7.460780 6.299400
n402gat n1775gat 7.586050 7.586050
n402gat n1871gat 13.268250 11.623480
n402gat n2454gat 13.967330 12.322560
n402gat n2040gat 11.916160 7.256530
n402gat n2025gat 12.968060 11.323290
n402gat n1771gat 7.575990 7.575990
n402gat n1748gat 12.968060 11.323290
n402gat n1456gat 13.967330 12.322560
n402gat OUTPUT 9.945940 6.092680
n402gat OUTPUT 9.945940 6.092680
n402gat OUTPUT 9.664060 4.114160
n402gat OUTPUT 3.783200 3.203400
n402gat OUTPUT 11.035030 10.576760
n402gat OUTPUT 19.512120 9.246260
n402gat OUTPUT 19.512120 9.246260
n402gat OUTPUT 18.309860 9.499850
n402gat OUTPUT 18.309860 9.499850
n402gat OUTPUT 14.426560 9.250620
n402gat OUTPUT 14.426560 9.250620
n402gat OUTPUT 12.716240 8.056610
n919gat n2522gat 8.316600 6.427710
n919gat n2472gat 3.091470 3.091470
n919gat n2476gat 8.316600 6.427710
n919gat n834gat 14.306290 12.511230
n919gat n707gat 12.820250 11.113140
n919gat n838gat 13.244830 12.541230
n919gat n830gat 13.534380 13.534380
n919gat n614gat 11.195190 10.106830
n919gat n2526gat 8.316600 6.427710
n919gat n824gat 12.053120 11.686810
n919gat n820gat 13.692510 13.692510
n919gat n883gat 11.124340 10.271600
n919gat n684gat 13.326180 12.706000
n919gat n699gat 14.471060 12.676000
n919gat n1035gat 21.466390 17.843280
n919gat n1121gat 21.466390 17.843280
n919gat n1072gat 21.466390 17.843280
n919gat n1282gat 21.466390 17.843280
n919gat n1226gat 21.466390 17.843280
n919gat n931gat 21.466390 17.843280
n919gat n1135gat 21.466390 17.843280
n919gat n1045gat 21.466390 17.843280
n919gat n1197gat 21.466390 17.843280
n919gat n667gat 27.311920 18.276510
n919gat n659gat 27.316010 18.276510
n919gat n553gat 27.316010 18.276510
n919gat n777gat 27.311920 18.276510
n919gat n561gat 27.316010 18.276510
n919gat n366gat 27.311920 18.276510
n919gat n322gat 27.316010 18.276510
n919gat n318gat 27.311920 18.276510
n919gat n314gat 27.311920 18.276510
n919gat n1834gat 5.090030 5.090030
n919gat n1767gat 3.594130 3.594130
n919gat n2021gat 12.476200 5.122140
n919gat n2091gat 12.252960 8.629850
n919gat n2179gat 9.949060 9.420010
n919gat n2182gat 8.087640 5.910720
n919gat n1775gat 4.953830 4.953830
n919gat n1871gat 13.815420 11.286590
n919gat n2454gat 14.514500 11.985670
n919gat n2040gat 10.627180 6.867850
n919gat n2025gat 13.515230 10.986400
n919gat n1771gat 6.449730 6.449730
n919gat n1748gat 13.515230 10.986400
n919gat n1456gat 14.514500 11.985670
n919gat OUTPUT 8.869710 6.980820
n919gat OUTPUT 8.869710 6.980820
n919gat OUTPUT 8.869710 6.980820
n919gat OUTPUT 4.882850 4.882850
n919gat OUTPUT 4.781890 2.991300
n919gat OUTPUT 9.506060 9.450500
n919gat OUTPUT 17.983150 8.367160
n919gat OUTPUT 17.983150 8.367160
n919gat OUTPUT 16.780890 8.620750
n919gat OUTPUT 16.780890 8.620750
n919gat OUTPUT 15.053420 8.371520
n919gat OUTPUT 15.053420 8.371520
n919gat OUTPUT 11.427260 7.667930
n846gat n2522gat 8.568660 6.526800
n846gat n2472gat 2.914120 2.914120
n846gat n2476gat 8.568660 6.526800
n846gat n834gat 12.800330 11.005270
n846gat n707gat 11.314290 9.607180
n846gat n838gat 11.738870 11.035270
n846gat n830gat 12.028420 12.028420
n846gat n614gat 9.689230 8.600870
n846gat n2526gat 8.568660 6.526800
n846gat n824gat 11.875770 11.509460
n846gat n820gat 13.515160 13.515160
n846gat n883gat 10.946990 10.094250
n846gat n684gat 13.148830 12.528650
n846gat n699gat 14.293710 12.498650
n846gat n1035gat 21.289040 16.596630
n846gat n1121gat 21.289040 16.596630
n846gat n1072gat 21.289040 16.596630
n846gat n1282gat 21.289040 16.596630
n846gat n1226gat 21.289040 16.596630
n846gat n931gat 21.289040 16.596630
n846gat n1135gat 21.289040 16.596630
n846gat n1045gat 21.289040 16.596630
n846gat n1197gat 21.289040 16.596630
n846gat n667gat 27.134570 17.029860
n846gat n659gat 27.138660 17.029860
n846gat n553gat 27.138660 17.029860
n846gat n777gat 27.134570 17.029860
n846gat n561gat 27.138660 17.029860
n846gat n366gat 27.134570 17.029860
n846gat n322gat 27.138660 17.029860
n846gat n318gat 27.134570 17.029860
n846gat n314gat 27.134570 17.029860
n846gat n1834gat 4.959210 4.959210
n846gat n1767gat 5.147610 5.147610
n846gat n2021gat 12.058860 6.675620
n846gat n2091gat 12.075610 7.383200
n846gat n2179gat 9.242660 8.443100
n846gat n2182gat 7.956820 5.420300
n846gat n1775gat 6.507310 6.507310
n846gat n1871gat 13.553950 11.953460
n846gat n2454gat 14.253030 12.652540
n846gat n2040gat 10.209840 6.377430
n846gat n2025gat 13.253760 11.653270
n846gat n1771gat 6.318910 6.318910
n846gat n1748gat 13.253760 11.653270
n846gat n1456gat 14.253030 12.652540
n846gat OUTPUT 9.121770 7.079910
n846gat OUTPUT 9.121770 7.079910
n846gat OUTPUT 9.121770 7.079910
n846gat OUTPUT 4.139180 4.139180
n846gat OUTPUT 4.100040 3.092040
n846gat OUTPUT 9.328710 7.944540
n846gat OUTPUT 17.805800 9.920640
n846gat OUTPUT 17.805800 9.920640
n846gat OUTPUT 16.603540 10.174230
n846gat OUTPUT 16.603540 10.174230
n846gat OUTPUT 14.922600 9.925000
n846gat OUTPUT 14.922600 9.925000
n846gat OUTPUT 11.009920 7.177510
n2510gat n2399gat 10.753550 10.753550
n2510gat n2343gat 10.753550 10.753550
n2510gat n2203gat 10.753550 10.753550
n2510gat n2562gat 8.817670 8.817670
n2510gat n2207gat 10.753550 10.753550
n2510gat n2626gat 8.636750 8.636750
n2510gat n2490gat 10.572630 10.572630
n2510gat n2622gat 10.572630 10.572630
n2510gat n2630gat 10.572630 10.572630
n2510gat n2543gat 10.572630 10.572630
n2510gat n2640gat 9.542800 9.542800
n2510gat n2495gat 8.397810 8.397810
n2510gat n2390gat 7.700170 7.700170
n2510gat n2270gat 8.067830 8.067830
n2510gat n2339gat 8.067830 8.067830
n2510gat n2634gat 9.647030 9.647030
n2510gat n1871gat 6.856020 6.856020
n2510gat n2446gat 3.807020 3.807020
n2510gat n2454gat 6.605570 6.605570
n271gat n2522gat 8.502980 6.180970
n271gat n2476gat 8.502980 6.180970
n271gat n2102gat 1.197620 1.197620
n271gat n1763gat 3.200600 3.200600
n271gat OUTPUT 5.011000 5.011000
n271gat OUTPUT 9.056090 6.734080
n271gat OUTPUT 9.056090 6.734080
n271gat OUTPUT 4.971860 3.092040
n271gat OUTPUT 8.817430 8.817430
n271gat OUTPUT 8.817430 8.817430
n160gat n2522gat 8.481230 5.545930
n160gat n2476gat 8.481230 5.545930
n160gat OUTPUT 9.034340 6.099040
n160gat OUTPUT 4.546920 4.546920
n160gat OUTPUT 9.034340 6.099040
n160gat OUTPUT 4.215960 3.024310
n160gat OUTPUT 9.003670 9.003670
n160gat OUTPUT 9.003670 9.003670
n337gat n2522gat 8.563960 5.849860
n337gat n2476gat 8.563960 5.849860
n337gat OUTPUT 9.117070 4.997320
n337gat OUTPUT 9.117070 6.402970
n337gat OUTPUT 4.666360 3.024310
n337gat OUTPUT 8.223670 8.223670
n337gat OUTPUT 8.223670 8.223670
n337gat OUTPUT 1.087940 1.087940
n842gat n2522gat 8.377580 6.162480
n842gat n2476gat 8.377580 6.162480
n842gat OUTPUT 8.930690 6.715590
n842gat OUTPUT 8.930690 6.715590
n842gat OUTPUT 4.563340 4.563340
n842gat OUTPUT 4.462380 3.560450
n341gat n2522gat 8.833530 6.053330
n341gat n2476gat 8.833530 6.053330
n341gat OUTPUT 9.386640 6.606440
n341gat OUTPUT 9.386640 3.473980
n341gat OUTPUT 3.434840 2.913030
n341gat OUTPUT 9.427150 9.427150
n341gat OUTPUT 9.427150 9.427150
n2522gat n2588gat 1.685600 1.685600
n2472gat n2319gat 0.999960 0.999960
n2472gat n1763gat 3.084570 3.084570
n2472gat n1775gat 2.914570 2.914570
n2472gat n1771gat 2.914570 2.914570
n2319gat n1821gat 1.859680 1.859680
n1821gat n2029gat 1.146480 1.146480
n1821gat n1763gat 3.962190 3.962190
n1821gat n1775gat 3.792190 3.792190
n1821gat n1771gat 3.792190 3.792190
n1821gat OUTPUT 6.456600 5.550440
n1821gat OUTPUT 6.456600 5.550440
n2029gat n1829gat 0.999960 0.999960
n1829gat n1763gat 4.225530 4.225530
n1829gat n1775gat 4.055530 4.055530
n1829gat n1771gat 4.055530 4.055530
n1829gat OUTPUT 5.980100 5.980100
n1829gat OUTPUT 5.980100 5.980100
n2476gat n2588gat 3.725380 3.725380
n1068gat n2468gat 8.502980 6.180970
n1068gat OUTPUT 4.560600 4.560600
n1068gat OUTPUT 9.056090 6.734080
n1068gat OUTPUT 4.521460 4.521460
n1068gat OUTPUT 8.109830 8.109830
n1068gat OUTPUT 8.109830 8.109830
n957gat n2468gat 8.277290 5.545930
n957gat OUTPUT 8.830400 3.449800
n957gat OUTPUT 3.118840 3.118840
n957gat OUTPUT 8.585050 8.585050
n957gat OUTPUT 8.585050 8.585050
n861gat n2468gat 8.563960 5.849860
n861gat OUTPUT 4.546920 4.546920
n861gat OUTPUT 9.117070 6.402970
n861gat OUTPUT 4.215960 4.215960
n861gat OUTPUT 8.236450 8.236450
n861gat OUTPUT 8.236450 8.236450
n1294gat n2468gat 8.056600 6.526800
n1294gat OUTPUT 8.609710 7.079910
n1294gat OUTPUT 3.473980 3.473980
n1294gat OUTPUT 3.434840 3.434840
n1294gat OUTPUT 8.801950 8.801950
n1294gat OUTPUT 8.801950 8.801950
n1241gat n2468gat 8.377580 6.162480
n1241gat OUTPUT 8.930690 6.715590
n1241gat OUTPUT 5.310980 5.310980
n1241gat OUTPUT 5.210020 5.210020
n865gat n2468gat 8.772550 6.174610
n865gat OUTPUT 9.325660 6.727720
n865gat OUTPUT 4.560600 4.560600
n865gat OUTPUT 4.521460 4.521460
n865gat OUTPUT 9.321230 9.321230
n865gat OUTPUT 9.321230 9.321230
n1080gat n2468gat 8.559250 5.539570
n1080gat OUTPUT 9.112360 6.092680
n1080gat OUTPUT 4.997320 4.997320
n1080gat OUTPUT 4.666360 4.666360
n1080gat OUTPUT 9.745870 9.745870
n1080gat OUTPUT 9.745870 9.745870
n1148gat n2468gat 8.833530 5.842990
n1148gat OUTPUT 9.386640 6.396100
n1148gat OUTPUT 4.114160 4.114160
n1148gat OUTPUT 3.783200 3.783200
n1148gat OUTPUT 8.965870 8.965870
n1148gat OUTPUT 8.965870 8.965870
n2468gat n2588gat 4.047250 4.047250
n834gat n2526gat 8.502980 6.180970
n834gat n148gat 1.409820 1.409820
n834gat OUTPUT 9.056090 6.734080
n834gat OUTPUT 2.913030 2.913030
n834gat OUTPUT 8.955890 8.955890
n834gat OUTPUT 8.955890 8.955890
n707gat n2526gat 8.489150 5.769690
n707gat n152gat 1.405860 1.405860
n707gat OUTPUT 9.042260 6.322800
n707gat OUTPUT 3.203400 3.203400
n707gat OUTPUT 9.300530 9.300530
n707gat OUTPUT 9.300530 9.300530
n838gat n2526gat 8.563960 5.849860
n838gat n256gat 1.405860 1.405860
n838gat OUTPUT 9.117070 6.402970
n838gat OUTPUT 3.203400 3.203400
n838gat OUTPUT 8.520530 8.520530
n838gat OUTPUT 8.520530 8.520530
n830gat n2526gat 8.377580 6.162480
n830gat n470gat 1.203900 1.203900
n830gat OUTPUT 8.930690 6.715590
n830gat OUTPUT 2.906590 2.906590
n614gat n2526gat 7.448610 5.589390
n614gat n156gat 1.201920 1.201920
n614gat OUTPUT 8.001720 6.142500
n614gat OUTPUT 3.092040 3.092040
n614gat OUTPUT 9.527990 9.527990
n614gat OUTPUT 9.527990 9.527990
n2526gat n2588gat 3.996920 3.996920
n680gat n2464gat 8.502980 6.180970
n680gat OUTPUT 4.139180 4.139180
n680gat OUTPUT 9.056090 6.734080
n680gat OUTPUT 4.100040 4.100040
n680gat OUTPUT 7.809010 7.809010
n680gat OUTPUT 7.809010 7.809010
n816gat n2464gat 8.289170 5.545930
n816gat OUTPUT 4.997320 4.997320
n816gat OUTPUT 8.842280 6.099040
n816gat OUTPUT 4.666360 4.666360
n816gat OUTPUT 8.885870 8.885870
n816gat OUTPUT 8.885870 8.885870
n580gat n2464gat 8.563960 5.849860
n580gat OUTPUT 4.114160 4.114160
n580gat OUTPUT 9.117070 6.402970
n580gat OUTPUT 3.783200 3.783200
n580gat OUTPUT 8.537270 8.537270
n580gat OUTPUT 8.537270 8.537270
n824gat n2464gat 8.316600 6.526800
n824gat n331gat 1.397940 1.397940
n824gat OUTPUT 8.869710 7.079910
n824gat OUTPUT 5.011000 5.011000
n824gat OUTPUT 4.971860 4.971860
n824gat OUTPUT 8.701110 8.701110
n824gat OUTPUT 8.701110 8.701110
n820gat n2464gat 8.100990 5.891760
n820gat n463gat 1.203900 1.203900
n820gat OUTPUT 8.654100 6.444870
n820gat OUTPUT 5.764180 5.764180
n820gat OUTPUT 5.663220 5.663220
n883gat n2464gat 8.377580 6.195510
n883gat n388gat 1.405860 1.405860
n883gat OUTPUT 8.930690 6.748620
n883gat OUTPUT 4.179870 4.179870
n883gat OUTPUT 4.078910 4.078910
n883gat OUTPUT 9.777970 9.777970
n883gat OUTPUT 9.777970 9.777970
n584gat n2464gat 8.772550 6.174610
n584gat OUTPUT 5.011000 5.011000
n584gat OUTPUT 9.325660 6.727720
n584gat OUTPUT 4.971860 4.971860
n584gat OUTPUT 9.020410 9.020410
n584gat OUTPUT 9.020410 9.020410
n684gat n2464gat 8.747350 5.763330
n684gat n327gat 1.393980 1.393980
n684gat OUTPUT 9.300460 6.316440
n684gat OUTPUT 4.546920 4.546920
n684gat OUTPUT 4.215960 4.215960
n684gat OUTPUT 9.645030 9.645030
n684gat OUTPUT 9.645030 9.645030
n699gat n2464gat 8.833530 5.842990
n699gat n384gat 1.393980 1.393980
n699gat OUTPUT 9.386640 4.546920
n699gat OUTPUT 4.215960 4.215960
n699gat OUTPUT 8.865030 8.865030
n699gat OUTPUT 8.865030 8.865030
n2464gat n2588gat 3.868220 3.868220
n2399gat n1035gat 13.162590 10.518130
n2399gat n1121gat 13.162590 10.518130
n2399gat n1072gat 13.162590 10.518130
n2399gat n1282gat 13.162590 10.518130
n2399gat n1226gat 13.162590 10.518130
n2399gat n931gat 13.162590 10.518130
n2399gat n1135gat 13.162590 10.518130
n2399gat n1045gat 13.162590 10.518130
n2399gat n1197gat 13.162590 10.518130
n2399gat n667gat 19.008120 10.951360
n2399gat n659gat 19.012210 10.951360
n2399gat n553gat 19.012210 10.951360
n2399gat n777gat 19.008120 10.951360
n2399gat n561gat 19.012210 10.951360
n2399gat n366gat 19.008120 10.951360
n2399gat n322gat 19.012210 10.951360
n2399gat n318gat 19.008120 10.951360
n2399gat n314gat 19.008120 10.951360
n2399gat n2658gat 8.262260 4.146980
n2399gat n2403gat 2.197860 2.197860
n2399gat n1336gat 3.905780 3.905780
n2399gat OUTPUT 2.503250 2.503250
n2399gat OUTPUT 8.992720 8.992720
n2399gat OUTPUT 8.992720 8.992720
n2399gat OUTPUT 11.169840 7.279460
n2399gat OUTPUT 11.169840 4.700090
n2343gat n1035gat 12.164670 10.278130
n2343gat n1121gat 12.164670 10.278130
n2343gat n1072gat 12.164670 10.278130
n2343gat n1282gat 12.164670 10.278130
n2343gat n1226gat 12.164670 10.278130
n2343gat n931gat 12.164670 10.278130
n2343gat n1135gat 12.164670 10.278130
n2343gat n1045gat 12.164670 10.278130
n2343gat n1197gat 12.164670 10.278130
n2343gat n667gat 18.010200 10.711360
n2343gat n659gat 18.014290 10.711360
n2343gat n553gat 18.014290 10.711360
n2343gat n777gat 18.010200 10.711360
n2343gat n561gat 18.014290 10.711360
n2343gat n366gat 18.010200 10.711360
n2343gat n322gat 18.014290 10.711360
n2343gat n318gat 18.010200 10.711360
n2343gat n314gat 18.010200 10.711360
n2343gat n2658gat 8.309170 4.966930
n2343gat n2394gat 2.296860 2.296860
n2343gat n1336gat 4.163770 4.163770
n2343gat OUTPUT 2.263250 2.263250
n2343gat OUTPUT 7.994800 7.994800
n2343gat OUTPUT 7.994800 7.994800
n2343gat OUTPUT 11.008210 8.340340
n2343gat OUTPUT 11.008210 5.520040
n2203gat n1035gat 11.822880 11.724710
n2203gat n1121gat 11.822880 11.724710
n2203gat n1072gat 11.822880 11.724710
n2203gat n1282gat 11.822880 11.724710
n2203gat n1226gat 11.822880 11.724710
n2203gat n931gat 11.822880 11.724710
n2203gat n1135gat 11.822880 11.724710
n2203gat n1045gat 11.822880 11.724710
n2203gat n1197gat 11.822880 11.724710
n2203gat n667gat 17.668410 12.157940
n2203gat n659gat 17.672500 12.157940
n2203gat n553gat 17.672500 12.157940
n2203gat n777gat 17.668410 12.157940
n2203gat n561gat 17.672500 12.157940
n2203gat n366gat 17.668410 12.157940
n2203gat n322gat 17.672500 12.157940
n2203gat n318gat 17.668410 12.157940
n2203gat n314gat 17.668410 12.157940
n2203gat n2658gat 7.225510 4.684530
n2203gat n2347gat 1.536540 1.536540
n2203gat n1336gat 2.888820 2.888820
n2203gat OUTPUT 3.808000 3.808000
n2203gat OUTPUT 7.554840 7.554840
n2203gat OUTPUT 7.554840 7.554840
n2203gat OUTPUT 11.571830 6.322250
n2203gat OUTPUT 11.571830 5.237640
n2562gat n1035gat 11.673050 10.276030
n2562gat n1121gat 11.673050 10.276030
n2562gat n1072gat 11.673050 10.276030
n2562gat n1282gat 11.673050 10.276030
n2562gat n1226gat 11.673050 10.276030
n2562gat n931gat 11.673050 10.276030
n2562gat n1135gat 11.673050 10.276030
n2562gat n1045gat 11.673050 10.276030
n2562gat n1197gat 11.673050 10.276030
n2562gat n667gat 17.518580 10.709260
n2562gat n659gat 17.522670 10.709260
n2562gat n553gat 17.522670 10.709260
n2562gat n777gat 17.518580 10.709260
n2562gat n561gat 17.522670 10.709260
n2562gat n366gat 17.518580 10.709260
n2562gat n322gat 17.522670 10.709260
n2562gat n318gat 17.518580 10.709260
n2562gat n314gat 17.518580 10.709260
n2562gat n2658gat 7.345880 4.956980
n2562gat n2440gat 2.134500 2.134500
n2562gat n1336gat 3.014460 3.014460
n2562gat OUTPUT 3.658170 3.658170
n2562gat OUTPUT 6.106160 6.106160
n2562gat OUTPUT 6.106160 6.106160
n2562gat OUTPUT 11.162660 7.349550
n2562gat OUTPUT 11.162660 5.510090
n2207gat n1035gat 11.843050 10.197830
n2207gat n1121gat 11.843050 10.197830
n2207gat n1072gat 11.843050 10.197830
n2207gat n1282gat 11.843050 10.197830
n2207gat n1226gat 11.843050 10.197830
n2207gat n931gat 11.843050 10.197830
n2207gat n1135gat 11.843050 10.197830
n2207gat n1045gat 11.843050 10.197830
n2207gat n1197gat 11.843050 10.197830
n2207gat n667gat 17.688580 10.631060
n2207gat n659gat 17.692670 10.631060
n2207gat n553gat 17.692670 10.631060
n2207gat n777gat 17.688580 10.631060
n2207gat n561gat 17.692670 10.631060
n2207gat n366gat 17.688580 10.631060
n2207gat n322gat 17.692670 10.631060
n2207gat n318gat 17.688580 10.631060
n2207gat n314gat 17.688580 10.631060
n2207gat n2658gat 7.546490 4.660740
n2207gat n2407gat 1.552380 1.552380
n2207gat n1336gat 4.202490 4.202490
n2207gat OUTPUT 3.828170 3.828170
n2207gat OUTPUT 7.615840 7.615840
n2207gat OUTPUT 7.615840 7.615840
n2207gat OUTPUT 12.773930 6.481380
n2207gat OUTPUT 12.773930 5.213850
n2626gat n1035gat 13.820970 12.588010
n2626gat n1121gat 13.820970 12.588010
n2626gat n1072gat 13.820970 12.588010
n2626gat n1282gat 13.820970 12.588010
n2626gat n1226gat 13.820970 12.588010
n2626gat n931gat 13.820970 12.588010
n2626gat n1135gat 13.820970 12.588010
n2626gat n1045gat 13.820970 12.588010
n2626gat n1197gat 13.820970 12.588010
n2626gat n667gat 19.666500 13.021240
n2626gat n659gat 19.670590 13.021240
n2626gat n553gat 19.670590 13.021240
n2626gat n777gat 19.666500 13.021240
n2626gat n561gat 19.670590 13.021240
n2626gat n366gat 19.666500 13.021240
n2626gat n322gat 19.670590 13.021240
n2626gat n318gat 19.666500 13.021240
n2626gat n314gat 19.666500 13.021240
n2626gat n2506gat 7.668200 4.584630
n2626gat n1899gat 1.506840 1.506840
n2626gat n1336gat 3.915360 3.915360
n2626gat OUTPUT 3.757510 3.757510
n2626gat OUTPUT 8.221310 5.137740
n2490gat n1035gat 13.544750 13.074110
n2490gat n1121gat 13.544750 13.074110
n2490gat n1072gat 13.544750 13.074110
n2490gat n1282gat 13.544750 13.074110
n2490gat n1226gat 13.544750 13.074110
n2490gat n931gat 13.544750 13.074110
n2490gat n1135gat 13.544750 13.074110
n2490gat n1045gat 13.544750 13.074110
n2490gat n1197gat 13.544750 13.074110
n2490gat n667gat 19.390280 13.507340
n2490gat n659gat 19.394370 13.507340
n2490gat n553gat 19.394370 13.507340
n2490gat n777gat 19.390280 13.507340
n2490gat n561gat 19.394370 13.507340
n2490gat n366gat 19.390280 13.507340
n2490gat n322gat 19.394370 13.507340
n2490gat n318gat 19.390280 13.507340
n2490gat n314gat 19.390280 13.507340
n2490gat n2506gat 7.137390 5.251960
n2490gat n2139gat 1.716720 1.716720
n2490gat n1336gat 5.302100 5.302100
n2490gat OUTPUT 5.144250 5.144250
n2490gat OUTPUT 7.690500 5.805070
n2622gat n1035gat 13.135110 12.648990
n2622gat n1121gat 13.135110 12.648990
n2622gat n1072gat 13.135110 12.648990
n2622gat n1282gat 13.135110 12.648990
n2622gat n1226gat 13.135110 12.648990
n2622gat n931gat 13.135110 12.648990
n2622gat n1135gat 13.135110 12.648990
n2622gat n1045gat 13.135110 12.648990
n2622gat n1197gat 13.135110 12.648990
n2622gat n667gat 18.980640 13.082220
n2622gat n659gat 18.984730 13.082220
n2622gat n553gat 18.984730 13.082220
n2622gat n777gat 18.980640 13.082220
n2622gat n561gat 18.984730 13.082220
n2622gat n366gat 18.980640 13.082220
n2622gat n322gat 18.984730 13.082220
n2622gat n318gat 18.980640 13.082220
n2622gat n314gat 18.980640 13.082220
n2622gat n2506gat 6.286180 4.534810
n2622gat n2061gat 0.999960 0.999960
n2622gat n1336gat 3.410390 3.410390
n2622gat OUTPUT 3.252540 3.252540
n2622gat OUTPUT 6.839290 5.087920
n2630gat n1035gat 11.538530 10.806070
n2630gat n1121gat 11.538530 10.806070
n2630gat n1072gat 11.538530 10.806070
n2630gat n1282gat 11.538530 10.806070
n2630gat n1226gat 11.538530 10.806070
n2630gat n931gat 11.538530 10.806070
n2630gat n1135gat 11.538530 10.806070
n2630gat n1045gat 11.538530 10.806070
n2630gat n1197gat 11.538530 10.806070
n2630gat n667gat 17.384060 11.239300
n2630gat n659gat 17.388150 11.239300
n2630gat n553gat 17.388150 11.239300
n2630gat n777gat 17.384060 11.239300
n2630gat n561gat 17.388150 11.239300
n2630gat n366gat 17.384060 11.239300
n2630gat n322gat 17.388150 11.239300
n2630gat n318gat 17.384060 11.239300
n2630gat n314gat 17.384060 11.239300
n2630gat n2506gat 7.485510 4.782020
n2630gat n1850gat 1.207860 1.207860
n2630gat n1336gat 2.720390 2.720390
n2630gat OUTPUT 2.562540 2.562540
n2630gat OUTPUT 8.038620 5.335130
n2543gat n1035gat 12.513510 11.046070
n2543gat n1121gat 12.513510 11.046070
n2543gat n1072gat 12.513510 11.046070
n2543gat n1282gat 12.513510 11.046070
n2543gat n1226gat 12.513510 11.046070
n2543gat n931gat 12.513510 11.046070
n2543gat n1135gat 12.513510 11.046070
n2543gat n1045gat 12.513510 11.046070
n2543gat n1197gat 12.513510 11.046070
n2543gat n667gat 18.359040 11.479300
n2543gat n659gat 18.363130 11.479300
n2543gat n553gat 18.363130 11.479300
n2543gat n777gat 18.359040 11.479300
n2543gat n561gat 18.363130 11.479300
n2543gat n366gat 18.359040 11.479300
n2543gat n322gat 18.363130 11.479300
n2543gat n318gat 18.359040 11.479300
n2543gat n314gat 18.359040 11.479300
n2543gat n2506gat 7.225510 4.684530
n2543gat n2143gat 1.352400 1.352400
n2543gat n1336gat 2.960390 2.960390
n2543gat OUTPUT 2.802540 2.802540
n2543gat OUTPUT 7.778620 5.237640
n2102gat n2399gat 11.208120 7.763520
n2102gat n2343gat 11.208120 7.763520
n2102gat n2203gat 11.208120 7.763520
n2102gat n2562gat 9.272240 5.827640
n2102gat n2207gat 11.208120 7.763520
n2102gat n2626gat 11.790910 8.586120
n2102gat n2490gat 13.726790 10.522000
n2102gat n2622gat 13.726790 10.522000
n2102gat n2630gat 13.726790 10.522000
n2102gat n2543gat 13.726790 10.522000
n2102gat n2155gat 2.764180 2.764180
n2102gat n2640gat 9.997370 6.552770
n2102gat n2634gat 12.801190 9.596400
n2102gat n1389gat 8.351800 4.968000
n2102gat n1433gat 13.594640 5.973360
n2102gat n1871gat 17.993510 14.845740
n2102gat n1508gat 6.704490 6.704490
n2102gat n2454gat 18.692590 15.544820
n2102gat n2025gat 17.693320 14.545550
n2102gat n1748gat 17.693320 14.545550
n2102gat n1456gat 18.692590 7.144490
n2102gat OUTPUT 11.598190 6.330260
n2102gat OUTPUT 11.598190 6.330260
n2102gat OUTPUT 10.443690 5.683820
n2102gat OUTPUT 10.443690 5.683820
n2102gat OUTPUT 10.554310 7.840150
n2102gat OUTPUT 10.554310 7.840150
n1880gat n2399gat 13.274480 9.745450
n1880gat n2343gat 13.274480 9.745450
n1880gat n2203gat 13.274480 9.745450
n1880gat n2562gat 11.338600 7.809570
n1880gat n2207gat 13.274480 9.745450
n1880gat n2626gat 13.857270 7.628650
n1880gat n2490gat 15.793150 9.564530
n1880gat n2622gat 15.793150 9.564530
n1880gat n2630gat 15.793150 9.564530
n1880gat n2543gat 15.793150 9.564530
n1880gat n2155gat 4.830540 4.830540
n1880gat n2640gat 12.063730 8.534700
n1880gat n2495gat 7.389710 7.389710
n1880gat n2390gat 6.692070 6.692070
n1880gat n2270gat 7.059730 7.059730
n1880gat n2339gat 7.059730 7.059730
n1880gat n2634gat 14.867550 8.638930
n1880gat n2084gat 8.135330 8.135330
n1880gat n1389gat 10.418160 7.034360
n1880gat n1433gat 15.661000 8.039720
n1880gat n1871gat 23.591000 5.197390
n1880gat n1508gat 8.770850 8.770850
n1880gat n2454gat 24.290080 17.611180
n1880gat n2025gat 23.290810 3.732000
n1880gat n1748gat 23.290810 16.611910
n1880gat n1456gat 24.290080 9.210850
n1880gat OUTPUT 14.980700 8.396620
n1880gat OUTPUT 14.980700 8.396620
n1880gat OUTPUT 14.622500 7.750180
n1880gat OUTPUT 14.622500 7.750180
n1880gat OUTPUT 19.376120 9.906510
n1880gat OUTPUT 19.376120 9.906510
n1880gat OUTPUT 7.635350 7.635350
n1763gat n2399gat 13.445240 10.000640
n1763gat n2343gat 13.445240 10.000640
n1763gat n2203gat 13.445240 10.000640
n1763gat n2562gat 11.509360 8.064760
n1763gat n2207gat 13.445240 10.000640
n1763gat n2626gat 14.028030 10.823240
n1763gat n2490gat 15.963910 12.759120
n1763gat n2622gat 15.963910 12.759120
n1763gat n2630gat 15.963910 12.759120
n1763gat n2543gat 15.963910 12.759120
n1763gat n2155gat 5.001300 5.001300
n1763gat n2640gat 12.234490 8.789890
n1763gat n2634gat 15.038310 11.833520
n1763gat n1389gat 10.588920 7.205120
n1763gat n1433gat 15.831760 8.210480
n1763gat n1871gat 20.230630 17.082860
n1763gat n1508gat 8.941610 8.941610
n1763gat n2454gat 20.929710 17.781940
n1763gat n2025gat 19.930440 16.782670
n1763gat n1748gat 19.930440 16.782670
n1763gat n1456gat 20.929710 9.381610
n1763gat OUTPUT 13.835310 8.567380
n1763gat OUTPUT 13.835310 8.567380
n1763gat OUTPUT 12.680810 7.920940
n1763gat OUTPUT 12.680810 7.920940
n1763gat OUTPUT 12.791430 10.077270
n1763gat OUTPUT 12.791430 10.077270
n2155gat n1035gat 11.496070 10.369290
n2155gat n1121gat 11.496070 10.369290
n2155gat n1072gat 11.496070 10.369290
n2155gat n1282gat 11.496070 10.369290
n2155gat n1226gat 11.496070 10.369290
n2155gat n931gat 11.496070 10.369290
n2155gat n1135gat 11.496070 10.369290
n2155gat n1045gat 11.496070 10.369290
n2155gat n1197gat 11.496070 10.369290
n2155gat n667gat 17.341600 10.802520
n2155gat n659gat 17.345690 10.802520
n2155gat n553gat 17.345690 10.802520
n2155gat n777gat 17.341600 10.802520
n2155gat n561gat 17.345690 10.802520
n2155gat n366gat 17.341600 10.802520
n2155gat n322gat 17.345690 10.802520
n2155gat n318gat 17.341600 10.802520
n2155gat n314gat 17.341600 10.802520
n1035gat n2518gat 10.687390 8.187400
n1035gat OUTPUT 0.874100 0.874100
n1035gat OUTPUT 8.401460 6.113950
n1035gat OUTPUT 11.240500 8.740510
n1035gat OUTPUT 12.031980 9.744470
n1035gat OUTPUT 3.708870 3.708870
n1121gat n2518gat 10.427390 7.552360
n1121gat OUTPUT 0.874100 0.874100
n1121gat OUTPUT 8.141460 5.478910
n1121gat OUTPUT 10.980500 8.105470
n1121gat OUTPUT 11.771980 9.109430
n1121gat OUTPUT 3.818870 3.818870
n1072gat n2518gat 10.748370 7.856290
n1072gat OUTPUT 0.874100 0.874100
n1072gat OUTPUT 8.462440 5.782840
n1072gat OUTPUT 11.301480 8.409400
n1072gat OUTPUT 12.092960 9.413360
n1072gat OUTPUT 3.818870 3.818870
n1282gat n2518gat 9.604680 8.420900
n1282gat OUTPUT 1.053090 1.053090
n1282gat OUTPUT 7.318750 6.347450
n1282gat OUTPUT 10.157790 8.974010
n1282gat OUTPUT 10.949270 9.977970
n1282gat OUTPUT 3.708870 3.708870
n1226gat n2518gat 9.644060 8.460280
n1226gat OUTPUT 7.358130 6.386830
n1226gat OUTPUT 10.197170 9.013390
n1226gat OUTPUT 10.988650 10.017350
n1226gat OUTPUT 3.607620 3.607620
n931gat n2518gat 10.933380 8.482000
n931gat OUTPUT 0.874100 0.874100
n931gat OUTPUT 8.647450 6.408550
n931gat OUTPUT 11.486490 9.035110
n931gat OUTPUT 12.277970 10.039070
n931gat OUTPUT 3.708870 3.708870
n1135gat n2518gat 10.673380 7.846960
n1135gat OUTPUT 1.053090 1.053090
n1135gat OUTPUT 8.387450 5.773510
n1135gat OUTPUT 11.226490 8.400070
n1135gat OUTPUT 12.017970 9.404030
n1135gat OUTPUT 3.818870 3.818870
n1045gat n2518gat 10.994360 8.150380
n1045gat OUTPUT 8.708430 6.076930
n1045gat OUTPUT 11.547470 8.703490
n1045gat OUTPUT 12.338950 9.707450
n1045gat OUTPUT 3.818870 3.818870
n1197gat n2518gat 2.106930 1.895240
n1197gat OUTPUT 2.660040 2.448350
n2518gat n2588gat 1.445600 1.445600
n667gat n2599gat 2.106930 1.895240
n667gat OUTPUT 2.660040 2.448350
n659gat n2599gat 11.194910 8.487520
n659gat OUTPUT 3.473980 3.473980
n659gat OUTPUT 11.748020 9.040630
n659gat OUTPUT 13.212580 10.717670
n659gat OUTPUT 13.111620 10.616710
n659gat OUTPUT 3.434840 3.434840
n659gat OUTPUT 16.260260 7.329270
n659gat OUTPUT 16.260260 7.329270
n553gat n2599gat 10.934910 7.852480
n553gat OUTPUT 4.114160 4.114160
n553gat OUTPUT 11.488020 8.405590
n553gat OUTPUT 12.952580 10.082630
n553gat OUTPUT 12.851620 9.981670
n553gat OUTPUT 3.783200 3.783200
n553gat OUTPUT 16.000260 6.818170
n553gat OUTPUT 16.000260 6.818170
n777gat n2599gat 11.255890 8.156410
n777gat OUTPUT 3.449800 3.449800
n777gat OUTPUT 11.809000 8.709520
n777gat OUTPUT 13.273560 10.386560
n777gat OUTPUT 13.172600 10.285600
n777gat OUTPUT 3.118840 3.118840
n777gat OUTPUT 16.321240 7.598170
n777gat OUTPUT 16.321240 7.598170
n561gat n2599gat 10.112200 8.680760
n561gat OUTPUT 10.665310 4.560600
n561gat OUTPUT 12.129870 10.910910
n561gat OUTPUT 12.028910 10.809950
n561gat OUTPUT 4.521460 4.521460
n561gat OUTPUT 15.177550 6.299910
n561gat OUTPUT 15.177550 6.299910
n366gat n2599gat 10.151580 8.720140
n366gat OUTPUT 10.704690 9.273250
n366gat OUTPUT 4.434050 4.434050
n366gat OUTPUT 12.169250 10.950290
n366gat OUTPUT 12.068290 10.849330
n366gat OUTPUT 4.333090 4.333090
n366gat OUTPUT 15.216930 6.912440
n366gat OUTPUT 15.216930 6.912440
n322gat n2599gat 11.193240 8.741860
n322gat OUTPUT 4.139180 4.139180
n322gat OUTPUT 11.746350 9.294970
n322gat OUTPUT 13.210910 10.972010
n322gat OUTPUT 13.109950 10.871050
n322gat OUTPUT 4.100040 4.100040
n322gat OUTPUT 16.258590 6.549270
n322gat OUTPUT 16.258590 6.549270
n318gat n2599gat 10.933240 8.106820
n318gat OUTPUT 3.449800 3.449800
n318gat OUTPUT 11.486350 8.659930
n318gat OUTPUT 12.950910 10.336970
n318gat OUTPUT 12.849950 10.236010
n318gat OUTPUT 3.118840 3.118840
n318gat OUTPUT 15.998590 7.079910
n318gat OUTPUT 15.998590 7.079910
n314gat n2599gat 11.254220 8.410240
n314gat OUTPUT 3.449800 3.449800
n314gat OUTPUT 11.807330 8.963350
n314gat OUTPUT 13.271890 10.640390
n314gat OUTPUT 13.170930 10.539430
n314gat OUTPUT 3.118840 3.118840
n314gat OUTPUT 16.319570 6.132440
n314gat OUTPUT 16.319570 6.132440
n2599gat n2588gat 1.954590 1.954590
n2588gat n2399gat 9.087840 9.087840
n2588gat n2343gat 9.087840 9.087840
n2588gat n2203gat 9.087840 9.087840
n2588gat n2562gat 7.151960 7.151960
n2588gat n2207gat 9.087840 9.087840
n2588gat n2626gat 6.971040 6.971040
n2588gat n2490gat 8.906920 8.906920
n2588gat n2622gat 8.906920 8.906920
n2588gat n2630gat 8.906920 8.906920
n2588gat n2543gat 8.906920 8.906920
n2588gat n2640gat 7.877090 7.877090
n2588gat n2495gat 6.732100 6.732100
n2588gat n2390gat 6.034460 6.034460
n2588gat n2270gat 6.402120 6.402120
n2588gat n2339gat 6.402120 6.402120
n2588gat n2634gat 7.981320 7.981320
n2588gat n1871gat 5.190310 5.190310
n2588gat n2446gat 1.553070 1.553070
n2588gat n2454gat 4.939860 4.939860
n2640gat n2658gat 6.451680 4.074810
n2640gat n2644gat 1.203900 1.203900
n2640gat OUTPUT 7.004790 4.627920
n2658gat n2399gat 10.571560 10.571560
n2658gat n2343gat 10.571560 10.571560
n2658gat n2203gat 10.571560 10.571560
n2658gat n2562gat 8.635680 8.635680
n2658gat n2207gat 10.571560 10.571560
n2658gat n2626gat 8.454760 8.454760
n2658gat n2490gat 10.390640 10.390640
n2658gat n2622gat 10.390640 10.390640
n2658gat n2630gat 10.390640 10.390640
n2658gat n2543gat 10.390640 10.390640
n2658gat n2640gat 9.360810 9.360810
n2658gat n2495gat 8.215820 8.215820
n2658gat n2390gat 7.518180 7.518180
n2658gat n2270gat 7.885840 7.885840
n2658gat n2339gat 7.885840 7.885840
n2658gat n2634gat 9.465040 9.465040
n2658gat n1871gat 6.674030 6.674030
n2658gat n2446gat 3.625030 3.625030
n2658gat n2454gat 6.423580 6.423580
n2495gat n2502gat 5.344020 4.186940
n2495gat n2266gat 0.999960 0.999960
n2495gat OUTPUT 5.897130 4.740050
n2390gat n2502gat 5.785790 4.628710
n2390gat n2262gat 1.199940 1.199940
n2390gat OUTPUT 6.338900 5.181820
n2390gat OUTPUT 0.699960 0.699960
n2270gat n2502gat 6.418450 4.639770
n2270gat n2190gat 1.199940 1.199940
n2270gat OUTPUT 6.971560 5.192880
n2270gat OUTPUT 0.699960 0.699960
n2339gat n2502gat 6.365030 4.586350
n2339gat n2135gat 1.199940 1.199940
n2339gat OUTPUT 6.918140 5.139460
n2339gat OUTPUT 0.699960 0.699960
n2502gat n2399gat 10.303550 10.303550
n2502gat n2343gat 10.303550 10.303550
n2502gat n2203gat 10.303550 10.303550
n2502gat n2562gat 8.367670 8.367670
n2502gat n2207gat 10.303550 10.303550
n2502gat n2626gat 8.186750 8.186750
n2502gat n2490gat 10.122630 10.122630
n2502gat n2622gat 10.122630 10.122630
n2502gat n2630gat 10.122630 10.122630
n2502gat n2543gat 10.122630 10.122630
n2502gat n2640gat 9.092800 9.092800
n2502gat n2495gat 7.947810 7.947810
n2502gat n2390gat 7.250170 7.250170
n2502gat n2270gat 7.617830 7.617830
n2502gat n2339gat 7.617830 7.617830
n2502gat n2634gat 9.197030 9.197030
n2502gat n1871gat 6.406020 6.406020
n2502gat n2446gat 3.357020 3.357020
n2502gat n2454gat 6.155570 6.155570
n2634gat n2506gat 7.546490 4.417700
n2634gat n1975gat 1.203900 1.203900
n2634gat OUTPUT 8.099600 4.970810
n2506gat n2399gat 10.063550 10.063550
n2506gat n2343gat 10.063550 10.063550
n2506gat n2203gat 10.063550 10.063550
n2506gat n2562gat 8.127670 8.127670
n2506gat n2207gat 10.063550 10.063550
n2506gat n2626gat 7.946750 7.946750
n2506gat n2490gat 9.882630 9.882630
n2506gat n2622gat 9.882630 9.882630
n2506gat n2630gat 9.882630 9.882630
n2506gat n2543gat 9.882630 9.882630
n2506gat n2640gat 8.852800 8.852800
n2506gat n2495gat 7.707810 7.707810
n2506gat n2390gat 7.010170 7.010170
n2506gat n2270gat 7.377830 7.377830
n2506gat n2339gat 7.377830 7.377830
n2506gat n2634gat 8.957030 8.957030
n2506gat n1871gat 6.166020 6.166020
n2506gat n2446gat 3.117020 3.117020
n2506gat n2454gat 5.915570 5.915570
n1834gat n2084gat 8.457130 8.457130
n1834gat n1871gat 23.912800 17.784160
n1834gat n2454gat 24.611880 18.483240
n1834gat n2025gat 23.612610 17.483970
n1834gat n1748gat 23.612610 17.483970
n1834gat n1456gat 24.611880 18.483240
n1834gat OUTPUT 15.302500 15.302500
n1834gat OUTPUT 15.302500 15.302500
n1834gat OUTPUT 14.944300 12.402750
n1834gat OUTPUT 14.944300 12.402750
n1834gat OUTPUT 19.697920 13.491940
n1834gat OUTPUT 19.697920 13.491940
n1834gat OUTPUT 7.957150 7.957150
n1767gat n2084gat 7.455980 7.455980
n1767gat n1871gat 22.911650 16.783010
n1767gat n2454gat 23.610730 17.482090
n1767gat n2025gat 22.611460 16.482820
n1767gat n1748gat 22.611460 16.482820
n1767gat n1456gat 23.610730 17.482090
n1767gat OUTPUT 14.301350 14.301350
n1767gat OUTPUT 14.301350 14.301350
n1767gat OUTPUT 13.943150 11.401600
n1767gat OUTPUT 13.943150 11.401600
n1767gat OUTPUT 18.696770 12.490790
n1767gat OUTPUT 18.696770 12.490790
n1767gat OUTPUT 6.956000 6.956000
n2084gat OUTPUT 7.685220 7.685220
n2084gat OUTPUT 7.685220 7.685220
n2143gat n2626gat 8.674800 6.614260
n2143gat n2490gat 10.610680 8.550140
n2143gat n2622gat 10.610680 8.550140
n2143gat n2630gat 10.610680 5.291370
n2143gat n2543gat 10.610680 4.171640
n2143gat n2634gat 9.685080 6.385380
n2143gat n1389gat 7.043060 5.333920
n2143gat n1394gat 2.916950 2.916950
n2143gat n1332gat 3.036560 3.036560
n2143gat n1433gat 10.478530 6.847160
n2143gat n1871gat 15.829930 12.692060
n2143gat n1508gat 2.207900 2.207900
n2143gat n1678gat 4.490120 4.490120
n2143gat n2454gat 16.529010 13.391140
n2143gat n2025gat 15.529740 12.391870
n2143gat n1748gat 15.529740 5.616880
n2143gat n1675gat 2.562060 2.562060
n2143gat n1807gat 3.988480 3.988480
n2143gat n1340gat 4.857780 4.857780
n2143gat n1456gat 16.529010 4.497620
n2143gat n1525gat 2.510900 2.510900
n2143gat n1462gat 4.186140 4.186140
n2143gat n1596gat 5.616880 5.616880
n2143gat n1588gat 2.607680 2.607680
n2143gat OUTPUT 5.284150 5.104030
n2143gat OUTPUT 4.688870 4.195310
n2061gat n2626gat 8.442060 7.522280
n2061gat n2490gat 10.377940 9.458160
n2061gat n2622gat 10.377940 3.884010
n2061gat n2630gat 10.377940 5.031370
n2061gat n2543gat 10.377940 5.582900
n2061gat n2634gat 9.452340 4.452940
n2061gat n1389gat 6.810320 5.093920
n2061gat n1394gat 2.676950 2.676950
n2061gat n1332gat 3.928150 3.928150
n2061gat n1433gat 10.245790 7.755180
n2061gat n1871gat 15.597190 12.452060
n2061gat n1508gat 3.928150 3.928150
n2061gat n1678gat 3.491460 3.491460
n2061gat n2454gat 16.296270 13.151140
n2061gat n2025gat 15.297000 12.151870
n2061gat n1748gat 15.297000 5.384140
n2061gat n1675gat 3.716980 3.716980
n2061gat n1807gat 4.394820 4.394820
n2061gat n1340gat 3.859120 3.859120
n2061gat n1456gat 16.296270 4.257620
n2061gat n1525gat 3.928150 3.928150
n2061gat n1462gat 4.592480 4.592480
n2061gat n1596gat 5.384140 5.384140
n2061gat n1588gat 2.367680 2.367680
n2061gat OUTPUT 5.024150 4.844030
n2061gat OUTPUT 6.428940 5.606570
n2061gat OUTPUT 3.263440 3.263440
n2139gat n2626gat 8.106140 6.374260
n2139gat n2490gat 10.042020 3.189170
n2139gat n2622gat 10.042020 4.319000
n2139gat n2630gat 10.042020 8.310140
n2139gat n2543gat 10.042020 6.595720
n2139gat n2634gat 9.830840 5.523440
n2139gat n1389gat 6.474400 5.599860
n2139gat n1394gat 3.185320 3.185320
n2139gat n1332gat 4.254960 4.254960
n2139gat n1433gat 9.909870 6.607160
n2139gat n1871gat 15.751570 12.467700
n2139gat n1508gat 2.888820 2.888820
n2139gat n1678gat 2.536720 2.536720
n2139gat n2454gat 16.450650 13.166780
n2139gat n2025gat 15.451380 12.167510
n2139gat n1748gat 15.451380 5.048220
n2139gat n1675gat 2.322060 2.322060
n2139gat n1807gat 3.834060 3.834060
n2139gat n1340gat 2.904380 2.904380
n2139gat n1456gat 16.450650 4.763560
n2139gat n1525gat 2.207900 2.207900
n2139gat n1462gat 4.031720 4.031720
n2139gat n1596gat 5.048220 5.048220
n2139gat n1588gat 2.876050 2.876050
n2139gat OUTPUT 8.405350 8.225230
n2139gat OUTPUT 6.795110 6.619390
n2139gat OUTPUT 3.698430 3.698430
n2139gat OUTPUT 5.039790 3.245150
n1899gat n2626gat 8.917200 7.939180
n1899gat n2490gat 10.853080 3.843310
n1899gat n2622gat 10.853080 4.489000
n1899gat n2630gat 10.853080 8.138430
n1899gat n2543gat 10.853080 6.321580
n1899gat n2634gat 9.927480 3.847040
n1899gat n1389gat 6.535400 6.488840
n1899gat n1394gat 4.071870 4.071870
n1899gat n1332gat 4.032300 4.032300
n1899gat n1433gat 10.720930 8.172080
n1899gat n1871gat 16.640550 12.528700
n1899gat n1508gat 4.157940 4.157940
n1899gat n1678gat 2.986720 2.986720
n1899gat n2454gat 17.339630 13.227780
n1899gat n2025gat 16.340360 12.228510
n1899gat n1748gat 16.340360 5.109220
n1899gat n1675gat 3.886980 3.886980
n1899gat n1807gat 4.158480 4.158480
n1899gat n1340gat 3.354380 3.354380
n1899gat n1456gat 17.339630 5.652540
n1899gat n1525gat 3.090370 3.090370
n1899gat n1462gat 4.356140 4.356140
n1899gat n1596gat 5.109220 5.109220
n1899gat n1588gat 3.762600 3.762600
n1899gat OUTPUT 8.131210 7.951090
n1899gat OUTPUT 6.520970 6.345250
n1899gat OUTPUT 3.868430 3.868430
n1899gat OUTPUT 4.208630 3.899290
n1850gat n2626gat 9.087200 6.861280
n1850gat n2490gat 11.023080 8.797160
n1850gat n2622gat 11.023080 8.797160
n1850gat n2630gat 11.023080 2.934040
n1850gat n2543gat 11.023080 8.797160
n1850gat n2634gat 10.097480 7.871560
n1850gat n1389gat 6.658840 5.229540
n1850gat n1394gat 4.733930 4.733930
n1850gat n1332gat 3.150090 3.150090
n1850gat n1433gat 10.890930 7.094180
n1850gat n1871gat 16.810550 11.222840
n1850gat n1508gat 3.150090 3.150090
n1850gat n1678gat 2.296720 2.296720
n1850gat n2454gat 17.509630 11.921920
n1850gat n2025gat 16.510360 10.922650
n1850gat n1748gat 16.510360 3.803360
n1850gat n1675gat 2.830010 2.830010
n1850gat n1807gat 3.100760 3.100760
n1850gat n1340gat 2.664380 2.664380
n1850gat n1456gat 17.509630 5.822540
n1850gat n1525gat 2.331790 2.331790
n1850gat n1462gat 3.298420 3.298420
n1850gat n1596gat 3.803360 3.803360
n1850gat n1588gat 4.424660 4.424660
n1850gat OUTPUT 3.284810 2.746700
n2403gat n2399gat 7.219000 3.840450
n2403gat n2343gat 7.219000 6.615800
n2403gat n2203gat 7.219000 4.375100
n2403gat n2562gat 5.283120 4.679920
n2403gat n2207gat 7.219000 4.933940
n2403gat n2640gat 6.008250 5.405050
n2403gat n1389gat 4.082940 4.082940
n2403gat n1394gat 3.014460 3.014460
n2403gat n1332gat 4.222210 4.222210
n2403gat n1433gat 5.677170 4.825640
n2403gat n1871gat 10.709040 8.274810
n2403gat n2454gat 11.408120 8.973890
n2403gat n2025gat 10.408850 7.974620
n2403gat n1748gat 10.408850 7.974620
n2403gat n1340gat 3.912940 3.912940
n2403gat n1456gat 11.408120 3.301590
n2403gat n1462gat 4.239020 4.239020
n2403gat n1596gat 4.239020 4.239020
n2403gat OUTPUT 4.789410 4.789410
n2403gat OUTPUT 5.887280 4.230570
n2403gat OUTPUT 3.695920 3.695920
n2394gat n2399gat 8.788600 4.275440
n2394gat n2343gat 8.788600 3.145610
n2394gat n2203gat 8.788600 6.375800
n2394gat n2562gat 6.852720 4.439920
n2394gat n2207gat 8.788600 6.375800
n2394gat n2640gat 8.368020 4.136610
n2394gat n1389gat 4.252940 4.252940
n2394gat n1394gat 2.888820 2.888820
n2394gat n1332gat 4.392210 4.392210
n2394gat n1433gat 7.246770 4.585640
n2394gat n1871gat 10.017510 8.203930
n2394gat n2454gat 10.716590 8.903010
n2394gat n2025gat 9.717320 7.903740
n2394gat n1748gat 9.717320 7.903740
n2394gat n1340gat 4.082940 4.082940
n2394gat n1456gat 10.716590 4.871190
n2394gat n1462gat 5.308620 5.308620
n2394gat n1596gat 5.308620 5.308620
n2394gat OUTPUT 7.998430 7.998430
n2394gat OUTPUT 7.518100 6.333150
n2394gat OUTPUT 4.130910 4.130910
n2394gat OUTPUT 4.884820 3.001080
n2440gat n2399gat 8.236140 4.445440
n2440gat n2343gat 8.236140 3.799750
n2440gat n2203gat 8.236140 6.322340
n2440gat n2562gat 6.300260 5.791080
n2440gat n2207gat 8.236140 7.726960
n2440gat n2640gat 8.212680 4.541380
n2440gat n1389gat 3.578820 3.578820
n2440gat n1394gat 3.150090 3.150090
n2440gat n1332gat 3.718090 3.718090
n2440gat n1433gat 6.694310 5.936800
n2440gat n1871gat 10.341090 7.981920
n2440gat n2454gat 11.040170 8.681000
n2440gat n2025gat 10.040900 7.681730
n2440gat n1748gat 10.040900 7.681730
n2440gat n1340gat 3.408820 3.408820
n2440gat n1456gat 11.040170 3.809550
n2440gat n1462gat 4.300020 4.300020
n2440gat n1596gat 4.300020 4.300020
n2440gat OUTPUT 7.843090 7.843090
n2440gat OUTPUT 7.362760 6.177810
n2440gat OUTPUT 4.300910 4.300910
n2440gat OUTPUT 4.172460 3.655220
n2407gat n2399gat 8.613920 7.770720
n2407gat n2343gat 8.613920 7.770720
n2407gat n2203gat 8.613920 7.770720
n2407gat n2562gat 6.678040 5.834840
n2407gat n2207gat 8.613920 3.840450
n2407gat n2640gat 7.403170 6.559970
n2407gat n1389gat 2.888820 2.888820
n2407gat n1394gat 2.207900 2.207900
n2407gat n1332gat 3.028090 3.028090
n2407gat n1433gat 7.072090 5.980560
n2407gat n1871gat 7.462770 6.855140
n2407gat n2454gat 8.161850 7.554220
n2407gat n2025gat 7.162580 6.554950
n2407gat n1748gat 7.162580 6.554950
n2407gat n1340gat 2.718820 2.718820
n2407gat n1456gat 8.161850 4.696510
n2407gat n1462gat 2.779280 2.779280
n2407gat n1596gat 2.779280 2.779280
n2407gat OUTPUT 3.695920 3.695920
n2347gat n2399gat 8.783920 7.940720
n2347gat n2343gat 8.783920 7.940720
n2347gat n2203gat 8.783920 3.947330
n2347gat n2562gat 6.848040 6.004840
n2347gat n2207gat 8.783920 4.673940
n2347gat n2640gat 7.573170 5.146960
n2347gat n1389gat 4.117860 4.117860
n2347gat n1394gat 3.355930 3.355930
n2347gat n1332gat 4.257130 4.257130
n2347gat n1433gat 7.242090 6.150560
n2347gat n1871gat 9.137570 6.439870
n2347gat n2454gat 9.836650 7.138950
n2347gat n2025gat 8.837380 6.139680
n2347gat n1748gat 8.837380 6.139680
n2347gat n1340gat 3.947860 3.947860
n2347gat n1456gat 9.836650 4.866510
n2347gat n1462gat 3.864000 3.864000
n2347gat n1596gat 3.864000 3.864000
n2347gat OUTPUT 4.529410 4.529410
n2347gat OUTPUT 4.313530 3.802800
n1389gat OUTPUT 3.098180 3.098180
n1389gat OUTPUT 3.098180 3.098180
n2021gat n2399gat 9.568990 9.568990
n2021gat n2343gat 9.568990 9.568990
n2021gat n2203gat 9.568990 9.568990
n2021gat n2562gat 7.633110 7.633110
n2021gat n2207gat 9.568990 9.568990
n2021gat n2626gat 7.452190 7.452190
n2021gat n2490gat 9.388070 9.388070
n2021gat n2622gat 9.388070 9.388070
n2021gat n2630gat 9.388070 9.388070
n2021gat n2543gat 9.388070 9.388070
n2021gat n2640gat 8.358240 8.358240
n2021gat n2495gat 7.213250 7.213250
n2021gat n2390gat 6.515610 6.515610
n2021gat n2270gat 6.883270 6.883270
n2021gat n2339gat 6.883270 6.883270
n2021gat n2634gat 8.462470 8.462470
n2021gat n1871gat 5.020930 5.020930
n2021gat n2025gat 3.555540 3.555540
n2021gat OUTPUT 9.300820 9.300820
n2021gat OUTPUT 9.300820 9.300820
n1394gat n1496gat 1.324680 1.324680
n1394gat OUTPUT 7.148310 2.546030
n1394gat OUTPUT 7.148310 2.546030
n1394gat OUTPUT 4.687260 4.687260
n1394gat OUTPUT 4.687260 4.687260
n1394gat OUTPUT 4.048770 3.483650
n1394gat OUTPUT 4.048770 3.483650
n1496gat n2626gat 7.007180 6.918140
n1496gat n2490gat 8.943060 8.854020
n1496gat n2622gat 8.943060 8.854020
n1496gat n2630gat 8.943060 8.854020
n1496gat n2543gat 8.943060 8.854020
n1496gat n2634gat 8.017460 7.928420
n1496gat n1433gat 8.810910 7.151040
n2091gat n2626gat 7.177180 7.088140
n2091gat n2490gat 9.113060 9.024020
n2091gat n2622gat 9.113060 9.024020
n2091gat n2630gat 9.113060 9.024020
n2091gat n2543gat 9.113060 9.024020
n2091gat n2634gat 8.187460 8.098420
n2091gat n1433gat 8.980910 7.321040
n1332gat n1740gat 0.999960 0.999960
n1740gat n2626gat 7.499090 6.143740
n1740gat n2490gat 9.434970 8.079620
n1740gat n2622gat 9.434970 8.079620
n1740gat n2630gat 9.434970 8.079620
n1740gat n2543gat 9.434970 8.079620
n1740gat n2634gat 8.509370 7.154020
n1740gat n1433gat 9.302820 6.376640
n2179gat n1433gat 2.085690 2.085690
n2190gat n2495gat 6.063070 6.063070
n2190gat n2270gat 4.581870 3.133730
n2190gat n2339gat 4.263560 4.263560
n2190gat n1433gat 4.354270 4.354270
n2190gat OUTPUT 3.940040 3.940040
n2190gat OUTPUT 4.258350 2.810210
n2135gat n2339gat 3.828570 3.828570
n2135gat n1433gat 3.728170 3.728170
n2135gat OUTPUT 3.505050 3.505050
n2262gat n2495gat 4.999070 4.999070
n2262gat n2270gat 3.787870 3.657650
n2262gat n2339gat 4.433560 4.433560
n2262gat n1433gat 4.433100 4.433100
n2262gat OUTPUT 4.110040 4.110040
n2262gat OUTPUT 3.464350 3.334130
n2182gat n1433gat 2.677840 2.677840
n1433gat n1316gat 0.999960 0.999960
n1316gat n1363gat 0.999960 0.999960
n1316gat n2044gat 1.788010 1.788010
n1363gat n1312gat 0.999960 0.999960
n1312gat n1871gat 2.976030 2.976030
n1312gat n2454gat 2.817130 2.817130
n1312gat n1588gat 2.237860 2.237860
n1775gat n1871gat 2.275790 2.275790
n1775gat n2592gat 1.209840 1.209840
n1775gat n2044gat 1.528010 1.528010
n1775gat OUTPUT 1.105520 1.105520
n1775gat OUTPUT 7.219420 4.884290
n1775gat OUTPUT 7.219420 4.884290
n1775gat OUTPUT 1.446930 1.446930
n1775gat OUTPUT 2.668750 2.668750
n1871gat n834gat 14.713750 9.749450
n1871gat n707gat 14.713750 9.749450
n1871gat n838gat 14.713750 9.749450
n1871gat n830gat 14.713750 9.749450
n1871gat n614gat 14.713750 9.749450
n1871gat n680gat 12.050560 8.463590
n1871gat n816gat 12.050560 8.463590
n1871gat n580gat 12.470960 8.043190
n1871gat n824gat 15.049480 8.775110
n1871gat n820gat 15.049480 9.062280
n1871gat n883gat 15.049480 9.062280
n1871gat n584gat 12.470960 8.043190
n1871gat n684gat 15.049480 9.062280
n1871gat n699gat 15.049480 9.062280
n1871gat n1035gat 11.160620 9.743190
n1871gat n1121gat 11.160620 9.743190
n1871gat n1072gat 11.160620 9.743190
n1871gat n1282gat 11.160620 9.743190
n1871gat n1226gat 11.160620 9.743190
n1871gat n931gat 11.160620 9.743190
n1871gat n1135gat 11.160620 9.743190
n1871gat n1045gat 11.160620 9.743190
n1871gat n1197gat 11.160620 9.743190
n1871gat n2095gat 7.108630 6.181350
n1871gat OUTPUT 7.908640 6.141170
n1871gat OUTPUT 8.105820 6.243830
n1871gat OUTPUT 0.935580 0.935580
n1871gat OUTPUT 1.883220 1.883220
n1871gat OUTPUT 4.073410 4.073410
n1871gat OUTPUT 4.073410 4.073410
n1871gat OUTPUT 5.920200 5.920200
n1871gat OUTPUT 5.920200 5.920200
n1871gat OUTPUT 3.118750 3.118750
n1871gat OUTPUT 7.132580 5.977530
n2592gat n2458gat 0.999960 0.999960
n2592gat OUTPUT 5.063650 5.063650
n2592gat OUTPUT 5.063650 5.063650
n1508gat OUTPUT 3.613440 3.613440
n1508gat OUTPUT 3.613440 3.613440
n1508gat OUTPUT 4.614620 4.614620
n1508gat OUTPUT 4.614620 4.614620
n1678gat OUTPUT 3.501090 2.959300
n1678gat OUTPUT 3.501090 2.959300
n1678gat OUTPUT 3.788770 3.788770
n1678gat OUTPUT 3.788770 3.788770
n2450gat n1880gat 3.257260 3.257260
n2450gat n1763gat 5.045860 5.045860
n2450gat n1775gat 4.875860 4.875860
n2450gat n1771gat 4.875860 4.875860
n2450gat OUTPUT 1.053090 1.053090
n2450gat OUTPUT 0.499980 0.499980
n2446gat n1880gat 3.199700 3.199700
n2446gat n1763gat 4.988300 4.988300
n2446gat n1775gat 4.818300 4.818300
n2446gat n1771gat 4.818300 4.818300
n2446gat OUTPUT 0.874100 0.874100
n2095gat n2399gat 7.278140 7.278140
n2095gat n2343gat 7.278140 7.278140
n2095gat n2203gat 7.278140 7.278140
n2095gat n2562gat 5.342260 5.342260
n2095gat n2207gat 7.278140 7.278140
n2095gat n2626gat 5.161340 5.161340
n2095gat n2490gat 7.097220 7.097220
n2095gat n2622gat 7.097220 7.097220
n2095gat n2630gat 7.097220 7.097220
n2095gat n2543gat 7.097220 7.097220
n2095gat n2640gat 6.067390 6.067390
n2095gat n2495gat 4.922400 4.922400
n2095gat n2390gat 4.224760 4.224760
n2095gat n2270gat 4.592420 4.592420
n2095gat n2339gat 4.592420 4.592420
n2095gat n2634gat 6.171620 6.171620
n2095gat n2176gat 1.172220 1.172220
n2095gat OUTPUT 2.380160 2.380160
n2176gat n2169gat 0.999960 0.999960
n2176gat OUTPUT 2.581850 2.581850
n2169gat n2454gat 1.506890 1.506890
n2169gat OUTPUT 2.341850 2.341850
n2454gat n834gat 11.988420 10.193360
n2454gat n707gat 10.502380 8.795270
n2454gat n838gat 10.926960 10.223360
n2454gat n830gat 11.216510 11.216510
n2454gat n614gat 8.877320 7.788960
n2454gat n824gat 10.399050 10.032740
n2454gat n820gat 12.038440 12.038440
n2454gat n883gat 9.470270 8.617530
n2454gat n684gat 11.672110 11.051930
n2454gat n699gat 12.816990 11.021930
n2454gat n2102gat 1.367620 1.367620
n2454gat n1763gat 2.403580 2.403580
n2454gat n1035gat 19.812320 15.679430
n2454gat n1121gat 19.812320 15.679430
n2454gat n1072gat 19.812320 15.679430
n2454gat n1282gat 19.812320 15.679430
n2454gat n1226gat 19.812320 15.679430
n2454gat n931gat 19.812320 15.679430
n2454gat n1135gat 19.812320 15.679430
n2454gat n1045gat 19.812320 15.679430
n2454gat n1197gat 19.812320 15.679430
n2454gat n667gat 25.657850 16.112660
n2454gat n659gat 25.661940 16.112660
n2454gat n553gat 25.661940 16.112660
n2454gat n777gat 25.657850 16.112660
n2454gat n561gat 25.661940 16.112660
n2454gat n366gat 25.657850 16.112660
n2454gat n322gat 25.661940 16.112660
n2454gat n318gat 25.657850 16.112660
n2454gat n314gat 25.657850 16.112660
n2454gat n1834gat 2.766300 2.766300
n2454gat n1767gat 2.776380 2.776380
n2454gat n2021gat 10.582140 4.304390
n2454gat n2091gat 10.598890 6.466000
n2454gat n2179gat 7.765940 7.631190
n2454gat n2182gat 5.765480 4.503100
n2454gat n1775gat 4.136080 4.136080
n2454gat n2040gat 8.733120 5.415780
n2454gat n1771gat 4.126000 4.126000
n2454gat OUTPUT 7.851990 7.132630
n2454gat OUTPUT 16.329080 7.549310
n2454gat OUTPUT 16.329080 7.549310
n2454gat OUTPUT 15.126820 7.802900
n2454gat OUTPUT 15.126820 7.802900
n2454gat OUTPUT 12.731260 7.553670
n2454gat OUTPUT 12.731260 7.553670
n2454gat OUTPUT 9.533200 6.215860
n2454gat OUTPUT 1.266930 1.266930
n2040gat n2044gat 1.849020 1.849020
n2044gat n2037gat 0.999960 0.999960
n2037gat n2399gat 7.092740 7.092740
n2037gat n2343gat 7.092740 7.092740
n2037gat n2203gat 7.092740 7.092740
n2037gat n2562gat 5.156860 5.156860
n2037gat n2207gat 7.092740 7.092740
n2037gat n2626gat 4.975940 4.975940
n2037gat n2490gat 6.911820 6.911820
n2037gat n2622gat 6.911820 6.911820
n2037gat n2630gat 6.911820 6.911820
n2037gat n2543gat 6.911820 6.911820
n2037gat n2640gat 5.881990 5.881990
n2037gat n2495gat 4.737000 4.737000
n2037gat n2390gat 4.039360 4.039360
n2037gat n2270gat 4.407020 4.407020
n2037gat n2339gat 4.407020 4.407020
n2037gat n2634gat 5.986220 5.986220
n2037gat n2033gat 1.176180 1.176180
n2037gat OUTPUT 2.543110 2.543110
n2025gat n2099gat 0.999960 0.999960
n2099gat n2399gat 7.478640 7.478640
n2099gat n2343gat 7.478640 7.478640
n2099gat n2203gat 7.478640 7.478640
n2099gat n2562gat 5.542760 5.542760
n2099gat n2207gat 7.478640 7.478640
n2099gat n2626gat 5.361840 5.361840
n2099gat n2490gat 7.297720 7.297720
n2099gat n2622gat 7.297720 7.297720
n2099gat n2630gat 7.297720 7.297720
n2099gat n2543gat 7.297720 7.297720
n2099gat n2640gat 6.267890 6.267890
n2099gat n2495gat 5.122900 5.122900
n2099gat n2390gat 4.425260 4.425260
n2099gat n2270gat 4.792920 4.792920
n2099gat n2339gat 4.792920 4.792920
n2099gat n2634gat 6.372120 6.372120
n2266gat n2495gat 4.258650 4.258650
n2033gat n2110gat 0.999960 0.999960
n2033gat OUTPUT 2.850980 2.850980
n2110gat n2125gat 0.999960 0.999960
n2110gat OUTPUT 3.031850 3.031850
n2125gat n1880gat 1.788010 1.788010
n2125gat n2121gat 0.999960 0.999960
n2121gat n2117gat 0.999960 0.999960
n2117gat n1880gat 1.992350 1.992350
n1975gat n2634gat 2.909050 1.847010
n2644gat n2640gat 2.138940 2.041150
n156gat n834gat 7.461000 5.665940
n156gat n707gat 4.284260 2.629200
n156gat n838gat 6.399540 5.695940
n156gat n830gat 5.685070 5.685070
n156gat n614gat 3.527140 2.659200
n152gat n834gat 7.841900 6.046840
n152gat n707gat 5.108340 3.474400
n152gat n838gat 6.780440 6.076840
n152gat n830gat 7.220830 7.220830
n331gat n824gat 4.380510 4.363620
n331gat n820gat 7.073640 7.073640
n331gat n684gat 6.593350 5.973170
n331gat n699gat 7.738230 5.943170
n388gat n824gat 5.532570 4.560100
n388gat n820gat 5.957640 5.957640
n388gat n883gat 4.169950 2.938410
n388gat n684gat 6.922770 6.302590
n388gat n699gat 8.067650 6.272590
n463gat n820gat 4.772100 4.772100
n327gat n820gat 6.482040 6.482040
n327gat n684gat 3.562230 3.139330
n327gat n699gat 4.568540 4.563470
n384gat n699gat 5.033130 3.705350
n256gat n834gat 4.289330 4.284260
n256gat n838gat 3.283020 2.799200
n256gat n830gat 6.209470 6.209470
n470gat n830gat 4.499530 4.499530
n148gat n834gat 4.753920 3.426620
n2458gat n2514gat 0.999960 0.999960
n2514gat OUTPUT 1.547940 1.547940
n2514gat OUTPUT 2.428750 2.428750
n1771gat OUTPUT 1.037640 1.037640
n1771gat OUTPUT 1.318040 1.318040
n1771gat OUTPUT 2.937740 2.937740
n1336gat OUTPUT 4.282590 4.282590
n1336gat OUTPUT 4.282590 4.282590
n1748gat OUTPUT 1.754060 1.754060
n1748gat OUTPUT 1.754060 1.754060
n1675gat OUTPUT 2.422340 2.422340
n1675gat OUTPUT 2.422340 2.422340
n1807gat OUTPUT 3.442980 3.442980
n1807gat OUTPUT 3.442980 3.442980
n1340gat OUTPUT 6.513680 6.513680
n1340gat OUTPUT 6.513680 6.513680
n1340gat OUTPUT 5.606090 3.708700
n1340gat OUTPUT 5.606090 3.708700
n1456gat OUTPUT 2.645720 2.645720
n1456gat OUTPUT 2.645720 2.645720
n1525gat OUTPUT 4.613390 4.613390
n1525gat OUTPUT 4.613390 4.613390
n1462gat OUTPUT 5.553970 4.005140
n1462gat OUTPUT 5.553970 4.005140
n1596gat OUTPUT 4.265220 2.691600
n1596gat OUTPUT 4.265220 2.691600
n1588gat OUTPUT 3.249940 3.249940
n1588gat OUTPUT 3.249940 3.249940
