Network s641.bench
latch latch max_delay min_delay
INPUT latch max_delay min_delay
latch OUTPUT max_delay min_delay
INPUT G78 2.909050 2.459500
INPUT G64 16.733090 9.339030
INPUT G65 11.460230 1.506890
INPUT G66 9.752310 9.752310
INPUT G67 1.197620 1.197620
INPUT G69 10.011320 7.431690
INPUT G70 8.722890 8.722890
INPUT G73 17.925270 7.599840
INPUT G74 16.636840 9.242780
INPUT G75 18.803910 1.847010
INPUT G76 20.668220 1.847010
INPUT G77 20.668220 1.847010
INPUT G78 18.547170 1.847010
INPUT G79 17.525580 2.207900
INPUT G80 11.460230 1.506890
INPUT G81 9.955890 1.788010
INPUT G82 1.197620 1.197620
INPUT OUTPUT 3.608280 3.608280
INPUT OUTPUT 8.875350 8.875350
INPUT OUTPUT 10.305420 10.305420
INPUT OUTPUT 11.170490 3.776430
INPUT OUTPUT 16.591300 9.197240
INPUT OUTPUT 17.286200 9.892140
INPUT OUTPUT 20.194270 11.660860
INPUT G64 26.054740 4.586640
INPUT G65 20.781880 6.378310
INPUT G66 19.073960 5.168300
INPUT G67 11.493590 6.048840
INPUT G68 8.631660 7.992320
INPUT G69 19.332970 7.993090
INPUT G70 18.044540 9.284290
INPUT G71 11.029110 7.146280
INPUT G72 9.740680 8.793310
INPUT G73 27.246920 6.848540
INPUT G74 25.958490 8.491480
INPUT G75 28.125560 5.933390
INPUT G76 29.989870 6.512570
INPUT G77 29.989870 6.024010
INPUT G78 27.868820 6.400720
INPUT G79 26.847230 5.379130
INPUT G80 20.781880 6.378310
INPUT G81 19.277540 5.371880
INPUT G82 11.493590 6.048840
INPUT OUTPUT 4.270240 3.322870
INPUT OUTPUT 4.626400 3.987060
INPUT OUTPUT 9.184770 8.545430
INPUT OUTPUT 12.142360 6.697610
INPUT OUTPUT 9.695140 8.747770
INPUT OUTPUT 10.939900 5.695170
INPUT OUTPUT 12.929930 4.169680
INPUT OUTPUT 18.197000 9.436750
INPUT OUTPUT 19.627070 5.721410
INPUT OUTPUT 20.492140 3.025130
INPUT OUTPUT 25.912950 8.445940
INPUT OUTPUT 26.607850 5.139750
INPUT OUTPUT 29.515920 10.575970
INPUT G69 5.666190 5.666190
INPUT G70 6.031770 6.031770
INPUT G71 5.592570 5.592570
INPUT G72 5.958150 5.958150
INPUT G73 5.617110 5.617110
INPUT G74 5.982690 5.982690
INPUT G75 7.030740 7.030740
INPUT G76 7.006200 7.006200
INPUT G77 7.079820 7.079820
INPUT OUTPUT 3.045770 3.045770
INPUT OUTPUT 3.045770 3.045770
INPUT OUTPUT 3.045770 3.045770
INPUT OUTPUT 3.045770 3.045770
INPUT OUTPUT 5.710780 5.710780
INPUT OUTPUT 5.637160 5.637160
INPUT OUTPUT 5.661700 5.661700
INPUT OUTPUT 8.883790 7.484420
INPUT G76 4.139290 3.081310
INPUT G77 4.139290 3.081310
INPUT G75 4.139290 3.081310
INPUT G64 24.358190 9.027730
INPUT G65 19.085330 10.781800
INPUT G66 17.377410 9.073880
INPUT G67 9.797040 9.797040
INPUT G68 6.935110 6.935110
INPUT G69 17.636420 6.753260
INPUT G70 16.347990 8.044460
INPUT G71 10.521740 7.586280
INPUT G72 9.233310 9.233310
INPUT G73 25.550370 7.288540
INPUT G74 24.261940 8.931480
INPUT G75 26.429010 10.374480
INPUT G76 28.293320 11.249930
INPUT G77 28.293320 9.929590
INPUT G78 26.172270 9.805130
INPUT G79 25.150680 9.760230
INPUT G80 19.085330 10.781800
INPUT G81 17.580990 9.277460
INPUT G82 9.797040 9.797040
INPUT OUTPUT 3.762870 3.762870
INPUT OUTPUT 2.929850 2.929850
INPUT OUTPUT 7.488220 7.488220
INPUT OUTPUT 10.445810 10.445810
INPUT OUTPUT 9.187770 9.187770
INPUT OUTPUT 10.432530 10.432530
INPUT OUTPUT 11.233380 2.929850
INPUT OUTPUT 16.500450 8.196920
INPUT OUTPUT 17.930520 9.626990
INPUT OUTPUT 18.795590 3.465130
INPUT OUTPUT 24.216400 8.885940
INPUT OUTPUT 24.911300 9.580840
INPUT OUTPUT 27.819370 3.001280
INPUT G64 23.849020 9.288840
INPUT G65 18.576160 10.830440
INPUT G66 16.868240 9.639310
INPUT G67 9.287870 9.287870
INPUT G68 6.425940 6.425940
INPUT G69 17.127250 7.318690
INPUT G70 15.838820 8.609890
INPUT G71 11.776340 8.840880
INPUT G72 10.487910 10.487910
INPUT G73 25.041200 7.549650
INPUT G74 23.752770 9.192590
INPUT G75 25.919840 10.635590
INPUT G76 27.784150 12.504530
INPUT G77 27.784150 10.495020
INPUT G78 25.663100 9.295960
INPUT G79 24.641510 10.081330
INPUT G80 18.576160 10.830440
INPUT G81 17.071820 9.842890
INPUT G82 9.287870 9.287870
INPUT OUTPUT 5.017470 5.017470
INPUT OUTPUT 2.420680 2.420680
INPUT OUTPUT 6.979050 6.979050
INPUT OUTPUT 9.936640 9.936640
INPUT OUTPUT 10.442370 10.442370
INPUT OUTPUT 11.687130 11.687130
INPUT OUTPUT 10.724210 3.495280
INPUT OUTPUT 15.991280 8.762350
INPUT OUTPUT 17.421350 10.192420
INPUT OUTPUT 18.286420 3.726240
INPUT OUTPUT 23.707230 9.147050
INPUT OUTPUT 24.402130 9.841950
INPUT OUTPUT 27.310200 3.102110
INPUT G64 24.913120 8.695800
INPUT G65 19.640260 11.361400
INPUT G66 17.932340 9.734910
INPUT G67 10.351970 10.351970
INPUT G68 7.490040 7.490040
INPUT G69 18.191350 7.414290
INPUT G70 16.902920 8.705490
INPUT G71 10.767470 7.832010
INPUT G72 9.479040 9.479040
INPUT G73 26.105300 6.956610
INPUT G74 24.816870 8.599550
INPUT G75 26.983940 10.042550
INPUT G76 28.848250 11.495660
INPUT G77 28.848250 10.590620
INPUT G78 26.727200 10.360060
INPUT G79 25.705610 9.488290
INPUT G80 19.640260 11.361400
INPUT G81 18.135920 9.938490
INPUT G82 10.351970 10.351970
INPUT OUTPUT 1.685600 1.685600
INPUT OUTPUT 4.008600 4.008600
INPUT OUTPUT 3.484780 3.484780
INPUT OUTPUT 8.043150 8.043150
INPUT OUTPUT 11.000740 11.000740
INPUT OUTPUT 9.433500 9.433500
INPUT OUTPUT 10.678260 10.678260
INPUT OUTPUT 11.788310 3.590880
INPUT OUTPUT 17.055380 8.857950
INPUT OUTPUT 18.485450 10.288020
INPUT OUTPUT 19.350520 3.133200
INPUT OUTPUT 24.771330 8.554010
INPUT OUTPUT 25.466230 9.248910
INPUT OUTPUT 28.374300 4.383100
INPUT OUTPUT 1.445600 1.445600
INPUT OUTPUT 3.835510 3.835510
INPUT G64 24.790960 9.447730
INPUT G65 19.518100 10.974570
INPUT G66 17.810180 9.266650
INPUT G67 10.229810 10.229810
INPUT G68 7.367880 7.367880
INPUT G69 18.069190 6.946030
INPUT G70 16.780760 8.237230
INPUT G71 10.782750 7.847290
INPUT G72 9.494320 9.494320
INPUT G73 25.983140 7.708540
INPUT G74 24.694710 9.351480
INPUT G75 26.861780 10.794480
INPUT G76 28.726090 11.510940
INPUT G77 28.726090 10.122360
INPUT G78 26.605040 10.237900
INPUT G79 25.583450 9.953000
INPUT G80 19.518100 10.974570
INPUT G81 18.013760 9.470230
INPUT G82 10.229810 10.229810
INPUT OUTPUT 1.954590 1.954590
INPUT OUTPUT 4.023880 4.023880
INPUT OUTPUT 3.362620 3.362620
INPUT OUTPUT 7.920990 7.920990
INPUT OUTPUT 10.878580 10.878580
INPUT OUTPUT 9.448780 9.448780
INPUT OUTPUT 10.693540 10.693540
INPUT OUTPUT 11.666150 3.122620
INPUT OUTPUT 16.933220 8.389690
INPUT OUTPUT 18.363290 9.819760
INPUT OUTPUT 19.228360 3.885130
INPUT OUTPUT 24.649170 9.305940
INPUT OUTPUT 25.344070 10.000840
INPUT OUTPUT 28.252140 3.302810
INPUT OUTPUT 0.874100 0.874100
INPUT OUTPUT 0.874100 0.874100
INPUT OUTPUT 0.874100 0.874100
INPUT OUTPUT 0.874100 0.874100
INPUT OUTPUT 1.753580 1.753580
INPUT OUTPUT 1.753580 1.753580
INPUT OUTPUT 1.753580 1.753580
INPUT OUTPUT 1.753580 1.753580
INPUT G64 6.502860 6.502860
INPUT G73 7.695040 4.763670
INPUT G74 6.406610 6.406610
INPUT G75 8.573680 7.849610
INPUT G76 10.437990 10.437990
INPUT G77 10.437990 10.437990
INPUT G78 8.316940 8.316940
INPUT G79 7.295350 7.295350
INPUT OUTPUT 0.940260 0.940260
INPUT OUTPUT 6.361070 6.361070
INPUT OUTPUT 7.055970 7.055970
INPUT OUTPUT 9.964040 8.824690
INPUT G64 15.252230 15.252230
INPUT G65 8.818980 8.818980
INPUT G71 8.225050 5.289590
INPUT G72 6.936620 6.936620
INPUT G73 16.444410 13.513040
INPUT G74 15.155980 15.155980
INPUT G75 17.323050 11.281930
INPUT G76 19.187360 8.953240
INPUT G77 19.187360 11.281930
INPUT G78 17.066310 9.151590
INPUT G79 16.044720 9.449640
INPUT G80 8.818980 8.818980
INPUT OUTPUT 1.466180 1.466180
INPUT OUTPUT 6.891080 6.891080
INPUT OUTPUT 8.135840 8.135840
INPUT OUTPUT 9.689630 9.689630
INPUT OUTPUT 15.110440 15.110440
INPUT OUTPUT 15.805340 15.805340
INPUT OUTPUT 18.713410 9.224800
INPUT G64 14.742010 14.742010
INPUT G65 9.469150 9.469150
INPUT G66 7.761230 7.761230
INPUT G69 8.020240 5.440610
INPUT G70 6.731810 6.731810
INPUT G73 15.934190 13.002820
INPUT G74 14.645760 14.645760
INPUT G75 16.812830 11.205320
INPUT G76 18.677140 10.945630
INPUT G77 18.677140 8.616940
INPUT G78 16.556090 11.115670
INPUT G79 15.534500 8.447580
INPUT G80 9.469150 9.469150
INPUT G81 7.964810 7.964810
INPUT OUTPUT 1.617200 1.617200
INPUT OUTPUT 6.884270 6.884270
INPUT OUTPUT 8.314340 8.314340
INPUT OUTPUT 9.179410 9.179410
INPUT OUTPUT 14.600220 14.600220
INPUT OUTPUT 15.295120 15.295120
INPUT OUTPUT 18.203190 10.421840
INPUT G64 23.045540 15.921860
INPUT G65 17.772680 10.026960
INPUT G66 16.064760 16.064760
INPUT G67 8.484390 8.484390
INPUT G68 5.622460 5.622460
INPUT G69 16.323770 13.744140
INPUT G70 15.035340 15.035340
INPUT G73 24.237720 14.182670
INPUT G74 22.949290 15.825610
INPUT G75 25.116360 12.071690
INPUT G76 26.980670 12.071690
INPUT G77 26.980670 12.071690
INPUT G78 24.859620 8.492480
INPUT G79 23.838030 9.627670
INPUT G80 17.772680 10.026960
INPUT G81 16.268340 9.608080
INPUT G82 8.484390 8.484390
INPUT OUTPUT 1.617200 1.617200
INPUT OUTPUT 6.175570 6.175570
INPUT OUTPUT 9.133160 9.133160
INPUT OUTPUT 9.920730 9.920730
INPUT OUTPUT 15.187800 15.187800
INPUT OUTPUT 16.617870 16.617870
INPUT OUTPUT 17.482940 10.359260
INPUT OUTPUT 22.903750 15.780070
INPUT OUTPUT 23.598650 16.474970
INPUT OUTPUT 26.506720 8.206110
INPUT OUTPUT 1.753580 1.753580
INPUT OUTPUT 0.000000 0.000000
INPUT OUTPUT 2.135600 2.135600
INPUT OUTPUT 0.000000 0.000000
INPUT OUTPUT 0.874100 0.874100
INPUT OUTPUT 0.874100 0.874100
INPUT OUTPUT 0.874100 0.874100
INPUT OUTPUT 0.874100 0.874100
INPUT OUTPUT 0.874100 0.874100
INPUT OUTPUT 0.874100 0.874100
INPUT OUTPUT 0.874100 0.874100
G64 G64 8.554670 8.554670
G64 G73 9.746850 6.815480
G64 G74 8.458420 8.458420
G64 G75 10.625490 9.901420
G64 G76 12.489800 12.489800
G64 G77 12.489800 12.489800
G64 G78 10.368750 10.368750
G64 G79 9.347160 9.347160
G64 OUTPUT 2.992070 2.992070
G64 OUTPUT 8.412880 8.412880
G64 OUTPUT 9.107780 9.107780
G64 OUTPUT 12.015850 10.876500
G65 G64 16.462010 16.462010
G65 G65 10.028760 10.028760
G65 G71 9.434830 6.499370
G65 G72 8.146400 8.146400
G65 G73 17.654190 14.722820
G65 G74 16.365760 16.365760
G65 G75 18.532830 12.491710
G65 G76 20.397140 10.163020
G65 G77 20.397140 12.491710
G65 G78 18.276090 10.361370
G65 G79 17.254500 10.659420
G65 G80 10.028760 10.028760
G65 OUTPUT 2.675960 2.675960
G65 OUTPUT 8.100860 8.100860
G65 OUTPUT 9.345620 9.345620
G65 OUTPUT 10.899410 10.899410
G65 OUTPUT 16.320220 16.320220
G65 OUTPUT 17.015120 17.015120
G65 OUTPUT 19.923190 10.434580
G66 G64 16.149410 16.149410
G66 G65 10.876550 10.876550
G66 G66 9.168630 9.168630
G66 G69 9.427640 6.848010
G66 G70 8.139210 8.139210
G66 G73 17.341590 14.410220
G66 G74 16.053160 16.053160
G66 G75 18.220230 12.612720
G66 G76 20.084540 12.353030
G66 G77 20.084540 10.024340
G66 G78 17.963490 12.523070
G66 G79 16.941900 9.854980
G66 G80 10.876550 10.876550
G66 G81 9.372210 9.372210
G66 OUTPUT 3.024600 3.024600
G66 OUTPUT 8.291670 8.291670
G66 OUTPUT 9.721740 9.721740
G66 OUTPUT 10.586810 10.586810
G66 OUTPUT 16.007620 16.007620
G66 OUTPUT 16.702520 16.702520
G66 OUTPUT 19.610590 11.829240
G67 G64 23.739040 16.615360
G67 G65 18.466180 10.720460
G67 G66 16.758260 16.758260
G67 G67 9.177890 9.177890
G67 G68 6.315960 6.315960
G67 G69 17.017270 14.437640
G67 G70 15.728840 15.728840
G67 G73 24.931220 14.876170
G67 G74 23.642790 16.519110
G67 G75 25.809860 12.765190
G67 G76 27.674170 12.765190
G67 G77 27.674170 12.765190
G67 G78 25.553120 9.185980
G67 G79 24.531530 10.321170
G67 G80 18.466180 10.720460
G67 G81 16.961840 10.301580
G67 G82 9.177890 9.177890
G67 OUTPUT 2.310700 2.310700
G67 OUTPUT 6.869070 6.869070
G67 OUTPUT 9.826660 9.826660
G67 OUTPUT 10.614230 10.614230
G67 OUTPUT 15.881300 15.881300
G67 OUTPUT 17.311370 17.311370
G67 OUTPUT 18.176440 11.052760
G67 OUTPUT 23.597250 16.473570
G67 OUTPUT 24.292150 17.168470
G67 OUTPUT 27.200220 8.899610
G68 G68 3.180600 3.180600
G68 G78 6.050620 6.050620
G68 OUTPUT 3.733710 3.733710
G68 OUTPUT 7.110390 5.764250
G69 G69 4.070400 4.070400
G69 G70 4.435980 4.435980
G69 G77 5.484030 5.484030
G69 OUTPUT 4.114990 4.114990
G69 OUTPUT 7.288000 7.086760
G70 G69 5.425300 4.121420
G70 G70 4.136870 4.136870
G70 G77 6.303940 6.303940
G70 OUTPUT 4.289330 4.289330
G70 OUTPUT 9.560500 7.826900
G71 G71 3.996600 3.996600
G71 G72 4.362180 4.362180
G71 G76 5.410230 5.410230
G71 OUTPUT 4.041190 4.041190
G71 OUTPUT 7.092350 6.641600
G72 G71 5.782000 4.478120
G72 G72 4.493570 4.493570
G72 G76 6.660640 6.660640
G72 OUTPUT 4.448030 4.448030
G72 OUTPUT 7.891950 6.781750
G73 G73 4.021200 4.021200
G73 G74 4.386780 4.386780
G73 G75 5.434830 5.434830
G73 OUTPUT 4.065790 4.065790
G73 OUTPUT 7.106200 5.888510
G74 G73 5.777900 4.474020
G74 G74 4.489470 4.489470
G74 G75 6.656540 6.656540
G74 OUTPUT 4.443930 4.443930
G74 OUTPUT 8.046900 6.907550
G75 G64 2.951200 2.951200
G75 G75 4.297950 4.297950
G75 G76 6.886330 6.886330
G75 G77 6.886330 6.886330
G75 G78 4.765280 4.765280
G75 G79 3.743690 3.743690
G75 OUTPUT 3.504310 3.504310
G76 G64 10.898290 10.898290
G76 G65 4.465040 4.465040
G76 G73 12.090470 9.159100
G76 G74 10.802040 10.802040
G76 G75 12.969110 6.927990
G76 G76 14.833420 4.599300
G76 G77 14.833420 6.927990
G76 G78 12.712370 4.797650
G76 G79 11.690780 5.095700
G76 G80 4.465040 4.465040
G76 OUTPUT 3.781900 3.781900
G76 OUTPUT 5.335690 5.335690
G76 OUTPUT 10.756500 10.756500
G76 OUTPUT 11.451400 11.451400
G76 OUTPUT 14.359470 13.220120
G77 G64 10.470170 10.470170
G77 G65 5.197310 5.197310
G77 G66 3.489390 3.489390
G77 G73 11.662350 8.730980
G77 G74 10.373920 10.373920
G77 G75 12.540990 6.933480
G77 G76 14.405300 6.673790
G77 G77 14.405300 4.345100
G77 G78 12.284250 6.843830
G77 G79 11.262660 4.175740
G77 G80 5.197310 5.197310
G77 G81 3.692970 3.692970
G77 OUTPUT 4.042500 4.042500
G77 OUTPUT 4.907570 4.907570
G77 OUTPUT 10.328380 10.328380
G77 OUTPUT 11.023280 11.023280
G77 OUTPUT 13.931350 12.792000
G78 G64 18.375420 11.251740
G78 G65 13.102560 5.356840
G78 G66 11.394640 11.394640
G78 G67 3.814270 3.814270
G78 G69 11.653650 9.074020
G78 G70 10.365220 10.365220
G78 G73 19.567600 9.512550
G78 G74 18.279170 11.155490
G78 G75 20.446240 7.401570
G78 G76 22.310550 7.401570
G78 G77 22.310550 7.401570
G78 G78 20.189500 4.947800
G78 G79 19.167910 4.957550
G78 G80 13.102560 5.356840
G78 G81 11.598220 4.937960
G78 G82 3.814270 3.814270
G78 OUTPUT 4.463040 4.463040
G78 OUTPUT 5.250610 5.250610
G78 OUTPUT 10.517680 10.517680
G78 OUTPUT 11.947750 11.947750
G78 OUTPUT 12.812820 5.689140
G78 OUTPUT 18.233630 11.109950
G78 OUTPUT 18.928530 11.804850
G78 OUTPUT 21.836600 13.573570
G79 OUTPUT 1.503370 1.503370
G80 OUTPUT 1.503370 1.503370
G81 OUTPUT 1.503370 1.503370
G82 OUTPUT 1.503370 1.503370
