Network s713.bench
latch latch max_delay min_delay
INPUT latch max_delay min_delay
latch OUTPUT max_delay min_delay
INPUT G78 2.909050 2.459500
INPUT G64 17.160770 9.552870
INPUT G65 11.674070 1.506890
INPUT G66 9.966150 9.966150
INPUT G67 1.197620 1.197620
INPUT G69 11.046730 6.571950
INPUT G70 10.725610 7.410990
INPUT G73 19.174520 6.740100
INPUT G74 18.853400 7.579140
INPUT G75 19.726480 1.847010
INPUT G76 21.095900 1.847010
INPUT G77 21.095900 1.847010
INPUT G78 18.974850 1.847010
INPUT G79 17.953260 2.207900
INPUT G80 11.674070 1.506890
INPUT G81 10.169730 1.788010
INPUT G82 1.197620 1.197620
INPUT OUTPUT 17.713880 10.105980
INPUT OUTPUT 10.519260 10.519260
INPUT OUTPUT 11.384330 3.776430
INPUT OUTPUT 3.608280 3.608280
INPUT OUTPUT 21.116840 12.369590
INPUT OUTPUT 17.513870 9.905970
INPUT OUTPUT 9.584080 9.584080
INPUT G64 26.628940 4.586640
INPUT G65 21.142240 6.378310
INPUT G66 19.434320 5.168300
INPUT G67 11.640110 6.048840
INPUT G68 10.384220 6.579040
INPUT G69 20.514900 7.133350
INPUT G70 20.193780 7.972390
INPUT G71 12.064520 6.286540
INPUT G72 11.743400 7.125580
INPUT G73 28.642690 5.988800
INPUT G74 28.321570 6.827840
INPUT G75 29.194650 5.933390
INPUT G76 30.564070 6.512570
INPUT G77 30.564070 6.024010
INPUT G78 28.443020 6.400720
INPUT G79 27.421430 5.379130
INPUT G80 21.142240 6.378310
INPUT G81 19.637900 5.371880
INPUT G82 11.640110 6.048840
INPUT OUTPUT 27.182050 5.139750
INPUT OUTPUT 11.153740 5.695170
INPUT OUTPUT 19.987430 5.721410
INPUT OUTPUT 12.288880 6.697610
INPUT OUTPUT 20.852500 3.025130
INPUT OUTPUT 4.270240 3.322870
INPUT OUTPUT 13.076450 4.169680
INPUT OUTPUT 4.626400 3.987060
INPUT OUTPUT 30.585010 11.515950
INPUT OUTPUT 26.982040 9.154670
INPUT OUTPUT 10.403870 9.456500
INPUT OUTPUT 19.052250 10.145480
INPUT OUTPUT 9.924770 9.285430
INPUT G69 7.645080 7.190330
INPUT G70 6.823860 6.680030
INPUT G71 7.571460 7.116710
INPUT G72 6.750240 6.606410
INPUT G73 7.596000 7.141250
INPUT G74 6.774780 6.630950
INPUT G75 7.267960 7.267960
INPUT G76 7.243420 7.243420
INPUT G77 7.317040 7.317040
INPUT OUTPUT 3.045770 3.045770
INPUT OUTPUT 3.045770 3.045770
INPUT OUTPUT 3.045770 3.045770
INPUT OUTPUT 3.045770 3.045770
INPUT OUTPUT 9.121010 7.721640
INPUT OUTPUT 6.146420 6.146420
INPUT OUTPUT 6.121880 6.121880
INPUT OUTPUT 6.195500 6.195500
INPUT G76 4.139290 3.081310
INPUT G77 4.139290 3.081310
INPUT G75 4.139290 3.081310
INPUT G64 24.932390 9.241570
INPUT G65 19.445690 10.995640
INPUT G66 17.737770 9.287720
INPUT G67 9.943560 9.943560
INPUT G68 8.687670 5.521830
INPUT G69 18.818350 5.893520
INPUT G70 18.497230 6.732560
INPUT G71 11.557150 6.726540
INPUT G72 11.236030 7.565580
INPUT G73 26.946140 6.428800
INPUT G74 26.625020 7.267840
INPUT G75 27.498100 10.588320
INPUT G76 28.867520 11.463770
INPUT G77 28.867520 10.143430
INPUT G78 26.746470 10.745110
INPUT G79 25.724880 9.974070
INPUT G80 19.445690 10.995640
INPUT G81 17.941350 9.491300
INPUT G82 9.943560 9.943560
INPUT OUTPUT 25.485500 9.794680
INPUT OUTPUT 10.646370 10.646370
INPUT OUTPUT 18.290880 9.840830
INPUT OUTPUT 10.592330 10.592330
INPUT OUTPUT 19.155950 3.465130
INPUT OUTPUT 3.762870 3.762870
INPUT OUTPUT 11.379900 2.929850
INPUT OUTPUT 2.929850 2.929850
INPUT OUTPUT 28.888460 3.001280
INPUT OUTPUT 25.285490 9.594670
INPUT OUTPUT 9.896500 9.896500
INPUT OUTPUT 17.355700 8.905650
INPUT OUTPUT 8.228220 8.228220
INPUT G64 24.423220 9.502680
INPUT G65 18.936520 10.976960
INPUT G66 17.228600 9.853150
INPUT G67 9.434390 9.434390
INPUT G68 8.178500 5.012660
INPUT G69 18.309180 6.458950
INPUT G70 17.988060 7.297990
INPUT G71 12.811750 7.981140
INPUT G72 12.490630 8.820180
INPUT G73 26.436970 6.689910
INPUT G74 26.115850 7.528950
INPUT G75 26.988930 10.849430
INPUT G76 28.358350 12.718370
INPUT G77 28.358350 10.708860
INPUT G78 26.237300 10.235940
INPUT G79 25.215710 10.295170
INPUT G80 18.936520 10.976960
INPUT G81 17.432180 10.056730
INPUT G82 9.434390 9.434390
INPUT OUTPUT 24.976330 10.055790
INPUT OUTPUT 11.900970 11.900970
INPUT OUTPUT 17.781710 10.406260
INPUT OUTPUT 10.083160 10.083160
INPUT OUTPUT 18.646780 3.726240
INPUT OUTPUT 5.017470 5.017470
INPUT OUTPUT 10.870730 3.495280
INPUT OUTPUT 2.420680 2.420680
INPUT OUTPUT 28.379290 3.102110
INPUT OUTPUT 24.776320 9.855780
INPUT OUTPUT 11.151100 11.151100
INPUT OUTPUT 16.846530 9.471080
INPUT OUTPUT 7.719050 7.719050
INPUT G64 25.487320 8.909640
INPUT G65 20.000620 11.575240
INPUT G66 18.292700 9.948750
INPUT G67 10.498490 10.498490
INPUT G68 9.242600 6.076760
INPUT G69 19.373280 6.554550
INPUT G70 19.052160 7.393590
INPUT G71 11.802880 6.972270
INPUT G72 11.481760 7.811310
INPUT G73 27.501070 6.096870
INPUT G74 27.179950 6.935910
INPUT G75 28.053030 10.256390
INPUT G76 29.422450 11.709500
INPUT G77 29.422450 10.804460
INPUT G78 27.301400 10.723720
INPUT G79 26.279810 9.702130
INPUT G80 20.000620 11.575240
INPUT G81 18.496280 10.152330
INPUT G82 10.498490 10.498490
INPUT OUTPUT 26.040430 9.462750
INPUT OUTPUT 10.892100 10.892100
INPUT OUTPUT 18.845810 10.501860
INPUT OUTPUT 11.147260 11.147260
INPUT OUTPUT 19.710880 3.133200
INPUT OUTPUT 4.008600 4.008600
INPUT OUTPUT 11.934830 3.590880
INPUT OUTPUT 3.484780 3.484780
INPUT OUTPUT 29.443390 4.383100
INPUT OUTPUT 1.685600 1.685600
INPUT OUTPUT 25.840420 9.262740
INPUT OUTPUT 10.142230 10.142230
INPUT OUTPUT 17.910630 9.566680
INPUT OUTPUT 8.783150 8.783150
INPUT OUTPUT 3.835510 3.835510
INPUT OUTPUT 1.445600 1.445600
INPUT G64 25.365160 9.661570
INPUT G65 19.878460 11.188410
INPUT G66 18.170540 9.480490
INPUT G67 10.376330 10.376330
INPUT G68 9.120440 5.954600
INPUT G69 19.251120 6.086290
INPUT G70 18.930000 6.925330
INPUT G71 11.818160 6.987550
INPUT G72 11.497040 7.826590
INPUT G73 27.378910 6.848800
INPUT G74 27.057790 7.687840
INPUT G75 27.930870 11.008320
INPUT G76 29.300290 11.724780
INPUT G77 29.300290 10.336200
INPUT G78 27.179240 11.177880
INPUT G79 26.157650 10.166840
INPUT G80 19.878460 11.188410
INPUT G81 18.374120 9.684070
INPUT G82 10.376330 10.376330
INPUT OUTPUT 25.918270 10.214680
INPUT OUTPUT 10.907380 10.907380
INPUT OUTPUT 18.723650 10.033600
INPUT OUTPUT 11.025100 11.025100
INPUT OUTPUT 19.588720 3.885130
INPUT OUTPUT 4.023880 4.023880
INPUT OUTPUT 11.812670 3.122620
INPUT OUTPUT 3.362620 3.362620
INPUT OUTPUT 29.321230 3.302810
INPUT OUTPUT 1.954590 1.954590
INPUT OUTPUT 25.718260 10.014670
INPUT OUTPUT 10.157510 10.157510
INPUT OUTPUT 17.788470 9.098420
INPUT OUTPUT 8.660990 8.660990
INPUT OUTPUT 0.874100 0.874100
INPUT OUTPUT 0.874100 0.874100
INPUT OUTPUT 0.874100 0.874100
INPUT OUTPUT 0.874100 0.874100
INPUT OUTPUT 1.753580 1.753580
INPUT OUTPUT 1.753580 1.753580
INPUT OUTPUT 1.753580 1.753580
INPUT OUTPUT 1.753580 1.753580
INPUT G64 6.716700 6.716700
INPUT G73 8.730450 3.903930
INPUT G74 8.409330 4.742970
INPUT G75 9.282410 8.063450
INPUT G76 10.651830 10.651830
INPUT G77 10.651830 10.651830
INPUT G78 8.530780 8.530780
INPUT G79 7.509190 7.509190
INPUT OUTPUT 7.269810 7.269810
INPUT OUTPUT 0.940260 0.940260
INPUT OUTPUT 10.672770 9.533420
INPUT OUTPUT 7.069800 7.069800
INPUT G64 15.679910 15.679910
INPUT G65 9.032820 9.032820
INPUT G71 9.260460 4.429850
INPUT G72 8.939340 5.268890
INPUT G73 17.693660 12.867140
INPUT G74 17.372540 13.706180
INPUT G75 18.245620 11.495770
INPUT G76 19.615040 9.167080
INPUT G77 19.615040 11.495770
INPUT G78 17.493990 9.365430
INPUT G79 16.472400 9.663480
INPUT G80 9.032820 9.032820
INPUT OUTPUT 16.233020 16.233020
INPUT OUTPUT 8.349680 8.349680
INPUT OUTPUT 9.903470 9.903470
INPUT OUTPUT 1.466180 1.466180
INPUT OUTPUT 19.635980 9.933530
INPUT OUTPUT 16.033010 16.033010
INPUT OUTPUT 7.599810 7.599810
INPUT G64 15.169690 15.169690
INPUT G65 9.682990 9.682990
INPUT G66 7.975070 7.975070
INPUT G69 9.055650 4.580870
INPUT G70 8.734530 5.419910
INPUT G73 17.183440 12.356920
INPUT G74 16.862320 13.195960
INPUT G75 17.735400 11.419160
INPUT G76 19.104820 11.159470
INPUT G77 19.104820 8.830780
INPUT G78 16.983770 11.329510
INPUT G79 15.962180 8.661420
INPUT G80 9.682990 9.682990
INPUT G81 8.178650 8.178650
INPUT OUTPUT 15.722800 15.722800
INPUT OUTPUT 8.528180 8.528180
INPUT OUTPUT 9.393250 9.393250
INPUT OUTPUT 1.617200 1.617200
INPUT OUTPUT 19.125760 11.130570
INPUT OUTPUT 15.522790 15.522790
INPUT OUTPUT 7.593000 7.593000
INPUT G64 23.619740 16.282220
INPUT G65 18.133040 10.173480
INPUT G66 16.425120 16.425120
INPUT G67 8.630910 8.630910
INPUT G68 7.375020 4.209180
INPUT G69 17.505700 13.030920
INPUT G70 17.184580 13.869960
INPUT G73 25.633490 13.469450
INPUT G74 25.312370 14.308490
INPUT G75 26.185450 12.218210
INPUT G76 27.554870 12.218210
INPUT G77 27.554870 12.218210
INPUT G78 25.433820 9.432460
INPUT G79 24.412230 9.774190
INPUT G80 18.133040 10.173480
INPUT G81 16.628700 9.754600
INPUT G82 8.630910 8.630910
INPUT OUTPUT 24.172850 16.835330
INPUT OUTPUT 16.978230 16.978230
INPUT OUTPUT 9.279680 9.279680
INPUT OUTPUT 17.843300 10.505780
INPUT OUTPUT 10.067250 10.067250
INPUT OUTPUT 1.617200 1.617200
INPUT OUTPUT 27.575810 9.146090
INPUT OUTPUT 23.972840 16.635320
INPUT OUTPUT 16.043050 16.043050
INPUT OUTPUT 6.915570 6.915570
INPUT OUTPUT 1.753580 1.753580
INPUT OUTPUT 0.000000 0.000000
INPUT OUTPUT 2.135600 2.135600
INPUT OUTPUT 0.000000 0.000000
INPUT OUTPUT 0.874100 0.874100
INPUT OUTPUT 0.874100 0.874100
INPUT OUTPUT 0.874100 0.874100
INPUT OUTPUT 0.874100 0.874100
INPUT OUTPUT 0.874100 0.874100
INPUT OUTPUT 0.874100 0.874100
INPUT OUTPUT 0.874100 0.874100
G64 G64 8.768510 8.768510
G64 G73 10.782260 5.955740
G64 G74 10.461140 6.794780
G64 G75 11.334220 10.115260
G64 G76 12.703640 12.703640
G64 G77 12.703640 12.703640
G64 G78 10.582590 10.582590
G64 G79 9.561000 9.561000
G64 OUTPUT 9.321620 9.321620
G64 OUTPUT 2.992070 2.992070
G64 OUTPUT 12.724580 11.585230
G64 OUTPUT 9.121610 9.121610
G65 G64 16.889690 16.889690
G65 G65 10.242600 10.242600
G65 G71 10.470240 5.639630
G65 G72 10.149120 6.478670
G65 G73 18.903440 14.076920
G65 G74 18.582320 14.915960
G65 G75 19.455400 12.705550
G65 G76 20.824820 10.376860
G65 G77 20.824820 12.705550
G65 G78 18.703770 10.575210
G65 G79 17.682180 10.873260
G65 G80 10.242600 10.242600
G65 OUTPUT 17.442800 17.442800
G65 OUTPUT 9.559460 9.559460
G65 OUTPUT 11.113250 11.113250
G65 OUTPUT 2.675960 2.675960
G65 OUTPUT 20.845760 11.143310
G65 OUTPUT 17.242790 17.242790
G65 OUTPUT 8.809590 8.809590
G66 G64 16.577090 16.577090
G66 G65 11.090390 11.090390
G66 G66 9.382470 9.382470
G66 G69 10.463050 5.988270
G66 G70 10.141930 6.827310
G66 G73 18.590840 13.764320
G66 G74 18.269720 14.603360
G66 G75 19.142800 12.826560
G66 G76 20.512220 12.566870
G66 G77 20.512220 10.238180
G66 G78 18.391170 12.736910
G66 G79 17.369580 10.068820
G66 G80 11.090390 11.090390
G66 G81 9.586050 9.586050
G66 OUTPUT 17.130200 17.130200
G66 OUTPUT 9.935580 9.935580
G66 OUTPUT 10.800650 10.800650
G66 OUTPUT 3.024600 3.024600
G66 OUTPUT 20.533160 12.537970
G66 OUTPUT 16.930190 16.930190
G66 OUTPUT 9.000400 9.000400
G67 G64 24.313240 16.975720
G67 G65 18.826540 10.866980
G67 G66 17.118620 17.118620
G67 G67 9.324410 9.324410
G67 G68 8.068520 4.902680
G67 G69 18.199200 13.724420
G67 G70 17.878080 14.563460
G67 G73 26.326990 14.162950
G67 G74 26.005870 15.001990
G67 G75 26.878950 12.911710
G67 G76 28.248370 12.911710
G67 G77 28.248370 12.911710
G67 G78 26.127320 10.125960
G67 G79 25.105730 10.467690
G67 G80 18.826540 10.866980
G67 G81 17.322200 10.448100
G67 G82 9.324410 9.324410
G67 OUTPUT 24.866350 17.528830
G67 OUTPUT 17.671730 17.671730
G67 OUTPUT 9.973180 9.973180
G67 OUTPUT 18.536800 11.199280
G67 OUTPUT 10.760750 10.760750
G67 OUTPUT 2.310700 2.310700
G67 OUTPUT 28.269310 9.839590
G67 OUTPUT 24.666340 17.328820
G67 OUTPUT 16.736550 16.736550
G67 OUTPUT 7.609070 7.609070
G68 G68 4.788580 4.189220
G68 G78 6.846020 6.846020
G68 OUTPUT 7.905790 6.559650
G68 OUTPUT 4.329130 4.329130
G69 G69 6.049870 5.595120
G69 G70 5.228650 5.084820
G69 G77 5.721830 5.721830
G69 OUTPUT 7.525800 7.324560
G69 OUTPUT 4.600290 4.600290
G70 G69 6.248080 4.897920
G70 G70 5.926960 4.685400
G70 G77 6.800040 6.800040
G70 OUTPUT 10.056600 8.323000
G70 OUTPUT 4.785430 4.785430
G71 G71 5.976070 5.521320
G71 G72 5.154850 5.011020
G71 G76 5.648030 5.648030
G71 OUTPUT 7.330150 6.879400
G71 OUTPUT 4.526490 4.526490
G72 G71 6.604780 5.254620
G72 G72 6.283660 5.042100
G72 G76 7.156740 7.156740
G72 OUTPUT 8.388050 7.277850
G72 OUTPUT 4.944130 4.944130
G73 G73 6.000670 5.545920
G73 G74 5.179450 5.035620
G73 G75 5.672630 5.672630
G73 OUTPUT 7.344000 6.126310
G73 OUTPUT 4.551090 4.551090
G74 G73 6.600680 5.250520
G74 G74 6.279560 5.038000
G74 G75 7.152640 7.152640
G74 OUTPUT 8.543000 7.403650
G74 OUTPUT 4.940030 4.940030
G75 G64 2.951200 2.951200
G75 G75 4.297950 4.297950
G75 G76 6.886330 6.886330
G75 G77 6.886330 6.886330
G75 G78 4.765280 4.765280
G75 G79 3.743690 3.743690
G75 OUTPUT 3.504310 3.504310
G76 G64 11.112130 11.112130
G76 G65 4.465040 4.465040
G76 G73 13.125880 8.299360
G76 G74 12.804760 9.138400
G76 G75 13.677840 6.927990
G76 G76 15.047260 4.599300
G76 G77 15.047260 6.927990
G76 G78 12.926210 4.797650
G76 G79 11.904620 5.095700
G76 G80 4.465040 4.465040
G76 OUTPUT 11.665240 11.665240
G76 OUTPUT 3.781900 3.781900
G76 OUTPUT 5.335690 5.335690
G76 OUTPUT 15.068200 13.928850
G76 OUTPUT 11.465230 11.465230
G77 G64 10.684010 10.684010
G77 G65 5.197310 5.197310
G77 G66 3.489390 3.489390
G77 G73 12.697760 7.871240
G77 G74 12.376640 8.710280
G77 G75 13.249720 6.933480
G77 G76 14.619140 6.673790
G77 G77 14.619140 4.345100
G77 G78 12.498090 6.843830
G77 G79 11.476500 4.175740
G77 G80 5.197310 5.197310
G77 G81 3.692970 3.692970
G77 OUTPUT 11.237120 11.237120
G77 OUTPUT 4.042500 4.042500
G77 OUTPUT 4.907570 4.907570
G77 OUTPUT 14.640080 13.500730
G77 OUTPUT 11.037110 11.037110
G78 G64 18.803100 11.465580
G78 G65 13.316400 5.356840
G78 G66 11.608480 11.608480
G78 G67 3.814270 3.814270
G78 G69 12.689060 8.214280
G78 G70 12.367940 9.053320
G78 G73 20.816850 8.652810
G78 G74 20.495730 9.491850
G78 G75 21.368810 7.401570
G78 G76 22.738230 7.401570
G78 G77 22.738230 7.401570
G78 G78 20.617180 4.947800
G78 G79 19.595590 4.957550
G78 G80 13.316400 5.356840
G78 G81 11.812060 4.937960
G78 G82 3.814270 3.814270
G78 OUTPUT 19.356210 12.018690
G78 OUTPUT 12.161590 12.161590
G78 OUTPUT 4.463040 4.463040
G78 OUTPUT 13.026660 5.689140
G78 OUTPUT 5.250610 5.250610
G78 OUTPUT 22.759170 14.282300
G78 OUTPUT 19.156200 11.818680
G78 OUTPUT 11.226410 11.226410
G79 OUTPUT 1.503370 1.503370
G80 OUTPUT 1.503370 1.503370
G81 OUTPUT 1.503370 1.503370
G82 OUTPUT 1.503370 1.503370
