Network s820.bench
latch latch max_delay min_delay
INPUT latch max_delay min_delay
latch OUTPUT max_delay min_delay
INPUT G38 7.661250 6.976750
INPUT G39 7.370380 7.370380
INPUT G40 6.310580 6.310580
INPUT G41 4.451440 4.451440
INPUT G42 4.805810 4.805810
INPUT G38 9.515990 8.864970
INPUT G39 7.165370 6.939560
INPUT G40 7.911380 7.876870
INPUT G41 8.050170 8.050170
INPUT G42 10.842760 9.433100
INPUT OUTPUT 5.200920 5.200920
INPUT OUTPUT 3.705130 3.705130
INPUT OUTPUT 5.844620 5.844620
INPUT G39 4.441340 4.441340
INPUT G40 5.437740 5.437740
INPUT G41 5.610930 5.610930
INPUT G42 7.147740 7.147740
INPUT G39 7.006160 5.939350
INPUT G40 6.647840 5.662690
INPUT G41 5.814150 5.814150
INPUT G42 6.887740 6.887740
INPUT OUTPUT 2.817620 2.817620
INPUT G38 3.726880 3.715060
INPUT G39 5.869330 3.869640
INPUT G40 4.809650 4.186620
INPUT G41 8.024160 2.950430
INPUT G42 6.636240 3.402830
INPUT OUTPUT 4.500690 4.500690
INPUT OUTPUT 4.938150 4.938150
INPUT OUTPUT 6.244490 2.195620
INPUT G39 7.526260 7.526260
INPUT G40 7.168040 7.168040
INPUT G41 6.421870 6.421870
INPUT G42 6.270240 6.270240
INPUT OUTPUT 3.638240 3.638240
INPUT OUTPUT 2.749500 2.749500
INPUT G40 9.248630 9.248630
INPUT G41 6.513910 6.513910
INPUT G42 9.998930 7.540880
INPUT OUTPUT 2.802290 2.802290
INPUT G40 8.135890 8.135890
INPUT G41 6.413190 6.413190
INPUT G42 10.180020 8.261720
INPUT OUTPUT 3.252290 3.252290
INPUT G40 7.856090 7.856090
INPUT G41 7.980060 7.980060
INPUT G42 9.730020 8.131800
INPUT OUTPUT 3.071250 3.071250
INPUT G40 8.558630 8.558630
INPUT G41 8.364620 8.364620
INPUT G42 9.741970 9.490020
INPUT OUTPUT 4.247040 4.247040
INPUT G38 4.585550 4.585550
INPUT G39 9.348370 7.826840
INPUT G40 8.571280 8.571280
INPUT OUTPUT 5.313600 5.248060
INPUT G38 5.238010 5.238010
INPUT G39 8.948980 8.228210
INPUT G40 7.837440 7.837440
INPUT OUTPUT 5.692860 5.483600
INPUT G38 5.138010 5.138010
INPUT G39 8.929290 8.527850
INPUT OUTPUT 5.582860 5.582860
INPUT G41 7.626240 7.626240
INPUT G42 8.444730 8.444730
INPUT G40 6.259070 6.259070
INPUT G41 7.685280 7.685280
INPUT G42 5.510720 5.510720
INPUT OUTPUT 3.278200 3.278200
INPUT G38 5.150890 5.150890
INPUT G39 5.986660 5.986660
INPUT G40 9.076090 6.977550
INPUT G41 10.528230 7.747400
INPUT G42 9.922940 4.890230
INPUT OUTPUT 2.442740 2.442740
INPUT OUTPUT 2.442740 2.442740
INPUT OUTPUT 2.749500 2.749500
INPUT OUTPUT 3.459090 3.459090
INPUT OUTPUT 6.176660 6.176660
INPUT OUTPUT 6.247460 6.247460
INPUT G38 8.702190 4.971780
INPUT G39 7.996070 5.236790
INPUT G40 6.606730 3.161320
INPUT G41 7.874870 5.763350
INPUT G42 2.960610 2.960610
INPUT OUTPUT 2.749500 2.749500
INPUT OUTPUT 4.421310 4.421310
INPUT OUTPUT 3.278200 3.278200
INPUT OUTPUT 1.775810 1.775810
INPUT OUTPUT 7.692700 3.840710
INPUT G38 1.197620 1.197620
INPUT G39 1.197620 1.197620
INPUT G40 1.447620 1.447620
INPUT G41 1.197620 1.197620
INPUT G42 1.800040 1.800040
G38 G38 13.693530 3.987770
G38 G39 13.508780 6.799350
G38 G40 12.448980 4.319250
G38 G41 14.387430 9.352590
G38 G42 14.666060 7.924230
G38 OUTPUT 9.147900 9.147900
G38 OUTPUT 9.328760 9.328760
G38 OUTPUT 1.707920 1.707920
G38 OUTPUT 1.707920 1.707920
G38 OUTPUT 1.707920 1.707920
G38 OUTPUT 9.328760 9.328760
G38 OUTPUT 1.707920 1.707920
G38 OUTPUT 4.360310 4.360310
G38 OUTPUT 9.328760 9.328760
G38 OUTPUT 1.707920 1.707920
G38 OUTPUT 9.407490 9.407490
G38 OUTPUT 9.723900 0.434300
G38 OUTPUT 1.006910 1.006910
G38 OUTPUT 9.442480 2.011000
G38 OUTPUT 9.857490 9.857490
G38 OUTPUT 10.329890 10.329890
G38 OUTPUT 9.976110 4.577750
G39 G38 12.563150 3.976030
G39 G39 9.646170 6.147990
G39 G40 11.023970 3.347060
G39 G41 12.771730 4.503460
G39 G42 13.415060 3.480710
G39 OUTPUT 2.263610 2.263610
G39 OUTPUT 2.263610 2.263610
G39 OUTPUT 2.480360 2.480360
G39 OUTPUT 2.480360 2.480360
G39 OUTPUT 7.374310 7.374310
G39 OUTPUT 7.374310 7.374310
G39 OUTPUT 7.374310 7.374310
G39 OUTPUT 2.480360 2.480360
G39 OUTPUT 7.374310 7.374310
G39 OUTPUT 4.100310 4.100310
G39 OUTPUT 7.987760 7.987760
G39 OUTPUT 1.866910 1.866910
G39 OUTPUT 8.276490 8.276490
G39 OUTPUT 7.072710 1.935310
G39 OUTPUT 8.762300 3.668670
G39 OUTPUT 4.530700 1.585710
G39 OUTPUT 8.516490 8.516490
G39 OUTPUT 3.007710 3.007710
G39 OUTPUT 8.320010 1.971860
G40 G38 11.719080 4.416030
G40 G39 10.212120 2.637800
G40 G40 11.796370 3.339770
G40 G41 13.025860 5.773970
G40 G42 14.341900 3.597010
G40 OUTPUT 1.707920 1.707920
G40 OUTPUT 1.707920 1.707920
G40 OUTPUT 2.240360 2.240360
G40 OUTPUT 2.240360 2.240360
G40 OUTPUT 2.263610 2.263610
G40 OUTPUT 2.442740 2.442740
G40 OUTPUT 2.263610 2.263610
G40 OUTPUT 2.240360 2.240360
G40 OUTPUT 2.263610 2.263610
G40 OUTPUT 1.707920 1.707920
G40 OUTPUT 8.236820 8.236820
G40 OUTPUT 8.439200 8.439200
G40 OUTPUT 1.006910 1.006910
G40 OUTPUT 2.545500 1.675310
G40 OUTPUT 9.021990 3.661760
G40 OUTPUT 8.807460 2.865170
G40 OUTPUT 7.003370 7.003370
G40 OUTPUT 8.735250 8.735250
G40 OUTPUT 10.955140 2.814160
G41 G38 11.297580 4.676900
G41 G39 12.603340 3.768770
G41 G40 12.245240 4.888580
G41 G41 12.696120 5.533970
G41 G42 13.617130 3.415960
G41 OUTPUT 1.866910 1.866910
G41 OUTPUT 1.866910 1.866910
G41 OUTPUT 1.288030 1.288030
G41 OUTPUT 1.288030 1.288030
G41 OUTPUT 7.597700 7.597700
G41 OUTPUT 2.263610 2.263610
G41 OUTPUT 7.597700 7.597700
G41 OUTPUT 6.442990 6.442990
G41 OUTPUT 7.597700 7.597700
G41 OUTPUT 1.006910 1.006910
G41 OUTPUT 6.182990 6.182990
G41 OUTPUT 2.263610 2.263610
G41 OUTPUT 6.601870 6.601870
G41 OUTPUT 8.360130 2.425170
G41 OUTPUT 1.707920 1.707920
G41 OUTPUT 6.480670 3.512110
G41 OUTPUT 6.601870 6.601870
G41 OUTPUT 2.498790 2.498790
G41 OUTPUT 9.844660 2.807790
G42 G38 14.819350 5.983640
G42 G39 14.720910 5.136790
G42 G40 14.313070 5.423830
G42 G41 14.614930 5.924070
G42 G42 16.744520 3.147010
G42 OUTPUT 1.006910 1.006910
G42 OUTPUT 8.278490 8.278490
G42 OUTPUT 1.028030 1.028030
G42 OUTPUT 1.028030 1.028030
G42 OUTPUT 1.006910 1.006910
G42 OUTPUT 1.006910 1.006910
G42 OUTPUT 8.278490 8.278490
G42 OUTPUT 8.299610 8.299610
G42 OUTPUT 8.278490 8.278490
G42 OUTPUT 1.446910 1.446910
G42 OUTPUT 1.288030 1.288030
G42 OUTPUT 1.006910 1.006910
G42 OUTPUT 1.707920 1.707920
G42 OUTPUT 10.359510 2.307930
G42 OUTPUT 10.568000 3.544900
G42 OUTPUT 3.252110 2.339160
G42 OUTPUT 1.707920 1.707920
G42 OUTPUT 8.439410 8.439410
G42 OUTPUT 11.819330 3.488030
