Network s832.bench
latch latch max_delay min_delay
INPUT latch max_delay min_delay
latch OUTPUT max_delay min_delay
INPUT G38 7.661250 6.626750
INPUT G39 7.370380 7.370380
INPUT G40 6.310580 6.310580
INPUT G41 4.418900 4.418900
INPUT G42 5.129460 5.129460
INPUT G38 9.296210 7.084410
INPUT G39 7.165370 6.719780
INPUT G40 7.691600 7.657090
INPUT G41 7.459250 7.459250
INPUT G42 10.622980 9.213320
INPUT OUTPUT 4.981140 4.981140
INPUT OUTPUT 3.485350 3.485350
INPUT OUTPUT 5.844620 5.844620
INPUT G39 4.441340 4.441340
INPUT G40 5.437740 5.437740
INPUT G41 5.239790 5.239790
INPUT G42 7.147740 7.147740
INPUT G39 7.006160 5.939350
INPUT G40 6.647840 5.662690
INPUT G41 5.443010 5.443010
INPUT G42 6.887740 6.887740
INPUT OUTPUT 2.817620 2.817620
INPUT G38 3.726880 3.715060
INPUT G39 5.869330 3.869640
INPUT G40 5.223470 4.186620
INPUT G41 8.339550 4.391020
INPUT G42 7.050060 3.402830
INPUT OUTPUT 4.500690 4.500690
INPUT OUTPUT 5.351970 5.351970
INPUT OUTPUT 6.787540 2.195620
INPUT G39 7.526260 7.526260
INPUT G40 7.168040 7.168040
INPUT G41 6.635500 6.635500
INPUT G42 6.270240 6.270240
INPUT OUTPUT 3.638240 3.638240
INPUT OUTPUT 2.749500 2.749500
INPUT G40 9.248630 9.248630
INPUT G41 6.486710 6.486710
INPUT G42 9.998930 7.540880
INPUT OUTPUT 2.802290 2.802290
INPUT G40 8.347750 8.347750
INPUT G41 7.144690 7.144690
INPUT G42 10.180020 8.473580
INPUT OUTPUT 3.252290 3.252290
INPUT G40 7.679870 7.679870
INPUT G41 7.535420 7.535420
INPUT G42 9.730020 8.131800
INPUT OUTPUT 3.071250 3.071250
INPUT G40 8.558630 8.558630
INPUT G41 7.417060 7.417060
INPUT G42 9.741970 9.490020
INPUT OUTPUT 4.074780 4.074780
INPUT G38 5.238010 5.238010
INPUT G39 9.348370 7.826840
INPUT G40 8.571280 8.571280
INPUT OUTPUT 5.692860 5.692860
INPUT G38 5.138010 5.138010
INPUT G39 8.948980 8.228210
INPUT G40 7.837440 7.837440
INPUT OUTPUT 5.313600 5.168060
INPUT G38 4.405550 4.405550
INPUT G39 8.929290 8.527850
INPUT OUTPUT 5.582860 5.483600
INPUT G41 7.045490 7.045490
INPUT G42 8.444730 8.444730
INPUT G40 6.259070 6.259070
INPUT G41 7.249390 7.249390
INPUT G42 5.510720 5.510720
INPUT OUTPUT 3.278200 3.278200
INPUT G38 5.150890 5.150890
INPUT G39 6.030220 6.030220
INPUT G40 9.119650 6.977550
INPUT G41 11.052370 5.150250
INPUT G42 9.922940 4.890230
INPUT OUTPUT 2.442740 2.442740
INPUT OUTPUT 6.220220 6.220220
INPUT OUTPUT 2.442740 2.442740
INPUT OUTPUT 6.291020 6.291020
INPUT OUTPUT 3.459090 3.459090
INPUT OUTPUT 2.749500 2.749500
INPUT G38 8.916030 4.971780
INPUT G39 8.209910 5.236790
INPUT G40 6.820570 3.161320
INPUT G41 8.283180 3.365960
INPUT G42 2.960610 2.960610
INPUT OUTPUT 4.421310 4.421310
INPUT OUTPUT 3.278200 3.278200
INPUT OUTPUT 2.749500 2.749500
INPUT OUTPUT 1.775810 1.775810
INPUT OUTPUT 7.906540 3.840710
INPUT G38 1.197620 1.197620
INPUT G39 1.197620 1.197620
INPUT G40 1.447620 1.447620
INPUT G41 1.800040 1.800040
INPUT G42 1.800040 1.800040
G38 G38 13.840050 3.987770
G38 G39 13.655300 6.799350
G38 G40 12.595500 4.319250
G38 G41 15.468710 3.904820
G38 G42 14.812580 7.924230
G38 OUTPUT 1.707920 1.707920
G38 OUTPUT 4.360310 4.360310
G38 OUTPUT 1.006910 1.006910
G38 OUTPUT 10.004010 10.004010
G38 OUTPUT 9.475280 9.475280
G38 OUTPUT 1.707920 1.707920
G38 OUTPUT 9.589000 2.011000
G38 OUTPUT 9.294420 9.294420
G38 OUTPUT 1.707920 1.707920
G38 OUTPUT 10.476410 10.476410
G38 OUTPUT 9.554010 9.554010
G38 OUTPUT 1.707920 1.707920
G38 OUTPUT 9.870420 0.434300
G38 OUTPUT 9.475280 9.475280
G38 OUTPUT 9.475280 9.475280
G38 OUTPUT 1.707920 1.707920
G38 OUTPUT 10.122630 3.889810
G39 G38 11.822910 3.976030
G39 G39 9.174930 6.147990
G39 G40 10.552730 3.347060
G39 G41 11.929350 3.267400
G39 G42 12.943820 3.480710
G39 OUTPUT 2.263610 2.263610
G39 OUTPUT 6.903070 6.903070
G39 OUTPUT 4.100310 4.100310
G39 OUTPUT 8.291060 3.668670
G39 OUTPUT 8.045250 8.045250
G39 OUTPUT 2.480360 2.480360
G39 OUTPUT 1.866910 1.866910
G39 OUTPUT 4.530700 1.585710
G39 OUTPUT 2.480360 2.480360
G39 OUTPUT 6.903070 6.903070
G39 OUTPUT 2.263610 2.263610
G39 OUTPUT 3.007710 3.007710
G39 OUTPUT 7.805250 7.805250
G39 OUTPUT 6.903070 6.903070
G39 OUTPUT 6.601470 1.935310
G39 OUTPUT 2.480360 2.480360
G39 OUTPUT 7.516520 7.516520
G39 OUTPUT 6.903070 6.903070
G39 OUTPUT 7.848770 1.971860
G40 G38 11.309220 4.416030
G40 G39 9.802260 2.637800
G40 G40 11.386510 3.339770
G40 G41 12.219790 4.142970
G40 G42 13.932040 3.597010
G40 OUTPUT 1.707920 1.707920
G40 OUTPUT 2.263610 2.263610
G40 OUTPUT 1.707920 1.707920
G40 OUTPUT 8.612130 3.661760
G40 OUTPUT 6.593510 6.593510
G40 OUTPUT 2.240360 2.240360
G40 OUTPUT 8.029340 8.029340
G40 OUTPUT 8.397600 2.865170
G40 OUTPUT 2.240360 2.240360
G40 OUTPUT 2.442740 2.442740
G40 OUTPUT 1.707920 1.707920
G40 OUTPUT 8.325390 8.325390
G40 OUTPUT 1.006910 1.006910
G40 OUTPUT 2.263610 2.263610
G40 OUTPUT 2.545500 1.675310
G40 OUTPUT 2.240360 2.240360
G40 OUTPUT 7.826960 7.826960
G40 OUTPUT 2.263610 2.263610
G40 OUTPUT 10.545280 2.814160
G41 G38 12.136750 4.676900
G41 G39 12.769660 3.768770
G41 G40 12.411560 4.888580
G41 G41 12.426550 5.153890
G41 G42 13.783450 3.415960
G41 OUTPUT 1.866910 1.866910
G41 OUTPUT 7.764020 7.764020
G41 OUTPUT 1.006910 1.006910
G41 OUTPUT 1.707920 1.707920
G41 OUTPUT 6.768190 6.768190
G41 OUTPUT 6.609310 6.609310
G41 OUTPUT 2.263610 2.263610
G41 OUTPUT 6.646990 3.512110
G41 OUTPUT 1.288030 1.288030
G41 OUTPUT 2.263610 2.263610
G41 OUTPUT 1.866910 1.866910
G41 OUTPUT 2.498790 2.498790
G41 OUTPUT 6.768190 6.768190
G41 OUTPUT 7.764020 7.764020
G41 OUTPUT 8.526450 2.425170
G41 OUTPUT 1.288030 1.288030
G41 OUTPUT 6.349310 6.349310
G41 OUTPUT 7.764020 7.764020
G41 OUTPUT 10.010980 2.807790
G42 G38 14.302570 5.983640
G42 G39 14.063180 4.400410
G42 G40 13.796290 5.423830
G42 G41 13.727010 5.323890
G42 G42 16.227740 3.147010
G42 OUTPUT 7.761710 7.761710
G42 OUTPUT 7.761710 7.761710
G42 OUTPUT 1.446910 1.446910
G42 OUTPUT 10.051220 3.544900
G42 OUTPUT 1.707920 1.707920
G42 OUTPUT 7.782830 7.782830
G42 OUTPUT 1.006910 1.006910
G42 OUTPUT 3.252110 2.339160
G42 OUTPUT 1.028030 1.028030
G42 OUTPUT 1.006910 1.006910
G42 OUTPUT 1.006910 1.006910
G42 OUTPUT 7.922630 7.922630
G42 OUTPUT 1.707920 1.707920
G42 OUTPUT 1.006910 1.006910
G42 OUTPUT 9.842730 2.307930
G42 OUTPUT 1.028030 1.028030
G42 OUTPUT 1.288030 1.288030
G42 OUTPUT 7.761710 7.761710
G42 OUTPUT 11.302550 3.488030
