Network s838.bench
latch latch max_delay min_delay
INPUT latch max_delay min_delay
latch OUTPUT max_delay min_delay
INPUT Y_4 5.912170 5.093000
INPUT Y_3 5.170670 3.474640
INPUT Y_2 6.196260 5.365860
INPUT Y_1 5.296180 5.296180
INPUT OUTPUT 44.665830 4.886700
INPUT Y_4 7.929990 7.110820
INPUT Y_3 7.188490 5.492460
INPUT Y_2 8.214080 7.383680
INPUT Y_1 7.314000 7.314000
INPUT Y_8 9.602950 6.337180
INPUT Y_7 8.861450 5.444880
INPUT Y_6 7.440440 7.024140
INPUT Y_5 6.540360 6.540360
INPUT Y_12 9.602950 6.337180
INPUT Y_11 8.861450 5.444880
INPUT Y_10 7.440440 7.024140
INPUT Y_9 6.540360 6.540360
INPUT Y_16 9.602950 6.337180
INPUT Y_15 8.861450 5.444880
INPUT Y_14 7.440440 7.024140
INPUT Y_13 6.540360 6.540360
INPUT Y_20 9.602950 6.337180
INPUT Y_19 8.861450 5.444880
INPUT Y_18 7.440440 7.024140
INPUT Y_17 6.540360 6.540360
INPUT Y_24 9.602950 6.337180
INPUT Y_23 8.861450 5.444880
INPUT Y_22 7.440440 7.024140
INPUT Y_21 6.540360 6.540360
INPUT Y_28 9.602950 6.337180
INPUT Y_27 8.861450 5.444880
INPUT Y_26 7.440440 7.024140
INPUT Y_25 6.540360 6.540360
INPUT Y_32 9.602950 6.337180
INPUT Y_31 8.861450 5.444880
INPUT Y_30 7.440440 7.024140
INPUT Y_29 6.540360 6.540360
INPUT OUTPUT 8.885890 8.885890
INPUT OUTPUT 4.675370 4.675370
INPUT OUTPUT 4.928970 4.928970
INPUT OUTPUT 4.937230 4.937230
INPUT OUTPUT 5.182230 5.182230
INPUT OUTPUT 5.147480 5.147480
INPUT OUTPUT 4.123620 4.123620
INPUT OUTPUT 5.036700 5.036700
INPUT OUTPUT 8.917290 8.917290
INPUT OUTPUT 6.687770 6.687770
INPUT OUTPUT 5.159500 5.159500
INPUT OUTPUT 2.279820 2.279820
INPUT OUTPUT 6.743960 6.743960
INPUT OUTPUT 4.683630 4.683630
INPUT OUTPUT 6.997880 6.997880
INPUT OUTPUT 4.377070 4.377070
INPUT OUTPUT 6.938540 6.938540
INPUT OUTPUT 4.924480 4.924480
INPUT OUTPUT 7.071700 7.071700
INPUT OUTPUT 5.611150 5.611150
INPUT OUTPUT 2.898800 2.898800
INPUT OUTPUT 4.928630 4.928630
INPUT OUTPUT 5.193510 5.193510
INPUT OUTPUT 5.358190 5.358190
INPUT OUTPUT 4.948500 4.948500
INPUT OUTPUT 4.679480 4.679480
INPUT OUTPUT 2.647440 2.647440
INPUT OUTPUT 4.709180 4.709180
INPUT OUTPUT 4.671220 4.671220
INPUT OUTPUT 5.392480 5.392480
INPUT OUTPUT 4.839420 4.839420
INPUT OUTPUT 5.410860 5.410860
INPUT OUTPUT 4.734040 4.734040
Y_4 Y_4 2.339440 2.085690
Y_4 Y_8 7.692160 4.426390
Y_4 Y_7 6.950660 3.534090
Y_4 Y_6 5.529650 5.113350
Y_4 Y_5 4.629570 4.629570
Y_4 OUTPUT 40.922630 4.541200
Y_3 Y_4 3.192970 2.866210
Y_3 Y_3 3.380960 1.403180
Y_3 Y_8 9.256800 5.991030
Y_3 Y_7 8.515300 5.098730
Y_3 Y_6 7.094290 6.677990
Y_3 Y_5 6.194210 6.194210
Y_3 OUTPUT 43.582970 5.265010
Y_2 Y_4 5.118040 3.793670
Y_2 Y_3 4.304680 3.052170
Y_2 Y_2 2.656540 1.559640
Y_2 Y_8 9.836100 6.570330
Y_2 Y_7 9.094600 5.678030
Y_2 Y_6 7.673590 7.257290
Y_2 Y_5 6.773510 6.773510
Y_2 OUTPUT 43.240430 6.019850
Y_1 Y_4 4.963370 4.940020
Y_1 Y_3 4.221870 4.126660
Y_1 Y_2 4.129800 2.545000
Y_1 Y_1 3.229720 3.229720
Y_1 Y_8 9.658080 6.392310
Y_1 Y_7 8.916580 5.500010
Y_1 Y_6 7.495570 7.079270
Y_1 Y_5 6.595490 6.595490
Y_1 OUTPUT 45.599290 5.534000
Y_8 Y_8 2.339440 2.085690
Y_8 Y_12 7.692160 4.426390
Y_8 Y_11 6.950660 3.534090
Y_8 Y_10 5.529650 5.113350
Y_8 Y_9 4.629570 4.629570
Y_8 OUTPUT 36.185110 4.818480
Y_7 Y_8 3.192970 2.866210
Y_7 Y_7 3.380960 1.403180
Y_7 Y_12 9.256800 5.991030
Y_7 Y_11 8.515300 5.098730
Y_7 Y_10 7.094290 6.677990
Y_7 Y_9 6.194210 6.194210
Y_7 OUTPUT 38.845450 4.549460
Y_6 Y_8 5.118040 3.793670
Y_6 Y_7 4.304680 3.052170
Y_6 Y_6 2.510020 1.559640
Y_6 Y_12 9.836100 6.570330
Y_6 Y_11 9.094600 5.678030
Y_6 Y_10 7.673590 7.257290
Y_6 Y_9 6.773510 6.773510
Y_6 OUTPUT 38.502910 2.608800
Y_5 Y_8 5.536900 4.940020
Y_5 Y_7 4.795400 4.126660
Y_5 Y_6 3.983280 2.958090
Y_5 Y_5 3.083200 3.083200
Y_5 Y_12 9.658080 6.392310
Y_5 Y_11 8.916580 5.500010
Y_5 Y_10 7.495570 7.079270
Y_5 Y_9 6.595490 6.595490
Y_5 OUTPUT 40.731610 4.838400
Y_12 Y_12 2.339440 2.085690
Y_12 Y_16 7.692160 4.426390
Y_12 Y_15 6.950660 3.534090
Y_12 Y_14 5.529650 5.113350
Y_12 Y_13 4.629570 4.629570
Y_12 OUTPUT 31.360230 3.021940
Y_11 Y_12 3.192970 2.866210
Y_11 Y_11 3.380960 1.403180
Y_11 Y_16 9.256800 5.991030
Y_11 Y_15 8.515300 5.098730
Y_11 Y_14 7.094290 6.677990
Y_11 Y_13 6.194210 6.194210
Y_11 OUTPUT 34.020570 4.892230
Y_10 Y_12 5.118040 3.793670
Y_10 Y_11 4.304680 3.052170
Y_10 Y_10 2.510020 1.559640
Y_10 Y_16 9.836100 6.570330
Y_10 Y_15 9.094600 5.678030
Y_10 Y_14 7.673590 7.257290
Y_10 Y_13 6.773510 6.773510
Y_10 OUTPUT 33.772670 5.063490
Y_9 Y_12 5.536900 4.940020
Y_9 Y_11 4.795400 4.126660
Y_9 Y_10 3.983280 2.958090
Y_9 Y_9 3.083200 3.083200
Y_9 Y_16 9.658080 6.392310
Y_9 Y_15 8.916580 5.500010
Y_9 Y_14 7.495570 7.079270
Y_9 Y_13 6.595490 6.595490
Y_9 OUTPUT 36.001370 5.321150
Y_16 Y_16 2.339440 2.085690
Y_16 Y_20 7.692160 4.426390
Y_16 Y_19 6.950660 3.534090
Y_16 Y_18 5.529650 5.113350
Y_16 Y_17 4.629570 4.629570
Y_16 OUTPUT 26.535270 5.000490
Y_15 Y_16 3.192970 2.866210
Y_15 Y_15 3.380960 1.403180
Y_15 Y_20 9.256800 5.991030
Y_15 Y_19 8.515300 5.098730
Y_15 Y_18 7.094290 6.677990
Y_15 Y_17 6.194210 6.194210
Y_15 OUTPUT 29.228330 4.794460
Y_14 Y_16 5.118040 3.793670
Y_14 Y_15 4.304680 3.052170
Y_14 Y_14 2.717920 1.559640
Y_14 Y_20 9.836100 6.570330
Y_14 Y_19 9.094600 5.678030
Y_14 Y_18 7.673590 7.257290
Y_14 Y_17 6.773510 6.773510
Y_14 OUTPUT 28.885870 5.547900
Y_13 Y_16 5.536900 4.940020
Y_13 Y_15 4.795400 4.126660
Y_13 Y_14 3.983280 2.958090
Y_13 Y_13 3.083200 3.083200
Y_13 Y_20 9.658080 6.392310
Y_13 Y_19 8.916580 5.500010
Y_13 Y_18 7.495570 7.079270
Y_13 Y_17 6.595490 6.595490
Y_13 OUTPUT 31.147290 5.733940
Y_20 Y_20 2.339440 2.085690
Y_20 Y_24 7.692160 4.426390
Y_20 Y_23 6.950660 3.534090
Y_20 Y_22 5.529650 5.113350
Y_20 Y_21 4.629570 4.629570
Y_20 OUTPUT 21.805030 3.487240
Y_19 Y_20 3.192970 2.866210
Y_19 Y_19 3.380960 1.403180
Y_19 Y_24 9.256800 5.991030
Y_19 Y_23 8.515300 5.098730
Y_19 Y_22 7.094290 6.677990
Y_19 Y_21 6.194210 6.194210
Y_19 OUTPUT 24.465370 4.647230
Y_18 Y_20 5.118040 3.793670
Y_18 Y_19 4.304680 3.052170
Y_18 Y_18 2.510020 1.559640
Y_18 Y_24 9.836100 6.570330
Y_18 Y_23 9.094600 5.678030
Y_18 Y_22 7.673590 7.257290
Y_18 Y_21 6.773510 6.773510
Y_18 OUTPUT 24.217470 5.383220
Y_17 Y_20 5.536900 4.940020
Y_17 Y_19 4.795400 4.126660
Y_17 Y_18 3.983280 2.958090
Y_17 Y_17 3.083200 3.083200
Y_17 Y_24 9.658080 6.392310
Y_17 Y_23 8.916580 5.500010
Y_17 Y_22 7.495570 7.079270
Y_17 Y_21 6.595490 6.595490
Y_17 OUTPUT 26.446170 4.247050
Y_24 Y_24 2.339440 2.085690
Y_24 Y_28 7.692160 4.426390
Y_24 Y_27 6.950660 3.534090
Y_24 Y_26 5.529650 5.113350
Y_24 Y_25 4.629570 4.629570
Y_24 OUTPUT 16.932790 6.232260
Y_23 Y_24 3.192970 2.866210
Y_23 Y_23 3.380960 1.403180
Y_23 Y_28 9.256800 5.991030
Y_23 Y_27 8.515300 5.098730
Y_23 Y_26 7.094290 6.677990
Y_23 Y_25 6.194210 6.194210
Y_23 OUTPUT 19.625850 6.816110
Y_22 Y_24 5.118040 3.793670
Y_22 Y_23 4.304680 3.052170
Y_22 Y_22 2.510020 1.559640
Y_22 Y_28 9.836100 6.570330
Y_22 Y_27 9.094600 5.678030
Y_22 Y_26 7.673590 7.257290
Y_22 Y_25 6.773510 6.773510
Y_22 OUTPUT 19.385310 5.120860
Y_21 Y_24 5.536900 4.940020
Y_21 Y_23 4.795400 4.126660
Y_21 Y_22 3.983280 2.958090
Y_21 Y_21 3.083200 3.083200
Y_21 Y_28 9.658080 6.392310
Y_21 Y_27 8.916580 5.500010
Y_21 Y_26 7.495570 7.079270
Y_21 Y_25 6.595490 6.595490
Y_21 OUTPUT 21.614010 2.408270
Y_28 Y_28 2.339440 2.085690
Y_28 Y_32 7.692160 4.426390
Y_28 Y_31 6.950660 3.534090
Y_28 Y_30 5.529650 5.113350
Y_28 Y_29 4.629570 4.629570
Y_28 OUTPUT 12.211670 5.304880
Y_27 Y_28 3.192970 2.866210
Y_27 Y_27 3.380960 1.403180
Y_27 Y_32 9.256800 5.991030
Y_27 Y_31 8.515300 5.098730
Y_27 Y_30 7.094290 6.677990
Y_27 Y_29 6.194210 6.194210
Y_27 OUTPUT 14.872010 5.020010
Y_26 Y_28 5.118040 3.793670
Y_26 Y_27 4.304680 3.052170
Y_26 Y_26 2.656540 1.559640
Y_26 Y_32 9.836100 6.570330
Y_26 Y_31 9.094600 5.678030
Y_26 Y_30 7.673590 7.257290
Y_26 Y_29 6.773510 6.773510
Y_26 OUTPUT 14.529470 5.463870
Y_25 Y_28 5.536900 4.940020
Y_25 Y_27 4.795400 4.126660
Y_25 Y_26 3.983280 2.958090
Y_25 Y_25 3.083200 3.083200
Y_25 Y_32 9.658080 6.392310
Y_25 Y_31 8.916580 5.500010
Y_25 Y_30 7.495570 7.079270
Y_25 Y_29 6.595490 6.595490
Y_25 OUTPUT 16.741810 5.176700
Y_32 Y_32 2.339440 2.085690
Y_32 OUTPUT 1.144160 1.144160
Y_32 OUTPUT 8.195890 8.195890
Y_31 Y_32 3.589700 2.759290
Y_31 Y_31 3.274040 1.403180
Y_31 OUTPUT 2.243840 2.243840
Y_31 OUTPUT 9.369490 4.638970
Y_30 Y_32 5.119010 3.793670
Y_30 Y_31 3.907950 3.052170
Y_30 Y_30 2.510020 1.559640
Y_30 OUTPUT 3.773150 3.773150
Y_30 OUTPUT 9.770110 5.051620
Y_29 Y_32 5.536900 4.940020
Y_29 Y_31 4.795400 3.728960
Y_29 Y_30 3.983280 2.958090
Y_29 Y_29 3.083200 3.083200
Y_29 OUTPUT 3.594160 3.594160
Y_29 OUTPUT 11.998810 5.059880
