Network s9234.bench
latch latch max_delay min_delay
INPUT latch max_delay min_delay
latch OUTPUT max_delay min_delay
INPUT OUTPUT 1.359700 1.359700
INPUT OUTPUT 0.697640 0.697640
INPUT g33 3.328750 3.328750
INPUT g29 3.328750 3.328750
INPUT g25 3.328750 3.328750
INPUT g19 3.328750 3.328750
INPUT g15 2.457290 2.457290
INPUT g11 2.457290 2.457290
INPUT g7 2.656500 2.656500
INPUT g3 4.352670 4.352670
INPUT OUTPUT 0.000000 0.000000
INPUT OUTPUT 0.000000 0.000000
g46 g46 0.499980 0.499980
g46 g578 3.336670 3.336670
g46 g582 3.336670 3.336670
g46 g586 3.336670 3.336670
g46 g574 3.662080 3.655960
g46 g590 3.662080 3.655960
g46 g594 3.336670 3.336670
g46 g602 3.592180 3.592180
g46 g610 3.672180 3.672180
g46 g613 3.991470 1.077030
g46 g616 3.672180 3.672180
g46 g619 3.672180 3.672180
g46 g622 3.672180 3.672180
g46 g625 3.672180 3.672180
g46 g628 3.672180 3.672180
g46 g631 3.672180 3.672180
g45 g45 0.499980 0.499980
g45 g567 4.403310 1.077030
g45 g598 4.084020 4.084020
g45 g634 4.084020 4.084020
g45 g642 4.084020 4.084020
g45 g606 4.084020 4.084020
g45 g646 4.084020 4.084020
g45 g650 4.084020 4.084020
g45 g654 4.084020 4.084020
g45 g571 4.084020 4.084020
g45 g266 4.004020 4.004020
g45 g658 4.004020 4.004020
g42 g42 0.499980 0.499980
g42 g276 8.351120 5.544900
g42 g277 8.238600 6.340780
g42 g278 8.238600 6.340780
g42 g279 8.971740 7.073920
g42 g280 10.863250 8.965430
g42 g281 8.626700 6.397780
g42 g282 13.255670 7.454560
g42 g283 13.588350 7.482820
g42 g204 8.351120 5.544900
g42 g205 8.238600 6.340780
g42 g206 8.238600 6.340780
g42 g207 8.971740 7.073920
g42 g208 10.863250 8.965430
g42 g209 8.626700 6.397780
g42 g210 13.255670 7.454560
g42 g211 13.588350 7.482820
g42 g3 12.769960 9.531860
g42 g7 13.075590 10.745890
g42 g11 12.886400 10.556700
g42 g15 13.619540 11.289840
g42 g19 14.966070 12.636370
g42 g25 12.729520 10.068720
g42 g29 16.903790 10.670000
g42 g33 17.236470 10.698260
g42 g668 12.808340 6.495560
g42 g485 12.808340 6.495560
g42 g402 2.811800 2.811800
g42 g545 12.900190 7.099080
g42 g548 13.232870 7.127340
g42 g551 12.900190 7.099080
g42 g554 13.232870 7.127340
g42 g496 8.783130 7.179220
g42 g492 8.783130 7.179220
g40 g40 0.499980 0.499980
g40 g669 15.139720 10.078200
g40 g676 13.872790 8.811270
g40 g3 18.258820 11.111270
g40 g7 18.766290 10.712830
g40 g11 18.577100 11.592720
g40 g15 18.577100 11.592720
g40 g19 19.440880 11.047740
g40 g25 19.440880 11.047740
g40 g29 19.440880 10.647940
g40 g33 19.440880 10.647940
g40 g197 8.823710 8.464600
g40 g269 8.823710 8.464600
g40 g293 8.823710 8.464600
g40 g297 8.823710 8.464600
g40 g500 12.947810 12.588690
g40 g504 12.947810 12.588690
g40 g508 12.947810 12.588690
g40 g512 12.947810 12.588690
g40 g516 12.947810 12.588690
g40 g520 12.947810 12.588690
g40 g524 12.947810 12.588690
g40 g528 12.947810 12.588690
g40 g532 10.307410 9.948290
g40 g465 10.307410 9.948290
g40 g536 11.045560 9.685570
g40 g541 9.948290 9.833410
g39 g39 0.499980 0.499980
g39 g669 14.961280 10.281240
g39 g676 13.694350 9.014310
g39 g3 18.080800 10.933250
g39 g7 18.588270 10.534810
g39 g11 18.399080 11.778520
g39 g15 18.399080 11.778520
g39 g19 19.262860 11.233540
g39 g25 19.262860 11.233540
g39 g29 19.262860 10.817940
g39 g33 19.262860 10.817940
g39 g197 8.583710 8.224600
g39 g269 8.583710 8.224600
g39 g293 8.583710 8.224600
g39 g297 8.583710 8.224600
g39 g500 12.707810 12.348690
g39 g504 12.707810 12.348690
g39 g508 12.707810 12.348690
g39 g512 12.707810 12.348690
g39 g516 12.707810 12.348690
g39 g520 12.707810 12.348690
g39 g524 12.707810 12.348690
g39 g528 12.707810 12.348690
g39 g532 10.067410 9.708290
g39 g465 10.067410 9.708290
g39 g536 10.805560 9.445570
g39 g541 9.708290 9.593410
g38 g38 0.499980 0.499980
g38 g669 18.223420 12.290720
g38 g676 16.956490 11.023790
g38 g3 16.639000 9.395390
g38 g7 17.146470 8.996950
g38 g11 16.957280 11.551230
g38 g15 16.957280 11.551230
g38 g19 17.821060 11.559900
g38 g25 17.821060 11.559900
g38 g29 17.821060 11.145460
g38 g33 17.821060 11.145460
g38 g197 9.993770 9.634660
g38 g269 9.993770 9.634660
g38 g293 9.993770 9.634660
g38 g297 9.993770 9.634660
g38 g500 14.117870 13.758750
g38 g504 14.117870 13.758750
g38 g508 14.117870 13.758750
g38 g512 14.117870 13.758750
g38 g516 14.117870 13.758750
g38 g520 14.117870 13.758750
g38 g524 14.117870 13.758750
g38 g528 14.117870 13.758750
g38 g532 11.477470 11.118350
g38 g465 11.477470 11.118350
g38 g536 12.215620 10.855630
g38 g541 11.118350 11.003470
g37 g37 0.499980 0.499980
g37 g669 18.044980 12.493760
g37 g676 16.778050 11.226830
g37 g3 13.382180 10.969300
g37 g7 13.776470 11.387450
g37 g11 13.632780 11.198260
g37 g15 13.632780 11.198260
g37 g19 14.564240 10.653280
g37 g25 14.564240 10.653280
g37 g29 14.564240 10.480120
g37 g33 14.564240 10.480120
g36 g36 0.499980 0.499980
g36 g669 18.020320 12.469160
g36 g676 16.753390 11.202230
g32 g32 0.499980 0.499980
g32 g669 17.841880 12.672260
g32 g676 16.574950 11.405330
g32 g3 15.459670 10.481840
g32 g7 15.967140 11.230330
g32 g11 15.777950 10.371900
g32 g15 15.777950 10.371900
g32 g19 16.641730 11.601300
g32 g25 16.641730 11.601300
g32 g29 16.641730 12.016100
g32 g33 16.641730 12.016100
g32 g197 9.273710 8.914600
g32 g269 9.273710 8.914600
g32 g293 9.273710 8.914600
g32 g297 9.273710 8.914600
g32 g500 13.397810 13.038690
g32 g504 13.397810 13.038690
g32 g508 13.397810 13.038690
g32 g512 13.397810 13.038690
g32 g516 13.397810 13.038690
g32 g520 13.397810 13.038690
g32 g524 13.397810 13.038690
g32 g528 13.397810 13.038690
g32 g532 10.757410 10.398290
g32 g465 10.757410 10.398290
g32 g536 11.495560 10.135570
g32 g541 10.398290 10.283410
g28 g28 33.764480 23.424850
g28 g24 33.586450 23.424850
g28 g18 33.586450 23.424850
g28 g14 33.586450 23.424850
g28 g10 33.586450 23.424850
g28 g6 33.586450 23.424850
g28 g2 33.586450 23.424850
g28 g1 33.586450 23.424850
g28 g48 33.663960 22.945170
g28 g669 19.089220 12.979460
g28 g676 17.822290 11.712530
g28 g672 16.313920 11.253900
g28 g3 33.394900 25.822560
g28 g7 33.789190 26.240710
g28 g11 33.645500 26.051520
g28 g15 33.645500 26.051520
g28 g19 34.576960 25.506540
g28 g25 34.576960 25.506540
g28 g29 34.576960 25.090940
g28 g33 34.576960 25.090940
g28 g697 0.499980 0.499980
g28 g197 25.290770 19.871640
g28 g269 25.290770 19.871640
g28 g293 25.290770 19.871640
g28 g297 25.290770 19.871640
g28 g500 29.397910 23.978770
g28 g504 29.397910 23.978770
g28 g508 29.397910 23.978770
g28 g512 29.397910 23.978770
g28 g516 29.397910 23.978770
g28 g520 29.397910 23.978770
g28 g524 29.397910 23.978770
g28 g528 29.397910 23.978770
g28 g532 26.757510 21.338370
g28 g465 26.757510 21.338370
g28 g536 27.495660 21.075650
g28 g541 26.398390 21.223490
g28 OUTPUT 17.517920 12.457900
g28 OUTPUT 31.537930 22.094200
g28 OUTPUT 31.608850 22.131100
g28 OUTPUT 31.608850 22.131100
g28 OUTPUT 31.608850 22.131100
g28 OUTPUT 31.786880 22.131100
g28 OUTPUT 31.608850 22.131100
g28 OUTPUT 31.608850 22.131100
g28 OUTPUT 31.608850 22.131100
g28 OUTPUT 31.608850 22.131100
g24 g28 33.942920 23.627890
g24 g24 33.764890 23.627890
g24 g18 33.764890 23.627890
g24 g14 33.764890 23.627890
g24 g10 33.764890 23.627890
g24 g6 33.764890 23.627890
g24 g2 33.764890 23.627890
g24 g1 33.764890 23.627890
g24 g48 33.842400 23.148210
g24 g669 19.267660 13.182500
g24 g676 18.000730 11.915570
g24 g672 16.492360 11.456940
g24 g3 33.573340 26.025600
g24 g7 33.967630 26.443750
g24 g11 33.823940 26.254560
g24 g15 33.823940 26.254560
g24 g19 34.755400 25.709580
g24 g25 34.755400 25.709580
g24 g29 34.755400 25.293980
g24 g33 34.755400 25.293980
g24 g696 0.499980 0.499980
g24 g197 25.469210 20.074680
g24 g269 25.469210 20.074680
g24 g293 25.469210 20.074680
g24 g297 25.469210 20.074680
g24 g500 29.576350 24.181810
g24 g504 29.576350 24.181810
g24 g508 29.576350 24.181810
g24 g512 29.576350 24.181810
g24 g516 29.576350 24.181810
g24 g520 29.576350 24.181810
g24 g524 29.576350 24.181810
g24 g528 29.576350 24.181810
g24 g532 26.935950 21.541410
g24 g465 26.935950 21.541410
g24 g536 27.674100 21.278690
g24 g541 26.576830 21.426530
g24 OUTPUT 17.696360 12.660940
g24 OUTPUT 31.716370 22.297240
g24 OUTPUT 31.787290 22.334140
g24 OUTPUT 31.787290 22.334140
g24 OUTPUT 31.787290 22.334140
g24 OUTPUT 31.965320 22.334140
g24 OUTPUT 31.787290 22.334140
g24 OUTPUT 31.787290 22.334140
g24 OUTPUT 31.787290 22.334140
g24 OUTPUT 31.787290 22.334140
g18 g28 33.561380 23.603230
g18 g24 33.383350 23.603230
g18 g18 33.383350 23.603230
g18 g14 33.383350 23.603230
g18 g10 33.383350 23.603230
g18 g6 33.383350 23.603230
g18 g2 33.383350 23.603230
g18 g1 33.383350 23.603230
g18 g48 33.460860 23.123550
g18 g669 18.886120 13.157840
g18 g676 17.619190 11.890910
g18 g672 16.110820 11.432280
g18 g3 33.191800 26.000940
g18 g7 33.586090 26.419090
g18 g11 33.442400 26.229900
g18 g15 33.442400 26.229900
g18 g19 34.373860 25.684920
g18 g25 34.373860 25.684920
g18 g29 34.373860 25.269320
g18 g33 34.373860 25.269320
g18 g695 0.499980 0.499980
g18 g197 25.087670 20.050020
g18 g269 25.087670 20.050020
g18 g293 25.087670 20.050020
g18 g297 25.087670 20.050020
g18 g500 29.194810 24.157150
g18 g504 29.194810 24.157150
g18 g508 29.194810 24.157150
g18 g512 29.194810 24.157150
g18 g516 29.194810 24.157150
g18 g520 29.194810 24.157150
g18 g524 29.194810 24.157150
g18 g528 29.194810 24.157150
g18 g532 26.554410 21.516750
g18 g465 26.554410 21.516750
g18 g536 27.292560 21.254030
g18 g541 26.195290 21.401870
g18 OUTPUT 17.314820 12.636280
g18 OUTPUT 31.334830 22.272580
g18 OUTPUT 31.405750 22.309480
g18 OUTPUT 31.405750 22.309480
g18 OUTPUT 31.405750 22.309480
g18 OUTPUT 31.583780 22.309480
g18 OUTPUT 31.405750 22.309480
g18 OUTPUT 31.405750 22.309480
g18 OUTPUT 31.405750 22.309480
g18 OUTPUT 31.405750 22.309480
g14 g28 33.739820 23.806330
g14 g24 33.561790 23.806330
g14 g18 33.561790 23.806330
g14 g14 33.561790 23.806330
g14 g10 33.561790 23.806330
g14 g6 33.561790 23.806330
g14 g2 33.561790 23.806330
g14 g1 33.561790 23.806330
g14 g48 33.639300 23.326650
g14 g669 19.064560 13.360940
g14 g676 17.797630 12.094010
g14 g672 16.289260 11.635380
g14 g3 33.370240 26.204040
g14 g7 33.764530 26.622190
g14 g11 33.620840 26.433000
g14 g15 33.620840 26.433000
g14 g19 34.552300 25.888020
g14 g25 34.552300 25.888020
g14 g29 34.552300 25.472420
g14 g33 34.552300 25.472420
g14 g694 0.499980 0.499980
g14 g197 25.266110 20.253120
g14 g269 25.266110 20.253120
g14 g293 25.266110 20.253120
g14 g297 25.266110 20.253120
g14 g500 29.373250 24.360250
g14 g504 29.373250 24.360250
g14 g508 29.373250 24.360250
g14 g512 29.373250 24.360250
g14 g516 29.373250 24.360250
g14 g520 29.373250 24.360250
g14 g524 29.373250 24.360250
g14 g528 29.373250 24.360250
g14 g532 26.732850 21.719850
g14 g465 26.732850 21.719850
g14 g536 27.471000 21.457130
g14 g541 26.373730 21.604970
g14 OUTPUT 17.493260 12.839380
g14 OUTPUT 31.513270 22.475680
g14 OUTPUT 31.584190 22.512580
g14 OUTPUT 31.584190 22.512580
g14 OUTPUT 31.584190 22.512580
g14 OUTPUT 31.762220 22.512580
g14 OUTPUT 31.584190 22.512580
g14 OUTPUT 31.584190 22.512580
g14 OUTPUT 31.584190 22.512580
g14 OUTPUT 31.584190 22.512580
g10 g28 33.561380 23.601670
g10 g24 33.383350 23.601670
g10 g18 33.383350 23.601670
g10 g14 33.383350 23.601670
g10 g10 33.383350 23.601670
g10 g6 33.383350 23.601670
g10 g2 33.383350 23.601670
g10 g1 33.383350 23.601670
g10 g48 33.460860 23.121990
g10 g669 18.886120 13.156280
g10 g676 17.619190 11.889350
g10 g672 16.110820 11.430720
g10 g3 33.191800 25.999380
g10 g7 33.586090 26.417530
g10 g11 33.442400 26.228340
g10 g15 33.442400 26.228340
g10 g19 34.373860 25.683360
g10 g25 34.373860 25.683360
g10 g29 34.373860 25.267760
g10 g33 34.373860 25.267760
g10 g693 0.499980 0.499980
g10 g197 25.087670 20.048460
g10 g269 25.087670 20.048460
g10 g293 25.087670 20.048460
g10 g297 25.087670 20.048460
g10 g500 29.194810 24.155590
g10 g504 29.194810 24.155590
g10 g508 29.194810 24.155590
g10 g512 29.194810 24.155590
g10 g516 29.194810 24.155590
g10 g520 29.194810 24.155590
g10 g524 29.194810 24.155590
g10 g528 29.194810 24.155590
g10 g532 26.554410 21.515190
g10 g465 26.554410 21.515190
g10 g536 27.292560 21.252470
g10 g541 26.195290 21.400310
g10 OUTPUT 17.314820 12.634720
g10 OUTPUT 31.334830 22.271020
g10 OUTPUT 31.405750 22.307920
g10 OUTPUT 31.405750 22.307920
g10 OUTPUT 31.405750 22.307920
g10 OUTPUT 31.583780 22.307920
g10 OUTPUT 31.405750 22.307920
g10 OUTPUT 31.405750 22.307920
g10 OUTPUT 31.405750 22.307920
g10 OUTPUT 31.405750 22.307920
g6 g28 33.739820 23.804710
g6 g24 33.561790 23.804710
g6 g18 33.561790 23.804710
g6 g14 33.561790 23.804710
g6 g10 33.561790 23.804710
g6 g6 33.561790 23.804710
g6 g2 33.561790 23.804710
g6 g1 33.561790 23.804710
g6 g48 33.639300 23.325030
g6 g669 19.064560 13.359320
g6 g676 17.797630 12.092390
g6 g672 16.289260 11.633760
g6 g3 33.370240 26.202420
g6 g7 33.764530 26.620570
g6 g11 33.620840 26.431380
g6 g15 33.620840 26.431380
g6 g19 34.552300 25.886400
g6 g25 34.552300 25.886400
g6 g29 34.552300 25.470800
g6 g33 34.552300 25.470800
g6 g692 0.499980 0.499980
g6 g197 25.266110 20.251500
g6 g269 25.266110 20.251500
g6 g293 25.266110 20.251500
g6 g297 25.266110 20.251500
g6 g500 29.373250 24.358630
g6 g504 29.373250 24.358630
g6 g508 29.373250 24.358630
g6 g512 29.373250 24.358630
g6 g516 29.373250 24.358630
g6 g520 29.373250 24.358630
g6 g524 29.373250 24.358630
g6 g528 29.373250 24.358630
g6 g532 26.732850 21.718230
g6 g465 26.732850 21.718230
g6 g536 27.471000 21.455510
g6 g541 26.373730 21.603350
g6 OUTPUT 17.493260 12.837760
g6 OUTPUT 31.513270 22.474060
g6 OUTPUT 31.584190 22.510960
g6 OUTPUT 31.584190 22.510960
g6 OUTPUT 31.584190 22.510960
g6 OUTPUT 31.762220 22.510960
g6 OUTPUT 31.584190 22.510960
g6 OUTPUT 31.584190 22.510960
g6 OUTPUT 31.584190 22.510960
g6 OUTPUT 31.584190 22.510960
g2 g28 33.358280 23.780110
g2 g24 33.180250 23.780110
g2 g18 33.180250 23.780110
g2 g14 33.180250 23.780110
g2 g10 33.180250 23.780110
g2 g6 33.180250 23.780110
g2 g2 33.180250 23.780110
g2 g1 33.180250 23.780110
g2 g48 33.257760 23.300430
g2 g669 18.683020 13.334720
g2 g676 17.416090 12.067790
g2 g672 15.907720 11.609160
g2 g3 32.988700 26.177820
g2 g7 33.382990 26.595970
g2 g11 33.239300 26.406780
g2 g15 33.239300 26.406780
g2 g19 34.170760 25.861800
g2 g25 34.170760 25.861800
g2 g29 34.170760 25.446200
g2 g33 34.170760 25.446200
g2 g691 0.499980 0.499980
g2 g197 24.884570 20.226900
g2 g269 24.884570 20.226900
g2 g293 24.884570 20.226900
g2 g297 24.884570 20.226900
g2 g500 28.991710 24.334030
g2 g504 28.991710 24.334030
g2 g508 28.991710 24.334030
g2 g512 28.991710 24.334030
g2 g516 28.991710 24.334030
g2 g520 28.991710 24.334030
g2 g524 28.991710 24.334030
g2 g528 28.991710 24.334030
g2 g532 26.351310 21.693630
g2 g465 26.351310 21.693630
g2 g536 27.089460 21.430910
g2 g541 25.992190 21.578750
g2 OUTPUT 17.111720 12.813160
g2 OUTPUT 31.131730 22.449460
g2 OUTPUT 31.202650 22.486360
g2 OUTPUT 31.202650 22.486360
g2 OUTPUT 31.202650 22.486360
g2 OUTPUT 31.380680 22.486360
g2 OUTPUT 31.202650 22.486360
g2 OUTPUT 31.202650 22.486360
g2 OUTPUT 31.202650 22.486360
g2 OUTPUT 31.202650 22.486360
g1 g28 33.536720 23.983210
g1 g24 33.358690 23.983210
g1 g18 33.358690 23.983210
g1 g14 33.358690 23.983210
g1 g10 33.358690 23.983210
g1 g6 33.358690 23.983210
g1 g2 33.358690 23.983210
g1 g1 33.358690 23.983210
g1 g48 33.436200 23.503530
g1 g669 18.861460 13.537820
g1 g676 17.594530 12.270890
g1 g672 16.086160 11.812260
g1 g3 33.167140 26.380920
g1 g7 33.561430 26.799070
g1 g11 33.417740 26.609880
g1 g15 33.417740 26.609880
g1 g19 34.349200 26.064900
g1 g25 34.349200 26.064900
g1 g29 34.349200 25.649300
g1 g33 34.349200 25.649300
g1 g690 0.499980 0.499980
g1 g197 25.063010 20.430000
g1 g269 25.063010 20.430000
g1 g293 25.063010 20.430000
g1 g297 25.063010 20.430000
g1 g500 29.170150 24.537130
g1 g504 29.170150 24.537130
g1 g508 29.170150 24.537130
g1 g512 29.170150 24.537130
g1 g516 29.170150 24.537130
g1 g520 29.170150 24.537130
g1 g524 29.170150 24.537130
g1 g528 29.170150 24.537130
g1 g532 26.529750 21.896730
g1 g465 26.529750 21.896730
g1 g536 27.267900 21.634010
g1 g541 26.170630 21.781850
g1 OUTPUT 17.290160 13.016260
g1 OUTPUT 31.310170 22.652560
g1 OUTPUT 31.381090 22.689460
g1 OUTPUT 31.381090 22.689460
g1 OUTPUT 31.381090 22.689460
g1 OUTPUT 31.559120 22.689460
g1 OUTPUT 31.381090 22.689460
g1 OUTPUT 31.381090 22.689460
g1 OUTPUT 31.381090 22.689460
g1 OUTPUT 31.381090 22.689460
g48 g28 23.037680 16.480540
g48 g24 22.859650 16.480540
g48 g18 22.859650 16.480540
g48 g14 22.859650 16.480540
g48 g10 22.859650 16.480540
g48 g6 22.859650 16.480540
g48 g2 22.859650 16.480540
g48 g1 22.859650 16.480540
g48 g48 22.937160 16.000860
g48 g669 5.075620 3.798010
g48 g676 3.808690 2.531080
g48 g672 5.587120 4.309590
g48 g3 22.668100 18.878250
g48 g7 23.062390 19.296400
g48 g11 22.918700 19.107210
g48 g15 22.918700 19.107210
g48 g19 23.850160 18.562230
g48 g25 23.850160 18.562230
g48 g29 23.850160 18.146630
g48 g33 23.850160 18.146630
g48 g197 14.563970 12.927330
g48 g269 14.563970 12.927330
g48 g293 14.563970 12.927330
g48 g297 14.563970 12.927330
g48 g500 18.671110 17.034460
g48 g504 18.671110 17.034460
g48 g508 18.671110 17.034460
g48 g512 18.671110 17.034460
g48 g516 18.671110 17.034460
g48 g520 18.671110 17.034460
g48 g524 18.671110 17.034460
g48 g528 18.671110 17.034460
g48 g532 16.030710 14.394060
g48 g465 16.030710 14.394060
g48 g536 16.768860 14.131340
g48 g541 15.671590 14.279180
g48 OUTPUT 6.791120 5.513590
g48 OUTPUT 20.811130 15.149890
g48 OUTPUT 20.882050 15.186790
g48 OUTPUT 20.882050 15.186790
g48 OUTPUT 20.882050 15.186790
g48 OUTPUT 21.060080 15.186790
g48 OUTPUT 20.882050 15.186790
g48 OUTPUT 20.882050 15.186790
g48 OUTPUT 20.882050 15.186790
g48 OUTPUT 20.882050 15.186790
g47 g47 0.499980 0.499980
g47 g699 0.999960 0.999960
g41 g28 19.518960 13.542550
g41 g24 19.340930 13.542550
g41 g18 19.340930 13.542550
g41 g14 19.340930 13.542550
g41 g10 19.340930 13.542550
g41 g6 19.340930 13.542550
g41 g2 19.340930 13.542550
g41 g1 19.340930 13.542550
g41 g48 19.418440 13.062870
g41 g41 0.499980 0.499980
g41 g672 2.085690 2.085690
g41 g3 19.149380 9.505420
g41 g7 19.543670 9.007410
g41 g11 19.399980 11.613130
g41 g15 19.399980 11.613130
g41 g19 20.331440 12.896870
g41 g25 20.331440 12.896870
g41 g29 20.331440 12.896870
g41 g33 20.331440 12.896870
g41 g197 11.045250 8.990890
g41 g269 11.045250 8.990890
g41 g293 11.045250 8.990890
g41 g297 11.045250 8.990890
g41 g500 15.152390 13.098020
g41 g504 15.152390 13.098020
g41 g508 15.152390 13.098020
g41 g512 15.152390 13.098020
g41 g516 15.152390 13.098020
g41 g520 15.152390 13.098020
g41 g524 15.152390 13.098020
g41 g528 15.152390 13.098020
g41 g532 12.511990 10.457620
g41 g465 12.511990 10.457620
g41 g536 13.250140 10.194900
g41 g541 12.152870 10.342740
g41 OUTPUT 3.272400 3.272400
g41 OUTPUT 17.292410 12.211900
g41 OUTPUT 17.363330 12.248800
g41 OUTPUT 17.363330 12.248800
g41 OUTPUT 17.363330 12.248800
g41 OUTPUT 17.541360 12.248800
g41 OUTPUT 17.363330 12.248800
g41 OUTPUT 17.363330 12.248800
g41 OUTPUT 17.363330 12.248800
g41 OUTPUT 17.363330 12.248800
g22 g28 19.960160 14.680550
g22 g24 19.782130 14.680550
g22 g18 19.782130 14.680550
g22 g14 19.782130 14.680550
g22 g10 19.782130 14.680550
g22 g6 19.782130 14.680550
g22 g2 19.782130 14.680550
g22 g1 19.782130 14.680550
g22 g48 19.859640 14.200870
g22 g22 0.499980 0.499980
g22 g669 1.587920 1.587920
g22 g672 1.825690 1.825690
g22 OUTPUT 3.366800 3.366800
g22 OUTPUT 17.733610 13.349900
g22 OUTPUT 17.804530 13.386800
g22 OUTPUT 17.804530 13.386800
g22 OUTPUT 17.804530 13.386800
g22 OUTPUT 17.982560 13.386800
g22 OUTPUT 17.804530 13.386800
g22 OUTPUT 17.804530 13.386800
g22 OUTPUT 17.804530 13.386800
g22 OUTPUT 17.804530 13.386800
g276 g276 10.571820 5.933580
g276 g277 10.611400 6.559380
g276 g278 10.611400 5.580960
g276 g279 11.344540 6.141600
g276 g280 13.236050 8.575550
g276 g281 10.847400 7.976760
g276 g282 20.689990 8.393180
g276 g283 21.022670 8.404340
g276 g3 14.990660 10.352420
g276 g7 15.448390 11.396370
g276 g11 15.259200 10.228760
g276 g15 15.992340 10.789400
g276 g19 17.338870 12.678370
g276 g25 14.950220 12.079580
g276 g29 24.338110 12.041300
g276 g33 24.670790 12.052460
g276 g485 20.242660 7.434180
g276 g551 20.334510 8.037700
g276 g554 20.667190 8.048860
g276 g536 5.629670 5.629670
g276 g541 9.266240 9.266240
g276 g492 16.217450 5.905840
g277 g276 10.331820 6.939150
g277 g277 10.371400 5.280860
g277 g278 10.371400 5.402960
g277 g279 11.104540 6.047040
g277 g280 12.996050 8.480990
g277 g281 10.607400 7.792030
g277 g282 20.205920 8.208450
g277 g283 20.538600 8.219610
g277 g3 14.750660 11.357990
g277 g7 15.208390 10.117850
g277 g11 15.019200 10.050760
g277 g15 15.752340 10.694840
g277 g19 17.098870 12.583810
g277 g25 14.710220 11.894850
g277 g29 23.854040 11.856570
g277 g33 24.186720 11.867730
g277 g485 19.758590 7.249450
g277 g551 19.850440 7.852970
g277 g554 20.183120 7.864130
g277 g536 5.389670 5.389670
g277 g541 9.081510 9.081510
g277 g492 15.733380 5.721110
g278 g276 10.840010 6.673880
g278 g277 10.879590 7.469760
g278 g278 10.879590 4.819520
g278 g279 11.612730 6.220620
g278 g280 13.504240 8.654570
g278 g281 11.115590 7.526760
g278 g282 17.421070 7.943180
g278 g283 17.753750 7.954340
g278 g3 15.258850 11.092720
g278 g7 15.716580 12.306750
g278 g11 15.527390 9.467320
g278 g15 16.260530 10.868420
g278 g19 17.607060 12.757390
g278 g25 15.218410 11.629580
g278 g29 21.069190 11.591300
g278 g33 21.401870 11.602460
g278 g485 16.973740 6.984180
g278 g551 17.065590 7.587700
g278 g554 17.398270 7.598860
g278 g536 5.897860 5.897860
g278 g541 8.816240 8.816240
g278 g492 12.948530 5.455840
g279 g276 13.244970 8.927090
g279 g277 13.284550 9.722970
g279 g278 13.284550 9.722970
g279 g279 14.017690 5.003430
g279 g280 15.909200 6.304110
g279 g281 13.520550 5.966740
g279 g282 19.186670 10.196390
g279 g283 19.007520 10.207550
g279 g3 17.663810 13.345930
g279 g7 18.121540 14.559960
g279 g11 17.932350 14.370770
g279 g15 18.665490 9.651230
g279 g19 20.012020 10.406930
g279 g25 17.623370 10.069560
g279 g29 22.834790 13.844510
g279 g33 22.655640 13.855670
g279 g485 18.227670 9.237390
g279 g551 18.831190 9.840910
g279 g554 18.652040 9.852070
g279 g536 8.302820 8.302820
g279 g541 11.069450 11.069450
g279 g492 14.714130 7.709050
g280 g276 13.745420 8.284950
g280 g277 13.785000 9.080830
g280 g278 13.785000 9.080830
g280 g279 14.518140 9.813970
g280 g280 16.409650 5.091270
g280 g281 14.021000 5.845020
g280 g282 19.687120 9.554250
g280 g283 19.507970 9.565410
g280 g3 18.164260 12.703790
g280 g7 18.621990 13.917820
g280 g11 18.432800 13.728630
g280 g15 19.165940 14.461770
g280 g19 20.512470 9.194090
g280 g25 18.123820 9.947840
g280 g29 23.335240 13.202370
g280 g33 23.156090 13.213530
g280 g485 18.728120 8.595250
g280 g551 19.331640 9.198770
g280 g554 19.152490 9.209930
g280 g536 7.377760 7.377760
g280 g541 10.427310 10.427310
g280 g492 15.214580 7.066910
g281 g276 13.923860 8.443640
g281 g277 13.963440 9.239520
g281 g278 13.963440 9.239520
g281 g279 14.696580 9.972660
g281 g280 16.588090 11.864170
g281 g281 14.199440 4.109250
g281 g282 19.865560 9.712940
g281 g283 19.686410 9.724100
g281 g3 18.342700 12.862480
g281 g7 18.800430 14.076510
g281 g11 18.611240 13.887320
g281 g15 19.344380 14.620460
g281 g19 20.690910 15.966990
g281 g25 18.302260 8.212070
g281 g29 23.513680 13.361060
g281 g33 23.334530 13.372220
g281 g485 18.906560 8.753940
g281 g551 19.510080 9.357460
g281 g554 19.330930 9.368620
g281 g536 8.079350 8.079350
g281 g541 10.586000 10.586000
g281 g492 15.393020 7.225600
g282 g276 7.552500 5.869400
g282 g277 6.700280 6.665280
g282 g278 6.700280 6.665280
g282 g279 7.398420 6.639280
g282 g280 9.289930 9.263850
g282 g281 7.828080 6.722280
g282 g282 11.049800 5.317540
g282 g283 11.783320 6.716780
g282 g3 11.971340 10.288240
g282 g7 11.537270 11.502270
g282 g11 11.348080 11.313080
g282 g15 12.046220 11.287080
g282 g19 13.392750 13.366670
g282 g25 11.930900 10.825100
g282 g29 14.697920 8.965660
g282 g33 15.431440 10.364900
g282 g485 11.003310 4.358540
g282 g551 10.694320 4.962060
g282 g554 11.427840 6.361300
g282 g492 6.486550 6.339900
g283 g276 7.722500 6.039400
g283 g277 6.870280 6.835280
g283 g278 6.870280 6.835280
g283 g279 7.568420 6.809280
g283 g280 9.459930 9.433850
g283 g281 7.998080 6.892280
g283 g282 11.219800 6.568960
g283 g283 11.953320 5.292340
g283 g3 12.141340 10.458240
g283 g7 11.707270 11.672270
g283 g11 11.518080 11.483080
g283 g15 12.216220 11.457080
g283 g19 13.562750 13.536670
g283 g25 12.100900 10.995100
g283 g29 14.867920 10.217080
g283 g33 15.601440 8.940460
g283 g485 11.173310 4.512330
g283 g551 10.864320 6.213480
g283 g554 11.597840 4.936860
g283 g492 6.308740 6.162090
g204 g204 10.557340 5.933580
g204 g205 10.596920 6.559380
g204 g206 10.596920 5.580960
g204 g207 11.330060 6.141600
g204 g208 13.221570 8.575550
g204 g209 10.832920 7.976760
g204 g210 20.689990 8.393180
g204 g211 21.022670 8.404340
g204 g3 14.544300 9.920540
g204 g7 15.002030 10.964490
g204 g11 14.812840 9.796880
g204 g15 15.545980 10.357520
g204 g19 16.892510 12.246490
g204 g25 14.503860 11.647700
g204 g29 23.905430 11.608620
g204 g33 24.238110 11.619780
g204 g668 20.242660 7.434180
g204 g545 20.334510 8.037700
g204 g548 20.667190 8.048860
g204 g536 4.881240 4.881240
g204 g541 9.472690 9.472690
g204 g496 16.217450 5.905840
g205 g204 10.317340 6.939150
g205 g205 10.356920 5.280860
g205 g206 10.356920 5.402960
g205 g207 11.090060 6.047040
g205 g208 12.981570 8.480990
g205 g209 10.592920 7.792030
g205 g210 20.205920 8.208450
g205 g211 20.538600 8.219610
g205 g3 14.304300 10.926110
g205 g7 14.762030 9.685970
g205 g11 14.572840 9.618880
g205 g15 15.305980 10.262960
g205 g19 16.652510 12.151930
g205 g25 14.263860 11.462970
g205 g29 23.421360 11.423890
g205 g33 23.754040 11.435050
g205 g668 19.758590 7.249450
g205 g545 19.850440 7.852970
g205 g548 20.183120 7.864130
g205 g536 4.641240 4.641240
g205 g541 9.287960 9.287960
g205 g496 15.733380 5.721110
g206 g204 10.825570 6.673880
g206 g205 10.865150 7.469760
g206 g206 10.865150 4.819520
g206 g207 11.598290 6.220620
g206 g208 13.489800 8.654570
g206 g209 11.101150 7.526760
g206 g210 17.421070 7.943180
g206 g211 17.753750 7.954340
g206 g3 14.812530 10.660840
g206 g7 15.270260 11.874870
g206 g11 15.081070 9.035440
g206 g15 15.814210 10.436540
g206 g19 17.160740 12.325510
g206 g25 14.772090 11.197700
g206 g29 20.636510 11.158620
g206 g33 20.969190 11.169780
g206 g668 16.973740 6.984180
g206 g545 17.065590 7.587700
g206 g548 17.398270 7.598860
g206 g536 5.149470 5.149470
g206 g541 9.022690 9.022690
g206 g496 12.948530 5.455840
g207 g204 13.230490 8.927090
g207 g205 13.270070 9.722970
g207 g206 13.270070 9.722970
g207 g207 14.003210 5.003430
g207 g208 15.894720 6.304110
g207 g209 13.506070 5.966740
g207 g210 19.172190 10.196390
g207 g211 18.993040 10.207550
g207 g3 17.217450 12.914050
g207 g7 17.675180 14.128080
g207 g11 17.485990 13.938890
g207 g15 18.219130 9.219350
g207 g19 19.565660 9.975050
g207 g25 17.177010 9.637680
g207 g29 22.387630 13.411830
g207 g33 22.208480 13.422990
g207 g668 18.213190 9.237390
g207 g545 18.816710 9.840910
g207 g548 18.637560 9.852070
g207 g536 7.554390 7.554390
g207 g541 11.275900 11.275900
g207 g496 14.699650 7.709050
g208 g204 13.745420 8.284950
g208 g205 13.785000 9.080830
g208 g206 13.785000 9.080830
g208 g207 14.518140 9.813970
g208 g208 16.409650 5.091270
g208 g209 14.021000 5.845020
g208 g210 19.687120 9.554250
g208 g211 19.507970 9.565410
g208 g3 17.732380 12.271910
g208 g7 18.190110 13.485940
g208 g11 18.000920 13.296750
g208 g15 18.734060 14.029890
g208 g19 20.080590 8.762210
g208 g25 17.691940 9.515960
g208 g29 22.902560 12.769690
g208 g33 22.723410 12.780850
g208 g668 18.728120 8.595250
g208 g545 19.331640 9.198770
g208 g548 19.152490 9.209930
g208 g536 6.629330 6.629330
g208 g541 10.633760 10.633760
g208 g496 15.214580 7.066910
g209 g204 13.923860 8.443640
g209 g205 13.963440 9.239520
g209 g206 13.963440 9.239520
g209 g207 14.696580 9.972660
g209 g208 16.588090 11.864170
g209 g209 14.199440 4.109250
g209 g210 19.865560 9.712940
g209 g211 19.686410 9.724100
g209 g3 17.910820 12.430600
g209 g7 18.368550 13.644630
g209 g11 18.179360 13.455440
g209 g15 18.912500 14.188580
g209 g19 20.259030 15.535110
g209 g25 17.870380 7.780190
g209 g29 23.081000 12.928380
g209 g33 22.901850 12.939540
g209 g668 18.906560 8.753940
g209 g545 19.510080 9.357460
g209 g548 19.330930 9.368620
g209 g536 7.330920 7.330920
g209 g541 10.792450 10.792450
g209 g496 15.393020 7.225600
g210 g204 7.552500 5.869400
g210 g205 6.700280 6.665280
g210 g206 6.700280 6.665280
g210 g207 7.398420 6.639280
g210 g208 9.289930 9.263850
g210 g209 7.828080 6.722280
g210 g210 11.049800 5.317540
g210 g211 11.783320 6.716780
g210 g3 11.539460 9.856360
g210 g7 11.105390 11.070390
g210 g11 10.916200 10.881200
g210 g15 11.614340 10.855200
g210 g19 12.960870 12.934790
g210 g25 11.499020 10.393220
g210 g29 14.265240 8.532980
g210 g33 14.998760 9.932220
g210 g668 11.003310 4.358540
g210 g545 10.694320 4.962060
g210 g548 11.427840 6.361300
g210 g496 6.486550 6.339900
g211 g204 7.722500 6.039400
g211 g205 6.870280 6.835280
g211 g206 6.870280 6.835280
g211 g207 7.568420 6.809280
g211 g208 9.459930 9.433850
g211 g209 7.998080 6.892280
g211 g210 11.219800 6.568960
g211 g211 11.953320 5.292340
g211 g3 11.709460 10.026360
g211 g7 11.275390 11.240390
g211 g11 11.086200 11.051200
g211 g15 11.784340 11.025200
g211 g19 13.130870 13.104790
g211 g25 11.669020 10.563220
g211 g29 14.435240 9.784400
g211 g33 15.168760 8.507780
g211 g668 11.173310 4.512330
g211 g545 10.864320 6.213480
g211 g548 11.597840 4.936860
g211 g496 6.308740 6.162090
g212 g402 22.963600 18.409360
g212 g406 22.963600 18.409360
g212 g410 22.963600 18.409360
g212 g414 22.963600 18.409360
g212 g418 22.963600 18.409360
g212 g422 22.963600 18.409360
g212 g426 22.963600 18.409360
g212 g430 22.963600 18.409360
g212 g461 22.963600 18.409360
g212 g457 22.963600 18.409360
g212 g453 22.963600 18.409360
g212 g449 22.963600 18.409360
g212 g445 22.963600 18.409360
g212 g441 22.963600 18.409360
g212 g437 22.963600 18.409360
g212 g434 22.963600 18.409360
g212 g545 11.884410 9.512230
g212 g548 11.884410 9.512230
g212 g551 11.884410 9.512230
g212 g554 11.884410 9.512230
g212 g536 12.811090 11.321170
g212 g541 12.085700 10.595780
g218 g402 23.434050 18.889580
g218 g406 23.434050 18.889580
g218 g410 23.434050 18.889580
g218 g414 23.434050 18.889580
g218 g418 23.434050 18.889580
g218 g422 23.434050 18.889580
g218 g426 23.434050 18.889580
g218 g430 23.434050 18.889580
g218 g461 23.434050 18.889580
g218 g457 23.434050 18.889580
g218 g453 23.434050 18.889580
g218 g449 23.434050 18.889580
g218 g445 23.434050 18.889580
g218 g441 23.434050 18.889580
g218 g437 23.434050 18.889580
g218 g434 23.434050 18.889580
g218 g545 12.354860 9.992450
g218 g548 12.354860 9.992450
g218 g551 12.354860 9.992450
g218 g554 12.354860 9.992450
g218 g536 13.281540 11.801390
g218 g541 12.556150 11.076000
g224 g402 22.011490 16.796240
g224 g406 22.011490 16.796240
g224 g410 22.011490 16.796240
g224 g414 22.011490 16.796240
g224 g418 22.011490 16.796240
g224 g422 22.011490 16.796240
g224 g426 22.011490 16.796240
g224 g430 22.011490 16.796240
g224 g461 22.011490 16.796240
g224 g457 22.011490 16.796240
g224 g453 22.011490 16.796240
g224 g449 22.011490 16.796240
g224 g445 22.011490 16.796240
g224 g441 22.011490 16.796240
g224 g437 22.011490 16.796240
g224 g434 22.011490 16.796240
g224 g545 10.932300 7.899110
g224 g548 10.932300 7.899110
g224 g551 10.932300 7.899110
g224 g554 10.932300 7.899110
g224 g536 11.858980 9.708050
g224 g541 11.133590 8.982660
g230 g402 23.009530 18.455290
g230 g406 23.009530 18.455290
g230 g410 23.009530 18.455290
g230 g414 23.009530 18.455290
g230 g418 23.009530 18.455290
g230 g422 23.009530 18.455290
g230 g426 23.009530 18.455290
g230 g430 23.009530 18.455290
g230 g461 23.009530 18.455290
g230 g457 23.009530 18.455290
g230 g453 23.009530 18.455290
g230 g449 23.009530 18.455290
g230 g445 23.009530 18.455290
g230 g441 23.009530 18.455290
g230 g437 23.009530 18.455290
g230 g434 23.009530 18.455290
g230 g545 11.930340 9.558160
g230 g548 11.930340 9.558160
g230 g551 11.930340 9.558160
g230 g554 11.930340 9.558160
g230 g536 12.857020 11.367100
g230 g541 12.131630 10.641710
g236 g402 23.479980 18.935510
g236 g406 23.479980 18.935510
g236 g410 23.479980 18.935510
g236 g414 23.479980 18.935510
g236 g418 23.479980 18.935510
g236 g422 23.479980 18.935510
g236 g426 23.479980 18.935510
g236 g430 23.479980 18.935510
g236 g461 23.479980 18.935510
g236 g457 23.479980 18.935510
g236 g453 23.479980 18.935510
g236 g449 23.479980 18.935510
g236 g445 23.479980 18.935510
g236 g441 23.479980 18.935510
g236 g437 23.479980 18.935510
g236 g434 23.479980 18.935510
g236 g545 12.400790 10.038380
g236 g548 12.400790 10.038380
g236 g551 12.400790 10.038380
g236 g554 12.400790 10.038380
g236 g536 13.327470 11.847320
g236 g541 12.602080 11.121930
g242 g402 22.057420 16.842270
g242 g406 22.057420 16.842270
g242 g410 22.057420 16.842270
g242 g414 22.057420 16.842270
g242 g418 22.057420 16.842270
g242 g422 22.057420 16.842270
g242 g426 22.057420 16.842270
g242 g430 22.057420 16.842270
g242 g461 22.057420 16.842270
g242 g457 22.057420 16.842270
g242 g453 22.057420 16.842270
g242 g449 22.057420 16.842270
g242 g445 22.057420 16.842270
g242 g441 22.057420 16.842270
g242 g437 22.057420 16.842270
g242 g434 22.057420 16.842270
g242 g545 10.978230 7.945140
g242 g548 10.978230 7.945140
g242 g551 10.978230 7.945140
g242 g554 10.978230 7.945140
g242 g536 11.904910 9.754080
g242 g541 11.179520 9.028690
g248 g402 23.295300 18.750830
g248 g406 23.295300 18.750830
g248 g410 23.295300 18.750830
g248 g414 23.295300 18.750830
g248 g418 23.295300 18.750830
g248 g422 23.295300 18.750830
g248 g426 23.295300 18.750830
g248 g430 23.295300 18.750830
g248 g461 23.295300 18.750830
g248 g457 23.295300 18.750830
g248 g453 23.295300 18.750830
g248 g449 23.295300 18.750830
g248 g445 23.295300 18.750830
g248 g441 23.295300 18.750830
g248 g437 23.295300 18.750830
g248 g434 23.295300 18.750830
g248 g545 12.216110 9.853700
g248 g548 12.216110 9.853700
g248 g551 12.216110 9.853700
g248 g554 12.216110 9.853700
g248 g536 13.142790 11.662640
g248 g541 12.417400 10.937250
g254 g402 22.824850 18.270610
g254 g406 22.824850 18.270610
g254 g410 22.824850 18.270610
g254 g414 22.824850 18.270610
g254 g418 22.824850 18.270610
g254 g422 22.824850 18.270610
g254 g426 22.824850 18.270610
g254 g430 22.824850 18.270610
g254 g461 22.824850 18.270610
g254 g457 22.824850 18.270610
g254 g453 22.824850 18.270610
g254 g449 22.824850 18.270610
g254 g445 22.824850 18.270610
g254 g441 22.824850 18.270610
g254 g437 22.824850 18.270610
g254 g434 22.824850 18.270610
g254 g545 11.745660 9.373480
g254 g548 11.745660 9.373480
g254 g551 11.745660 9.373480
g254 g554 11.745660 9.373480
g254 g536 12.672340 11.182420
g254 g541 11.946950 10.457030
g260 g402 21.872740 16.657150
g260 g406 21.872740 16.657150
g260 g410 21.872740 16.657150
g260 g414 21.872740 16.657150
g260 g418 21.872740 16.657150
g260 g422 21.872740 16.657150
g260 g426 21.872740 16.657150
g260 g430 21.872740 16.657150
g260 g461 21.872740 16.657150
g260 g457 21.872740 16.657150
g260 g453 21.872740 16.657150
g260 g449 21.872740 16.657150
g260 g445 21.872740 16.657150
g260 g441 21.872740 16.657150
g260 g437 21.872740 16.657150
g260 g434 21.872740 16.657150
g260 g545 10.793550 7.760020
g260 g548 10.793550 7.760020
g260 g551 10.793550 7.760020
g260 g554 10.793550 7.760020
g260 g536 11.720230 9.568960
g260 g541 10.994840 8.843570
g567 g212 0.499980 0.499980
g567 g567 1.587920 1.587920
g567 g598 3.944810 2.487800
g567 g634 5.547140 4.268570
g567 g642 7.148920 5.870350
g567 g606 8.750700 7.472130
g567 g646 10.352480 9.073910
g567 g650 11.954260 10.675690
g567 g654 13.556040 12.277470
g567 g571 15.015260 13.736690
g598 g218 0.499980 0.499980
g598 g598 3.766370 2.370720
g598 g634 5.368150 4.089580
g598 g642 6.969930 5.691360
g598 g606 8.571710 7.293140
g598 g646 10.173490 8.894920
g598 g650 11.775270 10.496700
g598 g654 13.377050 12.098480
g598 g571 14.836270 13.557700
g634 g224 0.499980 0.499980
g634 g634 3.944810 2.370720
g634 g642 5.547140 4.268570
g634 g606 7.148920 5.870350
g634 g646 8.750700 7.472130
g634 g650 10.352480 9.073910
g634 g654 11.954260 10.675690
g634 g571 13.413480 12.134910
g642 g230 0.499980 0.499980
g642 g642 3.944810 2.370720
g642 g606 5.547140 4.268570
g642 g646 7.148920 5.870350
g642 g650 8.750700 7.472130
g642 g654 10.352480 9.073910
g642 g571 11.811700 10.533130
g606 g236 0.499980 0.499980
g606 g606 3.944810 2.370720
g606 g646 5.547140 4.268570
g606 g650 7.148920 5.870350
g606 g654 8.750700 7.472130
g606 g571 10.209920 8.931350
g646 g242 0.499980 0.499980
g646 g646 3.944810 2.370720
g646 g650 5.547140 4.268570
g646 g654 7.148920 5.870350
g646 g571 8.608140 7.329570
g650 g248 0.499980 0.499980
g650 g650 3.944810 2.370720
g650 g654 5.547140 4.268570
g650 g571 7.006360 5.727790
g654 g254 0.499980 0.499980
g654 g654 3.944810 2.370720
g654 g571 5.404580 4.126010
g571 g260 0.499980 0.499980
g571 g571 3.944810 2.370720
g578 g578 12.988010 2.370720
g578 g582 12.988010 4.089580
g578 g586 12.988010 5.691360
g578 g574 13.313420 7.472160
g578 g590 13.313420 9.111560
g578 g594 12.988010 10.831180
g578 g43 9.300310 4.230160
g582 g578 11.565220 11.565220
g582 g582 11.565220 2.370720
g582 g586 11.565220 4.268570
g582 g574 11.890630 6.049370
g582 g590 11.890630 7.688770
g582 g594 11.565220 9.408390
g582 g43 8.112480 4.048360
g586 g578 9.963440 9.963440
g586 g582 9.963440 9.963440
g586 g586 9.963440 2.370720
g586 g574 10.288850 4.447590
g586 g590 10.288850 6.086990
g586 g594 9.963440 7.806610
g586 g43 5.389830 3.780160
g574 g578 8.324040 8.324040
g574 g582 8.324040 8.324040
g574 g586 8.324040 8.324040
g574 g574 8.649450 3.933080
g574 g590 8.649450 4.447590
g574 g594 8.324040 6.167210
g574 g43 5.460920 2.807410
g590 g578 6.683660 6.683660
g590 g582 6.683660 6.683660
g590 g586 6.683660 6.683660
g590 g574 7.009070 7.002950
g590 g590 7.009070 3.933080
g590 g594 6.683660 4.526830
g590 g43 5.122380 3.639680
g594 g578 5.729400 5.729400
g594 g582 5.729400 5.729400
g594 g586 5.729400 5.729400
g594 g574 6.054810 6.048690
g594 g590 6.054810 6.048690
g594 g594 5.729400 2.370720
g594 g43 5.783950 3.843560
g602 g578 26.221610 15.542410
g602 g582 26.221610 17.323180
g602 g586 26.221610 18.924960
g602 g574 26.547020 20.705760
g602 g590 26.547020 22.345160
g602 g594 26.221610 24.064780
g602 g602 1.197620 1.197620
g602 g610 3.944810 2.487800
g602 g613 7.132560 4.447590
g602 g616 7.186540 5.907970
g602 g619 8.788320 7.509750
g602 g622 10.390100 9.111530
g602 g625 11.991880 10.713310
g602 g628 13.593660 12.315090
g602 g631 15.195440 13.916870
g610 g578 26.042620 15.363420
g610 g582 26.042620 17.144190
g610 g586 26.042620 18.745970
g610 g574 26.368030 20.526770
g610 g590 26.368030 22.166170
g610 g594 26.042620 23.885790
g610 g610 3.766370 2.370720
g610 g613 6.953570 4.268600
g610 g616 7.007550 5.728980
g610 g619 8.609330 7.330760
g610 g622 10.211110 8.932540
g610 g625 11.812890 10.534320
g610 g628 13.414670 12.136100
g610 g631 15.016450 13.737880
g613 g578 24.582210 13.903010
g613 g582 24.582210 15.683780
g613 g586 24.582210 17.285560
g613 g574 24.907620 19.066360
g613 g590 24.907620 20.705760
g613 g594 24.582210 22.425380
g613 g613 5.492360 3.933080
g613 g616 5.547140 4.268570
g613 g619 7.148920 5.870350
g613 g622 8.750700 7.472130
g613 g625 10.352480 9.073910
g613 g628 11.954260 10.675690
g613 g631 13.556040 12.277470
g616 g578 22.980430 12.301230
g616 g582 22.980430 14.082000
g616 g586 22.980430 15.683780
g616 g574 23.305840 17.464580
g616 g590 23.305840 19.103980
g616 g594 22.980430 20.823600
g616 g616 3.944810 2.370720
g616 g619 5.547140 4.268570
g616 g622 7.148920 5.870350
g616 g625 8.750700 7.472130
g616 g628 10.352480 9.073910
g616 g631 11.954260 10.675690
g619 g578 21.378650 10.699450
g619 g582 21.378650 12.480220
g619 g586 21.378650 14.082000
g619 g574 21.704060 15.862800
g619 g590 21.704060 17.502200
g619 g594 21.378650 19.221820
g619 g619 3.944810 2.370720
g619 g622 5.547140 4.268570
g619 g625 7.148920 5.870350
g619 g628 8.750700 7.472130
g619 g631 10.352480 9.073910
g622 g578 19.776870 9.097670
g622 g582 19.776870 10.878440
g622 g586 19.776870 12.480220
g622 g574 20.102280 14.261020
g622 g590 20.102280 15.900420
g622 g594 19.776870 17.620040
g622 g622 3.944810 2.370720
g622 g625 5.547140 4.268570
g622 g628 7.148920 5.870350
g622 g631 8.750700 7.472130
g625 g578 18.175090 7.495890
g625 g582 18.175090 9.276660
g625 g586 18.175090 10.878440
g625 g574 18.500500 12.659240
g625 g590 18.500500 14.298640
g625 g594 18.175090 16.018260
g625 g625 3.944810 2.370720
g625 g628 5.547140 4.268570
g625 g631 7.148920 5.870350
g628 g578 16.573310 5.894110
g628 g582 16.573310 7.674880
g628 g586 16.573310 9.276660
g628 g574 16.898720 11.057460
g628 g590 16.898720 12.696860
g628 g594 16.573310 14.416480
g628 g628 3.944810 2.370720
g628 g631 5.547140 4.268570
g631 g578 14.971530 4.292330
g631 g582 14.971530 6.073100
g631 g586 14.971530 7.674880
g631 g574 15.296940 9.455680
g631 g590 15.296940 11.095080
g631 g594 14.971530 12.814700
g631 g631 3.944810 2.370720
g43 OUTPUT 0.000000 0.000000
g43 OUTPUT 0.000000 0.000000
g266 g266 1.197620 1.197620
g266 g662 1.194000 1.194000
g266 g3 17.809200 11.420080
g266 g7 18.316670 10.922070
g266 g11 18.127480 13.527790
g266 g15 18.127480 13.527790
g266 g19 18.991260 14.811530
g266 g25 18.991260 14.811530
g266 g29 18.991260 14.811530
g266 g33 18.991260 14.811530
g658 g658 1.197620 1.197620
g658 g3 18.985430 10.547060
g658 g7 19.379720 10.049050
g658 g11 19.236030 12.654770
g658 g15 19.236030 12.654770
g658 g19 20.167490 13.938510
g658 g25 20.167490 13.938510
g658 g29 20.167490 13.938510
g658 g33 20.167490 13.938510
g662 g3 18.352860 11.264760
g662 g7 18.747150 10.766750
g662 g11 18.603460 13.372470
g662 g15 18.603460 13.372470
g662 g19 19.534920 14.656210
g662 g25 19.534920 14.656210
g662 g29 19.534920 14.656210
g662 g33 19.534920 14.656210
g699 g702 0.499980 0.499980
g699 g3 18.963260 11.503480
g699 g7 19.357550 11.005470
g699 g11 19.213860 13.611190
g699 g15 19.213860 13.611190
g699 g19 20.145320 14.894930
g699 g25 20.145320 14.894930
g699 g29 20.145320 14.894930
g699 g33 20.145320 14.894930
g699 g197 10.470120 10.111010
g699 g269 10.470120 10.111010
g699 g293 10.470120 10.111010
g699 g297 10.470120 10.111010
g699 g500 14.577260 14.218140
g699 g504 14.577260 14.218140
g699 g508 14.577260 14.218140
g699 g512 14.577260 14.218140
g699 g516 14.577260 14.218140
g699 g520 14.577260 14.218140
g699 g524 14.577260 14.218140
g699 g528 14.577260 14.218140
g699 g532 11.936860 11.577740
g699 g465 11.936860 11.577740
g699 g536 12.675010 11.315020
g699 g541 11.577740 11.462860
g702 g675 0.499980 0.499980
g702 g3 18.785160 11.325380
g702 g7 19.179450 10.827370
g702 g11 19.035760 13.433090
g702 g15 19.035760 13.433090
g702 g19 19.967220 14.716830
g702 g25 19.967220 14.716830
g702 g29 19.967220 14.716830
g702 g33 19.967220 14.716830
g702 g197 10.292020 9.932910
g702 g269 10.292020 9.932910
g702 g293 10.292020 9.932910
g702 g297 10.292020 9.932910
g702 g500 14.399160 14.040040
g702 g504 14.399160 14.040040
g702 g508 14.399160 14.040040
g702 g512 14.399160 14.040040
g702 g516 14.399160 14.040040
g702 g520 14.399160 14.040040
g702 g524 14.399160 14.040040
g702 g528 14.399160 14.040040
g702 g532 11.758760 11.399640
g702 g465 11.758760 11.399640
g702 g536 12.496910 11.136920
g702 g541 11.399640 11.284760
g675 g28 19.327590 14.047980
g675 g24 19.149560 14.047980
g675 g18 19.149560 14.047980
g675 g14 19.149560 14.047980
g675 g10 19.149560 14.047980
g675 g6 19.149560 14.047980
g675 g2 19.149560 14.047980
g675 g1 19.149560 14.047980
g675 g48 19.227070 13.568300
g675 OUTPUT 2.734230 2.734230
g675 OUTPUT 17.101040 12.717330
g675 OUTPUT 17.171960 12.754230
g675 OUTPUT 17.171960 12.754230
g675 OUTPUT 17.171960 12.754230
g675 OUTPUT 17.349990 12.754230
g675 OUTPUT 17.171960 12.754230
g675 OUTPUT 17.171960 12.754230
g675 OUTPUT 17.171960 12.754230
g675 OUTPUT 17.171960 12.754230
g669 g669 1.765110 1.765110
g669 g3 4.097570 4.097570
g676 g28 18.686770 13.407160
g676 g24 18.508740 13.407160
g676 g18 18.508740 13.407160
g676 g14 18.508740 13.407160
g676 g10 18.508740 13.407160
g676 g6 18.508740 13.407160
g676 g2 18.508740 13.407160
g676 g1 18.508740 13.407160
g676 g48 18.586250 12.927480
g676 g3 18.317190 15.804870
g676 g7 18.711480 16.223020
g676 g11 18.567790 16.033830
g676 g15 18.567790 16.033830
g676 g19 19.499250 15.488850
g676 g25 19.499250 15.488850
g676 g29 19.499250 15.073250
g676 g33 19.499250 15.073250
g676 g197 10.213060 9.853950
g676 g269 10.213060 9.853950
g676 g293 10.213060 9.853950
g676 g297 10.213060 9.853950
g676 g500 14.320200 13.961080
g676 g504 14.320200 13.961080
g676 g508 14.320200 13.961080
g676 g512 14.320200 13.961080
g676 g516 14.320200 13.961080
g676 g520 14.320200 13.961080
g676 g524 14.320200 13.961080
g676 g528 14.320200 13.961080
g676 g532 11.679800 11.320680
g676 g465 11.679800 11.320680
g676 g536 12.417950 11.057960
g676 g541 11.320680 11.205800
g676 OUTPUT 2.440210 2.440210
g676 OUTPUT 16.460220 12.076510
g676 OUTPUT 16.531140 12.113410
g676 OUTPUT 16.531140 12.113410
g676 OUTPUT 16.531140 12.113410
g676 OUTPUT 16.709170 12.113410
g676 OUTPUT 16.531140 12.113410
g676 OUTPUT 16.531140 12.113410
g676 OUTPUT 16.531140 12.113410
g676 OUTPUT 16.531140 12.113410
g672 g672 1.577720 1.577720
g672 g7 3.390750 3.390750
g3 g1 4.115850 2.207600
g3 g48 13.773360 7.853870
g3 OUTPUT 11.647330 7.660430
g3 OUTPUT 2.138250 2.138250
g7 g2 4.115850 2.207600
g7 g48 13.951800 8.056910
g7 OUTPUT 11.825770 7.863470
g7 OUTPUT 2.138250 2.138250
g11 g6 4.115850 2.207600
g11 g48 13.570260 8.032250
g11 OUTPUT 11.444230 7.838810
g11 OUTPUT 2.138250 2.138250
g15 g10 4.115850 2.207600
g15 g48 13.748700 8.235350
g15 OUTPUT 11.622670 8.041910
g15 OUTPUT 2.138250 2.138250
g19 g14 4.115850 2.207600
g19 g48 13.570260 8.031850
g19 OUTPUT 11.444230 7.838410
g19 OUTPUT 2.138250 2.138250
g25 g18 4.115850 2.207600
g25 g48 13.748700 8.234890
g25 OUTPUT 11.622670 8.041450
g25 OUTPUT 2.138250 2.138250
g29 g24 4.115850 2.207600
g29 g48 13.367160 8.210290
g29 OUTPUT 11.241130 8.016850
g29 OUTPUT 2.138250 2.138250
g33 g28 3.945740 2.207600
g33 g48 13.545600 8.413390
g33 OUTPUT 11.419570 8.219950
g33 OUTPUT 1.968140 1.968140
g690 g276 7.240760 7.240760
g690 g282 18.608070 15.043950
g690 g283 18.940750 15.055110
g690 g204 7.240760 7.240760
g690 g210 18.608070 15.043950
g690 g211 18.940750 15.055110
g690 g43 6.197050 5.470440
g690 g3 17.240790 8.953720
g690 g7 17.635080 4.918950
g690 g11 17.491390 4.729760
g690 g15 17.491390 4.729760
g690 g19 18.422850 4.184780
g690 g25 18.422850 4.184780
g690 g29 22.256190 4.648580
g690 g33 22.588870 4.648580
g690 g668 18.160740 14.084950
g690 g485 18.160740 14.084950
g690 g545 18.252590 14.688470
g690 g548 18.585270 14.699630
g690 g551 18.252590 14.688470
g690 g554 18.585270 14.699630
g690 g197 2.126030 2.126030
g690 g500 8.524750 7.000280
g690 g504 8.524750 8.165630
g690 g508 8.524750 8.165630
g690 g512 8.524750 8.165630
g690 g516 8.524750 8.165630
g690 g520 8.524750 8.165630
g690 g524 8.524750 8.165630
g690 g528 8.524750 8.165630
g690 g532 11.303150 7.000280
g690 g465 11.303150 10.944030
g690 g536 12.041300 10.681310
g690 g541 10.944030 10.829150
g690 g486 5.912340 5.912340
g690 g496 14.135530 12.090380
g690 g492 14.135530 12.090380
g691 g277 4.182480 4.182480
g691 g282 17.874720 14.310600
g691 g283 18.207400 14.321760
g691 g205 4.182480 4.182480
g691 g210 17.874720 14.310600
g691 g211 18.207400 14.321760
g691 g43 6.867040 6.140430
g691 g3 11.598520 7.262890
g691 g7 11.992840 5.148950
g691 g11 13.083790 11.394720
g691 g15 13.083790 11.394720
g691 g19 14.015250 12.326180
g691 g25 14.015250 12.326180
g691 g29 21.522840 12.326180
g691 g33 21.855520 12.326180
g691 g668 17.427390 13.351600
g691 g485 17.427390 13.351600
g691 g545 17.519240 13.955120
g691 g548 17.851920 13.966280
g691 g551 17.519240 13.955120
g691 g554 17.851920 13.966280
g691 g269 2.126030 2.126030
g691 g504 3.606560 3.606560
g691 g465 3.606560 3.606560
g691 g489 2.518620 2.518620
g691 g496 13.402180 11.357030
g691 g492 13.402180 11.357030
g692 g278 3.972600 3.972600
g692 g282 17.422350 13.858220
g692 g283 17.755030 13.869380
g692 g206 3.972600 3.972600
g692 g210 17.468180 13.904050
g692 g211 17.800860 13.915210
g692 g43 5.057060 4.330440
g692 g3 11.970750 7.002890
g692 g7 11.760320 7.505900
g692 g11 15.259830 4.959760
g692 g15 15.259830 11.070390
g692 g19 16.191290 11.921070
g692 g25 16.191290 11.921070
g692 g29 21.070470 11.921070
g692 g33 21.403150 11.921070
g692 g668 17.020850 12.945050
g692 g485 16.975020 12.899220
g692 g545 17.112700 13.548570
g692 g548 17.445380 13.559730
g692 g551 17.066870 13.502740
g692 g554 17.399550 13.513900
g692 g293 2.126030 2.126030
g692 g508 3.396680 3.396680
g692 g536 3.211940 3.211940
g692 g496 12.995640 10.950480
g692 g492 12.949810 10.904650
g693 g279 3.952800 3.952800
g693 g282 16.734530 13.170400
g693 g283 17.067210 13.181560
g693 g207 3.952800 3.952800
g693 g210 16.734530 13.170400
g693 g211 17.067210 13.181560
g693 g43 5.726870 5.000250
g693 g3 11.772690 6.049280
g693 g7 11.562260 6.552290
g693 g11 15.061770 10.279050
g693 g15 15.061770 4.959760
g693 g19 15.993230 11.129730
g693 g25 15.993230 11.129730
g693 g29 20.382650 11.129730
g693 g33 20.715330 11.129730
g693 g668 16.287200 12.211400
g693 g485 16.287200 12.211400
g693 g545 16.379050 12.814920
g693 g548 16.711730 12.826080
g693 g551 16.379050 12.814920
g693 g554 16.711730 12.826080
g693 g297 2.126030 2.126030
g693 g512 3.376880 3.376880
g693 g541 3.376880 3.376880
g693 g496 12.261990 10.216830
g693 g492 12.261990 10.216830
g694 g280 3.317500 3.317500
g694 g282 18.658820 15.094700
g694 g283 18.991500 15.105860
g694 g208 3.317500 3.317500
g694 g210 18.704780 15.140660
g694 g211 19.037460 15.151820
g694 g43 6.293640 5.567030
g694 g3 13.056710 11.767770
g694 g7 13.451030 12.333620
g694 g11 13.700260 11.372530
g694 g15 13.700260 11.372530
g694 g19 14.631720 4.414780
g694 g25 14.631720 11.939270
g694 g29 22.306940 11.939270
g694 g33 22.639620 11.939270
g694 g668 18.257450 14.181660
g694 g485 18.211490 14.135700
g694 g545 18.349300 14.785180
g694 g548 18.681980 14.796340
g694 g551 18.303340 14.739220
g694 g554 18.636020 14.750380
g694 g500 11.085280 10.726160
g694 g504 11.085280 10.726160
g694 g508 11.085280 10.726160
g694 g512 11.085280 10.726160
g694 g516 11.085280 3.056120
g694 g520 11.085280 10.726160
g694 g524 11.085280 10.726160
g694 g528 11.085280 10.726160
g694 g532 8.444880 8.085760
g694 g465 8.444880 8.085760
g694 g536 9.183030 7.823040
g694 g541 8.085760 7.970880
g694 g496 14.232240 12.187090
g694 g492 14.186280 12.141130
g695 g281 3.620160 3.620160
g695 g282 17.970980 14.406860
g695 g283 18.303660 14.418020
g695 g209 3.620160 3.620160
g695 g210 17.970980 14.406860
g695 g211 18.303660 14.418020
g695 g43 6.963360 6.236750
g695 g3 14.408900 10.559570
g695 g7 14.916370 11.430060
g695 g11 14.727180 10.486030
g695 g15 14.727180 10.486030
g695 g19 15.590960 11.679270
g695 g25 15.590960 4.414780
g695 g29 21.619100 11.679270
g695 g33 21.951780 11.679270
g695 g668 17.523650 13.447860
g695 g485 17.523650 13.447860
g695 g545 17.615500 14.051380
g695 g548 17.948180 14.062540
g695 g551 17.615500 14.051380
g695 g554 17.948180 14.062540
g695 g500 11.255280 10.896160
g695 g504 11.255280 10.896160
g695 g508 11.255280 10.896160
g695 g512 11.255280 10.896160
g695 g516 11.255280 10.896160
g695 g520 11.255280 3.044240
g695 g524 11.255280 10.896160
g695 g528 11.255280 10.896160
g695 g532 8.614880 8.255760
g695 g465 8.614880 8.255760
g695 g536 9.353030 7.993040
g695 g541 8.255760 8.140880
g695 g496 13.498440 11.453290
g695 g492 13.498440 11.453290
g696 g282 18.923380 3.657780
g696 g283 19.256060 15.370420
g696 g210 18.969210 3.657780
g696 g211 19.301890 15.416250
g696 g43 6.558110 5.831500
g696 g3 15.342680 10.197790
g696 g7 15.850150 10.946280
g696 g11 15.660960 10.087850
g696 g15 15.660960 10.087850
g696 g19 16.524740 12.844390
g696 g25 16.524740 12.844390
g696 g29 22.571500 4.878580
g696 g33 22.904180 12.844390
g696 g668 18.521880 14.446090
g696 g485 18.476050 14.400260
g696 g545 18.613730 15.049610
g696 g548 18.946410 15.060770
g696 g551 18.567900 15.003780
g696 g554 18.900580 15.014940
g696 g197 6.470390 6.111280
g696 g269 6.470390 6.111280
g696 g293 6.470390 6.111280
g696 g297 6.470390 6.111280
g696 g500 9.889570 9.530450
g696 g504 9.889570 9.530450
g696 g508 9.889570 9.530450
g696 g512 9.889570 9.530450
g696 g516 9.889570 9.530450
g696 g520 9.889570 9.530450
g696 g524 9.889570 3.081860
g696 g528 9.889570 9.530450
g696 g532 7.249170 6.890050
g696 g465 7.249170 6.890050
g696 g536 7.987320 6.627330
g696 g541 6.890050 6.775170
g696 g496 14.496670 12.451520
g696 g492 14.450840 12.405690
g697 g282 18.235560 14.671440
g697 g283 18.568240 3.820140
g697 g210 18.235560 14.671440
g697 g211 18.568240 3.820140
g697 g43 7.227920 6.501310
g697 g3 15.520070 8.513210
g697 g7 16.027540 9.261700
g697 g11 15.838350 8.403270
g697 g15 15.838350 8.403270
g697 g19 16.702130 11.148420
g697 g25 16.702130 11.148420
g697 g29 21.883680 11.148420
g697 g33 22.216360 4.878580
g697 g668 17.788230 13.712440
g697 g485 17.788230 13.712440
g697 g545 17.880080 14.315960
g697 g548 18.212760 14.327120
g697 g551 17.880080 14.315960
g697 g554 18.212760 14.327120
g697 g197 8.566690 8.207580
g697 g269 8.566690 8.207580
g697 g293 8.566690 8.207580
g697 g297 8.566690 8.207580
g697 g500 10.129570 9.770450
g697 g504 10.129570 9.770450
g697 g508 10.129570 9.770450
g697 g512 10.129570 9.770450
g697 g516 10.129570 9.770450
g697 g520 10.129570 9.770450
g697 g524 10.129570 9.770450
g697 g528 10.129570 3.244220
g697 g532 7.489170 7.130050
g697 g465 7.489170 7.130050
g697 g536 8.227320 6.867330
g697 g541 7.130050 7.015170
g697 g496 13.763020 11.717870
g697 g492 13.763020 11.717870
g668 OUTPUT 0.000000 0.000000
g668 OUTPUT 0.000000 0.000000
g485 OUTPUT 0.000000 0.000000
g485 OUTPUT 0.000000 0.000000
g402 g3 5.740960 5.740960
g402 g402 2.794040 2.794040
g402 g406 2.453640 2.453640
g406 g7 6.053070 6.053070
g406 g406 2.798000 2.798000
g406 g410 2.457600 2.457600
g410 g11 5.863880 5.863880
g410 g410 2.798000 2.798000
g410 g414 2.457600 2.457600
g414 g15 5.863880 5.863880
g414 g414 2.798000 2.798000
g414 g418 2.457600 2.457600
g418 g19 4.905280 4.905280
g418 g418 2.799980 2.799980
g418 g422 2.459580 2.459580
g422 g25 4.905280 4.905280
g422 g422 2.799980 2.799980
g422 g426 2.459580 2.459580
g426 g29 4.905280 4.905280
g426 g426 2.799980 2.799980
g426 g430 2.459580 2.459580
g430 g33 5.318900 5.318900
g430 g430 2.798000 2.798000
g430 g461 2.457600 2.457600
g461 g3 5.285460 5.285460
g461 g461 2.784140 2.784140
g461 g457 2.443740 2.443740
g457 g7 5.639450 5.639450
g457 g457 2.799980 2.799980
g457 g453 2.459580 2.459580
g453 g11 5.450260 5.450260
g453 g453 2.799980 2.799980
g453 g449 2.459580 2.459580
g449 g15 5.450260 5.450260
g449 g449 2.799980 2.799980
g449 g445 2.459580 2.459580
g445 g19 5.318900 5.318900
g445 g445 2.798000 2.798000
g445 g441 2.457600 2.457600
g441 g25 5.318900 5.318900
g441 g441 2.798000 2.798000
g441 g437 2.457600 2.457600
g437 g29 5.318900 5.318900
g437 g437 2.798000 2.798000
g437 g434 2.457600 2.457600
g434 g33 4.715200 4.715200
g434 g434 2.609900 2.609900
g545 g3 4.604550 4.604550
g545 g545 2.207600 2.207600
g548 g7 5.259000 5.259000
g548 g548 2.207600 2.207600
g551 g11 4.314970 4.314970
g551 g551 2.207600 2.207600
g554 g15 4.314970 4.314970
g554 g554 2.207600 2.207600
g197 g204 3.902700 1.726380
g197 g205 2.916080 1.985860
g197 g206 2.916080 1.985860
g197 g207 2.534080 1.985860
g197 g208 3.421900 1.929300
g197 g209 2.534080 1.985860
g197 g210 2.154080 1.985860
g197 g211 2.154080 1.985860
g197 g3 7.889660 4.773970
g197 g7 7.321190 6.390970
g197 g11 7.132000 6.201780
g197 g15 6.750000 6.201780
g197 g19 7.092840 5.600240
g197 g25 6.205020 5.656800
g197 g29 5.369520 5.201300
g197 g33 5.369520 5.201300
g197 g197 2.878710 2.878710
g269 g276 3.902700 1.726380
g269 g277 2.916080 1.985860
g269 g278 2.916080 1.985860
g269 g279 2.534080 1.985860
g269 g280 3.421900 1.929300
g269 g281 2.534080 1.985860
g269 g282 2.154080 1.985860
g269 g283 2.154080 1.985860
g269 g3 8.321540 6.145220
g269 g7 7.753070 5.522460
g269 g11 7.563880 6.633660
g269 g15 7.181880 6.633660
g269 g19 7.524720 6.032120
g269 g25 6.636900 6.088680
g269 g29 5.802200 5.633980
g269 g33 5.802200 5.633980
g269 g269 2.878710 2.878710
g293 g11 4.092190 4.092190
g293 g293 2.466870 2.466870
g297 g15 4.092190 4.092190
g297 g297 2.466870 2.466870
g500 g3 4.536910 4.536910
g500 g402 23.142040 18.620660
g500 g406 23.142040 18.620660
g500 g410 23.142040 18.620660
g500 g414 23.142040 18.620660
g500 g418 23.142040 18.620660
g500 g422 23.142040 18.620660
g500 g426 23.142040 18.620660
g500 g430 23.142040 18.620660
g500 g461 23.142040 18.620660
g500 g457 23.142040 18.620660
g500 g453 23.142040 18.620660
g500 g449 23.142040 18.620660
g500 g445 23.142040 18.620660
g500 g441 23.142040 18.620660
g500 g437 23.142040 18.620660
g500 g434 23.142040 18.620660
g500 g545 12.062850 9.723530
g500 g548 12.062850 9.723530
g500 g551 12.062850 9.723530
g500 g554 12.062850 9.723530
g500 g500 1.947030 1.947030
g500 g536 12.989530 11.532470
g500 g541 12.264140 10.807080
g504 g7 5.467080 5.467080
g504 g402 23.612490 19.091160
g504 g406 23.612490 19.091160
g504 g410 23.612490 19.091160
g504 g414 23.612490 19.091160
g504 g418 23.612490 19.091160
g504 g422 23.612490 19.091160
g504 g426 23.612490 19.091160
g504 g430 23.612490 19.091160
g504 g461 23.612490 19.091160
g504 g457 23.612490 19.091160
g504 g453 23.612490 19.091160
g504 g449 23.612490 19.091160
g504 g445 23.612490 19.091160
g504 g441 23.612490 19.091160
g504 g437 23.612490 19.091160
g504 g434 23.612490 19.091160
g504 g545 12.533300 10.194030
g504 g548 12.533300 10.194030
g504 g551 12.533300 10.194030
g504 g554 12.533300 10.194030
g504 g504 1.947030 1.947030
g504 g536 13.459980 12.002970
g504 g541 12.734590 11.277580
g508 g11 3.643970 3.643970
g508 g402 22.189670 17.561980
g508 g406 22.189670 17.561980
g508 g410 22.189670 17.561980
g508 g414 22.189670 17.561980
g508 g418 22.189670 17.561980
g508 g422 22.189670 17.561980
g508 g426 22.189670 17.561980
g508 g430 22.189670 17.561980
g508 g461 22.189670 17.561980
g508 g457 22.189670 17.561980
g508 g453 22.189670 17.561980
g508 g449 22.189670 17.561980
g508 g445 22.189670 17.561980
g508 g441 22.189670 17.561980
g508 g437 22.189670 17.561980
g508 g434 22.189670 17.561980
g508 g545 11.110480 8.664850
g508 g548 11.110480 8.664850
g508 g551 11.110480 8.664850
g508 g554 11.110480 8.664850
g508 g508 1.947030 1.947030
g508 g536 12.037160 10.473790
g508 g541 11.311770 9.748400
g512 g15 3.643970 3.643970
g512 g402 23.187970 18.666590
g512 g406 23.187970 18.666590
g512 g410 23.187970 18.666590
g512 g414 23.187970 18.666590
g512 g418 23.187970 18.666590
g512 g422 23.187970 18.666590
g512 g426 23.187970 18.666590
g512 g430 23.187970 18.666590
g512 g461 23.187970 18.666590
g512 g457 23.187970 18.666590
g512 g453 23.187970 18.666590
g512 g449 23.187970 18.666590
g512 g445 23.187970 18.666590
g512 g441 23.187970 18.666590
g512 g437 23.187970 18.666590
g512 g434 23.187970 18.666590
g512 g545 12.108780 9.769460
g512 g548 12.108780 9.769460
g512 g551 12.108780 9.769460
g512 g554 12.108780 9.769460
g512 g512 1.947030 1.947030
g512 g536 13.035460 11.578400
g512 g541 12.310070 10.853010
g516 g19 2.640310 2.640310
g516 g402 23.658420 19.137090
g516 g406 23.658420 19.137090
g516 g410 23.658420 19.137090
g516 g414 23.658420 19.137090
g516 g418 23.658420 19.137090
g516 g422 23.658420 19.137090
g516 g426 23.658420 19.137090
g516 g430 23.658420 19.137090
g516 g461 23.658420 19.137090
g516 g457 23.658420 19.137090
g516 g453 23.658420 19.137090
g516 g449 23.658420 19.137090
g516 g445 23.658420 19.137090
g516 g441 23.658420 19.137090
g516 g437 23.658420 19.137090
g516 g434 23.658420 19.137090
g516 g545 12.579230 10.239960
g516 g548 12.579230 10.239960
g516 g551 12.579230 10.239960
g516 g554 12.579230 10.239960
g516 g516 1.947030 1.947030
g516 g536 13.505910 12.048900
g516 g541 12.780520 11.323510
g520 g25 2.640310 2.640310
g520 g402 22.235600 17.607910
g520 g406 22.235600 17.607910
g520 g410 22.235600 17.607910
g520 g414 22.235600 17.607910
g520 g418 22.235600 17.607910
g520 g422 22.235600 17.607910
g520 g426 22.235600 17.607910
g520 g430 22.235600 17.607910
g520 g461 22.235600 17.607910
g520 g457 22.235600 17.607910
g520 g453 22.235600 17.607910
g520 g449 22.235600 17.607910
g520 g445 22.235600 17.607910
g520 g441 22.235600 17.607910
g520 g437 22.235600 17.607910
g520 g434 22.235600 17.607910
g520 g545 11.156410 8.710780
g520 g548 11.156410 8.710780
g520 g551 11.156410 8.710780
g520 g554 11.156410 8.710780
g520 g520 1.947030 1.947030
g520 g536 12.083090 10.519720
g520 g541 11.357700 9.794330
g524 g29 2.640310 2.640310
g524 g402 23.473740 18.952410
g524 g406 23.473740 18.952410
g524 g410 23.473740 18.952410
g524 g414 23.473740 18.952410
g524 g418 23.473740 18.952410
g524 g422 23.473740 18.952410
g524 g426 23.473740 18.952410
g524 g430 23.473740 18.952410
g524 g461 23.473740 18.952410
g524 g457 23.473740 18.952410
g524 g453 23.473740 18.952410
g524 g449 23.473740 18.952410
g524 g445 23.473740 18.952410
g524 g441 23.473740 18.952410
g524 g437 23.473740 18.952410
g524 g434 23.473740 18.952410
g524 g545 12.394550 10.055280
g524 g548 12.394550 10.055280
g524 g551 12.394550 10.055280
g524 g554 12.394550 10.055280
g524 g524 1.947030 1.947030
g524 g536 13.321230 11.864220
g524 g541 12.595840 11.138830
g528 g33 2.640310 2.640310
g528 g402 23.003290 18.481910
g528 g406 23.003290 18.481910
g528 g410 23.003290 18.481910
g528 g414 23.003290 18.481910
g528 g418 23.003290 18.481910
g528 g422 23.003290 18.481910
g528 g426 23.003290 18.481910
g528 g430 23.003290 18.481910
g528 g461 23.003290 18.481910
g528 g457 23.003290 18.481910
g528 g453 23.003290 18.481910
g528 g449 23.003290 18.481910
g528 g445 23.003290 18.481910
g528 g441 23.003290 18.481910
g528 g437 23.003290 18.481910
g528 g434 23.003290 18.481910
g528 g545 11.924100 9.584780
g528 g548 11.924100 9.584780
g528 g551 11.924100 9.584780
g528 g554 11.924100 9.584780
g528 g528 1.947030 1.947030
g528 g536 12.850780 11.393720
g528 g541 12.125390 10.668330
g532 g3 5.181030 5.181030
g532 g402 22.050920 17.423230
g532 g406 22.050920 17.423230
g532 g410 22.050920 17.423230
g532 g414 22.050920 17.423230
g532 g418 22.050920 17.423230
g532 g422 22.050920 17.423230
g532 g426 22.050920 17.423230
g532 g430 22.050920 17.423230
g532 g461 22.050920 17.423230
g532 g457 22.050920 17.423230
g532 g453 22.050920 17.423230
g532 g449 22.050920 17.423230
g532 g445 22.050920 17.423230
g532 g441 22.050920 17.423230
g532 g437 22.050920 17.423230
g532 g434 22.050920 17.423230
g532 g545 10.971730 8.526100
g532 g548 10.971730 8.526100
g532 g551 10.971730 8.526100
g532 g554 10.971730 8.526100
g532 g532 1.947030 1.947030
g532 g536 11.898410 10.335040
g532 g541 11.173020 9.609650
g465 g7 5.640640 5.640640
g465 g402 3.620980 2.749080
g465 g465 1.947030 1.947030
g465 g536 4.540630 4.108360
g465 g541 5.993410 4.686990
g536 g11 4.277310 4.277310
g536 g402 14.490870 11.426550
g536 g406 14.490870 11.426550
g536 g410 14.490870 11.426550
g536 g414 14.490870 11.426550
g536 g418 14.490870 11.426550
g536 g422 14.490870 11.426550
g536 g426 14.490870 11.426550
g536 g430 14.490870 11.426550
g536 g461 14.490870 11.426550
g536 g457 14.490870 11.426550
g536 g453 14.490870 11.426550
g536 g449 14.490870 11.426550
g536 g445 14.490870 11.426550
g536 g441 14.490870 11.426550
g536 g437 14.490870 11.426550
g536 g434 14.490870 11.426550
g536 g536 2.670100 2.670100
g536 g541 3.612970 3.612970
g541 g15 4.051590 4.051590
g541 g402 14.568040 11.503720
g541 g406 14.568040 11.503720
g541 g410 14.568040 11.503720
g541 g414 14.568040 11.503720
g541 g418 14.568040 11.503720
g541 g422 14.568040 11.503720
g541 g426 14.568040 11.503720
g541 g430 14.568040 11.503720
g541 g461 14.568040 11.503720
g541 g457 14.568040 11.503720
g541 g453 14.568040 11.503720
g541 g449 14.568040 11.503720
g541 g445 14.568040 11.503720
g541 g441 14.568040 11.503720
g541 g437 14.568040 11.503720
g541 g434 14.568040 11.503720
g541 g541 2.161030 2.161030
g486 g3 5.385890 5.385890
g486 OUTPUT 1.961500 1.961500
g489 g7 4.305640 4.305640
g489 OUTPUT 1.683540 1.683540
g496 g3 4.985490 4.985490
g496 g496 2.251580 2.251580
g496 OUTPUT 1.207640 1.207640
g492 g7 2.864440 2.864440
g492 g492 2.251580 2.251580
g492 OUTPUT 1.067640 1.067640
