Network s953.bench
latch latch max_delay min_delay
INPUT latch max_delay min_delay
latch OUTPUT max_delay min_delay
INPUT State_5 5.311550 4.912330
INPUT State_4 4.170810 4.170810
INPUT State_2 5.102370 5.102370
INPUT State_1 8.845570 5.788720
INPUT State_0 6.843790 6.840490
INPUT [8393] 8.510850 3.987680
INPUT [8389] 7.371280 6.802360
INPUT [8387] 6.422280 4.819080
INPUT [8385] 6.367630 6.367630
INPUT [8390] 7.766900 4.579080
INPUT [8394] 7.556030 6.333440
INPUT [8392] 6.621590 6.355300
INPUT [8395] 8.262180 8.262180
INPUT State_5 5.136700 5.136700
INPUT State_4 5.370750 5.028970
INPUT State_2 6.215410 6.215410
INPUT State_1 7.664810 5.043840
INPUT State_0 5.865900 5.501240
INPUT [8393] 8.336000 4.657190
INPUT [8389] 8.571220 8.571220
INPUT [8387] 5.603440 5.603440
INPUT [8386] 3.051570 3.051570
INPUT [8385] 5.273360 5.273360
INPUT [8390] 8.491810 5.035340
INPUT [8394] 5.002140 3.071270
INPUT [8392] 5.016050 5.016050
INPUT [8395] 3.777420 3.777420
INPUT [8391] 5.233680 5.233680
INPUT State_5 5.044810 5.029990
INPUT State_4 6.739070 6.578990
INPUT State_3 8.440890 8.440890
INPUT State_2 7.469760 6.281590
INPUT State_1 8.426690 6.414740
INPUT State_0 9.155550 5.266720
INPUT [8393] 7.629950 6.493460
INPUT [8389] 8.779380 4.854770
INPUT [8387] 7.919760 5.251830
INPUT [8385] 3.911040 3.722050
INPUT [8390] 7.733710 4.965720
INPUT [8394] 7.485230 7.427150
INPUT [8392] 6.471550 4.239650
INPUT [8395] 5.570920 5.570920
INPUT State_5 4.868380 4.868380
INPUT State_4 8.199620 4.809830
INPUT State_3 8.264460 8.264460
INPUT State_2 7.742140 7.293330
INPUT State_1 9.887240 4.875580
INPUT State_0 8.979120 5.367590
INPUT [8393] 9.090500 9.090500
INPUT [8389] 9.273670 6.315320
INPUT [8387] 7.743330 7.164090
INPUT [8386] 4.722090 4.722090
INPUT [8385] 3.130890 3.130890
INPUT [8390] 9.194260 6.924090
INPUT [8394] 7.586100 5.242880
INPUT [8392] 5.693710 5.693710
INPUT [8395] 7.024980 5.703370
INPUT [8391] 5.094800 5.094800
INPUT State_4 2.041150 2.041150
INPUT State_2 3.917590 3.917590
INPUT State_1 8.640290 4.815060
INPUT State_0 8.492440 8.492440
INPUT [8392] 2.848030 2.848030
INPUT [8395] 3.196870 3.196870
INPUT State_5 8.472050 8.472050
INPUT State_2 3.647450 3.647450
INPUT [8378] 3.878540 3.878540
INPUT [8387] 6.373970 6.373970
INPUT State_3 3.852090 3.852090
INPUT [8390] 5.149460 5.149460
INPUT [8392] 4.548970 4.548970
INPUT [8392] 4.450790 4.450790
INPUT State_4 4.662940 4.502860
INPUT State_1 4.861870 4.697330
INPUT State_0 3.563550 3.563550
INPUT [8393] 5.553820 5.553820
INPUT [8389] 4.282570 4.282570
INPUT [8390] 4.082700 4.082700
INPUT [8394] 7.124960 5.064630
INPUT [8395] 7.831110 5.525120
INPUT [8391] 4.916550 4.064640
INPUT State_4 3.212890 3.212890
INPUT State_1 5.825750 5.825750
INPUT State_0 3.561640 3.561640
INPUT [8393] 4.006140 4.006140
INPUT [8389] 6.413360 6.413360
INPUT [8390] 7.530890 6.333950
INPUT [8394] 6.193050 5.182300
INPUT [8395] 6.653540 5.888450
INPUT [8391] 6.044970 2.929420
INPUT [8375] 1.197620 1.197620
INPUT [8374] 1.197620 1.197620
INPUT [8373] 1.197620 1.197620
INPUT State_5 9.281180 8.341010
INPUT State_4 12.262030 9.417790
INPUT State_3 9.625660 9.625660
INPUT State_2 11.835810 8.654530
INPUT State_1 12.372680 5.883730
INPUT State_0 13.098960 5.837490
INPUT [8393] 11.215450 5.661000
INPUT [8389] 11.547130 6.093000
INPUT [8387] 9.104530 6.592280
INPUT [8386] 6.711240 5.737140
INPUT [8385] 6.133280 4.156110
INPUT [8390] 14.077820 4.289090
INPUT [8394] 12.739980 3.822010
INPUT [8375] 5.466490 5.466490
INPUT [8392] 8.036900 1.587920
INPUT [8395] 13.200470 2.515050
INPUT [8391] 12.591900 12.466740
INPUT State_5 8.634490 7.694320
INPUT State_4 11.615340 8.771100
INPUT State_3 8.978970 8.978970
INPUT State_2 8.651890 7.420310
INPUT State_1 11.725990 6.805170
INPUT State_0 12.452270 7.195000
INPUT [8393] 10.568760 5.482990
INPUT [8389] 10.900440 5.914990
INPUT [8387] 8.457840 4.515090
INPUT [8386] 6.533230 5.559130
INPUT [8385] 4.021080 4.021080
INPUT [8390] 13.431130 4.275090
INPUT [8394] 12.093290 3.941620
INPUT [8375] 4.819800 4.819800
INPUT [8392] 6.604990 6.604990
INPUT [8395] 12.553780 2.928180
INPUT [8374] 2.002240 2.002240
INPUT [8373] 1.367620 1.367620
INPUT [8391] 11.945210 11.820050
INPUT State_5 7.264700 2.742320
INPUT State_4 9.843400 6.999160
INPUT State_2 10.553030 9.321450
INPUT State_1 9.954050 7.402810
INPUT State_0 10.680330 7.586160
INPUT [8383] 7.690710 6.022010
INPUT [8388] 7.934340 7.453840
INPUT [8393] 9.438340 8.016100
INPUT [8389] 10.584540 7.894630
INPUT [8384] 7.969920 6.301220
INPUT [8381] 6.877930 6.877930
INPUT [8387] 6.502190 2.816390
INPUT [8382] 6.487880 6.487880
INPUT [8379] 6.237790 6.237790
INPUT [8386] 5.552420 3.728030
INPUT [8385] 7.129110 4.540520
INPUT [8390] 11.659190 5.287200
INPUT [8394] 10.321350 5.197230
INPUT [8392] 11.096440 7.794520
INPUT [8395] 10.781840 5.903380
INPUT [8391] 10.173270 10.048110
INPUT State_5 5.728850 5.728850
INPUT State_4 5.656270 5.656270
INPUT [8381] 2.260950 2.260950
INPUT [8394] 5.064880 5.064880
INPUT [8395] 5.525370 5.525370
INPUT [8391] 4.916800 4.916800
INPUT State_5 7.026770 5.295190
INPUT State_4 6.098020 2.685160
INPUT State_1 7.100190 6.349640
INPUT State_0 5.098410 4.347860
INPUT [8383] 4.241630 3.748060
INPUT [8388] 2.660110 2.660110
INPUT [8393] 3.967090 3.967090
INPUT [8389] 10.819010 9.900990
INPUT [8384] 4.027270 3.100160
INPUT [8386] 7.700280 5.370170
INPUT [8385] 6.165720 3.615170
INPUT [8390] 9.868010 4.955830
INPUT [8394] 7.564810 3.640950
INPUT [8392] 8.655770 5.397460
INPUT [8395] 9.987040 5.967120
INPUT [8391] 5.358550 4.504490
State_5 State_5 14.360550 4.690740
State_5 State_4 15.539360 6.853720
State_5 State_3 13.475620 6.439820
State_5 State_2 13.230860 4.465330
State_5 State_1 15.650010 5.285230
State_5 State_0 16.376290 7.154480
State_5 [8383] 10.854180 4.846210
State_5 [8388] 12.765710 6.758540
State_5 [8393] 13.288730 8.172820
State_5 [8389] 14.824460 5.774950
State_5 [8380] 11.097610 8.947980
State_5 [8378] 6.864360 6.864360
State_5 [8384] 12.106890 2.679630
State_5 [8381] 11.193660 5.919290
State_5 [8377] 10.825480 10.825480
State_5 [8387] 11.482920 4.915330
State_5 [8382] 12.733300 5.990070
State_5 [8379] 11.158810 5.061990
State_5 [8386] 11.678120 6.379860
State_5 [8385] 13.066250 7.596080
State_5 [8390] 17.355150 8.998930
State_5 [8394] 16.017310 9.018860
State_5 [8392] 15.263130 7.296710
State_5 [8395] 16.477800 6.263250
State_5 [8376] 6.543280 6.543280
State_5 [8391] 15.869230 15.744070
State_4 State_5 12.215420 6.611920
State_4 State_4 8.485220 2.382060
State_4 State_3 14.233170 7.197370
State_4 State_2 13.988410 8.119780
State_4 State_1 14.145380 6.499510
State_4 State_0 9.322150 6.351660
State_4 [8383] 9.189340 5.706760
State_4 [8388] 13.523260 7.442090
State_4 [8393] 9.999520 7.438640
State_4 [8389] 11.069460 7.128910
State_4 [8380] 11.855160 9.705530
State_4 [8378] 7.621910 7.621910
State_4 [8384] 9.468550 6.806210
State_4 [8381] 7.362850 3.948190
State_4 [8377] 5.678060 5.678060
State_4 [8387] 10.117340 6.457720
State_4 [8382] 12.166680 3.818470
State_4 [8379] 9.405120 6.011390
State_4 [8386] 12.435670 7.137410
State_4 [8385] 13.823800 7.094670
State_4 [8390] 10.610340 7.647710
State_4 [8394] 8.963170 4.585340
State_4 [8392] 11.051970 5.125110
State_4 [8395] 10.606380 8.020390
State_4 [8376] 7.300830 7.300830
State_4 [8391] 8.815090 8.689930
State_3 State_5 15.310010 5.366660
State_3 State_4 16.488820 7.803180
State_3 State_3 10.762930 4.359090
State_3 State_2 13.785910 4.599030
State_3 State_1 16.599470 5.961150
State_3 State_0 17.325750 5.073750
State_3 [8383] 11.803640 7.570570
State_3 [8388] 13.615760 6.515770
State_3 [8393] 14.238190 2.245690
State_3 [8389] 15.773920 6.785000
State_3 [8380] 8.384920 6.235290
State_3 [8378] 4.830120 4.830120
State_3 [8384] 13.056350 5.712690
State_3 [8381] 12.143120 6.868750
State_3 [8377] 11.774940 11.774940
State_3 [8387] 12.432380 5.925380
State_3 [8382] 13.682760 4.035320
State_3 [8379] 12.108270 8.311600
State_3 [8386] 12.570620 5.621850
State_3 [8385] 12.389600 9.748750
State_3 [8390] 18.304610 6.286240
State_3 [8394] 16.966770 9.968320
State_3 [8392] 16.212590 5.685750
State_3 [8395] 17.427260 9.512860
State_3 [8376] 2.301230 2.301230
State_3 [8391] 16.818690 16.693530
State_2 State_5 12.188950 6.088710
State_2 State_4 13.367760 7.477820
State_2 State_3 8.478280 2.664600
State_2 State_2 10.664850 4.288980
State_2 State_1 13.478410 5.668060
State_2 State_0 14.204690 3.379260
State_2 [8383] 8.682580 3.859070
State_2 [8388] 10.494700 4.742270
State_2 [8393] 11.117130 5.099570
State_2 [8389] 12.652860 6.525000
State_2 [8380] 5.906200 5.419650
State_2 [8378] 3.791110 3.791110
State_2 [8384] 9.935290 2.740550
State_2 [8381] 9.022060 5.558430
State_2 [8377] 8.653880 8.653880
State_2 [8387] 9.311320 5.665380
State_2 [8382] 10.561700 3.421120
State_2 [8379] 8.987210 3.045720
State_2 [8386] 9.449560 5.361850
State_2 [8385] 9.268540 6.627690
State_2 [8390] 15.183550 4.999460
State_2 [8394] 13.845710 6.847260
State_2 [8392] 13.091530 4.398970
State_2 [8395] 14.306200 4.246980
State_2 [8376] 1.788010 1.788010
State_2 [8391] 13.697630 13.572470
State_1 State_5 12.205420 7.255360
State_1 State_4 13.384230 7.222700
State_1 State_3 6.703300 4.890940
State_1 State_2 9.519100 2.921310
State_1 State_1 13.494880 4.098310
State_1 State_0 14.221160 2.553040
State_1 [8383] 10.407220 3.938840
State_1 [8388] 11.896850 4.453410
State_1 [8393] 8.327170 3.324590
State_1 [8389] 12.669330 7.811240
State_1 [8380] 4.172930 4.172930
State_1 [8378] 2.683350 2.683350
State_1 [8384] 10.686430 7.601390
State_1 [8381] 9.038530 6.893700
State_1 [8377] 8.670350 8.670350
State_1 [8387] 9.704400 5.178780
State_1 [8382] 10.578170 3.882920
State_1 [8379] 10.200300 9.003680
State_1 [8386] 9.466030 6.823890
State_1 [8385] 8.040110 8.040110
State_1 [8390] 15.200020 6.124640
State_1 [8394] 13.862180 4.755340
State_1 [8392] 11.228400 6.667910
State_1 [8395] 14.322670 7.019240
State_1 [8376] 6.987310 6.987310
State_1 [8391] 13.714100 13.588940
State_0 State_5 10.545070 3.494390
State_0 State_4 10.041880 3.243100
State_0 State_3 10.007340 4.978710
State_0 State_2 10.794180 5.307720
State_0 State_1 12.037620 5.406210
State_0 State_0 11.021450 5.143120
State_0 [8383] 11.592030 5.546350
State_0 [8388] 13.504360 3.847050
State_0 [8393] 11.246460 6.628630
State_0 [8389] 7.989450 4.554890
State_0 [8380] 5.155200 3.566570
State_0 [8378] 5.320170 5.320170
State_0 [8384] 11.871240 8.291410
State_0 [8381] 8.191890 7.071910
State_0 [8377] 7.010000 7.010000
State_0 [8387] 9.099650 5.757720
State_0 [8382] 9.274180 5.466720
State_0 [8379] 11.807810 7.343330
State_0 [8386] 8.602320 5.018610
State_0 [8385] 9.397870 2.760250
State_0 [8390] 12.779230 6.302850
State_0 [8394] 9.975900 6.247680
State_0 [8392] 13.220860 5.461060
State_0 [8395] 13.009070 6.792330
State_0 [8376] 6.921900 6.921900
State_0 [8391] 6.417210 6.292050
[8383] OUTPUT 0.000000 0.000000
[8388] OUTPUT 0.000000 0.000000
[8393] OUTPUT 0.000000 0.000000
[8389] OUTPUT 0.000000 0.000000
[8380] OUTPUT 0.000000 0.000000
[8378] OUTPUT 0.000000 0.000000
[8384] OUTPUT 0.000000 0.000000
[8381] OUTPUT 0.000000 0.000000
[8377] OUTPUT 0.000000 0.000000
[8387] OUTPUT 0.000000 0.000000
[8382] OUTPUT 0.000000 0.000000
[8379] OUTPUT 0.000000 0.000000
[8386] OUTPUT 0.000000 0.000000
[8385] OUTPUT 0.000000 0.000000
[8390] OUTPUT 0.000000 0.000000
[8394] OUTPUT 0.000000 0.000000
[8375] OUTPUT 0.000000 0.000000
[8392] OUTPUT 0.000000 0.000000
[8395] OUTPUT 0.000000 0.000000
[8374] OUTPUT 0.000000 0.000000
[8373] OUTPUT 0.000000 0.000000
[8376] OUTPUT 0.000000 0.000000
[8391] OUTPUT 0.000000 0.000000
