Network clma.blif.out
latch latch max_delay min_delay
INPUT latch max_delay min_delay
latch OUTPUT max_delay min_delay
ni35.Q[0]	ni32.D[0]	13.806	13.806
ni44.Q[0]	ni30.D[0]	12.819	12.819
ni35.Q[0]	ni34.D[0]	11.933	11.933
ni47.Q[0]	ni29.D[0]	11.545	11.545
ni35.Q[0]	ni33.D[0]	11.262	11.262
ni11.Q[0]	ni4.D[0]	8.918	8.918
ni3.Q[0]	ni36.D[0]	8.357	8.357
ni31.Q[0]	ni5.D[0]	8.344	8.344
ni3.Q[0]	ni35.D[0]	7.743	7.743
ni11.Q[0]	ni6.D[0]	7.329	7.329
ni35.Q[0]	ni38.D[0]	7.170	7.170
ni43.Q[0]	ni42.D[0]	6.732	6.732
pi19.inpad[0]	ni43.D[0]	6.598	6.598
ni41.Q[0]	out:p__cmnxcp_0.outpad[0]	6.264	6.264
ni6.Q[0]	ni40.D[0]	5.941	5.941
ni35.Q[0]	ni37.D[0]	5.901	5.901
ni6.Q[0]	out:p__cmnxcp_1.outpad[0]	5.904	5.904
ni6.Q[0]	ni41.D[0]	5.696	5.696
ni10.Q[0]	out:p__cmx0ad_14.outpad[0]	5.463	5.463
ni10.Q[0]	out:p__cmx0ad_13.outpad[0]	5.245	5.245
ni29.Q[0]	out:p__cmxir_1.outpad[0]	5.106	5.106
ni3.Q[0]	out:p__cmx0ad_20.outpad[0]	4.892	4.892
ni7.Q[0]	out:p__cmxir_0.outpad[0]	4.698	4.698
ni3.Q[0]	out:p__cmx0ad_25.outpad[0]	4.594	4.594
ni3.Q[0]	out:p__cmx0ad_7.outpad[0]	4.524	4.524
ni3.Q[0]	out:p__cmx0ad_12.outpad[0]	4.462	4.462
ni3.Q[0]	out:p__cmx0ad_5.outpad[0]	4.457	4.457
ni31.Q[0]	ni48.D[0]	4.382	4.382
ni3.Q[0]	out:p__cmx0ad_24.outpad[0]	4.380	4.380
ni3.Q[0]	out:p__cmx0ad_31.outpad[0]	4.379	4.379
ni3.Q[0]	out:p__cmx0ad_29.outpad[0]	4.377	4.377
ni10.Q[0]	ni9.D[0]	4.318	4.318
ni3.Q[0]	ni12.D[0]	4.312	4.312
ni3.Q[0]	out:p__cmx1ad_15.outpad[0]	4.300	4.300
ni3.Q[0]	out:p__cmx1ad_14.outpad[0]	4.295	4.295
ni3.Q[0]	out:p__cmx0ad_22.outpad[0]	4.240	4.240
ni3.Q[0]	out:p__cmx0ad_23.outpad[0]	4.238	4.238
ni3.Q[0]	out:p__cmx0ad_28.outpad[0]	4.162	4.162
ni3.Q[0]	out:p__cmx0ad_15.outpad[0]	4.159	4.159
ni3.Q[0]	out:p__cmx0ad_30.outpad[0]	4.142	4.142
ni3.Q[0]	out:p__cmx0ad_4.outpad[0]	4.140	4.140
ni3.Q[0]	out:p__cmx0ad_0.outpad[0]	4.000	4.000
ni32.Q[0]	ni45.D[0]	3.953	3.953
ni3.Q[0]	out:p__cmx0ad_9.outpad[0]	3.968	3.968
pi27.inpad[0]	out:p__cmx1ad_13.outpad[0]	3.945	3.945
ni3.Q[0]	out:p__cmx0ad_6.outpad[0]	3.923	3.923
ni3.Q[0]	out:p__cmx0ad_1.outpad[0]	3.921	3.921
ni3.Q[0]	ni31.D[0]	3.843	3.843
ni3.Q[0]	ni13.D[0]	3.789	3.789
ni29.Q[0]	ni10.D[0]	3.693	3.693
ni3.Q[0]	ni11.D[0]	3.688	3.688
ni3.Q[0]	ni7.D[0]	3.653	3.653
ni32.Q[0]	ni46.D[0]	3.618	3.618
ni3.Q[0]	ni14.D[0]	3.615	3.615
ni3.Q[0]	out:p__cmx0ad_21.outpad[0]	3.393	3.393
ni3.Q[0]	out:p__cmx0ad_3.outpad[0]	3.314	3.314
ni32.Q[0]	ni39.D[0]	3.239	3.239
ni3.Q[0]	out:p__cmx0ad_27.outpad[0]	3.239	3.239
ni3.Q[0]	out:p__cmx0ad_19.outpad[0]	3.237	3.237
ni9.Q[0]	ni8.D[0]	3.209	3.209
ni5.Q[0]	ni47.D[0]	3.144	3.144
ni3.Q[0]	out:p__cmx0ad_2.outpad[0]	3.093	3.093
ni3.Q[0]	out:p__cmx0ad_17.outpad[0]	3.092	3.092
ni3.Q[0]	out:p__cmx0ad_16.outpad[0]	3.089	3.089
ni12.Q[0]	out:p__cmx1ad_31.outpad[0]	3.028	3.028
ni3.Q[0]	out:p__cmx1ad_17.outpad[0]	3.019	3.019
ni3.Q[0]	out:p__cmx0ad_18.outpad[0]	3.017	3.017
ni3.Q[0]	ni3.D[0]	2.992	2.992
ni3.Q[0]	out:p__cmx0ad_26.outpad[0]	3.015	3.015
ni12.Q[0]	out:p__cmx1ad_7.outpad[0]	2.979	2.979
ni12.Q[0]	out:p__cmx1ad_6.outpad[0]	2.979	2.979
ni3.Q[0]	out:p__cmxcl_0.outpad[0]	2.956	2.956
ni3.Q[0]	out:p__cmx1ad_26.outpad[0]	2.945	2.945
ni3.Q[0]	out:p__cmx1ad_27.outpad[0]	2.900	2.900
ni3.Q[0]	out:p__cmx1ad_16.outpad[0]	2.864	2.864
ni3.Q[0]	ni2.D[0]	2.792	2.792
ni12.Q[0]	out:p__cmx1ad_21.outpad[0]	2.744	2.744
ni12.Q[0]	out:p__cmx1ad_2.outpad[0]	2.698	2.698
ni12.Q[0]	out:p__cmx1ad_5.outpad[0]	2.690	2.690
ni33.Q[0]	out:p__cmxig_0.outpad[0]	2.687	2.687
ni33.Q[0]	out:p__cmxig_1.outpad[0]	2.653	2.653
ni12.Q[0]	out:p__cmx1ad_30.outpad[0]	2.623	2.623
ni12.Q[0]	out:p__cmx1ad_20.outpad[0]	2.620	2.620
ni12.Q[0]	out:p__cmx1ad_3.outpad[0]	2.619	2.619
ni12.Q[0]	out:p__cmx1ad_22.outpad[0]	2.614	2.614
ni12.Q[0]	out:p__cmx1ad_12.outpad[0]	2.595	2.595
ni12.Q[0]	out:p__cmx1ad_4.outpad[0]	2.594	2.594
ni32.Q[0]	out:p__cmndst0p0.outpad[0]	2.561	2.561
ni32.Q[0]	ni44.D[0]	2.525	2.525
ni12.Q[0]	out:p__cmx1ad_1.outpad[0]	2.482	2.482
ni12.Q[0]	out:p__cmx1ad_0.outpad[0]	2.477	2.477
ni12.Q[0]	out:p__cmx1ad_9.outpad[0]	2.470	2.470
ni32.Q[0]	out:p__cmndst1p0.outpad[0]	2.438	2.438
ni12.Q[0]	out:p__cmx1ad_24.outpad[0]	2.404	2.404
ni12.Q[0]	out:p__cmx1ad_25.outpad[0]	2.403	2.403
ni12.Q[0]	out:p__cmx1ad_23.outpad[0]	2.336	2.336
ni12.Q[0]	out:p__cmx1ad_29.outpad[0]	2.334	2.334
ni12.Q[0]	out:p__cmx1ad_19.outpad[0]	2.331	2.331
ni3.Q[0]	out:p__cmxcl_1.outpad[0]	2.291	2.291
ni12.Q[0]	out:p__cmx1ad_28.outpad[0]	2.260	2.260
ni12.Q[0]	out:p__cmx1ad_18.outpad[0]	2.260	2.260
ni2.Q[0]	ni2.D[0]	0.359	0.359
ni5.Q[0]	ni5.D[0]	0.359	0.359
ni4.Q[0]	ni4.D[0]	0.359	0.359
ni6.Q[0]	ni6.D[0]	0.359	0.359
ni39.Q[0]	ni39.D[0]	0.594	0.594
ni45.Q[0]	ni45.D[0]	0.594	0.594
ni47.Q[0]	ni47.D[0]	0.594	0.594
ni44.Q[0]	ni44.D[0]	0.594	0.594
ni46.Q[0]	ni46.D[0]	0.594	0.594
ni36.Q[0]	ni36.D[0]	0.594	0.594
pi50.inpad[0]	out:p__cmx0ad_1.outpad[0]	0.661	0.661
pi62.inpad[0]	out:p__cmx0ad_21.outpad[0]	0.662	0.662
pi252.inpad[0]	out:p__cmx1ad_28.outpad[0]	0.662	0.662
pi67.inpad[0]	out:p__cmx0ad_26.outpad[0]	0.663	0.663
pi237.inpad[0]	out:p__cmx1ad_5.outpad[0]	0.663	0.663
pi23.inpad[0]	out:p__cmx0ad_13.outpad[0]	0.664	0.664
pi55.inpad[0]	out:p__cmx0ad_6.outpad[0]	0.664	0.664
pi69.inpad[0]	out:p__cmx0ad_28.outpad[0]	0.666	0.666
pi249.inpad[0]	out:p__cmx1ad_25.outpad[0]	0.666	0.666
pi59.inpad[0]	out:p__cmx0ad_18.outpad[0]	0.668	0.668
pi242.inpad[0]	out:p__cmx1ad_18.outpad[0]	0.668	0.668
pi243.inpad[0]	out:p__cmx1ad_19.outpad[0]	0.738	0.738
pi57.inpad[0]	out:p__cmx0ad_16.outpad[0]	0.738	0.738
pi247.inpad[0]	out:p__cmx1ad_23.outpad[0]	0.738	0.738
pi63.inpad[0]	out:p__cmx0ad_22.outpad[0]	0.740	0.740
pi58.inpad[0]	out:p__cmx0ad_17.outpad[0]	0.741	0.741
ni13.Q[0]	ni11.D[0]	0.810	0.810
pi51.inpad[0]	out:p__cmx0ad_2.outpad[0]	0.744	0.744
pi49.inpad[0]	out:p__cmx0ad_0.outpad[0]	0.744	0.744
ni8.Q[0]	ni10.D[0]	0.814	0.814
ni7.Q[0]	ni7.D[0]	0.829	0.829
ni13.Q[0]	ni13.D[0]	0.829	0.829
ni12.Q[0]	ni12.D[0]	0.829	0.829
ni14.Q[0]	ni14.D[0]	0.829	0.829
ni8.Q[0]	ni8.D[0]	0.829	0.829
ni9.Q[0]	ni9.D[0]	0.829	0.829
pi248.inpad[0]	out:p__cmx1ad_24.outpad[0]	0.766	0.766
pi246.inpad[0]	out:p__cmx1ad_22.outpad[0]	0.876	0.876
pi244.inpad[0]	out:p__cmx1ad_20.outpad[0]	0.880	0.880
pi70.inpad[0]	out:p__cmx0ad_29.outpad[0]	0.882	0.882
pi253.inpad[0]	out:p__cmx1ad_29.outpad[0]	0.882	0.882
pi23.inpad[0]	out:p__cmx0ad_14.outpad[0]	0.883	0.883
pi53.inpad[0]	out:p__cmx0ad_4.outpad[0]	0.884	0.884
pi68.inpad[0]	out:p__cmx0ad_27.outpad[0]	0.884	0.884
pi64.inpad[0]	out:p__cmx0ad_23.outpad[0]	0.884	0.884
pi72.inpad[0]	out:p__cmx0ad_31.outpad[0]	0.884	0.884
pi232.inpad[0]	out:p__cmx1ad_0.outpad[0]	0.885	0.885
pi71.inpad[0]	out:p__cmx0ad_30.outpad[0]	0.885	0.885
pi65.inpad[0]	out:p__cmx0ad_24.outpad[0]	0.886	0.886
pi254.inpad[0]	out:p__cmx1ad_30.outpad[0]	0.887	0.887
pi60.inpad[0]	out:p__cmx0ad_19.outpad[0]	0.887	0.887
pi233.inpad[0]	out:p__cmx1ad_1.outpad[0]	0.888	0.888
pi18.inpad[0]	ni42.D[0]	0.973	0.973
ni47.Q[0]	ni48.D[0]	0.996	0.996
pi240.inpad[0]	out:p__cmx1ad_16.outpad[0]	0.940	0.940
pi238.inpad[0]	out:p__cmx1ad_6.outpad[0]	0.952	0.952
pi239.inpad[0]	out:p__cmx1ad_7.outpad[0]	0.953	0.953
pi54.inpad[0]	out:p__cmx0ad_5.outpad[0]	0.959	0.959
pi52.inpad[0]	out:p__cmx0ad_3.outpad[0]	0.964	0.964
ni2.Q[0]	out:p__cmnxcp_1.outpad[0]	0.977	0.977
ni40.Q[0]	ni40.D[0]	1.064	1.064
ni41.Q[0]	ni41.D[0]	1.064	1.064
ni37.Q[0]	ni37.D[0]	1.064	1.064
ni35.Q[0]	ni35.D[0]	1.064	1.064
pi251.inpad[0]	out:p__cmx1ad_27.outpad[0]	1.003	1.003
pi245.inpad[0]	out:p__cmx1ad_21.outpad[0]	1.007	1.007
pi250.inpad[0]	out:p__cmx1ad_26.outpad[0]	1.018	1.018
pi235.inpad[0]	out:p__cmx1ad_3.outpad[0]	1.027	1.027
pi66.inpad[0]	out:p__cmx0ad_25.outpad[0]	1.094	1.094
pi236.inpad[0]	out:p__cmx1ad_4.outpad[0]	1.097	1.097
pi234.inpad[0]	out:p__cmx1ad_2.outpad[0]	1.106	1.106
ni43.Q[0]	ni31.D[0]	1.181	1.181
ni3.Q[0]	ni29.D[0]	1.181	1.181
pi241.inpad[0]	out:p__cmx1ad_17.outpad[0]	1.146	1.146
ni29.Q[0]	out:p__cmxig_1.outpad[0]	1.166	1.166
ni43.Q[0]	ni43.D[0]	1.255	1.255
ni29.Q[0]	out:p__cmxig_0.outpad[0]	1.201	1.201
pi27.inpad[0]	out:p__cmx1ad_12.outpad[0]	1.222	1.222
pi56.inpad[0]	out:p__cmx0ad_7.outpad[0]	1.268	1.268
pi255.inpad[0]	out:p__cmx1ad_31.outpad[0]	1.289	1.289
pi27.inpad[0]	out:p__cmx1ad_14.outpad[0]	1.356	1.356
pi27.inpad[0]	out:p__cmx1ad_15.outpad[0]	1.360	1.360
ni3.Q[0]	ni34.D[0]	1.491	1.491
ni38.Q[0]	ni38.D[0]	1.492	1.492
ni8.Q[0]	out:p__cmnxcp_0.outpad[0]	1.475	1.475
ni2.Q[0]	out:p__cmx1ad_13.outpad[0]	1.598	1.598
ni9.Q[0]	out:p__cmx0ad_15.outpad[0]	1.601	1.601
ni9.Q[0]	out:p__cmx0ad_9.outpad[0]	1.604	1.604
ni2.Q[0]	ni30.D[0]	1.730	1.730
ni43.Q[0]	out:p__cmndst1p0.outpad[0]	1.670	1.670
pi24.inpad[0]	out:p__cmx0ad_12.outpad[0]	1.721	1.721
pi15.inpad[0]	ni33.D[0]	1.813	1.813
ni38.Q[0]	out:p__cmndst0p0.outpad[0]	1.773	1.773
ni2.Q[0]	out:p__cmx1ad_9.outpad[0]	1.809	1.809
pi61.inpad[0]	out:p__cmx0ad_20.outpad[0]	1.878	1.878
ni2.Q[0]	out:p__cmxcl_1.outpad[0]	1.931	1.931
ni3.Q[0]	out:p__cmxir_0.outpad[0]	1.964	1.964
pi15.inpad[0]	ni32.D[0]	2.118	2.118
ni2.Q[0]	ni3.D[0]	2.316	2.316
ni2.Q[0]	out:p__cmxcl_0.outpad[0]	2.596	2.596
ni11.Q[0]	out:p__cmxir_1.outpad[0]	2.673	2.673

