Network diffeq.blif.out
latch latch max_delay min_delay
INPUT latch max_delay min_delay
latch OUTPUT max_delay min_delay
n_n3794.Q[0]	nsr3_9.D[0]	6.842	6.842
n_n3794.Q[0]	nlak3_9.D[0]	6.842	6.842
nsr5_3.Q[0]	n_n3912.D[0]	6.702	6.702
nsr5_3.Q[0]	n_n4197.D[0]	6.655	6.655
nsr5_3.Q[0]	n_n4227.D[0]	6.655	6.655
ndn5_10.Q[0]	n_n4167.D[0]	6.485	6.485
ndn5_10.Q[0]	n_n4114.D[0]	6.485	6.485
nsr5_3.Q[0]	n_n4145.D[0]	6.222	6.222
ndn5_10.Q[0]	n_n3274.D[0]	6.173	6.173
nsr5_2.Q[0]	n_n3340.D[0]	6.164	6.164
nsr5_2.Q[0]	n_n4171.D[0]	6.161	6.161
nsr5_2.Q[0]	n_n3369.D[0]	6.161	6.161
nsr5_2.Q[0]	n_n4212.D[0]	6.161	6.161
nsr5_2.Q[0]	n_n4093.D[0]	6.161	6.161
nsr5_2.Q[0]	n_n4246.D[0]	6.161	6.161
ndn5_10.Q[0]	n_n3821.D[0]	5.963	5.963
nsr5_2.Q[0]	n_n4036.D[0]	5.928	5.928
nsr5_2.Q[0]	n_n3961.D[0]	5.928	5.928
nsr5_2.Q[0]	n_n3283.D[0]	5.928	5.928
nsr5_2.Q[0]	n_n4126.D[0]	5.928	5.928
nsr5_2.Q[0]	n_n4004.D[0]	5.928	5.928
nsr5_3.Q[0]	n_n3949.D[0]	5.889	5.889
nsr5_2.Q[0]	n_n4060.D[0]	5.833	5.833
nsr5_2.Q[0]	n_n3992.D[0]	5.826	5.826
ndn5_10.Q[0]	n_n3788.D[0]	5.822	5.822
ndn5_10.Q[0]	n_n3540.D[0]	5.822	5.822
n_n3919.Q[0]	n_n3884.D[0]	5.792	5.792
nsr5_2.Q[0]	n_n4027.D[0]	5.773	5.773
nsr5_3.Q[0]	n_n4083.D[0]	5.684	5.684
nsr5_2.Q[0]	n_n3999.D[0]	5.642	5.642
n_n3919.Q[0]	n_n4158.D[0]	5.598	5.598
n_n3919.Q[0]	n_n3336.D[0]	5.598	5.598
n_n3919.Q[0]	n_n3513.D[0]	5.501	5.501
ndn5_10.Q[0]	n_n3931.D[0]	5.498	5.498
ndn5_10.Q[0]	n_n3947.D[0]	5.498	5.498
nsr5_2.Q[0]	n_n3460.D[0]	5.489	5.489
nsr5_2.Q[0]	n_n3996.D[0]	5.447	5.447
nsr5_2.Q[0]	n_n3974.D[0]	5.447	5.447
nsr5_2.Q[0]	n_n4018.D[0]	5.447	5.447
nsr5_2.Q[0]	n_n4214.D[0]	5.441	5.441
nsr5_2.Q[0]	n_n3626.D[0]	5.309	5.309
nsr5_2.Q[0]	n_n3625.D[0]	5.309	5.309
ndn5_10.Q[0]	n_n3875.D[0]	5.278	5.278
n_n3919.Q[0]	n_n3908.D[0]	5.276	5.276
nsr5_2.Q[0]	n_n4071.D[0]	5.270	5.270
n_n3919.Q[0]	n_n3713.D[0]	5.263	5.263
n_n3919.Q[0]	n_n4079.D[0]	5.263	5.263
n_n3919.Q[0]	n_n3791.D[0]	5.261	5.261
nsr5_2.Q[0]	n_n3838.D[0]	5.258	5.258
nsr5_2.Q[0]	n_n3473.D[0]	5.233	5.233
nsr5_2.Q[0]	n_n3965.D[0]	5.206	5.206
ndn5_10.Q[0]	n_n3815.D[0]	5.159	5.159
nsr5_2.Q[0]	n_n3679.D[0]	5.150	5.150
nsr5_2.Q[0]	n_n4021.D[0]	5.150	5.150
nsr5_2.Q[0]	n_n4180.D[0]	5.150	5.150
nsr5_2.Q[0]	n_n3482.D[0]	5.119	5.119
nsr5_2.Q[0]	n_n4039.D[0]	5.119	5.119
nsr5_2.Q[0]	n_n3205.D[0]	5.119	5.119
nsr5_2.Q[0]	n_n3612.D[0]	5.119	5.119
nsr5_2.Q[0]	n_n4075.D[0]	5.119	5.119
ndn5_10.Q[0]	n_n3529.D[0]	5.070	5.070
nsr5_2.Q[0]	n_n3701.D[0]	5.025	5.025
nsr5_2.Q[0]	n_n3736.D[0]	5.025	5.025
nsr5_2.Q[0]	n_n3968.D[0]	5.025	5.025
nsr5_2.Q[0]	n_n3585.D[0]	5.025	5.025
nsr5_2.Q[0]	n_n3735.D[0]	5.025	5.025
nsr5_2.Q[0]	n_n3824.D[0]	5.025	5.025
nsr5_2.Q[0]	n_n3081.D[0]	5.025	5.025
nsr5_2.Q[0]	n_n3311.D[0]	5.025	5.025
nsr5_2.Q[0]	n_n3700.D[0]	5.025	5.025
nsr5_2.Q[0]	n_n3203.D[0]	5.025	5.025
nsr5_2.Q[0]	n_n4042.D[0]	5.025	5.025
nsr5_2.Q[0]	n_n3959.D[0]	5.025	5.025
nsr5_2.Q[0]	n_n3957.D[0]	5.025	5.025
nsr5_2.Q[0]	n_n4193.D[0]	5.022	5.022
nsr5_2.Q[0]	n_n3457.D[0]	5.022	5.022
nsr5_2.Q[0]	n_n4045.D[0]	5.022	5.022
nsr5_2.Q[0]	n_n4024.D[0]	5.022	5.022
nsr5_2.Q[0]	n_n3630.D[0]	5.005	5.005
nsr5_2.Q[0]	n_n3988.D[0]	5.005	5.005
n_n3919.Q[0]	n_n3489.D[0]	4.978	4.978
n_n3919.Q[0]	n_n3774.D[0]	4.938	4.938
nsr5_2.Q[0]	nak5_2.D[0]	4.926	4.926
nsr5_2.Q[0]	n_n3462.D[0]	4.926	4.926
ndn5_10.Q[0]	n_n3516.D[0]	4.923	4.923
ndn5_10.Q[0]	n_n3826.D[0]	4.911	4.911
ndn5_10.Q[0]	n_n3420.D[0]	4.911	4.911
nsr5_2.Q[0]	n_n3293.D[0]	4.881	4.881
nsr5_2.Q[0]	n_n4236.D[0]	4.877	4.877
nsr5_2.Q[0]	n_n3793.D[0]	4.877	4.877
nsr5_2.Q[0]	n_n3069.D[0]	4.877	4.877
nsr5_2.Q[0]	n_n3799.D[0]	4.877	4.877
nsr5_2.Q[0]	n_n3100.D[0]	4.877	4.877
nsr5_2.Q[0]	n_n3806.D[0]	4.861	4.861
nsr5_2.Q[0]	n_n3805.D[0]	4.861	4.861
ndn5_10.Q[0]	n_n3509.D[0]	4.833	4.833
n_n3919.Q[0]	n_n3212.D[0]	4.832	4.832
n_n3919.Q[0]	n_n3862.D[0]	4.829	4.829
nsr5_2.Q[0]	n_n3578.D[0]	4.779	4.779
n_n3919.Q[0]	n_n3743.D[0]	4.779	4.779
nsr5_2.Q[0]	n_n3910.D[0]	4.737	4.737
nsr5_2.Q[0]	n_n3367.D[0]	4.737	4.737
nsr5_2.Q[0]	n_n3436.D[0]	4.737	4.737
nsr5_2.Q[0]	n_n3304.D[0]	4.737	4.737
nsr5_2.Q[0]	n_n3221.D[0]	4.737	4.737
nsr5_2.Q[0]	n_n3188.D[0]	4.737	4.737
nsr5_2.Q[0]	n_n3164.D[0]	4.737	4.737
nsr5_2.Q[0]	n_n3659.D[0]	4.730	4.730
nsr5_2.Q[0]	n_n3433.D[0]	4.730	4.730
nsr5_2.Q[0]	n_n3071.D[0]	4.722	4.722
nsr5_2.Q[0]	n_n3841.D[0]	4.717	4.717
nsr5_2.Q[0]	n_n3840.D[0]	4.717	4.717
n_n3919.Q[0]	n_n3214.D[0]	4.644	4.644
nsr5_2.Q[0]	n_n3922.D[0]	4.637	4.637
nsr5_2.Q[0]	n_n4133.D[0]	4.637	4.637
nsr5_2.Q[0]	n_n4221.D[0]	4.637	4.637
nsr5_2.Q[0]	n_n3387.D[0]	4.637	4.637
nsr5_2.Q[0]	n_n3143.D[0]	4.637	4.637
nsr5_2.Q[0]	n_n3711.D[0]	4.613	4.613
nsr5_2.Q[0]	n_n3344.D[0]	4.613	4.613
nsr5_2.Q[0]	n_n3776.D[0]	4.613	4.613
nsr5_2.Q[0]	n_n3424.D[0]	4.613	4.613
nsr5_2.Q[0]	n_n3323.D[0]	4.613	4.613
nsr5_2.Q[0]	n_n4030.D[0]	4.593	4.593
nsr5_2.Q[0]	n_n4116.D[0]	4.593	4.593
nsr5_2.Q[0]	n_n3870.D[0]	4.593	4.593
nsr5_2.Q[0]	n_n4117.D[0]	4.593	4.593
ndn5_10.Q[0]	n_n3715.D[0]	4.503	4.503
ndn5_10.Q[0]	n_n3480.D[0]	2.253	0.809
pover_0_0_.Q[0]	out:pover_0_0_.outpad[0]	2.134	0.827
pnext_0_0_.Q[0]	out:pnext_0_0_.outpad[0]	2.284	0.697
pdn.Q[0]	out:pdn.outpad[0]	4.495	0.416
n_n4182.Q[0]	n_n4182.D[0]	0.359	0.359
n_n3761.Q[0]	n_n3761.D[0]	0.359	0.359
n_n3807.Q[0]	n_n3807.D[0]	0.359	0.359
ndn5_10.Q[0]	ndn5_10.D[0]	0.359	0.359
ndn3_3.Q[0]	ndn3_3.D[0]	0.359	0.359
nen5_9.Q[0]	nen5_9.D[0]	0.359	0.359
n_n3578.Q[0]	n_n3578.D[0]	0.359	0.359
ndn2_2.Q[0]	ndn2_2.D[0]	0.359	0.359
n_n4072.Q[0]	n_n4072.D[0]	0.359	0.359
n_n4208.Q[0]	n_n4208.D[0]	0.359	0.359
n_n3745.Q[0]	n_n3745.D[0]	0.359	0.359
n_n3691.Q[0]	n_n3691.D[0]	0.359	0.359
n_n3346.Q[0]	n_n3346.D[0]	0.359	0.359
n_n3324.Q[0]	n_n3324.D[0]	0.359	0.359
n_n3312.Q[0]	n_n3312.D[0]	0.359	0.359
n_n4223.Q[0]	n_n4223.D[0]	0.359	0.359
n_n3469.Q[0]	n_n3469.D[0]	0.359	0.359
n_n4177.Q[0]	n_n4177.D[0]	0.359	0.359
n_n3868.Q[0]	n_n3868.D[0]	0.359	0.359
n_n3908.Q[0]	n_n3908.D[0]	0.359	0.359
n_n4136.Q[0]	n_n4136.D[0]	0.359	0.359
n_n4176.Q[0]	n_n4176.D[0]	0.359	0.359
n_n2982.Q[0]	n_n2982.D[0]	0.359	0.359
n_n4095.Q[0]	n_n4095.D[0]	0.359	0.359
ndn5_9.Q[0]	n_n3851.D[0]	0.359	0.359
n_n3971.Q[0]	n_n3971.D[0]	0.359	0.359
n_n4135.Q[0]	n_n4135.D[0]	0.359	0.359
n_n3862.Q[0]	n_n3862.D[0]	0.359	0.359
ndn5_9.Q[0]	n_n3554.D[0]	0.359	0.359
n_n3843.Q[0]	n_n3843.D[0]	0.359	0.359
n_n3842.Q[0]	n_n3842.D[0]	0.359	0.359
n_n3755.Q[0]	n_n3755.D[0]	0.359	0.359
n_n3800.Q[0]	n_n3800.D[0]	0.359	0.359
n_n3556.Q[0]	n_n3556.D[0]	0.359	0.359
pdn.Q[0]	nsr3_2.D[0]	0.359	0.359
n_n4119.Q[0]	n_n4119.D[0]	0.359	0.359
n_n3992.Q[0]	n_n3367.D[0]	0.359	0.359
n_n4118.Q[0]	n_n4118.D[0]	0.359	0.359
n_n3872.Q[0]	n_n3872.D[0]	0.359	0.359
n_n3939.Q[0]	n_n3939.D[0]	0.359	0.359
n_n4252.Q[0]	n_n4252.D[0]	0.359	0.359
n_n4183.Q[0]	n_n4183.D[0]	0.359	0.359
n_n4209.Q[0]	n_n4209.D[0]	0.359	0.359
n_n3470.Q[0]	n_n3470.D[0]	0.359	0.359
pdn.Q[0]	n_n3998.D[0]	0.359	0.359
ndn5_6.Q[0]	ndn5_6.D[0]	0.359	0.359
nsr5_4.Q[0]	nsr5_5.D[0]	0.359	0.359
nsr5_5.Q[0]	nsr5_7.D[0]	0.359	0.359
nsr5_3.Q[0]	nsr5_3.D[0]	0.359	0.359
nsr5_2.Q[0]	nsr5_2.D[0]	0.359	0.359
nsr5_4.Q[0]	nsr5_4.D[0]	0.359	0.359
n_n3918.Q[0]	n_n3918.D[0]	0.359	0.359
pdn.Q[0]	pdn.D[0]	0.359	0.359
n_n3468.Q[0]	n_n3468.D[0]	0.359	0.359
n_n4181.Q[0]	n_n4181.D[0]	0.359	0.359
n_n2989.Q[0]	n_n2989.D[0]	0.359	0.359
n_n3388.Q[0]	n_n3388.D[0]	0.359	0.359
n_n3708.Q[0]	n_n3708.D[0]	0.359	0.359
n_n3294.Q[0]	n_n3294.D[0]	0.359	0.359
n_n3445.Q[0]	n_n3445.D[0]	0.359	0.359
n_n3426.Q[0]	n_n3426.D[0]	0.359	0.359
n_n3375.Q[0]	n_n3375.D[0]	0.359	0.359
n_n3345.Q[0]	n_n3345.D[0]	0.359	0.359
n_n4073.Q[0]	n_n4073.D[0]	0.359	0.359
n_n3905.Q[0]	n_n3905.D[0]	0.359	0.359
n_n4134.Q[0]	n_n4134.D[0]	0.359	0.359
n_n4222.Q[0]	n_n4222.D[0]	0.359	0.359
n_n3844.Q[0]	n_n3844.D[0]	0.359	0.359
n_n3151.Q[0]	n_n3151.D[0]	0.359	0.359
n_n3973.Q[0]	n_n3973.D[0]	0.359	0.359
n_n3031.Q[0]	n_n3031.D[0]	0.359	0.359
n_n3567.Q[0]	n_n3567.D[0]	0.359	0.359
n_n2991.Q[0]	n_n2991.D[0]	0.359	0.359
n_n3184.Q[0]	n_n3184.D[0]	0.359	0.359
ndn5_16.Q[0]	ndn5_16.D[0]	0.359	0.359
n_n3354.Q[0]	n_n3354.D[0]	0.359	0.359
n_n3300.Q[0]	n_n3300.D[0]	0.359	0.359
n_n3074.Q[0]	n_n3074.D[0]	0.359	0.359
n_n3033.Q[0]	n_n3033.D[0]	0.359	0.359
ndn3_11.Q[0]	ndn3_11.D[0]	0.359	0.359
ndn3_8.Q[0]	ndn3_8.D[0]	0.359	0.359
n_n4239.Q[0]	n_n4239.D[0]	0.359	0.359
n_n3810.Q[0]	n_n3810.D[0]	0.359	0.359
n_n3646.Q[0]	n_n3646.D[0]	0.359	0.359
n_n3808.Q[0]	n_n3808.D[0]	0.359	0.359
pdn.Q[0]	ndn1_4.D[0]	0.359	0.359
n_n3813.Q[0]	n_n3813.D[0]	0.359	0.359
n_n3500.Q[0]	n_n3500.D[0]	0.359	0.359
n_n3513.Q[0]	n_n3513.D[0]	0.359	0.359
n_n4099.Q[0]	n_n4099.D[0]	0.359	0.359
pdn.Q[0]	nlc1_2.D[0]	0.359	0.359
n_n3871.Q[0]	n_n3871.D[0]	0.359	0.359
nsr5_7.Q[0]	nsr5_8.D[0]	0.359	0.359
n_n3336.Q[0]	n_n3336.D[0]	0.359	0.359
nlak3_2.Q[0]	nlak3_2.D[0]	0.359	0.359
n_n3992.Q[0]	n_n3221.D[0]	0.359	0.359
n_n3794.Q[0]	n_n3794.D[0]	0.359	0.359
nsr3_9.Q[0]	nsr3_9.D[0]	0.359	0.359
n_n3981.Q[0]	n_n3981.D[0]	0.359	0.359
n_n3047.Q[0]	n_n3047.D[0]	0.359	0.359
n_n3890.Q[0]	n_n3890.D[0]	0.359	0.359
n_n3622.Q[0]	n_n3622.D[0]	0.359	0.359
n_n4140.Q[0]	n_n4140.D[0]	0.359	0.359
n_n3940.Q[0]	n_n3940.D[0]	0.359	0.359
n_n4086.Q[0]	n_n4086.D[0]	0.359	0.359
nld3_9.Q[0]	n_n3722.D[0]	0.359	0.359
n_n3919.Q[0]	n_n3919.D[0]	0.359	0.359
n_n4224.Q[0]	n_n4224.D[0]	0.359	0.359
n_n3606.Q[0]	n_n3606.D[0]	0.359	0.359
n_n3923.Q[0]	n_n3923.D[0]	0.359	0.359
n_n3771.Q[0]	n_n3771.D[0]	0.359	0.359
n_n3924.Q[0]	n_n3924.D[0]	0.359	0.359
nld3_9.Q[0]	nld3_9.D[0]	0.359	0.359
n_n3448.Q[0]	n_n3448.D[0]	0.359	0.359
n_n3453.Q[0]	n_n3453.D[0]	0.359	0.359
n_n3430.Q[0]	n_n3430.D[0]	0.359	0.359
n_n3044.Q[0]	n_n3044.D[0]	0.359	0.359
n_n3000.Q[0]	n_n3000.D[0]	0.359	0.359
n_n3159.Q[0]	n_n3159.D[0]	0.359	0.359
n_n3649.Q[0]	n_n3649.D[0]	0.359	0.359
n_n2986.Q[0]	n_n2986.D[0]	0.359	0.359
n_n3610.Q[0]	n_n3610.D[0]	0.359	0.359
n_n3864.Q[0]	n_n3864.D[0]	0.359	0.359
n_n3398.Q[0]	n_n3398.D[0]	0.359	0.359
n_n3013.Q[0]	n_n3013.D[0]	0.359	0.359
n_n3246.Q[0]	n_n3246.D[0]	0.359	0.359
n_n4064.Q[0]	n_n4064.D[0]	0.359	0.359
nen5_9.Q[0]	ndn5_9.D[0]	0.359	0.359
n_n3651.Q[0]	n_n3651.D[0]	0.359	0.359
nsr5_3.Q[0]	ndn5_3.D[0]	0.571	0.571
n_n4227.Q[0]	n_n4236.D[0]	0.577	0.577
n_n3949.Q[0]	n_n3069.D[0]	0.579	0.579
n_n3949.Q[0]	n_n3100.D[0]	0.579	0.579
n_n3475.Q[0]	n_n3475.D[0]	0.594	0.594
ndn5_2.Q[0]	n_n3175.D[0]	0.594	0.594
n_n3684.Q[0]	n_n3684.D[0]	0.594	0.594
n_n3709.Q[0]	n_n3709.D[0]	0.594	0.594
n_n3170.Q[0]	n_n3235.D[0]	0.594	0.594
n_n3677.Q[0]	n_n3677.D[0]	0.594	0.594
n_n3179.Q[0]	n_n3179.D[0]	0.594	0.594
n_n3680.Q[0]	n_n3680.D[0]	0.594	0.594
n_n3796.Q[0]	n_n3796.D[0]	0.594	0.594
n_n3887.Q[0]	n_n3011.D[0]	0.594	0.594
n_n3574.Q[0]	n_n3574.D[0]	0.594	0.594
n_n3430.Q[0]	n_n3822.D[0]	0.594	0.594
n_n3246.Q[0]	n_n3262.D[0]	0.594	0.594
n_n3864.Q[0]	n_n3517.D[0]	0.594	0.594
n_n2971.Q[0]	n_n3280.D[0]	0.594	0.594
n_n4246.Q[0]	n_n4246.D[0]	0.594	0.594
n_n3774.Q[0]	n_n3774.D[0]	0.594	0.594
n_n3826.Q[0]	n_n3826.D[0]	0.594	0.594
n_n3965.Q[0]	n_n3965.D[0]	0.594	0.594
n_n3996.Q[0]	n_n3996.D[0]	0.594	0.594
n_n4060.Q[0]	n_n4060.D[0]	0.594	0.594
n_n3791.Q[0]	n_n3791.D[0]	0.594	0.594
n_n3875.Q[0]	n_n3875.D[0]	0.594	0.594
n_n4018.Q[0]	n_n3974.D[0]	0.594	0.594
n_n4018.Q[0]	n_n4018.D[0]	0.594	0.594
n_n4027.Q[0]	n_n4027.D[0]	0.594	0.594
n_n4126.Q[0]	n_n4126.D[0]	0.594	0.594
n_n3283.Q[0]	n_n3283.D[0]	0.594	0.594
n_n3961.Q[0]	n_n3961.D[0]	0.594	0.594
n_n4036.Q[0]	n_n4036.D[0]	0.594	0.594
n_n3340.Q[0]	n_n3340.D[0]	0.594	0.594
n_n4214.Q[0]	n_n3460.D[0]	0.594	0.594
n_n4093.Q[0]	n_n4093.D[0]	0.594	0.594
n_n4212.Q[0]	n_n4212.D[0]	0.594	0.594
n_n4004.Q[0]	n_n4004.D[0]	0.594	0.594
n_n3369.Q[0]	n_n3369.D[0]	0.594	0.594
n_n4171.Q[0]	n_n4171.D[0]	0.594	0.594
n_n3931.Q[0]	n_n3931.D[0]	0.594	0.594
n_n3947.Q[0]	n_n3947.D[0]	0.594	0.594
n_n4083.Q[0]	n_n4083.D[0]	0.594	0.594
n_n4083.Q[0]	n_n3949.D[0]	0.594	0.594
n_n4114.Q[0]	n_n4114.D[0]	0.594	0.594
n_n4167.Q[0]	n_n4167.D[0]	0.594	0.594
n_n4145.Q[0]	n_n4145.D[0]	0.594	0.594
n_n3912.Q[0]	n_n3912.D[0]	0.594	0.594
n_n4197.Q[0]	n_n4227.D[0]	0.594	0.594
n_n4197.Q[0]	n_n4197.D[0]	0.594	0.594
n_n4024.Q[0]	n_n4024.D[0]	0.594	0.594
n_n3957.Q[0]	n_n3957.D[0]	0.594	0.594
ndn5_5.Q[0]	n_n3157.D[0]	0.594	0.594
ndn5_3.Q[0]	n_n3164.D[0]	0.594	0.594
n_n3585.Q[0]	n_n3585.D[0]	0.594	0.594
n_n3799.Q[0]	n_n3799.D[0]	0.594	0.594
n_n3344.Q[0]	n_n3344.D[0]	0.594	0.594
n_n3203.Q[0]	n_n3203.D[0]	0.594	0.594
n_n3921.Q[0]	n_n3921.D[0]	0.594	0.594
n_n3387.Q[0]	n_n3387.D[0]	0.594	0.594
n_n4042.Q[0]	n_n4042.D[0]	0.594	0.594
n_n3205.Q[0]	n_n3205.D[0]	0.594	0.594
n_n3188.Q[0]	n_n3188.D[0]	0.594	0.594
n_n3081.Q[0]	n_n3081.D[0]	0.594	0.594
n_n4221.Q[0]	n_n4221.D[0]	0.594	0.594
n_n3824.Q[0]	n_n3824.D[0]	0.594	0.594
ndn5_8.Q[0]	n_n3700.D[0]	0.594	0.594
n_n3793.Q[0]	n_n3793.D[0]	0.594	0.594
n_n3323.Q[0]	n_n3323.D[0]	0.594	0.594
n_n3436.Q[0]	n_n3436.D[0]	0.594	0.594
ndn5_7.Q[0]	n_n3968.D[0]	0.594	0.594
ndn5_7.Q[0]	n_n3701.D[0]	0.594	0.594
ndn5_5.Q[0]	n_n3607.D[0]	0.594	0.594
ndn5_2.Q[0]	n_n3663.D[0]	0.594	0.594
n_n3303.Q[0]	n_n3303.D[0]	0.594	0.594
ndn5_8.Q[0]	n_n3959.D[0]	0.594	0.594
n_n4047.Q[0]	n_n4047.D[0]	0.594	0.594
n_n3462.Q[0]	n_n3462.D[0]	0.594	0.594
n_n3214.Q[0]	n_n3214.D[0]	0.594	0.594
n_n3829.Q[0]	n_n3829.D[0]	0.594	0.594
n_n3442.Q[0]	n_n3442.D[0]	0.594	0.594
n_n3498.Q[0]	n_n3498.D[0]	0.594	0.594
n_n4259.Q[0]	n_n4259.D[0]	0.594	0.594
n_n3493.Q[0]	n_n3493.D[0]	0.594	0.594
n_n3855.Q[0]	n_n3855.D[0]	0.594	0.594
n_n3002.Q[0]	n_n3002.D[0]	0.594	0.594
n_n4014.Q[0]	n_n4014.D[0]	0.594	0.594
n_n3767.Q[0]	n_n3767.D[0]	0.594	0.594
n_n3728.Q[0]	n_n3728.D[0]	0.594	0.594
n_n4068.Q[0]	n_n4068.D[0]	0.594	0.594
n_n3122.Q[0]	n_n3122.D[0]	0.594	0.594
pover_0_0_.Q[0]	pover_0_0_.D[0]	0.594	0.594
n_n2968.Q[0]	n_n2968.D[0]	0.594	0.594
n_n3694.Q[0]	n_n3694.D[0]	0.594	0.594
n_n3031.Q[0]	n_n3876.D[0]	0.594	0.594
n_n3628.Q[0]	n_n3628.D[0]	0.594	0.594
n_n3381.Q[0]	n_n3681.D[0]	0.594	0.594
n_n3398.Q[0]	n_n3580.D[0]	0.594	0.594
n_n2995.Q[0]	n_n2995.D[0]	0.594	0.594
n_n3019.Q[0]	n_n3393.D[0]	0.594	0.594
n_n2986.Q[0]	n_n3533.D[0]	0.594	0.594
n_n4149.Q[0]	n_n3417.D[0]	0.594	0.594
n_n3074.Q[0]	n_n4218.D[0]	0.594	0.594
n_n3128.Q[0]	n_n3128.D[0]	0.594	0.594
ndn5_9.Q[0]	n_n3024.D[0]	0.594	0.594
n_n3901.Q[0]	n_n3901.D[0]	0.594	0.594
n_n3327.Q[0]	n_n3327.D[0]	0.594	0.594
n_n2960.Q[0]	n_n2960.D[0]	0.594	0.594
n_n3139.Q[0]	n_n3139.D[0]	0.594	0.594
n_n3928.Q[0]	n_n3928.D[0]	0.594	0.594
n_n3019.Q[0]	n_n3019.D[0]	0.594	0.594
n_n3060.Q[0]	n_n3060.D[0]	0.594	0.594
n_n2971.Q[0]	n_n2971.D[0]	0.594	0.594
n_n3698.Q[0]	n_n3698.D[0]	0.594	0.594
n_n3139.Q[0]	n_n3751.D[0]	0.594	0.594
n_n3170.Q[0]	n_n3170.D[0]	0.594	0.594
n_n3065.Q[0]	n_n3065.D[0]	0.594	0.594
n_n3563.Q[0]	n_n3563.D[0]	0.594	0.594
nld3_9.Q[0]	pnext_0_0_.D[0]	0.594	0.594
n_n3689.Q[0]	n_n3689.D[0]	0.594	0.594
n_n4149.Q[0]	n_n4149.D[0]	0.594	0.594
n_n3381.Q[0]	n_n3381.D[0]	0.594	0.594
n_n3182.Q[0]	n_n3182.D[0]	0.594	0.594
n_n3887.Q[0]	n_n3887.D[0]	0.594	0.594
n_n3067.Q[0]	n_n3067.D[0]	0.594	0.594
n_n3767.Q[0]	n_n3786.D[0]	0.594	0.594
n_n4159.Q[0]	n_n4159.D[0]	0.594	0.594
n_n3300.Q[0]	n_n4090.D[0]	0.594	0.594
n_n3159.Q[0]	n_n3062.D[0]	0.594	0.594
n_n3610.Q[0]	n_n4230.D[0]	0.594	0.594
n_n3060.Q[0]	n_n4232.D[0]	0.594	0.594
n_n4015.Q[0]	n_n4015.D[0]	0.594	0.594
n_n3864.Q[0]	out:puport_7_7_.outpad[0]	0.648	0.648
n_n3246.Q[0]	out:pxport_4_4_.outpad[0]	0.653	0.653
n_n3170.Q[0]	out:pyport_9_9_.outpad[0]	0.665	0.665
n_n3981.Q[0]	n_n3199.D[0]	0.760	0.760
n_n3460.Q[0]	n_n3838.D[0]	0.812	0.812
n_n3159.Q[0]	out:pxport_9_9_.outpad[0]	0.792	0.792
n_n3996.Q[0]	n_n3922.D[0]	0.862	0.862
n_n3610.Q[0]	out:pyport_3_3_.outpad[0]	0.840	0.840
ndn5_8.Q[0]	n_n4075.D[0]	0.926	0.926
ndn5_9.Q[0]	n_n3309.D[0]	0.950	0.950
paport_2_2_.inpad[0]	n_n3733.D[0]	0.951	0.951
n_n4079.Q[0]	n_n4079.D[0]	0.998	0.998
n_n3139.Q[0]	out:puport_4_4_.outpad[0]	0.934	0.934
pdxport_5_5_.inpad[0]	n_n4179.D[0]	1.005	1.005
n_n3912.Q[0]	n_n3311.D[0]	1.009	1.009
n_n3815.Q[0]	n_n3815.D[0]	1.023	1.023
n_n4021.Q[0]	n_n4021.D[0]	1.025	1.025
n_n3460.Q[0]	n_n3999.D[0]	1.025	1.025
n_n3535.Q[0]	n_n3535.D[0]	1.028	1.028
n_n3713.Q[0]	n_n3713.D[0]	1.030	1.030
n_n3832.Q[0]	n_n3832.D[0]	1.075	1.075
ndn5_4.Q[0]	n_n4045.D[0]	1.082	1.082
n_n4018.Q[0]	n_n3711.D[0]	1.091	1.091
ndn5_3.Q[0]	n_n3457.D[0]	1.100	1.100
paport_5_5_.inpad[0]	n_n4056.D[0]	1.136	1.136
n_n4149.Q[0]	out:pxport_2_2_.outpad[0]	1.070	1.070
paport_3_3_.inpad[0]	n_n3778.D[0]	1.168	1.168
n_n3689.Q[0]	out:pyport_11_11_.outpad[0]	1.105	1.105
paport_9_9_.inpad[0]	n_n3818.D[0]	1.171	1.171
n_n4070.Q[0]	n_n4070.D[0]	1.172	1.172
ndn5_4.Q[0]	n_n3659.D[0]	1.199	1.199
n_n3128.Q[0]	out:pxport_5_5_.outpad[0]	1.154	1.154
n_n3973.Q[0]	out:pxport_3_3_.outpad[0]	1.169	1.169
nsr5_7.Q[0]	ndn5_7.D[0]	1.238	1.238
pdxport_3_3_.inpad[0]	n_n4220.D[0]	1.244	1.244
n_n3470.Q[0]	n_n3274.D[0]	1.251	1.251
nsr5_8.Q[0]	ndn5_8.D[0]	1.257	1.257
n_n3767.Q[0]	out:pyport_5_5_.outpad[0]	1.199	1.199
pdxport_6_6_.inpad[0]	n_n4206.D[0]	1.267	1.267
n_n3024.Q[0]	out:puport_2_2_.outpad[0]	1.202	1.202
pdxport_10_10_.inpad[0]	n_n4194.D[0]	1.278	1.278
n_n3679.Q[0]	n_n3509.D[0]	1.280	1.280
n_n2986.Q[0]	out:pyport_8_8_.outpad[0]	1.283	1.283
paport_6_6_.inpad[0]	n_n4243.D[0]	1.396	1.396
n_n4197.Q[0]	n_n3473.D[0]	1.410	1.410
ndn5_3.Q[0]	n_n3433.D[0]	1.455	1.455
n_n3646.Q[0]	out:pyport_7_7_.outpad[0]	1.416	1.416
n_n4083.Q[0]	n_n3630.D[0]	1.522	1.522
n_n3430.Q[0]	out:puport_10_10_.outpad[0]	1.488	1.488

