Network rsltfile
latch latch max_delay min_delay
INPUT latch max_delay min_delay
latch OUTPUT max_delay min_delay
n_n852	n_n854	18.138	18.138
n_n852	n_n852	18.028	18.028
n_n852	n_n853	17.825	17.825
n_n852	n_n855	17.607	17.607
n_n852	n_n856	15.172	15.172
n_n852	n_n857	12.257	12.257
n_n852	n_n859	8.444	8.444
n_n855	OUTPUT	5.723	5.723
n_n852	n_n858	5.584	5.584
n_n855	OUTPUT	4.367	4.367
n_n855	OUTPUT	4.365	4.365
n_n855	OUTPUT	3.798	3.798
n_n855	OUTPUT	2.687	2.687
n_n858	OUTPUT	2.202	2.202
n_n859	OUTPUT	1.552	1.552
n_n856	OUTPUT	1.596	1.596
n_n858	OUTPUT	1.605	1.605
n_n859	OUTPUT	1.753	1.753
n_n856	OUTPUT	1.792	1.792
n_n859	OUTPUT	2.150	2.150
n_n858	n_n859	2.326	2.326
n_n858	n_n855	2.479	2.479
n_n859	n_n858	2.694	2.694
n_n858	n_n852	2.717	2.717
n_n853	n_n853	2.793	2.793
n_n854	n_n854	2.913	2.913
n_n854	n_n856	2.934	2.934
n_n854	n_n857	2.995	2.995

