Network run002dsip.blif.out
latch latch max_delay min_delay
INPUT latch max_delay min_delay
latch OUTPUT max_delay min_delay
INPUT	pksi_21_new2	4.798	4.798
INPUT	pksi_36_	4.781	4.781
INPUT	pksi_27_	4.781	4.781
INPUT	n_n2337	4.781	4.781
INPUT	n_n2333	4.781	4.781
INPUT	n_n2440	4.736	4.736
INPUT	pksi_148_	4.736	4.736
INPUT	pksi_124_	4.637	4.637
INPUT	pksi_132_	4.637	4.637
INPUT	pksi_131_	4.637	4.637
INPUT	pksi_133_	4.637	4.637
INPUT	pksi_138_	4.637	4.637
INPUT	pksi_12_	4.637	4.637
INPUT	n_n2369	4.637	4.637
INPUT	pksi_10_	4.637	4.637
INPUT	pksi_41_	4.636	4.636
INPUT	n_n2352	4.636	4.636
INPUT	n_n2342	4.636	4.636
INPUT	pksi_35_	4.636	4.636
INPUT	pksi_25_	4.636	4.636
INPUT	pksi_38_	4.636	4.636
INPUT	pksi_26_	4.636	4.636
INPUT	pksi_34_	4.636	4.636
INPUT	pksi_24_	4.636	4.636
INPUT	pksi_46_	4.636	4.636
INPUT	pksi_32_	4.636	4.636
INPUT	pksi_37_	4.636	4.636
INPUT	pksi_45_	4.636	4.636
INPUT	pksi_42_	4.636	4.636
INPUT	pksi_53_	4.633	4.633
INPUT	pksi_94_	4.633	4.633
INPUT	pksi_40_	4.633	4.633
INPUT	pksi_72_	4.633	4.633
INPUT	pksi_80_	4.633	4.633
INPUT	pksi_31_	4.633	4.633
INPUT	pksi_74_	4.633	4.633
INPUT	pksi_86_	4.633	4.633
INPUT	pksi_54_	4.633	4.633
INPUT	pksi_61_	4.631	4.631
INPUT	pksi_58_	4.631	4.631
INPUT	n_n2305	4.631	4.631
INPUT	pksi_60_	4.631	4.631
INPUT	pksi_120_	4.630	4.630
INPUT	n_n2474	4.630	4.630
INPUT	pksi_134_	4.630	4.630
INPUT	n_n2365	4.630	4.630
INPUT	n_n2476	4.630	4.630
INPUT	pksi_127_	4.630	4.630
INPUT	pksi_3_	4.630	4.630
INPUT	pksi_30_	4.630	4.630
INPUT	pksi_130_	4.630	4.630
INPUT	pksi_29_	4.630	4.630
INPUT	pksi_129_	4.630	4.630
INPUT	pksi_47_	4.630	4.630
INPUT	pksi_39_	4.630	4.630
INPUT	n_n2485	4.630	4.630
INPUT	pksi_140_	4.627	4.627
INPUT	n_n2481	4.627	4.627
INPUT	pksi_128_	4.627	4.627
INPUT	pksi_137_	4.627	4.627
INPUT	pksi_141_	4.627	4.627
INPUT	pksi_121_	4.627	4.627
INPUT	pksi_87_	4.626	4.626
INPUT	pksi_77_	4.626	4.626
INPUT	pksi_7_	4.625	4.625
INPUT	pksi_16_	4.625	4.625
INPUT	pksi_122_	4.625	4.625
INPUT	n_n168	4.625	4.625
INPUT	pksi_28_	4.625	4.625
INPUT	pksi_167_	4.622	4.622
INPUT	pksi_163_	4.622	4.622
INPUT	pksi_151_	4.622	4.622
INPUT	pksi_190_	4.622	4.622
INPUT	pksi_184_	4.622	4.622
INPUT	pksi_154_	4.622	4.622
INPUT	pksi_149_	4.622	4.622
INPUT	n_n121	4.622	4.622
INPUT	pksi_69_	4.621	4.621
INPUT	pksi_63_	4.621	4.621
INPUT	pksi_71_	4.621	4.621
INPUT	n_n2310	4.621	4.621
INPUT	pksi_52_	4.620	4.620
INPUT	n_n10	4.620	4.620
INPUT	pksi_44_	4.620	4.620
INPUT	pksi_92_	4.620	4.620
INPUT	pksi_1_	4.609	4.609
INPUT	pksi_13_	4.609	4.609
INPUT	pksi_99_	4.607	4.607
INPUT	n_n2374	4.607	4.607
INPUT	pksi_183_	4.607	4.607
INPUT	pksi_106_	4.607	4.607
INPUT	pksi_102_	4.607	4.607
INPUT	n_n2517	4.607	4.607
INPUT	pksi_119_	4.607	4.607
INPUT	pksi_15_	4.607	4.607
INPUT	pksi_117_	4.607	4.607
INPUT	pksi_9_	4.607	4.607
INPUT	pksi_112_	4.607	4.607
INPUT	pksi_108_	4.606	4.606
INPUT	pksi_96_	4.606	4.606
INPUT	pksi_115_	4.606	4.606
INPUT	n_n2513	4.606	4.606
INPUT	pksi_110_	4.606	4.606
INPUT	pksi_103_	4.606	4.606
INPUT	n_n2507	4.606	4.606
INPUT	pksi_17_	4.605	4.605
INPUT	pksi_19_	4.605	4.605
INPUT	n_n2384	4.605	4.605
INPUT	pksi_11_	4.605	4.605
INPUT	pksi_5_	4.605	4.605
INPUT	pksi_22_	4.605	4.605
INPUT	pksi_2_	4.605	4.605
INPUT	pksi_171_	4.605	4.605
INPUT	pksi_175_	4.605	4.605
INPUT	n_n2420	4.605	4.605
INPUT	pksi_81_	4.603	4.603
INPUT	pksi_83_	4.603	4.603
INPUT	pksi_89_	4.603	4.603
INPUT	pksi_78_	4.603	4.603
INPUT	pksi_14_	4.601	4.601
INPUT	pksi_0_	4.601	4.601
INPUT	pksi_18_	4.601	4.601
INPUT	pksi_8_	4.601	4.601
INPUT	pksi_161_	4.599	4.599
INPUT	pksi_157_	4.599	4.599
INPUT	pksi_156_	4.599	4.599
INPUT	pksi_152_	4.599	4.599
INPUT	pksi_162_	4.599	4.599
INPUT	pksi_164_	4.599	4.599
INPUT	pksi_145_	4.599	4.599
INPUT	pksi_155_	4.599	4.599
INPUT	pksi_51_	4.596	4.596
INPUT	n_n2301	4.596	4.596
INPUT	pksi_91_	4.596	4.596
INPUT	n_n2288	4.596	4.596
INPUT	pksi_174_	4.577	4.577
INPUT	pksi_170_	4.576	4.576
INPUT	pksi_178_	4.576	4.576
INPUT	pksi_6_	4.489	4.489
INPUT	pksi_23_	4.489	4.489
INPUT	n_n2408	4.488	4.488
INPUT	pksi_147_	4.488	4.488
INPUT	pksi_153_	4.488	4.488
INPUT	pksi_82_	4.488	4.488
INPUT	pksi_49_	4.488	4.488
INPUT	pksi_93_	4.488	4.488
INPUT	pksi_85_	4.488	4.488
INPUT	n_n2448	4.488	4.488
INPUT	n_n2410	4.488	4.488
INPUT	pksi_144_	4.488	4.488
INPUT	pksi_150_	4.488	4.488
INPUT	pksi_146_	4.488	4.488
INPUT	pksi_4_	4.488	4.488
INPUT	pksi_79_	4.488	4.488
INPUT	pksi_177_	4.488	4.488
INPUT	n_n2272	4.488	4.488
INPUT	pksi_75_	4.488	4.488
INPUT	pksi_172_	4.488	4.488
INPUT	n_n2277	4.488	4.488
INPUT	pksi_84_	4.488	4.488
INPUT	pksi_73_	4.488	4.488
INPUT	n_n2268	4.488	4.488
INPUT	n_n2280	4.488	4.488
INPUT	n_n2416	4.487	4.487
INPUT	n_n2412	4.487	4.487
INPUT	pksi_182_	4.487	4.487
INPUT	pksi_107_	4.487	4.487
INPUT	pksi_105_	4.487	4.487
INPUT	pksi_160_	4.487	4.487
INPUT	pksi_180_	4.487	4.487
INPUT	pksi_186_	4.487	4.487
INPUT	pksi_173_	4.487	4.487
INPUT	pksi_189_	4.487	4.487
INPUT	pksi_100_	4.487	4.487
INPUT	pksi_118_	4.487	4.487
INPUT	n_n2452	4.487	4.487
INPUT	pksi_166_	4.487	4.487
INPUT	pksi_98_	4.487	4.487
INPUT	pksi_169_	4.487	4.487
INPUT	pksi_125_	4.487	4.487
INPUT	pksi_114_	4.487	4.487
INPUT	pksi_158_	4.486	4.486
INPUT	pksi_165_	4.486	4.486
INPUT	pksi_70_	4.486	4.486
INPUT	pksi_56_	4.486	4.486
INPUT	pksi_123_	4.485	4.485
INPUT	n_n2462	4.485	4.485
INPUT	pksi_43_	4.485	4.485
INPUT	pksi_68_	4.485	4.485
INPUT	pksi_135_	4.485	4.485
INPUT	pksi_95_	4.485	4.485
INPUT	pksi_33_	4.485	4.485
INPUT	pksi_76_	4.485	4.485
INPUT	pksi_136_	4.485	4.485
INPUT	pksi_67_	4.485	4.485
INPUT	pksi_57_	4.485	4.485
INPUT	pksi_101_	4.482	4.482
INPUT	pksi_116_	4.482	4.482
INPUT	pksi_97_	4.482	4.482
INPUT	pksi_62_	4.482	4.482
INPUT	n_n2495	4.482	4.482
INPUT	pksi_159_	4.482	4.482
INPUT	pksi_142_	4.482	4.482
INPUT	pksi_50_	4.482	4.482
INPUT	pksi_113_	4.482	4.482
INPUT	pksi_126_	4.482	4.482
INPUT	n_n2430	4.482	4.482
INPUT	pksi_111_	4.482	4.482
INPUT	pksi_55_	4.481	4.481
INPUT	pksi_48_	4.481	4.481
INPUT	pksi_64_	4.481	4.481
INPUT	pksi_66_	4.481	4.481
INPUT	pksi_185_	4.480	4.480
INPUT	pksi_109_	4.480	4.480
INPUT	n_n2396	4.480	4.480
INPUT	pksi_104_	4.480	4.480
INPUT	OUTPUT	4.439	4.439
INPUT	pksi_176_	4.342	4.342
INPUT	pksi_59_	4.342	4.342
INPUT	n_n2320	4.342	4.342
INPUT	pksi_188_	4.342	4.342
INPUT	pksi_179_	4.342	4.342
INPUT	n_n109	4.342	4.342
INPUT	OUTPUT	4.324	4.324
INPUT	pksi_20_new2	4.290	4.290
INPUT	pksi_65_	4.105	4.105
INPUT	pksi_21_new1	3.728	3.728
INPUT	pksi_20_new1	3.727	3.727
INPUT	OUTPUT	3.556	3.556
INPUT	OUTPUT	3.015	3.015
INPUT	OUTPUT	1.812	1.812
pksi_21_new2	OUTPUT	1.786	1.786
pksi_175_	OUTPUT	0.521	1.146
pksi_74_	OUTPUT	0.534	1.137
pksi_23_	OUTPUT	0.536	1.117
pksi_43_	OUTPUT	0.554	1.094
pksi_113_	OUTPUT	0.576	1.053
pksi_5_	OUTPUT	0.579	1.052
pksi_115_	OUTPUT	0.581	1.048
pksi_95_	OUTPUT	0.582	1.046
pksi_101_	OUTPUT	0.634	1.032
pksi_15_	OUTPUT	0.653	1.023
pksi_172_	OUTPUT	0.653	1.000
pksi_119_	OUTPUT	0.655	1.000
pksi_70_	OUTPUT	0.677	0.996
pksi_28_	OUTPUT	0.677	0.991
pksi_75_	OUTPUT	0.677	0.991
pksi_161_	OUTPUT	0.677	0.987
pksi_82_	OUTPUT	0.678	0.986
pksi_9_	OUTPUT	0.679	0.985
pksi_17_	OUTPUT	0.680	0.980
pksi_2_	OUTPUT	0.773	0.975
pksi_124_	OUTPUT	0.819	0.967
pksi_160_	OUTPUT	0.819	0.956
pksi_44_	OUTPUT	0.840	0.946
pksi_72_	OUTPUT	0.841	0.934
pksi_150_	OUTPUT	0.841	0.933
pksi_158_	OUTPUT	0.847	0.931
pksi_155_	OUTPUT	0.849	0.931
n_n109	OUTPUT	0.850	0.931
pksi_55_	OUTPUT	0.867	0.929
pksi_108_	OUTPUT	0.870	0.927
pksi_92_	OUTPUT	0.872	0.919
pksi_53_	OUTPUT	0.872	0.917
pksi_45_	OUTPUT	0.873	0.917
pksi_47_	OUTPUT	0.883	0.916
pksi_87_	OUTPUT	0.888	0.915
pksi_129_	OUTPUT	0.891	0.914
pksi_136_	OUTPUT	0.894	0.913
pksi_166_	OUTPUT	0.895	0.913
n_n109	OUTPUT	0.896	0.910
pksi_179_	OUTPUT	0.897	0.908
pksi_68_	OUTPUT	0.899	0.908
pksi_18_	OUTPUT	0.912	0.907
pksi_56_	OUTPUT	0.920	0.907
pksi_20_new1	OUTPUT	1.009	0.807
pksi_106_	OUTPUT	0.922	0.906
pksi_11_	OUTPUT	0.927	0.904
pksi_182_	OUTPUT	0.933	0.894
pksi_190_	OUTPUT	0.935	0.880
pksi_167_	OUTPUT	0.936	0.879
pksi_169_	OUTPUT	0.937	0.864
pksi_59_	OUTPUT	0.938	0.863
pksi_40_	OUTPUT	0.942	0.862
pksi_177_	OUTPUT	0.942	0.860
pksi_10_	OUTPUT	0.942	0.859
pksi_61_	OUTPUT	0.943	0.859
pksi_111_	OUTPUT	0.947	0.858
pksi_134_	OUTPUT	0.951	0.858
pksi_79_	OUTPUT	0.952	0.857
pksi_62_	OUTPUT	0.958	0.851
n_n168	OUTPUT	0.959	0.850
pksi_130_	OUTPUT	0.959	0.846
pksi_185_	OUTPUT	0.960	0.841
pksi_186_	OUTPUT	0.961	0.841
pksi_102_	OUTPUT	0.961	0.841
pksi_84_	OUTPUT	0.964	0.840
pksi_64_	OUTPUT	0.964	0.837
n_n10	OUTPUT	0.965	0.836
pksi_65_	OUTPUT	0.980	0.835
pksi_118_	OUTPUT	0.981	0.834
pksi_146_	OUTPUT	0.995	0.831
pksi_35_	OUTPUT	1.005	0.826
pksi_140_	OUTPUT	1.008	0.820
pksi_29_	OUTPUT	1.009	0.819
pksi_80_	OUTPUT	1.009	0.810
pksi_164_	OUTPUT	1.010	0.797
pksi_81_	OUTPUT	1.010	0.796
pksi_112_	OUTPUT	1.012	0.794
pksi_36_	OUTPUT	1.014	0.794
pksi_77_	OUTPUT	1.014	0.792
pksi_34_	OUTPUT	1.016	0.790
pksi_153_	OUTPUT	1.016	0.786
pksi_178_	OUTPUT	1.017	0.782
pksi_122_	OUTPUT	1.018	0.772
pksi_176_	OUTPUT	1.019	0.771
pksi_89_	OUTPUT	1.021	0.770
pksi_27_	OUTPUT	1.029	0.768
pksi_26_	OUTPUT	1.030	0.765
pksi_48_	OUTPUT	1.032	0.764
pksi_109_	OUTPUT	4.605	0.762
pksi_189_	OUTPUT	4.606	0.757
pksi_76_	OUTPUT	4.606	0.749
pksi_116_	OUTPUT	4.606	0.748
pksi_165_	OUTPUT	4.606	0.746
pksi_125_	OUTPUT	4.606	0.740
pksi_148_	OUTPUT	4.606	0.740
pksi_159_	OUTPUT	4.606	0.738
pksi_71_	OUTPUT	4.607	0.738
pksi_107_	OUTPUT	4.607	0.738
pksi_105_	OUTPUT	4.607	0.735
pksi_156_	OUTPUT	4.607	0.734
pksi_12_	OUTPUT	4.607	0.734
pksi_173_	OUTPUT	4.607	0.726
pksi_135_	OUTPUT	4.607	0.723
pksi_180_	OUTPUT	4.607	0.721
pksi_138_	OUTPUT	4.607	0.720
pksi_67_	OUTPUT	4.607	0.719
pksi_50_	OUTPUT	4.607	0.718
pksi_132_	OUTPUT	4.609	0.718
pksi_121_	OUTPUT	4.609	0.716
pksi_97_	OUTPUT	4.620	0.713
pksi_154_	OUTPUT	4.620	0.713
pksi_114_	OUTPUT	4.620	0.712
n_n121	OUTPUT	4.621	0.706
pksi_126_	OUTPUT	4.621	0.701
pksi_131_	OUTPUT	4.621	0.701
pksi_123_	OUTPUT	4.621	0.699
pksi_3_	OUTPUT	4.622	0.688
n_n121	OUTPUT	4.622	0.684
pksi_58_	OUTPUT	4.622	0.683
pksi_94_	OUTPUT	4.622	0.679
pksi_31_	OUTPUT	4.622	0.678
pksi_16_	OUTPUT	4.622	0.677
pksi_54_	OUTPUT	4.622	0.677
pksi_30_	OUTPUT	4.622	0.675
pksi_96_	OUTPUT	4.625	0.672
pksi_170_	OUTPUT	4.625	0.652
pksi_8_	OUTPUT	4.625	0.651
pksi_127_	OUTPUT	4.625	0.649
pksi_38_	OUTPUT	4.625	0.647
pksi_99_	OUTPUT	4.626	0.647
pksi_133_	OUTPUT	4.626	0.646
pksi_83_	OUTPUT	4.627	0.632
pksi_85_	OUTPUT	4.627	0.629
pksi_188_	OUTPUT	4.627	0.627
pksi_174_	OUTPUT	4.627	0.626
pksi_57_	OUTPUT	4.627	0.625
pksi_128_	OUTPUT	4.627	0.625
pksi_73_	OUTPUT	4.630	0.623
pksi_4_	OUTPUT	4.630	0.617
pksi_147_	OUTPUT	4.630	0.601
n_n168	OUTPUT	4.630	0.600
pksi_37_	OUTPUT	4.630	0.597
pksi_137_	OUTPUT	4.630	0.597
pksi_144_	OUTPUT	4.630	0.597
pksi_93_	OUTPUT	4.630	0.596
pksi_110_	OUTPUT	4.630	0.596
pksi_19_	OUTPUT	4.630	0.596
pksi_49_	OUTPUT	4.630	0.596
pksi_104_	OUTPUT	4.630	0.593
pksi_14_	OUTPUT	4.630	0.592
pksi_183_	OUTPUT	4.630	0.590
pksi_60_	OUTPUT	4.631	0.582
pksi_162_	OUTPUT	4.631	0.578
pksi_51_	OUTPUT	4.631	0.578
pksi_25_	OUTPUT	4.631	0.578
pksi_24_	OUTPUT	4.633	0.576
pksi_78_	OUTPUT	4.633	0.576
pksi_63_	OUTPUT	4.633	0.576
pksi_103_	OUTPUT	4.633	0.575
pksi_39_	OUTPUT	4.633	0.575
pksi_69_	OUTPUT	4.633	0.574
pksi_13_	OUTPUT	4.633	0.574
pksi_52_	OUTPUT	4.633	0.573
pksi_117_	OUTPUT	4.633	0.571
pksi_120_	OUTPUT	4.636	0.563
pksi_66_	OUTPUT	4.636	0.561
n_n10	OUTPUT	4.636	0.559
pksi_142_	OUTPUT	4.636	0.557
pksi_33_	OUTPUT	4.636	0.556
pksi_151_	OUTPUT	4.636	0.555
pksi_32_	OUTPUT	4.636	0.553
pksi_184_	OUTPUT	4.636	0.552
pksi_1_	OUTPUT	4.636	0.551
pksi_157_	OUTPUT	4.636	0.532
pksi_141_	OUTPUT	4.636	0.481
pksi_41_	OUTPUT	4.636	0.480
pksi_6_	OUTPUT	4.637	0.477
pksi_98_	OUTPUT	4.637	0.474
pksi_100_	OUTPUT	4.637	0.458
pksi_163_	OUTPUT	4.637	0.458
pksi_0_	OUTPUT	4.637	0.453
pksi_22_	OUTPUT	4.637	0.453
pksi_145_	OUTPUT	4.637	0.435
pksi_149_	OUTPUT	4.637	0.433
pksi_86_	OUTPUT	4.736	0.420
pksi_46_	OUTPUT	4.736	0.417
pksi_42_	OUTPUT	4.781	0.413
pksi_171_	OUTPUT	4.781	0.340
pksi_7_	OUTPUT	4.781	0.340
pksi_91_	OUTPUT	4.781	0.339
pksi_152_	OUTPUT	4.798	0.335
pksi_28_	pksi_20_new1	0.594	0.594
pksi_10_	pksi_21_new1	0.594	0.594
pksi_16_	pksi_20_new2	0.781	0.781
n_n10	pksi_92_	0.829	0.829
pksi_63_	pksi_71_	0.829	0.829
pksi_101_	pksi_111_	0.829	0.829
pksi_23_	pksi_6_	0.829	0.829
pksi_34_	pksi_37_	0.829	0.829
pksi_1_	pksi_13_	0.829	0.829
pksi_16_	pksi_7_	0.829	0.829
pksi_31_	pksi_40_	0.829	0.829
pksi_7_	pksi_16_	0.829	0.829
pksi_41_	pksi_35_	0.829	0.829
pksi_153_	pksi_144_	0.829	0.829
pksi_40_	pksi_31_	0.829	0.829
pksi_57_	pksi_67_	0.829	0.829
pksi_69_	n_n2310	0.829	0.829
pksi_179_	n_n109	0.829	0.829
pksi_9_	pksi_15_	0.829	0.829
pksi_52_	pksi_44_	0.829	0.829
pksi_133_	pksi_124_	0.829	0.829
pksi_35_	pksi_41_	0.829	0.829
pksi_33_	pksi_43_	0.829	0.829
n_n2485	pksi_130_	0.829	0.829
pksi_42_	n_n2342	0.829	0.829
pksi_44_	pksi_52_	0.829	0.829
pksi_64_	pksi_55_	0.829	0.829
pksi_26_	n_n2352	0.829	0.829
pksi_91_	n_n2288	0.829	0.829
pksi_100_	pksi_105_	0.829	0.829
pksi_3_	n_n2365	0.829	0.829
pksi_27_	n_n2337	0.829	0.829
pksi_87_	pksi_77_	0.829	0.829
pksi_73_	n_n2280	0.829	0.829
pksi_2_	pksi_22_	0.829	0.829
pksi_66_	pksi_48_	0.829	0.829
n_n2305	pksi_60_	0.829	0.829
pksi_83_	pksi_89_	0.829	0.829
n_n2280	pksi_73_	0.829	0.829
pksi_14_	pksi_0_	0.829	0.829
pksi_56_	pksi_70_	0.829	0.829
n_n2412	pksi_182_	0.829	0.829
n_n2288	pksi_91_	0.829	0.829
pksi_163_	pksi_151_	0.829	0.829
pksi_150_	pksi_146_	0.829	0.829
pksi_47_	pksi_39_	0.829	0.829
pksi_32_	pksi_46_	0.829	0.829
pksi_55_	pksi_64_	0.829	0.829
pksi_53_	pksi_54_	0.829	0.829
pksi_134_	pksi_120_	0.829	0.829
pksi_8_	pksi_18_	0.829	0.829
pksi_29_	pksi_30_	0.829	0.829
pksi_38_	pksi_24_	0.829	0.829
pksi_37_	pksi_34_	0.829	0.829
pksi_71_	pksi_63_	0.829	0.829
pksi_13_	pksi_1_	0.829	0.829
pksi_39_	pksi_47_	0.829	0.829
n_n2352	pksi_26_	0.829	0.829
n_n2337	pksi_27_	0.829	0.829
pksi_54_	pksi_53_	0.829	0.829
pksi_122_	n_n168	0.829	0.829
pksi_24_	pksi_38_	0.829	0.829
n_n2320	pksi_59_	0.829	0.829
pksi_161_	pksi_152_	0.829	0.829
pksi_30_	pksi_29_	0.829	0.829
pksi_50_	pksi_62_	0.829	0.829
pksi_61_	pksi_58_	0.829	0.829
pksi_76_	pksi_95_	0.829	0.829
pksi_151_	pksi_163_	0.829	0.829
n_n2369	pksi_12_	0.829	0.829
pksi_125_	pksi_166_	0.829	0.829
pksi_138_	pksi_131_	0.829	0.829
pksi_129_	n_n2474	0.829	0.829
pksi_84_	n_n2268	0.829	0.829
pksi_72_	pksi_86_	0.829	0.829
pksi_149_	pksi_190_	0.829	0.829
pksi_36_	n_n2333	0.829	0.829
pksi_89_	pksi_83_	0.829	0.829
pksi_58_	pksi_61_	0.829	0.829
pksi_155_	pksi_164_	0.829	0.829
pksi_80_	pksi_94_	0.829	0.829
pksi_46_	pksi_32_	0.829	0.829
pksi_178_	pksi_170_	0.829	0.829
pksi_124_	pksi_133_	0.829	0.829
n_n2310	pksi_69_	0.829	0.829
pksi_127_	n_n2476	0.829	0.829
pksi_86_	pksi_72_	0.829	0.829
pksi_48_	pksi_66_	0.829	0.829
pksi_51_	n_n2301	0.829	0.829
pksi_115_	n_n2507	0.829	0.829
pksi_94_	pksi_80_	0.829	0.829
pksi_70_	pksi_56_	0.829	0.829
pksi_130_	n_n2485	0.829	0.829
pksi_180_	pksi_186_	0.829	0.829
pksi_171_	n_n2420	0.829	0.829
pksi_118_	pksi_98_	0.829	0.829
pksi_15_	pksi_9_	0.829	0.829
pksi_22_	pksi_2_	0.829	0.829
pksi_172_	pksi_177_	0.829	0.829
pksi_135_	n_n2462	0.829	0.829
n_n2416	pksi_189_	0.829	0.829
pksi_79_	pksi_4_	0.829	0.829
pksi_96_	pksi_110_	0.829	0.829
pksi_114_	pksi_107_	0.829	0.829
pksi_113_	n_n2495	0.829	0.829
pksi_116_	pksi_97_	0.829	0.829
pksi_147_	n_n2448	0.829	0.829
pksi_119_	pksi_102_	0.829	0.829
n_n2420	pksi_171_	0.829	0.829
n_n121	pksi_184_	0.829	0.829
n_n2462	pksi_135_	0.829	0.829
n_n2474	pksi_129_	0.829	0.829
pksi_170_	pksi_178_	0.829	0.829
pksi_105_	pksi_100_	0.829	0.829
n_n2517	pksi_117_	0.829	0.829
pksi_98_	pksi_118_	0.829	0.829
pksi_19_	pksi_5_	0.829	0.829
n_n2410	n_n2408	0.829	0.829
pksi_160_	n_n2452	0.829	0.829
pksi_166_	pksi_125_	0.829	0.829
pksi_131_	pksi_138_	0.829	0.829
pksi_107_	pksi_114_	0.829	0.829
n_n2277	pksi_85_	0.829	0.829
pksi_186_	pksi_180_	0.829	0.829
pksi_188_	pksi_176_	0.829	0.829
pksi_0_	pksi_14_	0.829	0.829
pksi_102_	pksi_119_	0.829	0.829
pksi_164_	pksi_155_	0.829	0.829
pksi_144_	pksi_153_	0.829	0.829
pksi_104_	pksi_109_	0.829	0.829
pksi_141_	n_n2481	0.829	0.829
pksi_159_	n_n2430	0.829	0.829
pksi_142_	pksi_126_	0.829	0.829
pksi_120_	pksi_134_	0.829	0.829
pksi_128_	pksi_121_	0.829	0.829
pksi_167_	pksi_154_	0.829	0.829
pksi_103_	n_n2513	0.829	0.829
pksi_156_	pksi_162_	0.829	0.829
pksi_190_	pksi_149_	0.829	0.829
pksi_82_	n_n2272	0.829	0.829
pksi_148_	n_n2440	0.829	0.829
n_n2430	pksi_159_	0.829	0.829
pksi_110_	pksi_96_	0.829	0.829
pksi_97_	pksi_116_	0.829	0.829
pksi_5_	pksi_19_	0.829	0.829
pksi_185_	n_n2396	0.829	0.829
pksi_189_	n_n2416	0.829	0.829
pksi_182_	n_n2412	0.829	0.829
pksi_184_	n_n121	0.829	0.829
pksi_152_	pksi_161_	0.829	0.829
pksi_177_	pksi_172_	0.829	0.829
pksi_17_	n_n2384	0.829	0.829
n_n2513	pksi_103_	0.829	0.829
n_n2440	pksi_148_	0.829	0.829
pksi_162_	pksi_156_	0.829	0.829
pksi_109_	pksi_104_	0.829	0.829
n_n2517	pksi_99_	0.995	0.995
pksi_10_	n_n2369	0.996	0.996
n_n121	pksi_174_	0.996	0.996
pksi_96_	pksi_115_	1.016	1.016
pksi_161_	pksi_145_	1.018	1.018
pksi_42_	pksi_25_	1.018	1.018
pksi_12_	pksi_10_	1.018	1.018
pksi_134_	pksi_127_	1.018	1.018
pksi_34_	pksi_45_	1.019	1.019
pksi_30_	pksi_28_	1.019	1.019
n_n2337	pksi_36_	1.020	1.020
pksi_87_	pksi_81_	1.021	1.021
pksi_0_	pksi_8_	1.021	1.021
pksi_13_	pksi_21_new2	1.038	1.038
pksi_133_	pksi_128_	1.039	1.039
pksi_121_	pksi_137_	1.039	1.039
pksi_121_	pksi_140_	1.039	1.039
pksi_60_	pksi_51_	1.039	1.039
pksi_77_	pksi_78_	1.039	1.039
n_n2448	pksi_158_	1.039	1.039
n_n2448	pksi_165_	1.039	1.039
pksi_51_	n_n2305	1.039	1.039
n_n109	pksi_188_	1.039	1.039
pksi_114_	pksi_108_	1.040	1.040
pksi_67_	n_n2320	1.040	1.040
pksi_81_	pksi_87_	1.040	1.040
pksi_59_	pksi_50_	1.040	1.040
pksi_67_	pksi_65_	1.040	1.040
n_n2277	pksi_93_	1.040	1.040
pksi_106_	n_n2517	1.041	1.041
pksi_18_	n_n2374	1.041	1.041
pksi_141_	pksi_136_	1.041	1.041
pksi_73_	n_n2277	1.041	1.041
pksi_165_	pksi_147_	1.041	1.041
pksi_17_	pksi_11_	1.041	1.041
pksi_172_	pksi_179_	1.041	1.041
pksi_84_	pksi_82_	1.041	1.041
pksi_64_	pksi_68_	1.041	1.041
pksi_106_	pksi_112_	1.041	1.041
pksi_68_	pksi_76_	1.041	1.041
pksi_84_	pksi_75_	1.041	1.041
n_n2476	pksi_132_	1.041	1.041
n_n2412	n_n2410	1.041	1.041
n_n2272	pksi_84_	1.041	1.041
pksi_141_	pksi_123_	1.041	1.041
pksi_188_	pksi_169_	1.041	1.041
pksi_11_	pksi_17_	1.043	1.043
pksi_123_	pksi_141_	1.043	1.043
pksi_142_	pksi_122_	1.043	1.043
pksi_101_	pksi_113_	1.043	1.043
pksi_113_	pksi_101_	1.043	1.043
n_n2396	pksi_173_	1.043	1.043
pksi_122_	pksi_142_	1.043	1.043
pksi_102_	pksi_183_	1.043	1.043
pksi_173_	pksi_185_	1.045	1.045
pksi_66_	pksi_49_	1.046	1.046
pksi_112_	pksi_106_	1.049	1.049
pksi_4_	pksi_79_	1.064	1.064
pksi_67_	pksi_57_	1.064	1.064
n_n2342	pksi_42_	1.064	1.064
pksi_6_	pksi_23_	1.064	1.064
pksi_154_	pksi_167_	1.064	1.064
n_n2452	pksi_160_	1.064	1.064
pksi_146_	pksi_150_	1.064	1.064
pksi_43_	pksi_33_	1.064	1.064
n_n2365	pksi_3_	1.064	1.064
pksi_92_	n_n10	1.064	1.064
pksi_83_	pksi_74_	1.120	1.120
n_n2416	pksi_175_	1.133	1.133
pksi_155_	pksi_157_	1.141	1.141
pksi_21_new1	OUTPUT	1.349	1.349
INPUT	OUTPUT	1.418	1.418
INPUT	OUTPUT	1.663	1.663
INPUT	OUTPUT	1.756	1.756
INPUT	OUTPUT	1.851	1.851
INPUT	OUTPUT	1.901	1.901

