Network s298.blif.out
latch latch max_delay min_delay
INPUT latch max_delay min_delay
latch OUTPUT max_delay min_delay
n_n854.Q[0]	n_n852.D[0]	8.191	8.191
n_n854.Q[0]	n_n853.D[0]	7.970	7.970
n_n854.Q[0]	n_n855.D[0]	7.899	7.899
n_n854.Q[0]	n_n854.D[0]	2.425	1.502
n_n858.Q[0]	n_n858.D[0]	0.620	0.620
n_n857.Q[0]	n_n857.D[0]	0.881	0.881
n_n855.Q[0]	n_n859.D[0]	1.101	1.101
n_n857.Q[0]	n_n856.D[0]	1.310	1.310
n_n859.Q[0]	out:s298_out_1_.outpad[0]	1.373	1.373
n_n859.Q[0]	out:s298_out_5_.outpad[0]	1.382	1.382
n_n855.Q[0]	n_n855.D[0]	1.491	1.491
n_n856.Q[0]	out:s298_out_2_.outpad[0]	1.427	1.427
n_n859.Q[0]	out:s298_out_3_.outpad[0]	1.438	1.438
n_n859.Q[0]	n_n853.D[0]	1.516	1.516
n_n856.Q[0]	n_n852.D[0]	1.518	1.518
n_n859.Q[0]	out:s298_out_4_.outpad[0]	1.651	1.651
n_n855.Q[0]	out:s298_out_0_.outpad[0]	1.919	1.919

