Copyright 1986-2022 Xilinx, Inc. All Rights Reserved. Copyright 2022-2024 Advanced Micro Devices, Inc. All Rights Reserved.
------------------------------------------------------------------------------------------------------------------------------------------------------------------------------------------------------
| Tool Version : Vivado v.2024.2 (win64) Build 5239630 Fri Nov 08 22:35:27 MST 2024
| Date         : Mon Sep 21 14:54:43 2026
| Host         : XiaoB running 64-bit major release  (build 9200)
| Command      : report_timing_summary -max_paths 10 -report_unconstrained -file s27_timing_summary_routed.rpt -pb s27_timing_summary_routed.pb -rpx s27_timing_summary_routed.rpx -warn_on_violation
| Design       : s27
| Device       : 7a35t-cpg236
| Speed File   : -1  PRODUCTION 1.23 2018-06-13
| Design State : Routed
------------------------------------------------------------------------------------------------------------------------------------------------------------------------------------------------------

Timing Summary Report

------------------------------------------------------------------------------------------------
| Timer Settings
| --------------
------------------------------------------------------------------------------------------------

  Enable Multi Corner Analysis               :  Yes
  Enable Pessimism Removal                   :  Yes
  Pessimism Removal Resolution               :  Nearest Common Node
  Enable Input Delay Default Clock           :  No
  Enable Preset / Clear Arcs                 :  No
  Disable Flight Delays                      :  No
  Ignore I/O Paths                           :  No
  Timing Early Launch at Borrowing Latches   :  No
  Borrow Time for Max Delay Exceptions       :  Yes
  Merge Timing Exceptions                    :  Yes
  Inter-SLR Compensation                     :  Conservative

  Corner  Analyze    Analyze    
  Name    Max Paths  Min Paths  
  ------  ---------  ---------  
  Slow    Yes        Yes        
  Fast    Yes        Yes        


------------------------------------------------------------------------------------------------
| Report Methodology
| ------------------
------------------------------------------------------------------------------------------------

Rule       Severity  Description                               Violations  
---------  --------  ----------------------------------------  ----------  
TIMING-18  Warning   Missing input or output delay             4           
XDCH-2     Warning   Same min and max delay values on IO port  1           

Note: This report is based on the most recent report_methodology run and may not be up-to-date. Run report_methodology on the current design for the latest report.



check_timing report

Table of Contents
-----------------
1. checking no_clock (0)
2. checking constant_clock (0)
3. checking pulse_width_clock (0)
4. checking unconstrained_internal_endpoints (0)
5. checking no_input_delay (4)
6. checking no_output_delay (0)
7. checking multiple_clock (0)
8. checking generated_clocks (0)
9. checking loops (0)
10. checking partial_input_delay (0)
11. checking partial_output_delay (0)
12. checking latch_loops (0)

1. checking no_clock (0)
------------------------
 There are 0 register/latch pins with no clock.


2. checking constant_clock (0)
------------------------------
 There are 0 register/latch pins with constant_clock.


3. checking pulse_width_clock (0)
---------------------------------
 There are 0 register/latch pins which need pulse_width check


4. checking unconstrained_internal_endpoints (0)
------------------------------------------------
 There are 0 pins that are not constrained for maximum delay.

 There are 0 pins that are not constrained for maximum delay due to constant clock.


5. checking no_input_delay (4)
------------------------------
 There are 4 input ports with no input delay specified. (HIGH)

 There are 0 input ports with no input delay but user has a false path constraint.


6. checking no_output_delay (0)
-------------------------------
 There are 0 ports with no output delay specified.

 There are 0 ports with no output delay but user has a false path constraint

 There are 0 ports with no output delay but with a timing clock defined on it or propagating through it


7. checking multiple_clock (0)
------------------------------
 There are 0 register/latch pins with multiple clocks.


8. checking generated_clocks (0)
--------------------------------
 There are 0 generated clocks that are not connected to a clock source.


9. checking loops (0)
---------------------
 There are 0 combinational loops in the design.


10. checking partial_input_delay (0)
------------------------------------
 There are 0 input ports with partial input delay specified.


11. checking partial_output_delay (0)
-------------------------------------
 There are 0 ports with partial output delay specified.


12. checking latch_loops (0)
----------------------------
 There are 0 combinational latch loops in the design through latch input



------------------------------------------------------------------------------------------------
| Design Timing Summary
| ---------------------
------------------------------------------------------------------------------------------------

    WNS(ns)      TNS(ns)  TNS Failing Endpoints  TNS Total Endpoints      WHS(ns)      THS(ns)  THS Failing Endpoints  THS Total Endpoints     WPWS(ns)     TPWS(ns)  TPWS Failing Endpoints  TPWS Total Endpoints  
    -------      -------  ---------------------  -------------------      -------      -------  ---------------------  -------------------     --------     --------  ----------------------  --------------------  
      7.348        0.000                      0                    4        0.460        0.000                      0                    4        9.500        0.000                       0                     4  


All user specified timing constraints are met.


------------------------------------------------------------------------------------------------
| Clock Summary
| -------------
------------------------------------------------------------------------------------------------

Clock  Waveform(ns)       Period(ns)      Frequency(MHz)
-----  ------------       ----------      --------------
clk    {0.000 10.000}     20.000          50.000          


------------------------------------------------------------------------------------------------
| Intra Clock Table
| -----------------
------------------------------------------------------------------------------------------------

Clock             WNS(ns)      TNS(ns)  TNS Failing Endpoints  TNS Total Endpoints      WHS(ns)      THS(ns)  THS Failing Endpoints  THS Total Endpoints     WPWS(ns)     TPWS(ns)  TPWS Failing Endpoints  TPWS Total Endpoints  
-----             -------      -------  ---------------------  -------------------      -------      -------  ---------------------  -------------------     --------     --------  ----------------------  --------------------  
clk                 7.348        0.000                      0                    4        0.460        0.000                      0                    4        9.500        0.000                       0                     4  


------------------------------------------------------------------------------------------------
| Inter Clock Table
| -----------------
------------------------------------------------------------------------------------------------

From Clock    To Clock          WNS(ns)      TNS(ns)  TNS Failing Endpoints  TNS Total Endpoints      WHS(ns)      THS(ns)  THS Failing Endpoints  THS Total Endpoints  
----------    --------          -------      -------  ---------------------  -------------------      -------      -------  ---------------------  -------------------  


------------------------------------------------------------------------------------------------
| Other Path Groups Table
| -----------------------
------------------------------------------------------------------------------------------------

Path Group    From Clock    To Clock          WNS(ns)      TNS(ns)  TNS Failing Endpoints  TNS Total Endpoints      WHS(ns)      THS(ns)  THS Failing Endpoints  THS Total Endpoints  
----------    ----------    --------          -------      -------  ---------------------  -------------------      -------      -------  ---------------------  -------------------  


------------------------------------------------------------------------------------------------
| User Ignored Path Table
| -----------------------
------------------------------------------------------------------------------------------------

Path Group    From Clock    To Clock    
----------    ----------    --------    


------------------------------------------------------------------------------------------------
| Unconstrained Path Table
| ------------------------
------------------------------------------------------------------------------------------------

Path Group    From Clock    To Clock    
----------    ----------    --------    
(none)                                    
(none)                      clk           


------------------------------------------------------------------------------------------------
| Timing Details
| --------------
------------------------------------------------------------------------------------------------


---------------------------------------------------------------------------------------------------
From Clock:  clk
  To Clock:  clk

Setup :            0  Failing Endpoints,  Worst Slack        7.348ns,  Total Violation        0.000ns
Hold  :            0  Failing Endpoints,  Worst Slack        0.460ns,  Total Violation        0.000ns
PW    :            0  Failing Endpoints,  Worst Slack        9.500ns,  Total Violation        0.000ns
---------------------------------------------------------------------------------------------------


Max Delay Paths
--------------------------------------------------------------------------------------
Slack (MET) :             7.348ns  (required time - arrival time)
  Source:                 G7_reg/C
                            (rising edge-triggered cell FDRE clocked by clk  {rise@0.000ns fall@10.000ns period=20.000ns})
  Destination:            G17
                            (output port clocked by clk  {rise@0.000ns fall@10.000ns period=20.000ns})
  Path Group:             clk
  Path Type:              Max at Slow Process Corner
  Requirement:            20.000ns  (clk rise@20.000ns - clk rise@0.000ns)
  Data Path Delay:        7.972ns  (logic 3.919ns (49.167%)  route 4.052ns (50.833%))
  Logic Levels:           6  (LUT1=1 LUT2=4 OBUF=1)
  Output Delay:           0.000ns
  Clock Path Skew:        -4.645ns (DCD - SCD + CPR)
    Destination Clock Delay (DCD):    0.000ns = ( 20.000 - 20.000 ) 
    Source Clock Delay      (SCD):    4.645ns
    Clock Pessimism Removal (CPR):    0.000ns
  Clock Uncertainty:      0.035ns  ((TSJ^2 + TIJ^2)^1/2 + DJ) / 2 + PE
    Total System Jitter     (TSJ):    0.071ns
    Total Input Jitter      (TIJ):    0.000ns
    Discrete Jitter          (DJ):    0.000ns
    Phase Error              (PE):    0.000ns

    Location             Delay type                Incr(ns)  Path(ns)    Netlist Resource(s)
  -------------------------------------------------------------------    -------------------
                         (clock clk rise edge)        0.000     0.000 r  
    M18                                               0.000     0.000 r  clk (IN)
                         net (fo=0)                   0.000     0.000    clk
    M18                  IBUF (Prop_ibuf_I_O)         0.938     0.938 r  clk_IBUF_inst/O
                         net (fo=1, routed)           1.972     2.910    clk_IBUF
    BUFGCTRL_X0Y0        BUFG (Prop_bufg_I_O)         0.096     3.006 r  clk_IBUF_BUFG_inst/O
                         net (fo=3, routed)           1.639     4.645    clk_IBUF_BUFG
    SLICE_X0Y2           FDRE                                         r  G7_reg/C
  -------------------------------------------------------------------    -------------------
    SLICE_X0Y2           FDRE (Prop_fdre_C_Q)         0.456     5.101 r  G7_reg/Q
                         net (fo=1, routed)           0.502     5.603    G7
    SLICE_X0Y2           LUT2 (Prop_lut2_I1_O)        0.124     5.727 f  G12_inferred_i_1/O
                         net (fo=2, routed)           0.812     6.538    G12
    SLICE_X0Y3           LUT2 (Prop_lut2_I0_O)        0.152     6.690 f  G15_inferred_i_1/O
                         net (fo=1, routed)           0.283     6.973    G15
    SLICE_X0Y3           LUT2 (Prop_lut2_I1_O)        0.332     7.305 r  G9_inferred_i_1/O
                         net (fo=1, routed)           0.403     7.708    G9
    SLICE_X1Y3           LUT2 (Prop_lut2_I1_O)        0.124     7.832 f  G11_inferred_i_1/O
                         net (fo=3, routed)           0.379     8.211    G11
    SLICE_X1Y3           LUT1 (Prop_lut1_I0_O)        0.124     8.335 r  G17_OBUF_inst_i_1/O
                         net (fo=1, routed)           1.674    10.009    G17_OBUF
    U15                  OBUF (Prop_obuf_I_O)         2.607    12.617 r  G17_OBUF_inst/O
                         net (fo=0)                   0.000    12.617    G17
    U15                                                               r  G17 (OUT)
  -------------------------------------------------------------------    -------------------

                         (clock clk rise edge)       20.000    20.000 r  
                         clock pessimism              0.000    20.000    
                         clock uncertainty           -0.035    19.965    
                         output delay                -0.000    19.965    
  -------------------------------------------------------------------
                         required time                         19.965    
                         arrival time                         -12.617    
  -------------------------------------------------------------------
                         slack                                  7.348    

Slack (MET) :             15.933ns  (required time - arrival time)
  Source:                 G7_reg/C
                            (rising edge-triggered cell FDRE clocked by clk  {rise@0.000ns fall@10.000ns period=20.000ns})
  Destination:            G6_reg/D
                            (rising edge-triggered cell FDRE clocked by clk  {rise@0.000ns fall@10.000ns period=20.000ns})
  Path Group:             clk
  Path Type:              Setup (Max at Slow Process Corner)
  Requirement:            20.000ns  (clk rise@20.000ns - clk rise@0.000ns)
  Data Path Delay:        3.958ns  (logic 1.188ns (30.012%)  route 2.770ns (69.988%))
  Logic Levels:           4  (LUT2=4)
  Clock Path Skew:        -0.026ns (DCD - SCD + CPR)
    Destination Clock Delay (DCD):    4.283ns = ( 24.283 - 20.000 ) 
    Source Clock Delay      (SCD):    4.645ns
    Clock Pessimism Removal (CPR):    0.336ns
  Clock Uncertainty:      0.035ns  ((TSJ^2 + TIJ^2)^1/2 + DJ) / 2 + PE
    Total System Jitter     (TSJ):    0.071ns
    Total Input Jitter      (TIJ):    0.000ns
    Discrete Jitter          (DJ):    0.000ns
    Phase Error              (PE):    0.000ns

    Location             Delay type                Incr(ns)  Path(ns)    Netlist Resource(s)
  -------------------------------------------------------------------    -------------------
                         (clock clk rise edge)        0.000     0.000 r  
    M18                                               0.000     0.000 r  clk (IN)
                         net (fo=0)                   0.000     0.000    clk
    M18                  IBUF (Prop_ibuf_I_O)         0.938     0.938 r  clk_IBUF_inst/O
                         net (fo=1, routed)           1.972     2.910    clk_IBUF
    BUFGCTRL_X0Y0        BUFG (Prop_bufg_I_O)         0.096     3.006 r  clk_IBUF_BUFG_inst/O
                         net (fo=3, routed)           1.639     4.645    clk_IBUF_BUFG
    SLICE_X0Y2           FDRE                                         r  G7_reg/C
  -------------------------------------------------------------------    -------------------
    SLICE_X0Y2           FDRE (Prop_fdre_C_Q)         0.456     5.101 f  G7_reg/Q
                         net (fo=1, routed)           0.502     5.603    G7
    SLICE_X0Y2           LUT2 (Prop_lut2_I1_O)        0.124     5.727 r  G12_inferred_i_1/O
                         net (fo=2, routed)           0.812     6.538    G12
    SLICE_X0Y3           LUT2 (Prop_lut2_I0_O)        0.152     6.690 r  G15_inferred_i_1/O
                         net (fo=1, routed)           0.283     6.973    G15
    SLICE_X0Y3           LUT2 (Prop_lut2_I1_O)        0.332     7.305 f  G9_inferred_i_1/O
                         net (fo=1, routed)           0.403     7.708    G9
    SLICE_X1Y3           LUT2 (Prop_lut2_I1_O)        0.124     7.832 r  G11_inferred_i_1/O
                         net (fo=3, routed)           0.771     8.603    G11
    SLICE_X0Y3           FDRE                                         r  G6_reg/D
  -------------------------------------------------------------------    -------------------

                         (clock clk rise edge)       20.000    20.000 r  
    M18                                               0.000    20.000 r  clk (IN)
                         net (fo=0)                   0.000    20.000    clk
    M18                  IBUF (Prop_ibuf_I_O)         0.805    20.805 r  clk_IBUF_inst/O
                         net (fo=1, routed)           1.868    22.673    clk_IBUF
    BUFGCTRL_X0Y0        BUFG (Prop_bufg_I_O)         0.091    22.764 r  clk_IBUF_BUFG_inst/O
                         net (fo=3, routed)           1.519    24.283    clk_IBUF_BUFG
    SLICE_X0Y3           FDRE                                         r  G6_reg/C
                         clock pessimism              0.336    24.619    
                         clock uncertainty           -0.035    24.584    
    SLICE_X0Y3           FDRE (Setup_fdre_C_D)       -0.047    24.537    G6_reg
  -------------------------------------------------------------------
                         required time                         24.537    
                         arrival time                          -8.603    
  -------------------------------------------------------------------
                         slack                                 15.933    

Slack (MET) :             15.995ns  (required time - arrival time)
  Source:                 G7_reg/C
                            (rising edge-triggered cell FDRE clocked by clk  {rise@0.000ns fall@10.000ns period=20.000ns})
  Destination:            G5_reg/D
                            (rising edge-triggered cell FDRE clocked by clk  {rise@0.000ns fall@10.000ns period=20.000ns})
  Path Group:             clk
  Path Type:              Setup (Max at Slow Process Corner)
  Requirement:            20.000ns  (clk rise@20.000ns - clk rise@0.000ns)
  Data Path Delay:        3.973ns  (logic 1.312ns (33.022%)  route 2.661ns (66.978%))
  Logic Levels:           5  (LUT2=5)
  Clock Path Skew:        -0.026ns (DCD - SCD + CPR)
    Destination Clock Delay (DCD):    4.283ns = ( 24.283 - 20.000 ) 
    Source Clock Delay      (SCD):    4.645ns
    Clock Pessimism Removal (CPR):    0.336ns
  Clock Uncertainty:      0.035ns  ((TSJ^2 + TIJ^2)^1/2 + DJ) / 2 + PE
    Total System Jitter     (TSJ):    0.071ns
    Total Input Jitter      (TIJ):    0.000ns
    Discrete Jitter          (DJ):    0.000ns
    Phase Error              (PE):    0.000ns

    Location             Delay type                Incr(ns)  Path(ns)    Netlist Resource(s)
  -------------------------------------------------------------------    -------------------
                         (clock clk rise edge)        0.000     0.000 r  
    M18                                               0.000     0.000 r  clk (IN)
                         net (fo=0)                   0.000     0.000    clk
    M18                  IBUF (Prop_ibuf_I_O)         0.938     0.938 r  clk_IBUF_inst/O
                         net (fo=1, routed)           1.972     2.910    clk_IBUF
    BUFGCTRL_X0Y0        BUFG (Prop_bufg_I_O)         0.096     3.006 r  clk_IBUF_BUFG_inst/O
                         net (fo=3, routed)           1.639     4.645    clk_IBUF_BUFG
    SLICE_X0Y2           FDRE                                         r  G7_reg/C
  -------------------------------------------------------------------    -------------------
    SLICE_X0Y2           FDRE (Prop_fdre_C_Q)         0.456     5.101 r  G7_reg/Q
                         net (fo=1, routed)           0.502     5.603    G7
    SLICE_X0Y2           LUT2 (Prop_lut2_I1_O)        0.124     5.727 f  G12_inferred_i_1/O
                         net (fo=2, routed)           0.812     6.538    G12
    SLICE_X0Y3           LUT2 (Prop_lut2_I0_O)        0.152     6.690 f  G15_inferred_i_1/O
                         net (fo=1, routed)           0.283     6.973    G15
    SLICE_X0Y3           LUT2 (Prop_lut2_I1_O)        0.332     7.305 r  G9_inferred_i_1/O
                         net (fo=1, routed)           0.403     7.708    G9
    SLICE_X1Y3           LUT2 (Prop_lut2_I1_O)        0.124     7.832 f  G11_inferred_i_1/O
                         net (fo=3, routed)           0.662     8.494    G11
    SLICE_X0Y3           LUT2 (Prop_lut2_I1_O)        0.124     8.618 r  G10_inferred_i_1/O
                         net (fo=1, routed)           0.000     8.618    G10
    SLICE_X0Y3           FDRE                                         r  G5_reg/D
  -------------------------------------------------------------------    -------------------

                         (clock clk rise edge)       20.000    20.000 r  
    M18                                               0.000    20.000 r  clk (IN)
                         net (fo=0)                   0.000    20.000    clk
    M18                  IBUF (Prop_ibuf_I_O)         0.805    20.805 r  clk_IBUF_inst/O
                         net (fo=1, routed)           1.868    22.673    clk_IBUF
    BUFGCTRL_X0Y0        BUFG (Prop_bufg_I_O)         0.091    22.764 r  clk_IBUF_BUFG_inst/O
                         net (fo=3, routed)           1.519    24.283    clk_IBUF_BUFG
    SLICE_X0Y3           FDRE                                         r  G5_reg/C
                         clock pessimism              0.336    24.619    
                         clock uncertainty           -0.035    24.584    
    SLICE_X0Y3           FDRE (Setup_fdre_C_D)        0.029    24.613    G5_reg
  -------------------------------------------------------------------
                         required time                         24.613    
                         arrival time                          -8.618    
  -------------------------------------------------------------------
                         slack                                 15.995    

Slack (MET) :             18.332ns  (required time - arrival time)
  Source:                 G7_reg/C
                            (rising edge-triggered cell FDRE clocked by clk  {rise@0.000ns fall@10.000ns period=20.000ns})
  Destination:            G7_reg/D
                            (rising edge-triggered cell FDRE clocked by clk  {rise@0.000ns fall@10.000ns period=20.000ns})
  Path Group:             clk
  Path Type:              Setup (Max at Slow Process Corner)
  Requirement:            20.000ns  (clk rise@20.000ns - clk rise@0.000ns)
  Data Path Delay:        1.662ns  (logic 0.704ns (42.369%)  route 0.958ns (57.631%))
  Logic Levels:           2  (LUT2=2)
  Clock Path Skew:        0.000ns (DCD - SCD + CPR)
    Destination Clock Delay (DCD):    4.284ns = ( 24.284 - 20.000 ) 
    Source Clock Delay      (SCD):    4.645ns
    Clock Pessimism Removal (CPR):    0.361ns
  Clock Uncertainty:      0.035ns  ((TSJ^2 + TIJ^2)^1/2 + DJ) / 2 + PE
    Total System Jitter     (TSJ):    0.071ns
    Total Input Jitter      (TIJ):    0.000ns
    Discrete Jitter          (DJ):    0.000ns
    Phase Error              (PE):    0.000ns

    Location             Delay type                Incr(ns)  Path(ns)    Netlist Resource(s)
  -------------------------------------------------------------------    -------------------
                         (clock clk rise edge)        0.000     0.000 r  
    M18                                               0.000     0.000 r  clk (IN)
                         net (fo=0)                   0.000     0.000    clk
    M18                  IBUF (Prop_ibuf_I_O)         0.938     0.938 r  clk_IBUF_inst/O
                         net (fo=1, routed)           1.972     2.910    clk_IBUF
    BUFGCTRL_X0Y0        BUFG (Prop_bufg_I_O)         0.096     3.006 r  clk_IBUF_BUFG_inst/O
                         net (fo=3, routed)           1.639     4.645    clk_IBUF_BUFG
    SLICE_X0Y2           FDRE                                         r  G7_reg/C
  -------------------------------------------------------------------    -------------------
    SLICE_X0Y2           FDRE (Prop_fdre_C_Q)         0.456     5.101 r  G7_reg/Q
                         net (fo=1, routed)           0.502     5.603    G7
    SLICE_X0Y2           LUT2 (Prop_lut2_I1_O)        0.124     5.727 f  G12_inferred_i_1/O
                         net (fo=2, routed)           0.456     6.183    G12
    SLICE_X0Y2           LUT2 (Prop_lut2_I1_O)        0.124     6.307 r  G13_inferred_i_1/O
                         net (fo=1, routed)           0.000     6.307    G13
    SLICE_X0Y2           FDRE                                         r  G7_reg/D
  -------------------------------------------------------------------    -------------------

                         (clock clk rise edge)       20.000    20.000 r  
    M18                                               0.000    20.000 r  clk (IN)
                         net (fo=0)                   0.000    20.000    clk
    M18                  IBUF (Prop_ibuf_I_O)         0.805    20.805 r  clk_IBUF_inst/O
                         net (fo=1, routed)           1.868    22.673    clk_IBUF
    BUFGCTRL_X0Y0        BUFG (Prop_bufg_I_O)         0.091    22.764 r  clk_IBUF_BUFG_inst/O
                         net (fo=3, routed)           1.520    24.284    clk_IBUF_BUFG
    SLICE_X0Y2           FDRE                                         r  G7_reg/C
                         clock pessimism              0.361    24.645    
                         clock uncertainty           -0.035    24.610    
    SLICE_X0Y2           FDRE (Setup_fdre_C_D)        0.029    24.639    G7_reg
  -------------------------------------------------------------------
                         required time                         24.639    
                         arrival time                          -6.307    
  -------------------------------------------------------------------
                         slack                                 18.332    





Min Delay Paths
--------------------------------------------------------------------------------------
Slack (MET) :             0.460ns  (arrival time - required time)
  Source:                 G7_reg/C
                            (rising edge-triggered cell FDRE clocked by clk  {rise@0.000ns fall@10.000ns period=20.000ns})
  Destination:            G7_reg/D
                            (rising edge-triggered cell FDRE clocked by clk  {rise@0.000ns fall@10.000ns period=20.000ns})
  Path Group:             clk
  Path Type:              Hold (Min at Fast Process Corner)
  Requirement:            0.000ns  (clk rise@0.000ns - clk rise@0.000ns)
  Data Path Delay:        0.551ns  (logic 0.231ns (41.953%)  route 0.320ns (58.047%))
  Logic Levels:           2  (LUT2=2)
  Clock Path Skew:        0.000ns (DCD - SCD - CPR)
    Destination Clock Delay (DCD):    1.940ns
    Source Clock Delay      (SCD):    1.423ns
    Clock Pessimism Removal (CPR):    0.517ns

    Location             Delay type                Incr(ns)  Path(ns)    Netlist Resource(s)
  -------------------------------------------------------------------    -------------------
                         (clock clk rise edge)        0.000     0.000 r  
    M18                                               0.000     0.000 r  clk (IN)
                         net (fo=0)                   0.000     0.000    clk
    M18                  IBUF (Prop_ibuf_I_O)         0.167     0.167 r  clk_IBUF_inst/O
                         net (fo=1, routed)           0.634     0.801    clk_IBUF
    BUFGCTRL_X0Y0        BUFG (Prop_bufg_I_O)         0.026     0.827 r  clk_IBUF_BUFG_inst/O
                         net (fo=3, routed)           0.596     1.423    clk_IBUF_BUFG
    SLICE_X0Y2           FDRE                                         r  G7_reg/C
  -------------------------------------------------------------------    -------------------
    SLICE_X0Y2           FDRE (Prop_fdre_C_Q)         0.141     1.564 r  G7_reg/Q
                         net (fo=1, routed)           0.162     1.726    G7
    SLICE_X0Y2           LUT2 (Prop_lut2_I1_O)        0.045     1.771 f  G12_inferred_i_1/O
                         net (fo=2, routed)           0.158     1.928    G12
    SLICE_X0Y2           LUT2 (Prop_lut2_I1_O)        0.045     1.973 r  G13_inferred_i_1/O
                         net (fo=1, routed)           0.000     1.973    G13
    SLICE_X0Y2           FDRE                                         r  G7_reg/D
  -------------------------------------------------------------------    -------------------

                         (clock clk rise edge)        0.000     0.000 r  
    M18                                               0.000     0.000 r  clk (IN)
                         net (fo=0)                   0.000     0.000    clk
    M18                  IBUF (Prop_ibuf_I_O)         0.356     0.356 r  clk_IBUF_inst/O
                         net (fo=1, routed)           0.689     1.044    clk_IBUF
    BUFGCTRL_X0Y0        BUFG (Prop_bufg_I_O)         0.029     1.073 r  clk_IBUF_BUFG_inst/O
                         net (fo=3, routed)           0.867     1.940    clk_IBUF_BUFG
    SLICE_X0Y2           FDRE                                         r  G7_reg/C
                         clock pessimism             -0.517     1.423    
    SLICE_X0Y2           FDRE (Hold_fdre_C_D)         0.091     1.514    G7_reg
  -------------------------------------------------------------------
                         required time                         -1.514    
                         arrival time                           1.973    
  -------------------------------------------------------------------
                         slack                                  0.460    

Slack (MET) :             0.759ns  (arrival time - required time)
  Source:                 G5_reg/C
                            (rising edge-triggered cell FDRE clocked by clk  {rise@0.000ns fall@10.000ns period=20.000ns})
  Destination:            G6_reg/D
                            (rising edge-triggered cell FDRE clocked by clk  {rise@0.000ns fall@10.000ns period=20.000ns})
  Path Group:             clk
  Path Type:              Hold (Min at Fast Process Corner)
  Requirement:            0.000ns  (clk rise@0.000ns - clk rise@0.000ns)
  Data Path Delay:        0.834ns  (logic 0.186ns (22.293%)  route 0.648ns (77.707%))
  Logic Levels:           1  (LUT2=1)
  Clock Path Skew:        0.000ns (DCD - SCD - CPR)
    Destination Clock Delay (DCD):    1.939ns
    Source Clock Delay      (SCD):    1.422ns
    Clock Pessimism Removal (CPR):    0.517ns

    Location             Delay type                Incr(ns)  Path(ns)    Netlist Resource(s)
  -------------------------------------------------------------------    -------------------
                         (clock clk rise edge)        0.000     0.000 r  
    M18                                               0.000     0.000 r  clk (IN)
                         net (fo=0)                   0.000     0.000    clk
    M18                  IBUF (Prop_ibuf_I_O)         0.167     0.167 r  clk_IBUF_inst/O
                         net (fo=1, routed)           0.634     0.801    clk_IBUF
    BUFGCTRL_X0Y0        BUFG (Prop_bufg_I_O)         0.026     0.827 r  clk_IBUF_BUFG_inst/O
                         net (fo=3, routed)           0.595     1.422    clk_IBUF_BUFG
    SLICE_X0Y3           FDRE                                         r  G5_reg/C
  -------------------------------------------------------------------    -------------------
    SLICE_X0Y3           FDRE (Prop_fdre_C_Q)         0.141     1.563 f  G5_reg/Q
                         net (fo=1, routed)           0.371     1.934    G5
    SLICE_X1Y3           LUT2 (Prop_lut2_I0_O)        0.045     1.979 r  G11_inferred_i_1/O
                         net (fo=3, routed)           0.277     2.256    G11
    SLICE_X0Y3           FDRE                                         r  G6_reg/D
  -------------------------------------------------------------------    -------------------

                         (clock clk rise edge)        0.000     0.000 r  
    M18                                               0.000     0.000 r  clk (IN)
                         net (fo=0)                   0.000     0.000    clk
    M18                  IBUF (Prop_ibuf_I_O)         0.356     0.356 r  clk_IBUF_inst/O
                         net (fo=1, routed)           0.689     1.044    clk_IBUF
    BUFGCTRL_X0Y0        BUFG (Prop_bufg_I_O)         0.029     1.073 r  clk_IBUF_BUFG_inst/O
                         net (fo=3, routed)           0.866     1.939    clk_IBUF_BUFG
    SLICE_X0Y3           FDRE                                         r  G6_reg/C
                         clock pessimism             -0.517     1.422    
    SLICE_X0Y3           FDRE (Hold_fdre_C_D)         0.075     1.497    G6_reg
  -------------------------------------------------------------------
                         required time                         -1.497    
                         arrival time                           2.256    
  -------------------------------------------------------------------
                         slack                                  0.759    

Slack (MET) :             0.763ns  (arrival time - required time)
  Source:                 G5_reg/C
                            (rising edge-triggered cell FDRE clocked by clk  {rise@0.000ns fall@10.000ns period=20.000ns})
  Destination:            G5_reg/D
                            (rising edge-triggered cell FDRE clocked by clk  {rise@0.000ns fall@10.000ns period=20.000ns})
  Path Group:             clk
  Path Type:              Hold (Min at Fast Process Corner)
  Requirement:            0.000ns  (clk rise@0.000ns - clk rise@0.000ns)
  Data Path Delay:        0.854ns  (logic 0.231ns (27.050%)  route 0.623ns (72.950%))
  Logic Levels:           2  (LUT2=2)
  Clock Path Skew:        0.000ns (DCD - SCD - CPR)
    Destination Clock Delay (DCD):    1.939ns
    Source Clock Delay      (SCD):    1.422ns
    Clock Pessimism Removal (CPR):    0.517ns

    Location             Delay type                Incr(ns)  Path(ns)    Netlist Resource(s)
  -------------------------------------------------------------------    -------------------
                         (clock clk rise edge)        0.000     0.000 r  
    M18                                               0.000     0.000 r  clk (IN)
                         net (fo=0)                   0.000     0.000    clk
    M18                  IBUF (Prop_ibuf_I_O)         0.167     0.167 r  clk_IBUF_inst/O
                         net (fo=1, routed)           0.634     0.801    clk_IBUF
    BUFGCTRL_X0Y0        BUFG (Prop_bufg_I_O)         0.026     0.827 r  clk_IBUF_BUFG_inst/O
                         net (fo=3, routed)           0.595     1.422    clk_IBUF_BUFG
    SLICE_X0Y3           FDRE                                         r  G5_reg/C
  -------------------------------------------------------------------    -------------------
    SLICE_X0Y3           FDRE (Prop_fdre_C_Q)         0.141     1.563 r  G5_reg/Q
                         net (fo=1, routed)           0.371     1.934    G5
    SLICE_X1Y3           LUT2 (Prop_lut2_I0_O)        0.045     1.979 f  G11_inferred_i_1/O
                         net (fo=3, routed)           0.252     2.231    G11
    SLICE_X0Y3           LUT2 (Prop_lut2_I1_O)        0.045     2.276 r  G10_inferred_i_1/O
                         net (fo=1, routed)           0.000     2.276    G10
    SLICE_X0Y3           FDRE                                         r  G5_reg/D
  -------------------------------------------------------------------    -------------------

                         (clock clk rise edge)        0.000     0.000 r  
    M18                                               0.000     0.000 r  clk (IN)
                         net (fo=0)                   0.000     0.000    clk
    M18                  IBUF (Prop_ibuf_I_O)         0.356     0.356 r  clk_IBUF_inst/O
                         net (fo=1, routed)           0.689     1.044    clk_IBUF
    BUFGCTRL_X0Y0        BUFG (Prop_bufg_I_O)         0.029     1.073 r  clk_IBUF_BUFG_inst/O
                         net (fo=3, routed)           0.866     1.939    clk_IBUF_BUFG
    SLICE_X0Y3           FDRE                                         r  G5_reg/C
                         clock pessimism             -0.517     1.422    
    SLICE_X0Y3           FDRE (Hold_fdre_C_D)         0.091     1.513    G5_reg
  -------------------------------------------------------------------
                         required time                         -1.513    
                         arrival time                           2.276    
  -------------------------------------------------------------------
                         slack                                  0.763    

Slack (MET) :             3.578ns  (arrival time - required time)
  Source:                 G5_reg/C
                            (rising edge-triggered cell FDRE clocked by clk  {rise@0.000ns fall@10.000ns period=20.000ns})
  Destination:            G17
                            (output port clocked by clk  {rise@0.000ns fall@10.000ns period=20.000ns})
  Path Group:             clk
  Path Type:              Min at Fast Process Corner
  Requirement:            0.000ns  (clk rise@0.000ns - clk rise@0.000ns)
  Data Path Delay:        2.192ns  (logic 1.356ns (61.850%)  route 0.836ns (38.150%))
  Logic Levels:           3  (LUT1=1 LUT2=1 OBUF=1)
  Output Delay:           0.000ns
  Clock Path Skew:        -1.422ns (DCD - SCD - CPR)
    Destination Clock Delay (DCD):    0.000ns
    Source Clock Delay      (SCD):    1.422ns
    Clock Pessimism Removal (CPR):    -0.000ns
  Clock Uncertainty:      0.035ns  ((TSJ^2 + TIJ^2)^1/2 + DJ) / 2 + PE
    Total System Jitter     (TSJ):    0.071ns
    Total Input Jitter      (TIJ):    0.000ns
    Discrete Jitter          (DJ):    0.000ns
    Phase Error              (PE):    0.000ns

    Location             Delay type                Incr(ns)  Path(ns)    Netlist Resource(s)
  -------------------------------------------------------------------    -------------------
                         (clock clk rise edge)        0.000     0.000 r  
    M18                                               0.000     0.000 r  clk (IN)
                         net (fo=0)                   0.000     0.000    clk
    M18                  IBUF (Prop_ibuf_I_O)         0.167     0.167 r  clk_IBUF_inst/O
                         net (fo=1, routed)           0.634     0.801    clk_IBUF
    BUFGCTRL_X0Y0        BUFG (Prop_bufg_I_O)         0.026     0.827 r  clk_IBUF_BUFG_inst/O
                         net (fo=3, routed)           0.595     1.422    clk_IBUF_BUFG
    SLICE_X0Y3           FDRE                                         r  G5_reg/C
  -------------------------------------------------------------------    -------------------
    SLICE_X0Y3           FDRE (Prop_fdre_C_Q)         0.141     1.563 r  G5_reg/Q
                         net (fo=1, routed)           0.371     1.934    G5
    SLICE_X1Y3           LUT2 (Prop_lut2_I0_O)        0.045     1.979 f  G11_inferred_i_1/O
                         net (fo=3, routed)           0.140     2.119    G11
    SLICE_X1Y3           LUT1 (Prop_lut1_I0_O)        0.045     2.164 r  G17_OBUF_inst_i_1/O
                         net (fo=1, routed)           0.325     2.489    G17_OBUF
    U15                  OBUF (Prop_obuf_I_O)         1.125     3.613 r  G17_OBUF_inst/O
                         net (fo=0)                   0.000     3.613    G17
    U15                                                               r  G17 (OUT)
  -------------------------------------------------------------------    -------------------

                         (clock clk rise edge)        0.000     0.000 r  
                         clock pessimism              0.000     0.000    
                         clock uncertainty            0.035     0.035    
                         output delay                -0.000     0.035    
  -------------------------------------------------------------------
                         required time                         -0.035    
                         arrival time                           3.613    
  -------------------------------------------------------------------
                         slack                                  3.578    





Pulse Width Checks
--------------------------------------------------------------------------------------
Clock Name:         clk
Waveform(ns):       { 0.000 10.000 }
Period(ns):         20.000
Sources:            { clk }

Check Type        Corner  Lib Pin  Reference Pin  Required(ns)  Actual(ns)  Slack(ns)  Location       Pin
Min Period        n/a     BUFG/I   n/a            2.155         20.000      17.845     BUFGCTRL_X0Y0  clk_IBUF_BUFG_inst/I
Min Period        n/a     FDRE/C   n/a            1.000         20.000      19.000     SLICE_X0Y3     G5_reg/C
Min Period        n/a     FDRE/C   n/a            1.000         20.000      19.000     SLICE_X0Y3     G6_reg/C
Min Period        n/a     FDRE/C   n/a            1.000         20.000      19.000     SLICE_X0Y2     G7_reg/C
Low Pulse Width   Slow    FDRE/C   n/a            0.500         10.000      9.500      SLICE_X0Y3     G5_reg/C
Low Pulse Width   Fast    FDRE/C   n/a            0.500         10.000      9.500      SLICE_X0Y3     G5_reg/C
Low Pulse Width   Slow    FDRE/C   n/a            0.500         10.000      9.500      SLICE_X0Y3     G6_reg/C
Low Pulse Width   Fast    FDRE/C   n/a            0.500         10.000      9.500      SLICE_X0Y3     G6_reg/C
Low Pulse Width   Slow    FDRE/C   n/a            0.500         10.000      9.500      SLICE_X0Y2     G7_reg/C
Low Pulse Width   Fast    FDRE/C   n/a            0.500         10.000      9.500      SLICE_X0Y2     G7_reg/C
High Pulse Width  Slow    FDRE/C   n/a            0.500         10.000      9.500      SLICE_X0Y3     G5_reg/C
High Pulse Width  Fast    FDRE/C   n/a            0.500         10.000      9.500      SLICE_X0Y3     G5_reg/C
High Pulse Width  Slow    FDRE/C   n/a            0.500         10.000      9.500      SLICE_X0Y3     G6_reg/C
High Pulse Width  Fast    FDRE/C   n/a            0.500         10.000      9.500      SLICE_X0Y3     G6_reg/C
High Pulse Width  Slow    FDRE/C   n/a            0.500         10.000      9.500      SLICE_X0Y2     G7_reg/C
High Pulse Width  Fast    FDRE/C   n/a            0.500         10.000      9.500      SLICE_X0Y2     G7_reg/C



--------------------------------------------------------------------------------------
Path Group:  (none)
From Clock:  
  To Clock:  

Max Delay             1 Endpoint
Min Delay             1 Endpoint
--------------------------------------------------------------------------------------


Max Delay Paths
--------------------------------------------------------------------------------------
Slack:                    inf
  Source:                 G0
                            (input port)
  Destination:            G17
                            (output port)
  Path Group:             (none)
  Path Type:              Max at Slow Process Corner
  Data Path Delay:        9.911ns  (logic 4.491ns (45.312%)  route 5.420ns (54.688%))
  Logic Levels:           8  (IBUF=1 LUT1=2 LUT2=4 OBUF=1)

    Location             Delay type                Incr(ns)  Path(ns)    Netlist Resource(s)
  -------------------------------------------------------------------    -------------------
    U14                                               0.000     0.000 r  G0 (IN)
                         net (fo=0)                   0.000     0.000    G0
    U14                  IBUF (Prop_ibuf_I_O)         0.936     0.936 r  G0_IBUF_inst/O
                         net (fo=1, routed)           1.376     2.312    G0_IBUF
    SLICE_X0Y2           LUT1 (Prop_lut1_I0_O)        0.124     2.436 f  G14_inferred_i_1/O
                         net (fo=2, routed)           0.817     3.254    G14
    SLICE_X0Y3           LUT2 (Prop_lut2_I0_O)        0.124     3.378 f  G8_inferred_i_1/O
                         net (fo=2, routed)           0.488     3.866    G8
    SLICE_X0Y3           LUT2 (Prop_lut2_I1_O)        0.119     3.985 f  G15_inferred_i_1/O
                         net (fo=1, routed)           0.283     4.268    G15
    SLICE_X0Y3           LUT2 (Prop_lut2_I1_O)        0.332     4.600 r  G9_inferred_i_1/O
                         net (fo=1, routed)           0.403     5.003    G9
    SLICE_X1Y3           LUT2 (Prop_lut2_I1_O)        0.124     5.127 f  G11_inferred_i_1/O
                         net (fo=3, routed)           0.379     5.506    G11
    SLICE_X1Y3           LUT1 (Prop_lut1_I0_O)        0.124     5.630 r  G17_OBUF_inst_i_1/O
                         net (fo=1, routed)           1.674     7.304    G17_OBUF
    U15                  OBUF (Prop_obuf_I_O)         2.607     9.911 r  G17_OBUF_inst/O
                         net (fo=0)                   0.000     9.911    G17
    U15                                                               r  G17 (OUT)
  -------------------------------------------------------------------    -------------------





Min Delay Paths
--------------------------------------------------------------------------------------
Slack:                    inf
  Source:                 G3
                            (input port)
  Destination:            G17
                            (output port)
  Path Group:             (none)
  Path Type:              Min at Fast Process Corner
  Data Path Delay:        2.527ns  (logic 1.469ns (58.121%)  route 1.058ns (41.879%))
  Logic Levels:           6  (IBUF=1 LUT1=1 LUT2=3 OBUF=1)

    Location             Delay type                Incr(ns)  Path(ns)    Netlist Resource(s)
  -------------------------------------------------------------------    -------------------
    U16                                               0.000     0.000 f  G3 (IN)
                         net (fo=0)                   0.000     0.000    G3
    U16                  IBUF (Prop_ibuf_I_O)         0.164     0.164 f  G3_IBUF_inst/O
                         net (fo=1, routed)           0.396     0.560    G3_IBUF
    SLICE_X0Y3           LUT2 (Prop_lut2_I0_O)        0.045     0.605 f  G16_inferred_i_1/O
                         net (fo=1, routed)           0.059     0.664    G16
    SLICE_X0Y3           LUT2 (Prop_lut2_I0_O)        0.045     0.709 r  G9_inferred_i_1/O
                         net (fo=1, routed)           0.138     0.847    G9
    SLICE_X1Y3           LUT2 (Prop_lut2_I1_O)        0.045     0.892 f  G11_inferred_i_1/O
                         net (fo=3, routed)           0.140     1.033    G11
    SLICE_X1Y3           LUT1 (Prop_lut1_I0_O)        0.045     1.078 r  G17_OBUF_inst_i_1/O
                         net (fo=1, routed)           0.325     1.402    G17_OBUF
    U15                  OBUF (Prop_obuf_I_O)         1.125     2.527 r  G17_OBUF_inst/O
                         net (fo=0)                   0.000     2.527    G17
    U15                                                               r  G17 (OUT)
  -------------------------------------------------------------------    -------------------





--------------------------------------------------------------------------------------
Path Group:  (none)
From Clock:  
  To Clock:  clk

Max Delay             3 Endpoints
Min Delay             3 Endpoints
--------------------------------------------------------------------------------------


Max Delay Paths
--------------------------------------------------------------------------------------
Slack:                    inf
  Source:                 G0
                            (input port)
  Destination:            G5_reg/D
                            (rising edge-triggered cell FDRE clocked by clk  {rise@0.000ns fall@10.000ns period=20.000ns})
  Path Group:             (none)
  Path Type:              Setup (Max at Slow Process Corner)
  Data Path Delay:        5.912ns  (logic 1.883ns (31.855%)  route 4.029ns (68.145%))
  Logic Levels:           7  (IBUF=1 LUT1=1 LUT2=5)
  Clock Path Skew:        4.283ns (DCD - SCD + CPR)
    Destination Clock Delay (DCD):    4.283ns
    Source Clock Delay      (SCD):    0.000ns
    Clock Pessimism Removal (CPR):    0.000ns
  Clock Uncertainty:      0.025ns  ((TSJ^2 + TIJ^2)^1/2 + DJ) / 2 + PE
    Total System Jitter     (TSJ):    0.050ns
    Total Input Jitter      (TIJ):    0.000ns
    Discrete Jitter          (DJ):    0.000ns
    Phase Error              (PE):    0.000ns

    Location             Delay type                Incr(ns)  Path(ns)    Netlist Resource(s)
  -------------------------------------------------------------------    -------------------
    U14                                               0.000     0.000 r  G0 (IN)
                         net (fo=0)                   0.000     0.000    G0
    U14                  IBUF (Prop_ibuf_I_O)         0.936     0.936 r  G0_IBUF_inst/O
                         net (fo=1, routed)           1.376     2.312    G0_IBUF
    SLICE_X0Y2           LUT1 (Prop_lut1_I0_O)        0.124     2.436 f  G14_inferred_i_1/O
                         net (fo=2, routed)           0.817     3.254    G14
    SLICE_X0Y3           LUT2 (Prop_lut2_I0_O)        0.124     3.378 f  G8_inferred_i_1/O
                         net (fo=2, routed)           0.488     3.866    G8
    SLICE_X0Y3           LUT2 (Prop_lut2_I1_O)        0.119     3.985 f  G15_inferred_i_1/O
                         net (fo=1, routed)           0.283     4.268    G15
    SLICE_X0Y3           LUT2 (Prop_lut2_I1_O)        0.332     4.600 r  G9_inferred_i_1/O
                         net (fo=1, routed)           0.403     5.003    G9
    SLICE_X1Y3           LUT2 (Prop_lut2_I1_O)        0.124     5.127 f  G11_inferred_i_1/O
                         net (fo=3, routed)           0.662     5.788    G11
    SLICE_X0Y3           LUT2 (Prop_lut2_I1_O)        0.124     5.912 r  G10_inferred_i_1/O
                         net (fo=1, routed)           0.000     5.912    G10
    SLICE_X0Y3           FDRE                                         r  G5_reg/D
  -------------------------------------------------------------------    -------------------

                         (clock clk rise edge)        0.000     0.000 r  
    M18                                               0.000     0.000 r  clk (IN)
                         net (fo=0)                   0.000     0.000    clk
    M18                  IBUF (Prop_ibuf_I_O)         0.805     0.805 r  clk_IBUF_inst/O
                         net (fo=1, routed)           1.868     2.673    clk_IBUF
    BUFGCTRL_X0Y0        BUFG (Prop_bufg_I_O)         0.091     2.764 r  clk_IBUF_BUFG_inst/O
                         net (fo=3, routed)           1.519     4.283    clk_IBUF_BUFG
    SLICE_X0Y3           FDRE                                         r  G5_reg/C

Slack:                    inf
  Source:                 G0
                            (input port)
  Destination:            G6_reg/D
                            (rising edge-triggered cell FDRE clocked by clk  {rise@0.000ns fall@10.000ns period=20.000ns})
  Path Group:             (none)
  Path Type:              Setup (Max at Slow Process Corner)
  Data Path Delay:        5.898ns  (logic 1.759ns (29.831%)  route 4.138ns (70.169%))
  Logic Levels:           6  (IBUF=1 LUT1=1 LUT2=4)
  Clock Path Skew:        4.283ns (DCD - SCD + CPR)
    Destination Clock Delay (DCD):    4.283ns
    Source Clock Delay      (SCD):    0.000ns
    Clock Pessimism Removal (CPR):    0.000ns
  Clock Uncertainty:      0.025ns  ((TSJ^2 + TIJ^2)^1/2 + DJ) / 2 + PE
    Total System Jitter     (TSJ):    0.050ns
    Total Input Jitter      (TIJ):    0.000ns
    Discrete Jitter          (DJ):    0.000ns
    Phase Error              (PE):    0.000ns

    Location             Delay type                Incr(ns)  Path(ns)    Netlist Resource(s)
  -------------------------------------------------------------------    -------------------
    U14                                               0.000     0.000 f  G0 (IN)
                         net (fo=0)                   0.000     0.000    G0
    U14                  IBUF (Prop_ibuf_I_O)         0.936     0.936 f  G0_IBUF_inst/O
                         net (fo=1, routed)           1.376     2.312    G0_IBUF
    SLICE_X0Y2           LUT1 (Prop_lut1_I0_O)        0.124     2.436 r  G14_inferred_i_1/O
                         net (fo=2, routed)           0.817     3.254    G14
    SLICE_X0Y3           LUT2 (Prop_lut2_I0_O)        0.124     3.378 r  G8_inferred_i_1/O
                         net (fo=2, routed)           0.488     3.866    G8
    SLICE_X0Y3           LUT2 (Prop_lut2_I1_O)        0.119     3.985 r  G15_inferred_i_1/O
                         net (fo=1, routed)           0.283     4.268    G15
    SLICE_X0Y3           LUT2 (Prop_lut2_I1_O)        0.332     4.600 f  G9_inferred_i_1/O
                         net (fo=1, routed)           0.403     5.003    G9
    SLICE_X1Y3           LUT2 (Prop_lut2_I1_O)        0.124     5.127 r  G11_inferred_i_1/O
                         net (fo=3, routed)           0.771     5.898    G11
    SLICE_X0Y3           FDRE                                         r  G6_reg/D
  -------------------------------------------------------------------    -------------------

                         (clock clk rise edge)        0.000     0.000 r  
    M18                                               0.000     0.000 r  clk (IN)
                         net (fo=0)                   0.000     0.000    clk
    M18                  IBUF (Prop_ibuf_I_O)         0.805     0.805 r  clk_IBUF_inst/O
                         net (fo=1, routed)           1.868     2.673    clk_IBUF
    BUFGCTRL_X0Y0        BUFG (Prop_bufg_I_O)         0.091     2.764 r  clk_IBUF_BUFG_inst/O
                         net (fo=3, routed)           1.519     4.283    clk_IBUF_BUFG
    SLICE_X0Y3           FDRE                                         r  G6_reg/C

Slack:                    inf
  Source:                 G1
                            (input port)
  Destination:            G7_reg/D
                            (rising edge-triggered cell FDRE clocked by clk  {rise@0.000ns fall@10.000ns period=20.000ns})
  Path Group:             (none)
  Path Type:              Setup (Max at Slow Process Corner)
  Data Path Delay:        2.621ns  (logic 1.179ns (44.982%)  route 1.442ns (55.018%))
  Logic Levels:           3  (IBUF=1 LUT2=2)
  Clock Path Skew:        4.284ns (DCD - SCD + CPR)
    Destination Clock Delay (DCD):    4.284ns
    Source Clock Delay      (SCD):    0.000ns
    Clock Pessimism Removal (CPR):    0.000ns
  Clock Uncertainty:      0.025ns  ((TSJ^2 + TIJ^2)^1/2 + DJ) / 2 + PE
    Total System Jitter     (TSJ):    0.050ns
    Total Input Jitter      (TIJ):    0.000ns
    Discrete Jitter          (DJ):    0.000ns
    Phase Error              (PE):    0.000ns

    Location             Delay type                Incr(ns)  Path(ns)    Netlist Resource(s)
  -------------------------------------------------------------------    -------------------
    V14                                               0.000     0.000 r  G1 (IN)
                         net (fo=0)                   0.000     0.000    G1
    V14                  IBUF (Prop_ibuf_I_O)         0.931     0.931 r  G1_IBUF_inst/O
                         net (fo=1, routed)           0.986     1.917    G1_IBUF
    SLICE_X0Y2           LUT2 (Prop_lut2_I0_O)        0.124     2.041 f  G12_inferred_i_1/O
                         net (fo=2, routed)           0.456     2.497    G12
    SLICE_X0Y2           LUT2 (Prop_lut2_I1_O)        0.124     2.621 r  G13_inferred_i_1/O
                         net (fo=1, routed)           0.000     2.621    G13
    SLICE_X0Y2           FDRE                                         r  G7_reg/D
  -------------------------------------------------------------------    -------------------

                         (clock clk rise edge)        0.000     0.000 r  
    M18                                               0.000     0.000 r  clk (IN)
                         net (fo=0)                   0.000     0.000    clk
    M18                  IBUF (Prop_ibuf_I_O)         0.805     0.805 r  clk_IBUF_inst/O
                         net (fo=1, routed)           1.868     2.673    clk_IBUF
    BUFGCTRL_X0Y0        BUFG (Prop_bufg_I_O)         0.091     2.764 r  clk_IBUF_BUFG_inst/O
                         net (fo=3, routed)           1.520     4.284    clk_IBUF_BUFG
    SLICE_X0Y2           FDRE                                         r  G7_reg/C





Min Delay Paths
--------------------------------------------------------------------------------------
Slack:                    inf
  Source:                 G2
                            (input port)
  Destination:            G7_reg/D
                            (rising edge-triggered cell FDRE clocked by clk  {rise@0.000ns fall@10.000ns period=20.000ns})
  Path Group:             (none)
  Path Type:              Hold (Min at Fast Process Corner)
  Data Path Delay:        0.615ns  (logic 0.208ns (33.872%)  route 0.407ns (66.128%))
  Logic Levels:           2  (IBUF=1 LUT2=1)
  Clock Path Skew:        1.940ns (DCD - SCD - CPR)
    Destination Clock Delay (DCD):    1.940ns
    Source Clock Delay      (SCD):    0.000ns
    Clock Pessimism Removal (CPR):    -0.000ns

    Location             Delay type                Incr(ns)  Path(ns)    Netlist Resource(s)
  -------------------------------------------------------------------    -------------------
    V13                                               0.000     0.000 f  G2 (IN)
                         net (fo=0)                   0.000     0.000    G2
    V13                  IBUF (Prop_ibuf_I_O)         0.163     0.163 f  G2_IBUF_inst/O
                         net (fo=1, routed)           0.407     0.570    G2_IBUF
    SLICE_X0Y2           LUT2 (Prop_lut2_I0_O)        0.045     0.615 r  G13_inferred_i_1/O
                         net (fo=1, routed)           0.000     0.615    G13
    SLICE_X0Y2           FDRE                                         r  G7_reg/D
  -------------------------------------------------------------------    -------------------

                         (clock clk rise edge)        0.000     0.000 r  
    M18                                               0.000     0.000 r  clk (IN)
                         net (fo=0)                   0.000     0.000    clk
    M18                  IBUF (Prop_ibuf_I_O)         0.356     0.356 r  clk_IBUF_inst/O
                         net (fo=1, routed)           0.689     1.044    clk_IBUF
    BUFGCTRL_X0Y0        BUFG (Prop_bufg_I_O)         0.029     1.073 r  clk_IBUF_BUFG_inst/O
                         net (fo=3, routed)           0.867     1.940    clk_IBUF_BUFG
    SLICE_X0Y2           FDRE                                         r  G7_reg/C

Slack:                    inf
  Source:                 G0
                            (input port)
  Destination:            G5_reg/D
                            (rising edge-triggered cell FDRE clocked by clk  {rise@0.000ns fall@10.000ns period=20.000ns})
  Path Group:             (none)
  Path Type:              Hold (Min at Fast Process Corner)
  Data Path Delay:        1.015ns  (logic 0.255ns (25.166%)  route 0.760ns (74.834%))
  Logic Levels:           3  (IBUF=1 LUT1=1 LUT2=1)
  Clock Path Skew:        1.939ns (DCD - SCD - CPR)
    Destination Clock Delay (DCD):    1.939ns
    Source Clock Delay      (SCD):    0.000ns
    Clock Pessimism Removal (CPR):    -0.000ns

    Location             Delay type                Incr(ns)  Path(ns)    Netlist Resource(s)
  -------------------------------------------------------------------    -------------------
    U14                                               0.000     0.000 r  G0 (IN)
                         net (fo=0)                   0.000     0.000    G0
    U14                  IBUF (Prop_ibuf_I_O)         0.165     0.165 r  G0_IBUF_inst/O
                         net (fo=1, routed)           0.524     0.690    G0_IBUF
    SLICE_X0Y2           LUT1 (Prop_lut1_I0_O)        0.045     0.735 f  G14_inferred_i_1/O
                         net (fo=2, routed)           0.236     0.970    G14
    SLICE_X0Y3           LUT2 (Prop_lut2_I0_O)        0.045     1.015 r  G10_inferred_i_1/O
                         net (fo=1, routed)           0.000     1.015    G10
    SLICE_X0Y3           FDRE                                         r  G5_reg/D
  -------------------------------------------------------------------    -------------------

                         (clock clk rise edge)        0.000     0.000 r  
    M18                                               0.000     0.000 r  clk (IN)
                         net (fo=0)                   0.000     0.000    clk
    M18                  IBUF (Prop_ibuf_I_O)         0.356     0.356 r  clk_IBUF_inst/O
                         net (fo=1, routed)           0.689     1.044    clk_IBUF
    BUFGCTRL_X0Y0        BUFG (Prop_bufg_I_O)         0.029     1.073 r  clk_IBUF_BUFG_inst/O
                         net (fo=3, routed)           0.866     1.939    clk_IBUF_BUFG
    SLICE_X0Y3           FDRE                                         r  G5_reg/C

Slack:                    inf
  Source:                 G3
                            (input port)
  Destination:            G6_reg/D
                            (rising edge-triggered cell FDRE clocked by clk  {rise@0.000ns fall@10.000ns period=20.000ns})
  Path Group:             (none)
  Path Type:              Hold (Min at Fast Process Corner)
  Data Path Delay:        1.170ns  (logic 0.299ns (25.575%)  route 0.870ns (74.425%))
  Logic Levels:           4  (IBUF=1 LUT2=3)
  Clock Path Skew:        1.939ns (DCD - SCD - CPR)
    Destination Clock Delay (DCD):    1.939ns
    Source Clock Delay      (SCD):    0.000ns
    Clock Pessimism Removal (CPR):    -0.000ns

    Location             Delay type                Incr(ns)  Path(ns)    Netlist Resource(s)
  -------------------------------------------------------------------    -------------------
    U16                                               0.000     0.000 r  G3 (IN)
                         net (fo=0)                   0.000     0.000    G3
    U16                  IBUF (Prop_ibuf_I_O)         0.164     0.164 r  G3_IBUF_inst/O
                         net (fo=1, routed)           0.396     0.560    G3_IBUF
    SLICE_X0Y3           LUT2 (Prop_lut2_I0_O)        0.045     0.605 r  G16_inferred_i_1/O
                         net (fo=1, routed)           0.059     0.664    G16
    SLICE_X0Y3           LUT2 (Prop_lut2_I0_O)        0.045     0.709 f  G9_inferred_i_1/O
                         net (fo=1, routed)           0.138     0.847    G9
    SLICE_X1Y3           LUT2 (Prop_lut2_I1_O)        0.045     0.892 r  G11_inferred_i_1/O
                         net (fo=3, routed)           0.277     1.170    G11
    SLICE_X0Y3           FDRE                                         r  G6_reg/D
  -------------------------------------------------------------------    -------------------

                         (clock clk rise edge)        0.000     0.000 r  
    M18                                               0.000     0.000 r  clk (IN)
                         net (fo=0)                   0.000     0.000    clk
    M18                  IBUF (Prop_ibuf_I_O)         0.356     0.356 r  clk_IBUF_inst/O
                         net (fo=1, routed)           0.689     1.044    clk_IBUF
    BUFGCTRL_X0Y0        BUFG (Prop_bufg_I_O)         0.029     1.073 r  clk_IBUF_BUFG_inst/O
                         net (fo=3, routed)           0.866     1.939    clk_IBUF_BUFG
    SLICE_X0Y3           FDRE                                         r  G6_reg/C





