Copyright 1986-2022 Xilinx, Inc. All Rights Reserved. Copyright 2022-2024 Advanced Micro Devices, Inc. All Rights Reserved.
-----------------------------------------------------------------------------------------------------------------------------------------------
| Tool Version : Vivado v.2024.2 (win64) Build 5239630 Fri Nov 08 22:35:27 MST 2024
| Date         : Mon Sep 21 14:54:43 2026
| Host         : XiaoB running 64-bit major release  (build 9200)
| Command      : report_methodology -file s27_methodology_drc_routed.rpt -pb s27_methodology_drc_routed.pb -rpx s27_methodology_drc_routed.rpx
| Design       : s27
| Device       : xc7a35tcpg236-1
| Speed File   : -1
| Design State : Fully Routed
-----------------------------------------------------------------------------------------------------------------------------------------------

Report Methodology

Table of Contents
-----------------
1. REPORT SUMMARY
2. REPORT DETAILS

1. REPORT SUMMARY
-----------------
            Netlist: netlist
          Floorplan: design_1
      Design limits: <entire design considered>
             Max checks: <unlimited>
             Checks found: 5
+-----------+----------+------------------------------------------+--------+
| Rule      | Severity | Description                              | Checks |
+-----------+----------+------------------------------------------+--------+
| TIMING-18 | Warning  | Missing input or output delay            | 4      |
| XDCH-2    | Warning  | Same min and max delay values on IO port | 1      |
+-----------+----------+------------------------------------------+--------+

2. REPORT DETAILS
-----------------
TIMING-18#1 Warning
Missing input or output delay  
An input delay is missing on G0 relative to the rising and/or falling clock edge(s) of clk.
Related violations: <none>

TIMING-18#2 Warning
Missing input or output delay  
An input delay is missing on G1 relative to the rising and/or falling clock edge(s) of clk.
Related violations: <none>

TIMING-18#3 Warning
Missing input or output delay  
An input delay is missing on G2 relative to the rising and/or falling clock edge(s) of clk.
Related violations: <none>

TIMING-18#4 Warning
Missing input or output delay  
An input delay is missing on G3 relative to the rising and/or falling clock edge(s) of clk.
Related violations: <none>

XDCH-2#1 Warning
Same min and max delay values on IO port  
The same output delay of 0.000 ns has been defined on port 'G17' relative to clock clk for both max and min. Make sure this reflects the design intent.
set_output_delay -clock clk 0.000 [all_outputs]
E:/LatchSTA_Code/code/vivado_netlist/s27/s27.srcs/constrs_1/imports/s27_vivado/s27.xdc (Line: 9)
Related violations: <none>


