network:
latch latch max_delay min_delay
INPUT latch max_delay min_delay
latch OUTPUT max_delay min_delay
n_n856 n_n852 10.838 10.838
n_n856 n_n854 10.643 10.643
n_n856 n_n855 10.623 10.623
n_n856 n_n853 10.604 10.604
n_n856 n_n856 8.981 8.981
n_n856 n_n857 6.916 6.916
n_n856 n_n859 5.754 5.754
n_n856 out:s298_out_0_ 4.652 4.652
n_n856 out:s298_out_1_ 3.66 3.66
n_n859 out:s298_out_2_ 3.498 3.498
n_n852 n_n858 3.347 3.347
n_n859 out:s298_out_4_ 3.256 3.256
n_n859 out:s298_out_5_ 2.421 2.421
n_n856 out:s298_out_3_ 2.381 2.381
n_n859 n_n859 0.636 0.636
n_n858 n_n858 1.437 1.437
n_n855 n_n856 1.749 1.749
n_n855 n_n855 1.749 1.749
n_n857 n_n857 1.759 1.759
n_n858 out:s298_out_2_ 1.723 1.723
n_n858 out:s298_out_5_ 1.759 1.759
n_n858 n_n852 2.022 2.022
n_n858 out:s298_out_3_ 2.064 2.064
n_n852 n_n853 2.146 2.146
s298_in_1_ n_n854 2.151 2.151
n_n857 out:s298_out_4_ 2.178 2.178
n_n857 out:s298_out_0_ 2.392 2.392
n_n858 out:s298_out_1_ 2.419 2.419
